Archive member included to satisfy reference by file (symbol)

c:/program files (x86)/gnu arm embedded toolchain/10 2021.10/bin/../lib/gcc/arm-none-eabi/10.3.1/../../../../arm-none-eabi/lib/thumb/v7e-m+dp/hard\libc_nano.a(lib_a-atof.o)
                              build/neo8m.o (atof)
c:/program files (x86)/gnu arm embedded toolchain/10 2021.10/bin/../lib/gcc/arm-none-eabi/10.3.1/../../../../arm-none-eabi/lib/thumb/v7e-m+dp/hard\libc_nano.a(lib_a-atoi.o)
                              build/neo8m.o (atoi)
c:/program files (x86)/gnu arm embedded toolchain/10 2021.10/bin/../lib/gcc/arm-none-eabi/10.3.1/../../../../arm-none-eabi/lib/thumb/v7e-m+dp/hard\libc_nano.a(lib_a-exit.o)
                              c:/program files (x86)/gnu arm embedded toolchain/10 2021.10/bin/../lib/gcc/arm-none-eabi/10.3.1/../../../../arm-none-eabi/lib/thumb/v7e-m+dp/hard/crt0.o (exit)
c:/program files (x86)/gnu arm embedded toolchain/10 2021.10/bin/../lib/gcc/arm-none-eabi/10.3.1/../../../../arm-none-eabi/lib/thumb/v7e-m+dp/hard\libc_nano.a(lib_a-impure.o)
                              c:/program files (x86)/gnu arm embedded toolchain/10 2021.10/bin/../lib/gcc/arm-none-eabi/10.3.1/../../../../arm-none-eabi/lib/thumb/v7e-m+dp/hard\libc_nano.a(lib_a-exit.o) (_global_impure_ptr)
c:/program files (x86)/gnu arm embedded toolchain/10 2021.10/bin/../lib/gcc/arm-none-eabi/10.3.1/../../../../arm-none-eabi/lib/thumb/v7e-m+dp/hard\libc_nano.a(lib_a-init.o)
                              c:/program files (x86)/gnu arm embedded toolchain/10 2021.10/bin/../lib/gcc/arm-none-eabi/10.3.1/../../../../arm-none-eabi/lib/thumb/v7e-m+dp/hard/crt0.o (__libc_init_array)
c:/program files (x86)/gnu arm embedded toolchain/10 2021.10/bin/../lib/gcc/arm-none-eabi/10.3.1/../../../../arm-none-eabi/lib/thumb/v7e-m+dp/hard\libc_nano.a(lib_a-memcpy-stub.o)
                              build/packet_protocol.o (memcpy)
c:/program files (x86)/gnu arm embedded toolchain/10 2021.10/bin/../lib/gcc/arm-none-eabi/10.3.1/../../../../arm-none-eabi/lib/thumb/v7e-m+dp/hard\libc_nano.a(lib_a-memset.o)
                              c:/program files (x86)/gnu arm embedded toolchain/10 2021.10/bin/../lib/gcc/arm-none-eabi/10.3.1/../../../../arm-none-eabi/lib/thumb/v7e-m+dp/hard/crt0.o (memset)
c:/program files (x86)/gnu arm embedded toolchain/10 2021.10/bin/../lib/gcc/arm-none-eabi/10.3.1/../../../../arm-none-eabi/lib/thumb/v7e-m+dp/hard\libc_nano.a(lib_a-mktime.o)
                              build/neo8m.o (mktime)
c:/program files (x86)/gnu arm embedded toolchain/10 2021.10/bin/../lib/gcc/arm-none-eabi/10.3.1/../../../../arm-none-eabi/lib/thumb/v7e-m+dp/hard\libc_nano.a(lib_a-snprintf.o)
                              build/sdcard.o (snprintf)
c:/program files (x86)/gnu arm embedded toolchain/10 2021.10/bin/../lib/gcc/arm-none-eabi/10.3.1/../../../../arm-none-eabi/lib/thumb/v7e-m+dp/hard\libc_nano.a(lib_a-sscanf.o)
                              build/sdcard.o (sscanf)
c:/program files (x86)/gnu arm embedded toolchain/10 2021.10/bin/../lib/gcc/arm-none-eabi/10.3.1/../../../../arm-none-eabi/lib/thumb/v7e-m+dp/hard\libc_nano.a(lib_a-stdio.o)
                              c:/program files (x86)/gnu arm embedded toolchain/10 2021.10/bin/../lib/gcc/arm-none-eabi/10.3.1/../../../../arm-none-eabi/lib/thumb/v7e-m+dp/hard\libc_nano.a(lib_a-sscanf.o) (__seofread)
c:/program files (x86)/gnu arm embedded toolchain/10 2021.10/bin/../lib/gcc/arm-none-eabi/10.3.1/../../../../arm-none-eabi/lib/thumb/v7e-m+dp/hard\libc_nano.a(lib_a-strchr.o)
                              build/neo8m.o (strchr)
c:/program files (x86)/gnu arm embedded toolchain/10 2021.10/bin/../lib/gcc/arm-none-eabi/10.3.1/../../../../arm-none-eabi/lib/thumb/v7e-m+dp/hard\libc_nano.a(lib_a-strlen.o)
                              build/neo8m.o (strlen)
c:/program files (x86)/gnu arm embedded toolchain/10 2021.10/bin/../lib/gcc/arm-none-eabi/10.3.1/../../../../arm-none-eabi/lib/thumb/v7e-m+dp/hard\libc_nano.a(lib_a-strncmp.o)
                              build/sdcard.o (strncmp)
c:/program files (x86)/gnu arm embedded toolchain/10 2021.10/bin/../lib/gcc/arm-none-eabi/10.3.1/../../../../arm-none-eabi/lib/thumb/v7e-m+dp/hard\libc_nano.a(lib_a-strncpy.o)
                              build/neo8m.o (strncpy)
c:/program files (x86)/gnu arm embedded toolchain/10 2021.10/bin/../lib/gcc/arm-none-eabi/10.3.1/../../../../arm-none-eabi/lib/thumb/v7e-m+dp/hard\libc_nano.a(lib_a-strstr.o)
                              build/neo8m.o (strstr)
c:/program files (x86)/gnu arm embedded toolchain/10 2021.10/bin/../lib/gcc/arm-none-eabi/10.3.1/../../../../arm-none-eabi/lib/thumb/v7e-m+dp/hard\libc_nano.a(lib_a-strtod.o)
                              c:/program files (x86)/gnu arm embedded toolchain/10 2021.10/bin/../lib/gcc/arm-none-eabi/10.3.1/../../../../arm-none-eabi/lib/thumb/v7e-m+dp/hard\libc_nano.a(lib_a-atof.o) (strtod)
[...]
Memory Configuration

Name             Origin             Length             Attributes
DTCMRAM          0x20000000         0x00020000         xrw
RAM              0x24000000         0x00080000         xrw
RAM_D2           0x30000000         0x00048000         xrw
RAM_D3           0x38000000         0x00010000         xrw
ITCMRAM          0x00000000         0x00010000         xrw
FLASH            0x08000000         0x00200000         xr
*default*        0x00000000         0xffffffff

Linker script and memory map

LOAD c:/program files (x86)/gnu arm embedded toolchain/10 2021.10/bin/../lib/gcc/arm-none-eabi/10.3.1/thumb/v7e-m+dp/hard/crti.o
LOAD c:/program files (x86)/gnu arm embedded toolchain/10 2021.10/bin/../lib/gcc/arm-none-eabi/10.3.1/thumb/v7e-m+dp/hard/crtbegin.o
LOAD c:/program files (x86)/gnu arm embedded toolchain/10 2021.10/bin/../lib/gcc/arm-none-eabi/10.3.1/../../../../arm-none-eabi/lib/thumb/v7e-m+dp/hard/crt0.o
LOAD build/main.o
LOAD build/stm32h7xx_it.o
LOAD build/stm32h7xx_hal_msp.o
LOAD build/mpu6050.o
LOAD build/hmc5883l.o
LOAD build/neo8m.o
LOAD build/packet_protocol.o
LOAD build/lora_e32.o
LOAD build/OV2640.o
LOAD build/INA219.o
LOAD build/sdcard.o
LOAD build/hardware.o
LOAD build/logic_science.o
LOAD build/logic_comm.o
LOAD build/logic_safe.o
LOAD build/logic_sleep.o
LOAD build/logic.o
LOAD build/task_command_receiver.o
LOAD build/task_init.o
LOAD build/task_output_manager.o
LOAD build/task_state_machine.o
LOAD build/stm32h7xx_hal_cortex.o
LOAD build/stm32h7xx_hal_rcc.o
LOAD build/stm32h7xx_hal_rcc_ex.o
LOAD build/stm32h7xx_hal_flash.o
LOAD build/stm32h7xx_hal_flash_ex.o
LOAD build/stm32h7xx_hal_gpio.o
LOAD build/stm32h7xx_hal_hsem.o
LOAD build/stm32h7xx_hal_dma.o
LOAD build/stm32h7xx_hal_dma_ex.o
LOAD build/stm32h7xx_hal_mdma.o
LOAD build/stm32h7xx_hal_pwr.o
LOAD build/stm32h7xx_hal_pwr_ex.o
LOAD build/stm32h7xx_hal.o
LOAD build/stm32h7xx_hal_i2c.o
LOAD build/stm32h7xx_hal_i2c_ex.o
LOAD build/stm32h7xx_hal_exti.o
LOAD build/system_stm32h7xx.o
LOAD build/freertos.o
LOAD build/croutine.o
LOAD build/event_groups.o
LOAD build/list.o
LOAD build/queue.o
LOAD build/stream_buffer.o
LOAD build/tasks.o
LOAD build/timers.o
LOAD build/cmsis_os2.o
LOAD build/heap_4.o
LOAD build/port.o
LOAD build/stm32h7xx_hal_uart.o
LOAD build/stm32h7xx_hal_uart_ex.o
LOAD build/stm32h7xx_hal_timebase_tim.o
LOAD build/bsp_driver_sd.o
LOAD build/sd_diskio.o
LOAD build/fatfs.o
LOAD build/stm32h7xx_hal_tim.o
LOAD build/stm32h7xx_hal_tim_ex.o
LOAD build/stm32h7xx_hal_dcmi.o
LOAD build/stm32h7xx_hal_rtc.o
LOAD build/stm32h7xx_hal_rtc_ex.o
LOAD build/stm32h7xx_ll_sdmmc.o
LOAD build/stm32h7xx_ll_delayblock.o
LOAD build/stm32h7xx_hal_sd.o
LOAD build/stm32h7xx_hal_sd_ex.o
LOAD build/stm32h7xx_hal_mmc.o
LOAD build/stm32h7xx_hal_mmc_ex.o
LOAD build/diskio.o
LOAD build/ff.o
LOAD build/ff_gen_drv.o
LOAD build/syscall.o
LOAD build/startup_stm32h743xx.o
LOAD c:/program files (x86)/gnu arm embedded toolchain/10 2021.10/bin/../lib/gcc/arm-none-eabi/10.3.1/../../../../arm-none-eabi/lib/thumb/v7e-m+dp/hard\libc_nano.a
LOAD c:/program files (x86)/gnu arm embedded toolchain/10 2021.10/bin/../lib/gcc/arm-none-eabi/10.3.1/../../../../arm-none-eabi/lib/thumb/v7e-m+dp/hard\libm.a
LOAD c:/program files (x86)/gnu arm embedded toolchain/10 2021.10/bin/../lib/gcc/arm-none-eabi/10.3.1/../../../../arm-none-eabi/lib/thumb/v7e-m+dp/hard\libnosys.a
START GROUP
LOAD c:/program files (x86)/gnu arm embedded toolchain/10 2021.10/bin/../lib/gcc/arm-none-eabi/10.3.1/thumb/v7e-m+dp/hard\libgcc.a
LOAD c:/program files (x86)/gnu arm embedded toolchain/10 2021.10/bin/../lib/gcc/arm-none-eabi/10.3.1/../../../../arm-none-eabi/lib/thumb/v7e-m+dp/hard\libc_nano.a
END GROUP
START GROUP
LOAD c:/program files (x86)/gnu arm embedded toolchain/10 2021.10/bin/../lib/gcc/arm-none-eabi/10.3.1/thumb/v7e-m+dp/hard\libgcc.a
LOAD c:/program files (x86)/gnu arm embedded toolchain/10 2021.10/bin/../lib/gcc/arm-none-eabi/10.3.1/../../../../arm-none-eabi/lib/thumb/v7e-m+dp/hard\libc_nano.a
END GROUP
LOAD c:/program files (x86)/gnu arm embedded toolchain/10 2021.10/bin/../lib/gcc/arm-none-eabi/10.3.1/thumb/v7e-m+dp/hard/crtend.o
LOAD c:/program files (x86)/gnu arm embedded toolchain/10 2021.10/bin/../lib/gcc/arm-none-eabi/10.3.1/thumb/v7e-m+dp/hard/crtn.o
                0x20020000                _estack = (ORIGIN (DTCMRAM) + LENGTH (DTCMRAM))
                0x00000200                _Min_Heap_Size = 0x200
                0x00000400                _Min_Stack_Size = 0x400

.isr_vector     0x08000000      0x298
                0x08000000                . = ALIGN (0x4)
 *(.isr_vector)
 .isr_vector    0x08000000      0x298 build/startup_stm32h743xx.o
                0x08000000                g_pfnVectors
                0x08000298                . = ALIGN (0x4)

.text           0x080002a0     0xcc30
                0x080002a0                . = ALIGN (0x4)
 *(.text)
 .text          0x080002a0       0x40 c:/program files (x86)/gnu arm embedded toolchain/10 2021.10/bin/../lib/gcc/arm-none-eabi/10.3.1/thumb/v7e-m+dp/hard/crtbegin.o
 .text          0x080002e0       0x10 c:/program files (x86)/gnu arm embedded toolchain/10 2021.10/bin/../lib/gcc/arm-none-eabi/10.3.1/../../../../arm-none-eabi/lib/thumb/v7e-m+dp/hard\libc_nano.a(lib_a-strlen.o)
                0x080002e0                strlen
 .text          0x080002f0       0xa0 c:/program files (x86)/gnu arm embedded toolchain/10 2021.10/bin/../lib/gcc/arm-none-eabi/10.3.1/../../../../arm-none-eabi/lib/thumb/v7e-m+dp/hard\libc_nano.a(lib_a-memchr.o)
                0x080002f0                memchr
 .text          0x08000390       0x30 c:/program files (x86)/gnu arm embedded toolchain/10 2021.10/bin/../lib/gcc/arm-none-eabi/10.3.1/thumb/v7e-m+dp/hard\libgcc.a(_aeabi_uldivmod.o)
                0x08000390                __aeabi_uldivmod
 .text          0x080003c0      0x2d0 c:/program files (x86)/gnu arm embedded toolchain/10 2021.10/bin/../lib/gcc/arm-none-eabi/10.3.1/thumb/v7e-m+dp/hard\libgcc.a(_udivmoddi4.o)
                0x080003c0                __udivmoddi4
 .text          0x08000690        0x4 c:/program files (x86)/gnu arm embedded toolchain/10 2021.10/bin/../lib/gcc/arm-none-eabi/10.3.1/thumb/v7e-m+dp/hard\libgcc.a(_dvmd_tls.o)
                0x08000690                __aeabi_idiv0
                0x08000690                __aeabi_ldiv0
 *(.text*)
 .text.MX_SDMMC1_SD_Init
                0x08000694       0x24 build/main.o
 .text.MPU_Config
                0x080006b8       0x52 build/main.o
 *fill*         0x0800070a        0x2 
 .text.MX_GPIO_Init
                0x0800070c      0x21c build/main.o
 .text.MX_DMA_Init
                0x08000928       0x38 build/main.o
 .text.StartDefaultTask
                0x08000960        0xa build/main.o
                0x08000960                StartDefaultTask
 *fill*         0x0800096a        0x2 
 .text.HAL_TIM_PeriodElapsedCallback
                0x0800096c       0x18 build/main.o
                0x0800096c                HAL_TIM_PeriodElapsedCallback
 .text.Error_Handler
                0x08000984        0x4 build/main.o
                0x08000984                Error_Handler
 .text.MX_USART2_UART_Init
                0x08000988       0x60 build/main.o
 .text.MX_I2C4_Init
                0x080009e8       0x54 build/main.o
 .text.MX_I2C2_Init
                0x08000a3c       0x54 build/main.o
 .text.MX_DCMI_Init
                0x08000a90       0x34 build/main.o
 .text.MX_USART3_UART_Init
                0x08000ac4       0x60 build/main.o
 .text.MX_RTC_Init
                0x08000b24       0x98 build/main.o
 .text.SystemClock_Config
                0x08000bbc       0xc4 build/main.o
                0x08000bbc                SystemClock_Config
 .text.main     0x08000c80      0x548 build/main.o
                0x08000c80                main
 .text.NMI_Handler
                0x080011c8        0x2 build/stm32h7xx_it.o
                0x080011c8                NMI_Handler
 .text.HardFault_Handler
                0x080011ca        0x2 build/stm32h7xx_it.o
                0x080011ca                HardFault_Handler
 .text.MemManage_Handler
                0x080011cc        0x2 build/stm32h7xx_it.o
                0x080011cc                MemManage_Handler
 .text.BusFault_Handler
                0x080011ce        0x2 build/stm32h7xx_it.o
                0x080011ce                BusFault_Handler
 .text.UsageFault_Handler
                0x080011d0        0x2 build/stm32h7xx_it.o
                0x080011d0                UsageFault_Handler
 .text.DebugMon_Handler
                0x080011d2        0x2 build/stm32h7xx_it.o
                0x080011d2                DebugMon_Handler
 .text.RTC_WKUP_IRQHandler
                0x080011d4       0x10 build/stm32h7xx_it.o
                0x080011d4                RTC_WKUP_IRQHandler
 .text.DMA1_Stream0_IRQHandler
                0x080011e4       0x10 build/stm32h7xx_it.o
                0x080011e4                DMA1_Stream0_IRQHandler
 .text.TIM1_UP_IRQHandler
                0x080011f4       0x10 build/stm32h7xx_it.o
                0x080011f4                TIM1_UP_IRQHandler
 .text.USART2_IRQHandler
                0x08001204       0x10 build/stm32h7xx_it.o
                0x08001204                USART2_IRQHandler
 .text.HAL_MspInit
                0x08001214       0x34 build/stm32h7xx_hal_msp.o
                0x08001214                HAL_MspInit
 .text.HAL_DCMI_MspInit
                0x08001248      0x17c build/stm32h7xx_hal_msp.o
                0x08001248                HAL_DCMI_MspInit
 .text.HAL_I2C_MspInit
                0x080013c4      0x108 build/stm32h7xx_hal_msp.o
                0x080013c4                HAL_I2C_MspInit
 .text.HAL_RTC_MspInit
                0x080014cc       0x60 build/stm32h7xx_hal_msp.o
                0x080014cc                HAL_RTC_MspInit
 .text.HAL_SD_MspInit
                0x0800152c       0xd0 build/stm32h7xx_hal_msp.o
                0x0800152c                HAL_SD_MspInit
 .text.HAL_UART_MspInit
                0x080015fc      0x11c build/stm32h7xx_hal_msp.o
                0x080015fc                HAL_UART_MspInit
 .text.SD_Mount
                0x08001718       0x2c build/sdcard.o
                0x08001718                SD_Mount
 .text.SD_Init  0x08001744        0x8 build/sdcard.o
                0x08001744                SD_Init
 .text.SD_WriteScience
                0x0800174c       0x78 build/sdcard.o
                0x0800174c                SD_WriteScience
 .text.SD_ReadScience
                0x080017c4       0x5c build/sdcard.o
                0x080017c4                SD_ReadScience
 .text.SD_GetFreeKB
                0x08001820       0x3c build/sdcard.o
                0x08001820                SD_GetFreeKB
 .text.SD_GetUsedKB
                0x0800185c       0x40 build/sdcard.o
                0x0800185c                SD_GetUsedKB
 .text.Hardware_UART_Printf
                0x0800189c       0x38 build/hardware.o
                0x0800189c                Hardware_UART_Printf
 .text.HAL_NVIC_SetPriorityGrouping
                0x080018d4       0x24 build/stm32h7xx_hal_cortex.o
                0x080018d4                HAL_NVIC_SetPriorityGrouping
 .text.HAL_NVIC_SetPriority
                0x080018f8       0x6c build/stm32h7xx_hal_cortex.o
                0x080018f8                HAL_NVIC_SetPriority
 .text.HAL_NVIC_EnableIRQ
                0x08001964       0x1c build/stm32h7xx_hal_cortex.o
                0x08001964                HAL_NVIC_EnableIRQ
 .text.HAL_MPU_Disable
                0x08001980       0x1c build/stm32h7xx_hal_cortex.o
                0x08001980                HAL_MPU_Disable
 .text.HAL_MPU_Enable
                0x0800199c       0x20 build/stm32h7xx_hal_cortex.o
                0x0800199c                HAL_MPU_Enable
 .text.HAL_MPU_ConfigRegion
                0x080019bc       0x58 build/stm32h7xx_hal_cortex.o
                0x080019bc                HAL_MPU_ConfigRegion
 .text.HAL_RCC_OscConfig
                0x08001a14      0x6b4 build/stm32h7xx_hal_rcc.o
                0x08001a14                HAL_RCC_OscConfig
 .text.HAL_RCC_GetSysClockFreq
                0x080020c8      0x1f4 build/stm32h7xx_hal_rcc.o
                0x080020c8                HAL_RCC_GetSysClockFreq
 .text.HAL_RCC_ClockConfig
                0x080022bc      0x294 build/stm32h7xx_hal_rcc.o
                0x080022bc                HAL_RCC_ClockConfig
 .text.HAL_RCC_GetHCLKFreq
                0x08002550       0x44 build/stm32h7xx_hal_rcc.o
                0x08002550                HAL_RCC_GetHCLKFreq
 .text.HAL_RCC_GetPCLK1Freq
                0x08002594       0x24 build/stm32h7xx_hal_rcc.o
                0x08002594                HAL_RCC_GetPCLK1Freq
 .text.HAL_RCC_GetPCLK2Freq
                0x080025b8       0x24 build/stm32h7xx_hal_rcc.o
                0x080025b8                HAL_RCC_GetPCLK2Freq
 .text.HAL_RCC_GetClockConfig
                0x080025dc       0x54 build/stm32h7xx_hal_rcc.o
                0x080025dc                HAL_RCC_GetClockConfig
 .text.RCCEx_PLL2_Config
                0x08002630      0x10c build/stm32h7xx_hal_rcc_ex.o
 .text.RCCEx_PLL3_Config
                0x0800273c      0x10c build/stm32h7xx_hal_rcc_ex.o
 .text.HAL_RCCEx_PeriphCLKConfig
                0x08002848      0xa8c build/stm32h7xx_hal_rcc_ex.o
                0x08002848                HAL_RCCEx_PeriphCLKConfig
 .text.HAL_RCCEx_GetD3PCLK1Freq
                0x080032d4       0x24 build/stm32h7xx_hal_rcc_ex.o
                0x080032d4                HAL_RCCEx_GetD3PCLK1Freq
 .text.HAL_RCCEx_GetPLL2ClockFreq
                0x080032f8      0x1f8 build/stm32h7xx_hal_rcc_ex.o
                0x080032f8                HAL_RCCEx_GetPLL2ClockFreq
 .text.HAL_RCCEx_GetPLL3ClockFreq
                0x080034f0      0x1f8 build/stm32h7xx_hal_rcc_ex.o
                0x080034f0                HAL_RCCEx_GetPLL3ClockFreq
 .text.HAL_RCCEx_GetPLL1ClockFreq
                0x080036e8      0x1f8 build/stm32h7xx_hal_rcc_ex.o
                0x080036e8                HAL_RCCEx_GetPLL1ClockFreq
 .text.HAL_RCCEx_GetPeriphCLKFreq
                0x080038e0      0x6d0 build/stm32h7xx_hal_rcc_ex.o
                0x080038e0                HAL_RCCEx_GetPeriphCLKFreq
 .text.HAL_GPIO_Init
                0x08003fb0      0x220 build/stm32h7xx_hal_gpio.o
                0x08003fb0                HAL_GPIO_Init
 .text.HAL_GPIO_WritePin
                0x080041d0        0xc build/stm32h7xx_hal_gpio.o
                0x080041d0                HAL_GPIO_WritePin
 .text.DMA_CalcBaseAndBitshift
                0x080041dc       0xb4 build/stm32h7xx_hal_dma.o
 .text.DMA_CheckFifoParam
                0x08004290       0x92 build/stm32h7xx_hal_dma.o
 *fill*         0x08004322        0x2 
 .text.DMA_CalcDMAMUXChannelBaseAndMask
                0x08004324       0xb0 build/stm32h7xx_hal_dma.o
 .text.DMA_CalcDMAMUXRequestGenBaseAndMask
                0x080043d4       0x7c build/stm32h7xx_hal_dma.o
 .text.HAL_DMA_Init
                0x08004450      0x3a4 build/stm32h7xx_hal_dma.o
                0x08004450                HAL_DMA_Init
 .text.HAL_DMA_Abort
                0x080047f4      0x340 build/stm32h7xx_hal_dma.o
                0x080047f4                HAL_DMA_Abort
 .text.HAL_DMA_Abort_IT
                0x08004b34      0x270 build/stm32h7xx_hal_dma.o
                0x08004b34                HAL_DMA_Abort_IT
 .text.HAL_DMA_IRQHandler
                0x08004da4      0x738 build/stm32h7xx_hal_dma.o
                0x08004da4                HAL_DMA_IRQHandler
 .text.HAL_PWREx_ConfigSupply
                0x080054dc       0x54 build/stm32h7xx_hal_pwr_ex.o
                0x080054dc                HAL_PWREx_ConfigSupply
 .text.HAL_Init
                0x08005530       0x5c build/stm32h7xx_hal.o
                0x08005530                HAL_Init
 .text.HAL_IncTick
                0x0800558c       0x18 build/stm32h7xx_hal.o
                0x0800558c                HAL_IncTick
 .text.HAL_GetTick
                0x080055a4        0xc build/stm32h7xx_hal.o
                0x080055a4                HAL_GetTick
 .text.HAL_Delay
                0x080055b0       0x28 build/stm32h7xx_hal.o
                0x080055b0                HAL_Delay
 .text.HAL_GetREVID
                0x080055d8        0xc build/stm32h7xx_hal.o
                0x080055d8                HAL_GetREVID
 .text.HAL_SYSCFG_AnalogSwitchConfig
                0x080055e4       0x14 build/stm32h7xx_hal.o
                0x080055e4                HAL_SYSCFG_AnalogSwitchConfig
 .text.HAL_I2C_Init
                0x080055f8       0xc8 build/stm32h7xx_hal_i2c.o
                0x080055f8                HAL_I2C_Init
 .text.HAL_I2CEx_ConfigAnalogFilter
                0x080056c0       0x5c build/stm32h7xx_hal_i2c_ex.o
                0x080056c0                HAL_I2CEx_ConfigAnalogFilter
 .text.HAL_I2CEx_ConfigDigitalFilter
                0x0800571c       0x58 build/stm32h7xx_hal_i2c_ex.o
                0x0800571c                HAL_I2CEx_ConfigDigitalFilter
 .text.SystemInit
                0x08005774       0xf4 build/system_stm32h7xx.o
                0x08005774                SystemInit
 .text.ExitRun0Mode
                0x08005868       0x1c build/system_stm32h7xx.o
                0x08005868                ExitRun0Mode
 .text.vListInitialise
                0x08005884       0x16 build/list.o
                0x08005884                vListInitialise
 .text.vListInitialiseItem
                0x0800589a        0x6 build/list.o
                0x0800589a                vListInitialiseItem
 .text.vListInsertEnd
                0x080058a0       0x16 build/list.o
                0x080058a0                vListInsertEnd
 .text.vListInsert
                0x080058b6       0x32 build/list.o
                0x080058b6                vListInsert
 .text.uxListRemove
                0x080058e8       0x26 build/list.o
                0x080058e8                uxListRemove
 .text.prvGetDisinheritPriorityAfterTimeout
                0x0800590e       0x10 build/queue.o
 .text.prvIsQueueFull
                0x0800591e       0x1e build/queue.o
 .text.prvIsQueueEmpty
                0x0800593c       0x1a build/queue.o
 .text.prvCopyDataToQueue
                0x08005956       0x76 build/queue.o
 .text.prvCopyDataFromQueue
                0x080059cc       0x24 build/queue.o
 .text.prvUnlockQueue
                0x080059f0       0x6e build/queue.o
 .text.xQueueGenericReset
                0x08005a5e       0x84 build/queue.o
                0x08005a5e                xQueueGenericReset
 .text.prvInitialiseNewQueue
                0x08005ae2       0x22 build/queue.o
 .text.xQueueGenericCreateStatic
                0x08005b04       0xa6 build/queue.o
                0x08005b04                xQueueGenericCreateStatic
 .text.xQueueGenericCreate
                0x08005baa       0x48 build/queue.o
                0x08005baa                xQueueGenericCreate
 .text.xQueueCreateCountingSemaphoreStatic
                0x08005bf2       0x46 build/queue.o
                0x08005bf2                xQueueCreateCountingSemaphoreStatic
 .text.xQueueCreateCountingSemaphore
                0x08005c38       0x3c build/queue.o
                0x08005c38                xQueueCreateCountingSemaphore
 .text.xQueueGenericSend
                0x08005c74      0x188 build/queue.o
                0x08005c74                xQueueGenericSend
 .text.xQueueGenericSendFromISR
                0x08005dfc       0xce build/queue.o
                0x08005dfc                xQueueGenericSendFromISR
 .text.xQueueGiveFromISR
                0x08005eca       0xb2 build/queue.o
                0x08005eca                xQueueGiveFromISR
 .text.xQueueReceive
                0x08005f7c      0x15e build/queue.o
                0x08005f7c                xQueueReceive
 .text.xQueueSemaphoreTake
                0x080060da      0x1a6 build/queue.o
                0x080060da                xQueueSemaphoreTake
 .text.xQueueReceiveFromISR
                0x08006280       0xa8 build/queue.o
                0x08006280                xQueueReceiveFromISR
 .text.vQueueAddToRegistry
                0x08006328       0x28 build/queue.o
                0x08006328                vQueueAddToRegistry
 .text.vQueueUnregisterQueue
                0x08006350       0x2c build/queue.o
                0x08006350                vQueueUnregisterQueue
 .text.vQueueDelete
                0x0800637c       0x2c build/queue.o
                0x0800637c                vQueueDelete
 .text.vQueueWaitForMessageRestricted
                0x080063a8       0x52 build/queue.o
                0x080063a8                vQueueWaitForMessageRestricted
 *fill*         0x080063fa        0x2 
 .text.prvResetNextTaskUnblockTime
                0x080063fc       0x2c build/tasks.o
 .text.prvInitialiseNewTask
                0x08006428       0xa6 build/tasks.o
 *fill*         0x080064ce        0x2 
 .text.prvInitialiseTaskLists
                0x080064d0       0x68 build/tasks.o
 .text.prvAddNewTaskToReadyList
                0x08006538       0xac build/tasks.o
 .text.prvDeleteTCB
                0x080065e4       0x38 build/tasks.o
 .text.prvCheckTasksWaitingTermination
                0x0800661c       0x4c build/tasks.o
 .text.prvIdleTask
                0x08006668       0x28 build/tasks.o
 .text.prvAddCurrentTaskToDelayedList
                0x08006690       0x84 build/tasks.o
 .text.xTaskCreateStatic
                0x08006714       0x76 build/tasks.o
                0x08006714                xTaskCreateStatic
 .text.xTaskCreate
                0x0800678a       0x68 build/tasks.o
                0x0800678a                xTaskCreate
 *fill*         0x080067f2        0x2 
 .text.vTaskStartScheduler
                0x080067f4       0x9c build/tasks.o
                0x080067f4                vTaskStartScheduler
 .text.vTaskSuspendAll
                0x08006890       0x10 build/tasks.o
                0x08006890                vTaskSuspendAll
 .text.xTaskGetTickCount
                0x080068a0        0xc build/tasks.o
                0x080068a0                xTaskGetTickCount
 .text.xTaskGetTickCountFromISR
                0x080068ac       0x10 build/tasks.o
                0x080068ac                xTaskGetTickCountFromISR
 .text.xTaskIncrementTick
                0x080068bc      0x118 build/tasks.o
                0x080068bc                xTaskIncrementTick
 .text.xTaskResumeAll
                0x080069d4       0xf8 build/tasks.o
                0x080069d4                xTaskResumeAll
 .text.vTaskDelay
                0x08006acc       0x4c build/tasks.o
                0x08006acc                vTaskDelay
 .text.vTaskSwitchContext
                0x08006b18       0x94 build/tasks.o
                0x08006b18                vTaskSwitchContext
 .text.vTaskPlaceOnEventList
                0x08006bac       0x30 build/tasks.o
                0x08006bac                vTaskPlaceOnEventList
 .text.vTaskPlaceOnEventListRestricted
                0x08006bdc       0x38 build/tasks.o
                0x08006bdc                vTaskPlaceOnEventListRestricted
 .text.xTaskRemoveFromEventList
                0x08006c14       0x8c build/tasks.o
                0x08006c14                xTaskRemoveFromEventList
 .text.vTaskInternalSetTimeOutState
                0x08006ca0       0x18 build/tasks.o
                0x08006ca0                vTaskInternalSetTimeOutState
 .text.xTaskCheckForTimeOut
                0x08006cb8       0x84 build/tasks.o
                0x08006cb8                xTaskCheckForTimeOut
 .text.vTaskMissedYield
                0x08006d3c        0xc build/tasks.o
                0x08006d3c                vTaskMissedYield
 .text.xTaskGetSchedulerState
                0x08006d48       0x20 build/tasks.o
                0x08006d48                xTaskGetSchedulerState
 .text.xTaskPriorityInherit
                0x08006d68       0x98 build/tasks.o
                0x08006d68                xTaskPriorityInherit
 .text.xTaskPriorityDisinherit
                0x08006e00       0x90 build/tasks.o
                0x08006e00                xTaskPriorityDisinherit
 .text.vTaskPriorityDisinheritAfterTimeout
                0x08006e90       0xa0 build/tasks.o
                0x08006e90                vTaskPriorityDisinheritAfterTimeout
 .text.pvTaskIncrementMutexHeldCount
                0x08006f30       0x1c build/tasks.o
                0x08006f30                pvTaskIncrementMutexHeldCount
 .text.prvGetNextExpireTime
                0x08006f4c       0x20 build/timers.o
 .text.prvInsertTimerInActiveList
                0x08006f6c       0x50 build/timers.o
 .text.prvCheckForValidListAndQueue
                0x08006fbc       0x70 build/timers.o
 .text.xTimerCreateTimerTask
                0x0800702c       0x64 build/timers.o
                0x0800702c                xTimerCreateTimerTask
 .text.xTimerGenericCommand
                0x08007090       0x6c build/timers.o
                0x08007090                xTimerGenericCommand
 .text.prvSwitchTimerLists
                0x080070fc       0x7c build/timers.o
 .text.prvSampleTimeNow
                0x08007178       0x2c build/timers.o
 .text.prvProcessExpiredTimer
                0x080071a4       0x6c build/timers.o
 .text.prvProcessTimerOrBlockTask
                0x08007210       0x78 build/timers.o
 .text.prvProcessReceivedCommands
                0x08007288      0x10c build/timers.o
 .text.prvTimerTask
                0x08007394       0x16 build/timers.o
 .text.SysTick_Handler
                0x080073aa       0x18 build/cmsis_os2.o
                0x080073aa                SysTick_Handler
 *fill*         0x080073c2        0x2 
 .text.osKernelInitialize
                0x080073c4       0x24 build/cmsis_os2.o
                0x080073c4                osKernelInitialize
 .text.osKernelGetState
                0x080073e8       0x24 build/cmsis_os2.o
                0x080073e8                osKernelGetState
 .text.osKernelStart
                0x0800740c       0x38 build/cmsis_os2.o
                0x0800740c                osKernelStart
 .text.osKernelGetTickCount
                0x08007444       0x14 build/cmsis_os2.o
                0x08007444                osKernelGetTickCount
 .text.osThreadNew
                0x08007458       0xbc build/cmsis_os2.o
                0x08007458                osThreadNew
 .text.osDelay  0x08007514       0x1c build/cmsis_os2.o
                0x08007514                osDelay
 .text.osSemaphoreNew
                0x08007530       0xb8 build/cmsis_os2.o
                0x08007530                osSemaphoreNew
 .text.osSemaphoreAcquire
                0x080075e8       0x68 build/cmsis_os2.o
                0x080075e8                osSemaphoreAcquire
 .text.osSemaphoreRelease
                0x08007650       0x5e build/cmsis_os2.o
                0x08007650                osSemaphoreRelease
 .text.osSemaphoreDelete
                0x080076ae       0x26 build/cmsis_os2.o
                0x080076ae                osSemaphoreDelete
 .text.osMessageQueueNew
                0x080076d4       0x98 build/cmsis_os2.o
                0x080076d4                osMessageQueueNew
 .text.osMessageQueueGet
                0x0800776c       0x7e build/cmsis_os2.o
                0x0800776c                osMessageQueueGet
 *fill*         0x080077ea        0x2 
 .text.vApplicationGetIdleTaskMemory
                0x080077ec       0x18 build/cmsis_os2.o
                0x080077ec                vApplicationGetIdleTaskMemory
 .text.vApplicationGetTimerTaskMemory
                0x08007804       0x18 build/cmsis_os2.o
                0x08007804                vApplicationGetTimerTaskMemory
 .text.prvHeapInit
                0x0800781c       0x64 build/heap_4.o
 .text.prvInsertBlockIntoFreeList
                0x08007880       0x64 build/heap_4.o
 .text.pvPortMalloc
                0x080078e4       0xfc build/heap_4.o
                0x080078e4                pvPortMalloc
 .text.vPortFree
                0x080079e0       0x7c build/heap_4.o
                0x080079e0                vPortFree
 .text.prvTaskExitError
                0x08007a5c       0x40 build/port.o
 .text.prvPortStartFirstTask
                0x08007a9c       0x28 build/port.o
 .text.vPortEnableVFP
                0x08007ac4       0x14 build/port.o
 .text.pxPortInitialiseStack
                0x08007ad8       0x2c build/port.o
                0x08007ad8                pxPortInitialiseStack
 *fill*         0x08007b04        0xc 
 .text.SVC_Handler
                0x08007b10       0x24 build/port.o
                0x08007b10                SVC_Handler
 .text.vPortEnterCritical
                0x08007b34       0x44 build/port.o
                0x08007b34                vPortEnterCritical
 .text.vPortExitCritical
                0x08007b78       0x2c build/port.o
                0x08007b78                vPortExitCritical
 *fill*         0x08007ba4        0xc 
 .text.PendSV_Handler
                0x08007bb0       0x64 build/port.o
                0x08007bb0                PendSV_Handler
 .text.xPortSysTickHandler
                0x08007c14       0x2c build/port.o
                0x08007c14                xPortSysTickHandler
 .text.vPortSetupTimerInterrupt
                0x08007c40       0x28 build/port.o
                0x08007c40                vPortSetupTimerInterrupt
 .text.xPortStartScheduler
                0x08007c68      0x118 build/port.o
                0x08007c68                xPortStartScheduler
 .text.vPortValidateInterruptPriority
                0x08007d80       0x5c build/port.o
                0x08007d80                vPortValidateInterruptPriority
 .text.UART_EndRxTransfer
                0x08007ddc       0x58 build/stm32h7xx_hal_uart.o
 .text.HAL_UART_TxCpltCallback
                0x08007e34        0x2 build/stm32h7xx_hal_uart.o
                0x08007e34                HAL_UART_TxCpltCallback
 .text.UART_EndTransmit_IT
                0x08007e36       0x24 build/stm32h7xx_hal_uart.o
 .text.HAL_UART_ErrorCallback
                0x08007e5a        0x2 build/stm32h7xx_hal_uart.o
                0x08007e5a                HAL_UART_ErrorCallback
 .text.UART_DMAAbortOnError
                0x08007e5c       0x10 build/stm32h7xx_hal_uart.o
 .text.HAL_UARTEx_RxEventCallback
                0x08007e6c        0x2 build/stm32h7xx_hal_uart.o
                0x08007e6c                HAL_UARTEx_RxEventCallback
 *fill*         0x08007e6e        0x2 
 .text.HAL_UART_IRQHandler
                0x08007e70      0x3d4 build/stm32h7xx_hal_uart.o
                0x08007e70                HAL_UART_IRQHandler
 .text.UART_SetConfig
                0x08008244      0x5f4 build/stm32h7xx_hal_uart.o
                0x08008244                UART_SetConfig
 .text.UART_AdvFeatureConfig
                0x08008838       0xca build/stm32h7xx_hal_uart.o
                0x08008838                UART_AdvFeatureConfig
 .text.UART_WaitOnFlagUntilTimeout
                0x08008902       0xaa build/stm32h7xx_hal_uart.o
                0x08008902                UART_WaitOnFlagUntilTimeout
 .text.HAL_UART_Transmit
                0x080089ac       0xd0 build/stm32h7xx_hal_uart.o
                0x080089ac                HAL_UART_Transmit
 .text.UART_CheckIdleState
                0x08008a7c       0xca build/stm32h7xx_hal_uart.o
                0x08008a7c                UART_CheckIdleState
 .text.HAL_UART_Init
                0x08008b46       0x66 build/stm32h7xx_hal_uart.o
                0x08008b46                HAL_UART_Init
 .text.UARTEx_SetNbDataToProcess
                0x08008bac       0x4c build/stm32h7xx_hal_uart_ex.o
 .text.HAL_UARTEx_WakeupCallback
                0x08008bf8        0x2 build/stm32h7xx_hal_uart_ex.o
                0x08008bf8                HAL_UARTEx_WakeupCallback
 .text.HAL_UARTEx_RxFifoFullCallback
                0x08008bfa        0x2 build/stm32h7xx_hal_uart_ex.o
                0x08008bfa                HAL_UARTEx_RxFifoFullCallback
 .text.HAL_UARTEx_TxFifoEmptyCallback
                0x08008bfc        0x2 build/stm32h7xx_hal_uart_ex.o
                0x08008bfc                HAL_UARTEx_TxFifoEmptyCallback
 .text.HAL_UARTEx_DisableFifoMode
                0x08008bfe       0x3e build/stm32h7xx_hal_uart_ex.o
                0x08008bfe                HAL_UARTEx_DisableFifoMode
 .text.HAL_UARTEx_SetTxFifoThreshold
                0x08008c3c       0x4a build/stm32h7xx_hal_uart_ex.o
                0x08008c3c                HAL_UARTEx_SetTxFifoThreshold
 .text.HAL_UARTEx_SetRxFifoThreshold
                0x08008c86       0x4a build/stm32h7xx_hal_uart_ex.o
                0x08008c86                HAL_UARTEx_SetRxFifoThreshold
 .text.HAL_InitTick
                0x08008cd0       0x90 build/stm32h7xx_hal_timebase_tim.o
                0x08008cd0                HAL_InitTick
 .text.BSP_SD_ReadBlocks_DMA
                0x08008d60       0x18 build/bsp_driver_sd.o
                0x08008d60                BSP_SD_ReadBlocks_DMA
 .text.BSP_SD_WriteBlocks_DMA
                0x08008d78       0x18 build/bsp_driver_sd.o
                0x08008d78                BSP_SD_WriteBlocks_DMA
 .text.BSP_SD_GetCardState
                0x08008d90       0x14 build/bsp_driver_sd.o
                0x08008d90                BSP_SD_GetCardState
 .text.BSP_SD_GetCardInfo
                0x08008da4       0x10 build/bsp_driver_sd.o
                0x08008da4                BSP_SD_GetCardInfo
 .text.BSP_SD_IsDetected
                0x08008db4       0x10 build/bsp_driver_sd.o
                0x08008db4                BSP_SD_IsDetected
 .text.BSP_SD_Init
                0x08008dc4       0x34 build/bsp_driver_sd.o
                0x08008dc4                BSP_SD_Init
 .text.SD_CheckStatus
                0x08008df8       0x24 build/sd_diskio.o
 .text.SD_initialize
                0x08008e1c       0x68 build/sd_diskio.o
                0x08008e1c                SD_initialize
 .text.SD_status
                0x08008e84        0x8 build/sd_diskio.o
                0x08008e84                SD_status
 .text.SD_CheckStatusWithTimeout
                0x08008e8c       0x26 build/sd_diskio.o
 *fill*         0x08008eb2        0x2 
 .text.SD_read  0x08008eb4       0x78 build/sd_diskio.o
                0x08008eb4                SD_read
 .text.SD_write
                0x08008f2c       0x78 build/sd_diskio.o
                0x08008f2c                SD_write
 .text.SD_ioctl
                0x08008fa4       0x58 build/sd_diskio.o
                0x08008fa4                SD_ioctl
 .text.MX_FATFS_Init
                0x08008ffc       0x1c build/fatfs.o
                0x08008ffc                MX_FATFS_Init
 .text.get_fattime
                0x08009018        0x4 build/fatfs.o
                0x08009018                get_fattime
 .text.HAL_TIM_Base_MspInit
                0x0800901c        0x2 build/stm32h7xx_hal_tim.o
                0x0800901c                HAL_TIM_Base_MspInit
 *fill*         0x0800901e        0x2 
 .text.HAL_TIM_Base_Start_IT
                0x08009020       0x90 build/stm32h7xx_hal_tim.o
                0x08009020                HAL_TIM_Base_Start_IT
 .text.HAL_TIM_OC_DelayElapsedCallback
                0x080090b0        0x2 build/stm32h7xx_hal_tim.o
                0x080090b0                HAL_TIM_OC_DelayElapsedCallback
 .text.HAL_TIM_IC_CaptureCallback
                0x080090b2        0x2 build/stm32h7xx_hal_tim.o
                0x080090b2                HAL_TIM_IC_CaptureCallback
 .text.HAL_TIM_PWM_PulseFinishedCallback
                0x080090b4        0x2 build/stm32h7xx_hal_tim.o
                0x080090b4                HAL_TIM_PWM_PulseFinishedCallback
 .text.HAL_TIM_TriggerCallback
                0x080090b6        0x2 build/stm32h7xx_hal_tim.o
                0x080090b6                HAL_TIM_TriggerCallback
 .text.HAL_TIM_IRQHandler
                0x080090b8      0x17a build/stm32h7xx_hal_tim.o
                0x080090b8                HAL_TIM_IRQHandler
 *fill*         0x08009232        0x2 
 .text.TIM_Base_SetConfig
                0x08009234      0x104 build/stm32h7xx_hal_tim.o
                0x08009234                TIM_Base_SetConfig
 .text.HAL_TIM_Base_Init
                0x08009338       0x60 build/stm32h7xx_hal_tim.o
                0x08009338                HAL_TIM_Base_Init
 .text.HAL_TIMEx_CommutCallback
                0x08009398        0x2 build/stm32h7xx_hal_tim_ex.o
                0x08009398                HAL_TIMEx_CommutCallback
 .text.HAL_TIMEx_BreakCallback
                0x0800939a        0x2 build/stm32h7xx_hal_tim_ex.o
                0x0800939a                HAL_TIMEx_BreakCallback
 .text.HAL_TIMEx_Break2Callback
                0x0800939c        0x2 build/stm32h7xx_hal_tim_ex.o
                0x0800939c                HAL_TIMEx_Break2Callback
 *fill*         0x0800939e        0x2 
 .text.HAL_DCMI_Init
                0x080093a0       0xa0 build/stm32h7xx_hal_dcmi.o
                0x080093a0                HAL_DCMI_Init
 .text.HAL_RTC_WaitForSynchro
                0x08009440       0x34 build/stm32h7xx_hal_rtc.o
                0x08009440                HAL_RTC_WaitForSynchro
 .text.RTC_EnterInitMode
                0x08009474       0x44 build/stm32h7xx_hal_rtc.o
                0x08009474                RTC_EnterInitMode
 .text.RTC_ExitInitMode
                0x080094b8       0x50 build/stm32h7xx_hal_rtc.o
                0x080094b8                RTC_ExitInitMode
 .text.HAL_RTC_Init
                0x08009508       0xa4 build/stm32h7xx_hal_rtc.o
                0x08009508                HAL_RTC_Init
 .text.RTC_ByteToBcd2
                0x080095ac       0x16 build/stm32h7xx_hal_rtc.o
                0x080095ac                RTC_ByteToBcd2
 *fill*         0x080095c2        0x2 
 .text.HAL_RTC_SetTime
                0x080095c4       0xc8 build/stm32h7xx_hal_rtc.o
                0x080095c4                HAL_RTC_SetTime
 .text.HAL_RTC_SetDate
                0x0800968c       0xa8 build/stm32h7xx_hal_rtc.o
                0x0800968c                HAL_RTC_SetDate
 .text.HAL_RTCEx_SetWakeUpTimer_IT
                0x08009734       0xc4 build/stm32h7xx_hal_rtc_ex.o
                0x08009734                HAL_RTCEx_SetWakeUpTimer_IT
 .text.HAL_RTCEx_WakeUpTimerEventCallback
                0x080097f8        0x2 build/stm32h7xx_hal_rtc_ex.o
                0x080097f8                HAL_RTCEx_WakeUpTimerEventCallback
 .text.HAL_RTCEx_WakeUpTimerIRQHandler
                0x080097fa       0x32 build/stm32h7xx_hal_rtc_ex.o
                0x080097fa                HAL_RTCEx_WakeUpTimerIRQHandler
 .text.SDMMC_GetCmdError
                0x0800982c       0x3c build/stm32h7xx_ll_sdmmc.o
 .text.SDMMC_Init
                0x08009868       0x30 build/stm32h7xx_ll_sdmmc.o
                0x08009868                SDMMC_Init
 .text.SDMMC_ReadFIFO
                0x08009898        0x6 build/stm32h7xx_ll_sdmmc.o
                0x08009898                SDMMC_ReadFIFO
 .text.SDMMC_PowerState_ON
                0x0800989e        0xc build/stm32h7xx_ll_sdmmc.o
                0x0800989e                SDMMC_PowerState_ON
 .text.SDMMC_GetPowerState
                0x080098aa        0x8 build/stm32h7xx_ll_sdmmc.o
                0x080098aa                SDMMC_GetPowerState
 *fill*         0x080098b2        0x2 
 .text.SDMMC_SendCommand
                0x080098b4       0x24 build/stm32h7xx_ll_sdmmc.o
                0x080098b4                SDMMC_SendCommand
 .text.SDMMC_GetCommandResponse
                0x080098d8        0x6 build/stm32h7xx_ll_sdmmc.o
                0x080098d8                SDMMC_GetCommandResponse
 .text.SDMMC_GetResponse
                0x080098de        0x6 build/stm32h7xx_ll_sdmmc.o
                0x080098de                SDMMC_GetResponse
 .text.SDMMC_ConfigData
                0x080098e4       0x24 build/stm32h7xx_ll_sdmmc.o
                0x080098e4                SDMMC_ConfigData
 .text.SDMMC_CmdGoIdleState
                0x08009908       0x26 build/stm32h7xx_ll_sdmmc.o
                0x08009908                SDMMC_CmdGoIdleState
 *fill*         0x0800992e        0x2 
 .text.SDMMC_GetCmdResp1
                0x08009930      0x160 build/stm32h7xx_ll_sdmmc.o
                0x08009930                SDMMC_GetCmdResp1
 .text.SDMMC_CmdBlockLength
                0x08009a90       0x32 build/stm32h7xx_ll_sdmmc.o
                0x08009a90                SDMMC_CmdBlockLength
 .text.SDMMC_CmdReadSingleBlock
                0x08009ac2       0x32 build/stm32h7xx_ll_sdmmc.o
                0x08009ac2                SDMMC_CmdReadSingleBlock
 .text.SDMMC_CmdReadMultiBlock
                0x08009af4       0x32 build/stm32h7xx_ll_sdmmc.o
                0x08009af4                SDMMC_CmdReadMultiBlock
 .text.SDMMC_CmdWriteSingleBlock
                0x08009b26       0x32 build/stm32h7xx_ll_sdmmc.o
                0x08009b26                SDMMC_CmdWriteSingleBlock
 .text.SDMMC_CmdWriteMultiBlock
                0x08009b58       0x32 build/stm32h7xx_ll_sdmmc.o
                0x08009b58                SDMMC_CmdWriteMultiBlock
 .text.SDMMC_CmdSelDesel
                0x08009b8a       0x32 build/stm32h7xx_ll_sdmmc.o
                0x08009b8a                SDMMC_CmdSelDesel
 .text.SDMMC_CmdAppCommand
                0x08009bbc       0x32 build/stm32h7xx_ll_sdmmc.o
                0x08009bbc                SDMMC_CmdAppCommand
 .text.SDMMC_CmdBusWidth
                0x08009bee       0x32 build/stm32h7xx_ll_sdmmc.o
                0x08009bee                SDMMC_CmdBusWidth
 .text.SDMMC_CmdSendSCR
                0x08009c20       0x32 build/stm32h7xx_ll_sdmmc.o
                0x08009c20                SDMMC_CmdSendSCR
 .text.SDMMC_CmdSendStatus
                0x08009c52       0x32 build/stm32h7xx_ll_sdmmc.o
                0x08009c52                SDMMC_CmdSendStatus
 .text.SDMMC_CmdStatusRegister
                0x08009c84       0x32 build/stm32h7xx_ll_sdmmc.o
                0x08009c84                SDMMC_CmdStatusRegister
 *fill*         0x08009cb6        0x2 
 .text.SDMMC_GetCmdResp2
                0x08009cb8       0x60 build/stm32h7xx_ll_sdmmc.o
                0x08009cb8                SDMMC_GetCmdResp2
 .text.SDMMC_CmdSendCID
                0x08009d18       0x2c build/stm32h7xx_ll_sdmmc.o
                0x08009d18                SDMMC_CmdSendCID
 .text.SDMMC_CmdSendCSD
                0x08009d44       0x2c build/stm32h7xx_ll_sdmmc.o
                0x08009d44                SDMMC_CmdSendCSD
 .text.SDMMC_GetCmdResp3
                0x08009d70       0x50 build/stm32h7xx_ll_sdmmc.o
                0x08009d70                SDMMC_GetCmdResp3
 .text.SDMMC_CmdAppOperCommand
                0x08009dc0       0x2c build/stm32h7xx_ll_sdmmc.o
                0x08009dc0                SDMMC_CmdAppOperCommand
 .text.SDMMC_GetCmdResp6
                0x08009dec       0xa4 build/stm32h7xx_ll_sdmmc.o
                0x08009dec                SDMMC_GetCmdResp6
 .text.SDMMC_CmdSetRelAdd
                0x08009e90       0x32 build/stm32h7xx_ll_sdmmc.o
                0x08009e90                SDMMC_CmdSetRelAdd
 *fill*         0x08009ec2        0x2 
 .text.SDMMC_GetCmdResp7
                0x08009ec4       0x64 build/stm32h7xx_ll_sdmmc.o
                0x08009ec4                SDMMC_GetCmdResp7
 .text.SDMMC_CmdOperCond
                0x08009f28       0x30 build/stm32h7xx_ll_sdmmc.o
                0x08009f28                SDMMC_CmdOperCond
 .text.SD_PowerON
                0x08009f58       0xc4 build/stm32h7xx_hal_sd.o
 .text.SD_SendSDStatus
                0x0800a01c      0x108 build/stm32h7xx_hal_sd.o
 .text.SD_FindSCR
                0x0800a124      0x108 build/stm32h7xx_hal_sd.o
 .text.SD_WideBus_Enable
                0x0800a22c       0x4e build/stm32h7xx_hal_sd.o
 .text.SD_WideBus_Disable
                0x0800a27a       0x4e build/stm32h7xx_hal_sd.o
 .text.SD_SendStatus
                0x0800a2c8       0x2c build/stm32h7xx_hal_sd.o
 .text.HAL_SD_ReadBlocks_DMA
                0x0800a2f4       0xe0 build/stm32h7xx_hal_sd.o
                0x0800a2f4                HAL_SD_ReadBlocks_DMA
 .text.HAL_SD_WriteBlocks_DMA
                0x0800a3d4       0xe0 build/stm32h7xx_hal_sd.o
                0x0800a3d4                HAL_SD_WriteBlocks_DMA
 .text.HAL_SD_GetCardCSD
                0x0800a4b4      0x1b8 build/stm32h7xx_hal_sd.o
                0x0800a4b4                HAL_SD_GetCardCSD
 .text.SD_InitCard
                0x0800a66c       0xfc build/stm32h7xx_hal_sd.o
 .text.HAL_SD_InitCard
                0x0800a768       0xcc build/stm32h7xx_hal_sd.o
                0x0800a768                HAL_SD_InitCard
 .text.HAL_SD_GetCardStatus
                0x0800a834       0xd0 build/stm32h7xx_hal_sd.o
                0x0800a834                HAL_SD_GetCardStatus
 .text.HAL_SD_GetCardInfo
                0x0800a904       0x24 build/stm32h7xx_hal_sd.o
                0x0800a904                HAL_SD_GetCardInfo
 .text.HAL_SD_ConfigWideBusOperation
                0x0800a928      0x158 build/stm32h7xx_hal_sd.o
                0x0800a928                HAL_SD_ConfigWideBusOperation
 .text.HAL_SD_GetCardState
                0x0800aa80       0x22 build/stm32h7xx_hal_sd.o
                0x0800aa80                HAL_SD_GetCardState
 .text.HAL_SD_Init
                0x0800aaa2       0xba build/stm32h7xx_hal_sd.o
                0x0800aaa2                HAL_SD_Init
 .text.disk_status
                0x0800ab5c       0x18 build/diskio.o
                0x0800ab5c                disk_status
 .text.disk_initialize
                0x0800ab74       0x2c build/diskio.o
                0x0800ab74                disk_initialize
 .text.disk_read
                0x0800aba0       0x18 build/diskio.o
                0x0800aba0                disk_read
 .text.disk_write
                0x0800abb8       0x18 build/diskio.o
                0x0800abb8                disk_write
 .text.disk_ioctl
                0x0800abd0       0x18 build/diskio.o
                0x0800abd0                disk_ioctl
 .text.ld_word  0x0800abe8        0xa build/ff.o
 .text.ld_dword
                0x0800abf2       0x16 build/ff.o
 .text.st_word  0x0800ac08        0x8 build/ff.o
 .text.st_dword
                0x0800ac10       0x14 build/ff.o
 .text.mem_cpy  0x0800ac24       0x14 build/ff.o
 .text.mem_set  0x0800ac38        0xa build/ff.o
 .text.mem_cmp  0x0800ac42       0x1a build/ff.o
 .text.chk_chr  0x0800ac5c       0x10 build/ff.o
 .text.chk_lock
                0x0800ac6c       0x7c build/ff.o
 .text.enq_lock
                0x0800ace8       0x20 build/ff.o
 .text.inc_lock
                0x0800ad08       0xa4 build/ff.o
 .text.dec_lock
                0x0800adac       0x40 build/ff.o
 .text.clear_lock
                0x0800adec       0x3c build/ff.o
 .text.clust2sect
                0x0800ae28       0x18 build/ff.o
 .text.clmt_clust
                0x0800ae40       0x22 build/ff.o
 .text.ld_clust
                0x0800ae62       0x26 build/ff.o
 .text.st_clust
                0x0800ae88       0x26 build/ff.o
 *fill*         0x0800aeae        0x2 
 .text.create_name
                0x0800aeb0       0xd0 build/ff.o
 .text.get_ldnumber
                0x0800af80       0x48 build/ff.o
 .text.lock_fs  0x0800afc8       0x14 build/ff.o
 .text.sync_window
                0x0800afdc       0x54 build/ff.o
 .text.move_window
                0x0800b030       0x36 build/ff.o
 *fill*         0x0800b066        0x2 
 .text.check_fs
                0x0800b068       0x78 build/ff.o
 .text.find_volume
                0x0800b0e0      0x310 build/ff.o
 .text.put_fat  0x0800b3f0      0x10e build/ff.o
 .text.get_fat  0x0800b4fe       0xd0 build/ff.o
 .text.dir_sdi  0x0800b5ce       0xac build/ff.o
 .text.create_chain
                0x0800b67a       0xd6 build/ff.o
 .text.remove_chain
                0x0800b750       0x7e build/ff.o
 .text.dir_next
                0x0800b7ce      0x108 build/ff.o
 .text.dir_find
                0x0800b8d6       0x5a build/ff.o
 .text.follow_path
                0x0800b930       0x8c build/ff.o
 .text.dir_alloc
                0x0800b9bc       0x4e build/ff.o
 .text.dir_register
                0x0800ba0a       0x3e build/ff.o
 .text.unlock_fs
                0x0800ba48       0x24 build/ff.o
 .text.validate
                0x0800ba6c       0x5c build/ff.o
 .text.sync_fs  0x0800bac8       0x8c build/ff.o
 .text.f_mount  0x0800bb54       0x88 build/ff.o
                0x0800bb54                f_mount
 .text.f_open   0x0800bbdc      0x236 build/ff.o
                0x0800bbdc                f_open
 .text.f_read   0x0800be12      0x1d8 build/ff.o
                0x0800be12                f_read
 .text.f_write  0x0800bfea      0x216 build/ff.o
                0x0800bfea                f_write
 .text.f_sync   0x0800c200       0xb0 build/ff.o
                0x0800c200                f_sync
 .text.f_close  0x0800c2b0       0x3a build/ff.o
                0x0800c2b0                f_close
 .text.f_getfree
                0x0800c2ea       0xee build/ff.o
                0x0800c2ea                f_getfree
 .text.FATFS_LinkDriverEx
                0x0800c3d8       0x54 build/ff_gen_drv.o
                0x0800c3d8                FATFS_LinkDriverEx
 .text.FATFS_LinkDriver
                0x0800c42c        0xa build/ff_gen_drv.o
                0x0800c42c                FATFS_LinkDriver
 .text.ff_cre_syncobj
                0x0800c436       0x18 build/syscall.o
                0x0800c436                ff_cre_syncobj
 .text.ff_del_syncobj
                0x0800c44e        0xa build/syscall.o
                0x0800c44e                ff_del_syncobj
 .text.ff_req_grant
                0x0800c458       0x14 build/syscall.o
                0x0800c458                ff_req_grant
 .text.ff_rel_grant
                0x0800c46c        0x8 build/syscall.o
                0x0800c46c                ff_rel_grant
 .text.Reset_Handler
                0x0800c474       0x54 build/startup_stm32h743xx.o
                0x0800c474                Reset_Handler
 .text.Default_Handler
                0x0800c4c8        0x2 build/startup_stm32h743xx.o
                0x0800c4c8                RTC_Alarm_IRQHandler
                0x0800c4c8                EXTI2_IRQHandler
                0x0800c4c8                TIM8_CC_IRQHandler
                0x0800c4c8                HRTIM1_Master_IRQHandler
                0x0800c4c8                UART8_IRQHandler
                0x0800c4c8                SPI4_IRQHandler
                0x0800c4c8                TIM1_CC_IRQHandler
                0x0800c4c8                BDMA_Channel6_IRQHandler
                0x0800c4c8                DMA2_Stream5_IRQHandler
                0x0800c4c8                HRTIM1_FLT_IRQHandler
                0x0800c4c8                JPEG_IRQHandler
                0x0800c4c8                DMA1_Stream5_IRQHandler
                0x0800c4c8                BDMA_Channel1_IRQHandler
                0x0800c4c8                HRTIM1_TIMD_IRQHandler
                0x0800c4c8                TAMP_STAMP_IRQHandler
                0x0800c4c8                EXTI3_IRQHandler
                0x0800c4c8                LPTIM4_IRQHandler
                0x0800c4c8                TIM8_TRG_COM_TIM14_IRQHandler
                0x0800c4c8                LPTIM2_IRQHandler
                0x0800c4c8                DFSDM1_FLT1_IRQHandler
                0x0800c4c8                DMAMUX2_OVR_IRQHandler
                0x0800c4c8                TIM8_UP_TIM13_IRQHandler
                0x0800c4c8                I2C3_ER_IRQHandler
                0x0800c4c8                DFSDM1_FLT2_IRQHandler
                0x0800c4c8                MDMA_IRQHandler
                0x0800c4c8                LPTIM3_IRQHandler
                0x0800c4c8                HSEM1_IRQHandler
                0x0800c4c8                EXTI0_IRQHandler
                0x0800c4c8                I2C2_EV_IRQHandler
                0x0800c4c8                DMA1_Stream2_IRQHandler
                0x0800c4c8                FPU_IRQHandler
                0x0800c4c8                OTG_HS_WKUP_IRQHandler
                0x0800c4c8                FDCAN1_IT1_IRQHandler
                0x0800c4c8                LTDC_ER_IRQHandler
                0x0800c4c8                DMA2_Stream2_IRQHandler
                0x0800c4c8                HRTIM1_TIME_IRQHandler
                0x0800c4c8                SPI1_IRQHandler
                0x0800c4c8                TIM6_DAC_IRQHandler
                0x0800c4c8                DCMI_IRQHandler
                0x0800c4c8                HRTIM1_TIMC_IRQHandler
                0x0800c4c8                DMA2_Stream3_IRQHandler
                0x0800c4c8                SAI2_IRQHandler
                0x0800c4c8                DFSDM1_FLT3_IRQHandler
                0x0800c4c8                USART6_IRQHandler
                0x0800c4c8                TIM17_IRQHandler
                0x0800c4c8                USART3_IRQHandler
                0x0800c4c8                BDMA_Channel7_IRQHandler
                0x0800c4c8                LPTIM5_IRQHandler
                0x0800c4c8                UART5_IRQHandler
                0x0800c4c8                ADC3_IRQHandler
                0x0800c4c8                DMA2_Stream0_IRQHandler
                0x0800c4c8                TIM4_IRQHandler
                0x0800c4c8                BDMA_Channel2_IRQHandler
                0x0800c4c8                QUADSPI_IRQHandler
                0x0800c4c8                I2C1_EV_IRQHandler
                0x0800c4c8                DMA1_Stream6_IRQHandler
                0x0800c4c8                DMAMUX1_OVR_IRQHandler
                0x0800c4c8                DMA1_Stream1_IRQHandler
                0x0800c4c8                TIM16_IRQHandler
                0x0800c4c8                UART4_IRQHandler
                0x0800c4c8                BDMA_Channel5_IRQHandler
                0x0800c4c8                TIM3_IRQHandler
                0x0800c4c8                RCC_IRQHandler
                0x0800c4c8                TIM8_BRK_TIM12_IRQHandler
                0x0800c4c8                TIM1_TRG_COM_IRQHandler
                0x0800c4c8                Default_Handler
                0x0800c4c8                ECC_IRQHandler
                0x0800c4c8                CEC_IRQHandler
                0x0800c4c8                EXTI15_10_IRQHandler
                0x0800c4c8                BDMA_Channel0_IRQHandler
                0x0800c4c8                ADC_IRQHandler
                0x0800c4c8                DMA1_Stream7_IRQHandler
                0x0800c4c8                HRTIM1_TIMA_IRQHandler
                0x0800c4c8                SPI5_IRQHandler
                0x0800c4c8                TIM7_IRQHandler
                0x0800c4c8                SDMMC1_IRQHandler
                0x0800c4c8                TIM5_IRQHandler
                0x0800c4c8                DMA2_Stream7_IRQHandler
                0x0800c4c8                TIM15_IRQHandler
                0x0800c4c8                PVD_AVD_IRQHandler
                0x0800c4c8                I2C3_EV_IRQHandler
                0x0800c4c8                EXTI9_5_IRQHandler
                0x0800c4c8                LTDC_IRQHandler
                0x0800c4c8                SAI3_IRQHandler
                0x0800c4c8                ETH_WKUP_IRQHandler
                0x0800c4c8                SPDIF_RX_IRQHandler
                0x0800c4c8                SPI2_IRQHandler
                0x0800c4c8                OTG_HS_EP1_IN_IRQHandler
                0x0800c4c8                CRS_IRQHandler
                0x0800c4c8                EXTI4_IRQHandler
                0x0800c4c8                RNG_IRQHandler
                0x0800c4c8                HRTIM1_TIMB_IRQHandler
                0x0800c4c8                FDCAN2_IT1_IRQHandler
                0x0800c4c8                ETH_IRQHandler
                0x0800c4c8                BDMA_Channel4_IRQHandler
                0x0800c4c8                OTG_HS_EP1_OUT_IRQHandler
                0x0800c4c8                WWDG_IRQHandler
                0x0800c4c8                SPI6_IRQHandler
                0x0800c4c8                MDIOS_IRQHandler
                0x0800c4c8                I2C4_EV_IRQHandler
                0x0800c4c8                FDCAN2_IT0_IRQHandler
                0x0800c4c8                LPUART1_IRQHandler
                0x0800c4c8                FDCAN1_IT0_IRQHandler
                0x0800c4c8                TIM2_IRQHandler
                0x0800c4c8                OTG_FS_WKUP_IRQHandler
                0x0800c4c8                OTG_HS_IRQHandler
                0x0800c4c8                DMA2D_IRQHandler
                0x0800c4c8                TIM1_BRK_IRQHandler
                0x0800c4c8                EXTI1_IRQHandler
                0x0800c4c8                SDMMC2_IRQHandler
                0x0800c4c8                OTG_FS_EP1_OUT_IRQHandler
                0x0800c4c8                BDMA_Channel3_IRQHandler
                0x0800c4c8                UART7_IRQHandler
                0x0800c4c8                MDIOS_WKUP_IRQHandler
                0x0800c4c8                DFSDM1_FLT0_IRQHandler
                0x0800c4c8                SAI4_IRQHandler
                0x0800c4c8                I2C2_ER_IRQHandler
                0x0800c4c8                DMA2_Stream1_IRQHandler
                0x0800c4c8                FLASH_IRQHandler
                0x0800c4c8                DMA2_Stream4_IRQHandler
                0x0800c4c8                USART1_IRQHandler
                0x0800c4c8                OTG_FS_IRQHandler
                0x0800c4c8                SPI3_IRQHandler
                0x0800c4c8                WAKEUP_PIN_IRQHandler
                0x0800c4c8                DMA1_Stream4_IRQHandler
                0x0800c4c8                OTG_FS_EP1_IN_IRQHandler
                0x0800c4c8                I2C1_ER_IRQHandler
                0x0800c4c8                FMC_IRQHandler
                0x0800c4c8                FDCAN_CAL_IRQHandler
                0x0800c4c8                SWPMI1_IRQHandler
                0x0800c4c8                COMP1_IRQHandler
                0x0800c4c8                LPTIM1_IRQHandler
                0x0800c4c8                I2C4_ER_IRQHandler
                0x0800c4c8                DMA2_Stream6_IRQHandler
                0x0800c4c8                SAI1_IRQHandler
                0x0800c4c8                DMA1_Stream3_IRQHandler
 *fill*         0x0800c4ca        0x2 
 .text.__libc_init_array
                0x0800c4cc       0x48 c:/program files (x86)/gnu arm embedded toolchain/10 2021.10/bin/../lib/gcc/arm-none-eabi/10.3.1/../../../../arm-none-eabi/lib/thumb/v7e-m+dp/hard\libc_nano.a(lib_a-init.o)
                0x0800c4cc                __libc_init_array
 .text.memcpy   0x0800c514       0x1c c:/program files (x86)/gnu arm embedded toolchain/10 2021.10/bin/../lib/gcc/arm-none-eabi/10.3.1/../../../../arm-none-eabi/lib/thumb/v7e-m+dp/hard\libc_nano.a(lib_a-memcpy-stub.o)
                0x0800c514                memcpy
 .text.memset   0x0800c530       0x10 c:/program files (x86)/gnu arm embedded toolchain/10 2021.10/bin/../lib/gcc/arm-none-eabi/10.3.1/../../../../arm-none-eabi/lib/thumb/v7e-m+dp/hard\libc_nano.a(lib_a-memset.o)
                0x0800c530                memset
 .text.snprintf
                0x0800c540       0x68 c:/program files (x86)/gnu arm embedded toolchain/10 2021.10/bin/../lib/gcc/arm-none-eabi/10.3.1/../../../../arm-none-eabi/lib/thumb/v7e-m+dp/hard\libc_nano.a(lib_a-snprintf.o)
                0x0800c540                sniprintf
                0x0800c540                snprintf
 .text._vsnprintf_r
                0x0800c5a8       0x56 c:/program files (x86)/gnu arm embedded toolchain/10 2021.10/bin/../lib/gcc/arm-none-eabi/10.3.1/../../../../arm-none-eabi/lib/thumb/v7e-m+dp/hard\libc_nano.a(lib_a-vsnprintf.o)
                0x0800c5a8                _vsniprintf_r
                0x0800c5a8                _vsnprintf_r
 *fill*         0x0800c5fe        0x2 
 .text.vsnprintf
                0x0800c600       0x1c c:/program files (x86)/gnu arm embedded toolchain/10 2021.10/bin/../lib/gcc/arm-none-eabi/10.3.1/../../../../arm-none-eabi/lib/thumb/v7e-m+dp/hard\libc_nano.a(lib_a-vsnprintf.o)
                0x0800c600                vsniprintf
                0x0800c600                vsnprintf
 .text.__retarget_lock_acquire_recursive
                0x0800c61c        0x2 c:/program files (x86)/gnu arm embedded toolchain/10 2021.10/bin/../lib/gcc/arm-none-eabi/10.3.1/../../../../arm-none-eabi/lib/thumb/v7e-m+dp/hard\libc_nano.a(lib_a-lock.o)
                0x0800c61c                __retarget_lock_acquire_recursive
 .text.__retarget_lock_release_recursive
                0x0800c61e        0x2 c:/program files (x86)/gnu arm embedded toolchain/10 2021.10/bin/../lib/gcc/arm-none-eabi/10.3.1/../../../../arm-none-eabi/lib/thumb/v7e-m+dp/hard\libc_nano.a(lib_a-lock.o)
                0x0800c61e                __retarget_lock_release_recursive
 .text._free_r  0x0800c620       0x98 c:/program files (x86)/gnu arm embedded toolchain/10 2021.10/bin/../lib/gcc/arm-none-eabi/10.3.1/../../../../arm-none-eabi/lib/thumb/v7e-m+dp/hard\libc_nano.a(lib_a-nano-freer.o)
                0x0800c620                _free_r
 .text.sbrk_aligned
                0x0800c6b8       0x40 c:/program files (x86)/gnu arm embedded toolchain/10 2021.10/bin/../lib/gcc/arm-none-eabi/10.3.1/../../../../arm-none-eabi/lib/thumb/v7e-m+dp/hard\libc_nano.a(lib_a-nano-mallocr.o)
 .text._malloc_r
                0x0800c6f8       0xe8 c:/program files (x86)/gnu arm embedded toolchain/10 2021.10/bin/../lib/gcc/arm-none-eabi/10.3.1/../../../../arm-none-eabi/lib/thumb/v7e-m+dp/hard\libc_nano.a(lib_a-nano-mallocr.o)
                0x0800c6f8                _malloc_r
 .text.__ssputs_r
                0x0800c7e0       0xb6 c:/program files (x86)/gnu arm embedded toolchain/10 2021.10/bin/../lib/gcc/arm-none-eabi/10.3.1/../../../../arm-none-eabi/lib/thumb/v7e-m+dp/hard\libc_nano.a(lib_a-nano-svfprintf.o)
                0x0800c7e0                __ssputs_r
 *fill*         0x0800c896        0x2 
 .text._svfprintf_r
                0x0800c898      0x200 c:/program files (x86)/gnu arm embedded toolchain/10 2021.10/bin/../lib/gcc/arm-none-eabi/10.3.1/../../../../arm-none-eabi/lib/thumb/v7e-m+dp/hard\libc_nano.a(lib_a-nano-svfprintf.o)
                0x0800c898                _svfiprintf_r
                0x0800c898                _svfprintf_r
 .text._printf_common
                0x0800ca98       0xda c:/program files (x86)/gnu arm embedded toolchain/10 2021.10/bin/../lib/gcc/arm-none-eabi/10.3.1/../../../../arm-none-eabi/lib/thumb/v7e-m+dp/hard\libc_nano.a(lib_a-nano-vfprintf_i.o)
                0x0800ca98                _printf_common
 *fill*         0x0800cb72        0x2 
 .text._printf_i
                0x0800cb74      0x24c c:/program files (x86)/gnu arm embedded toolchain/10 2021.10/bin/../lib/gcc/arm-none-eabi/10.3.1/../../../../arm-none-eabi/lib/thumb/v7e-m+dp/hard\libc_nano.a(lib_a-nano-vfprintf_i.o)
                0x0800cb74                _printf_i
 .text._sbrk_r  0x0800cdc0       0x20 c:/program files (x86)/gnu arm embedded toolchain/10 2021.10/bin/../lib/gcc/arm-none-eabi/10.3.1/../../../../arm-none-eabi/lib/thumb/v7e-m+dp/hard\libc_nano.a(lib_a-sbrkr.o)
                0x0800cdc0                _sbrk_r
 .text.memmove  0x0800cde0       0x34 c:/program files (x86)/gnu arm embedded toolchain/10 2021.10/bin/../lib/gcc/arm-none-eabi/10.3.1/../../../../arm-none-eabi/lib/thumb/v7e-m+dp/hard\libc_nano.a(lib_a-memmove.o)
                0x0800cde0                memmove
 .text.__malloc_lock
                0x0800ce14        0xc c:/program files (x86)/gnu arm embedded toolchain/10 2021.10/bin/../lib/gcc/arm-none-eabi/10.3.1/../../../../arm-none-eabi/lib/thumb/v7e-m+dp/hard\libc_nano.a(lib_a-mlock.o)
                0x0800ce14                __malloc_lock
 .text.__malloc_unlock
                0x0800ce20        0xc c:/program files (x86)/gnu arm embedded toolchain/10 2021.10/bin/../lib/gcc/arm-none-eabi/10.3.1/../../../../arm-none-eabi/lib/thumb/v7e-m+dp/hard\libc_nano.a(lib_a-mlock.o)
                0x0800ce20                __malloc_unlock
 .text._realloc_r
                0x0800ce2c       0x5e c:/program files (x86)/gnu arm embedded toolchain/10 2021.10/bin/../lib/gcc/arm-none-eabi/10.3.1/../../../../arm-none-eabi/lib/thumb/v7e-m+dp/hard\libc_nano.a(lib_a-nano-reallocr.o)
                0x0800ce2c                _realloc_r
 .text._malloc_usable_size_r
                0x0800ce8a       0x10 c:/program files (x86)/gnu arm embedded toolchain/10 2021.10/bin/../lib/gcc/arm-none-eabi/10.3.1/../../../../arm-none-eabi/lib/thumb/v7e-m+dp/hard\libc_nano.a(lib_a-nano-msizer.o)
                0x0800ce8a                _malloc_usable_size_r
 *fill*         0x0800ce9a        0x2 
 .text._sbrk    0x0800ce9c       0x1c c:/program files (x86)/gnu arm embedded toolchain/10 2021.10/bin/../lib/gcc/arm-none-eabi/10.3.1/../../../../arm-none-eabi/lib/thumb/v7e-m+dp/hard\libnosys.a(sbrk.o)
                0x0800ce9c                _sbrk
 *(.glue_7)
 .glue_7        0x0800ceb8        0x0 linker stubs
 *(.glue_7t)
 .glue_7t       0x0800ceb8        0x0 linker stubs
 *(.eh_frame)
 .eh_frame      0x0800ceb8        0x0 c:/program files (x86)/gnu arm embedded toolchain/10 2021.10/bin/../lib/gcc/arm-none-eabi/10.3.1/thumb/v7e-m+dp/hard/crtbegin.o
 *(.init)
 .init          0x0800ceb8        0x4 c:/program files (x86)/gnu arm embedded toolchain/10 2021.10/bin/../lib/gcc/arm-none-eabi/10.3.1/thumb/v7e-m+dp/hard/crti.o
                0x0800ceb8                _init
 .init          0x0800cebc        0x8 c:/program files (x86)/gnu arm embedded toolchain/10 2021.10/bin/../lib/gcc/arm-none-eabi/10.3.1/thumb/v7e-m+dp/hard/crtn.o
 *(.fini)
 .fini          0x0800cec4        0x4 c:/program files (x86)/gnu arm embedded toolchain/10 2021.10/bin/../lib/gcc/arm-none-eabi/10.3.1/thumb/v7e-m+dp/hard/crti.o
                0x0800cec4                _fini
 .fini          0x0800cec8        0x8 c:/program files (x86)/gnu arm embedded toolchain/10 2021.10/bin/../lib/gcc/arm-none-eabi/10.3.1/thumb/v7e-m+dp/hard/crtn.o
                0x0800ced0                . = ALIGN (0x4)
                0x0800ced0                _etext = .

.vfp11_veneer   0x0800ced0        0x0
 .vfp11_veneer  0x0800ced0        0x0 linker stubs

.v4_bx          0x0800ced0        0x0
 .v4_bx         0x0800ced0        0x0 linker stubs

.iplt           0x0800ced0        0x0
 .iplt          0x0800ced0        0x0 c:/program files (x86)/gnu arm embedded toolchain/10 2021.10/bin/../lib/gcc/arm-none-eabi/10.3.1/thumb/v7e-m+dp/hard/crtbegin.o

.rodata         0x0800ced0      0xb64
                0x0800ced0                . = ALIGN (0x4)
 *(.rodata)
 *(.rodata*)
 .rodata.main.str1.4
                0x0800ced0      0x992 build/main.o
                                0x996 (size before relaxing)
 *fill*         0x0800d862        0x2 
 .rodata.str1.4
                0x0800d864        0xc build/main.o
 .rodata.defaultTask_attributes
                0x0800d870       0x24 build/main.o
                0x0800d870                defaultTask_attributes
 .rodata.SD_Mount.str1.4
                0x0800d894        0x3 build/sdcard.o
 .rodata.SD_WriteScience.str1.4
                0x0800d894        0xe build/sdcard.o
 *fill*         0x0800d8a2        0x2 
 .rodata.flagBitshiftOffset.0
                0x0800d8a4        0x8 build/stm32h7xx_hal_dma.o
 .rodata.D1CorePrescTable
                0x0800d8ac       0x10 build/system_stm32h7xx.o
                0x0800d8ac                D1CorePrescTable
 .rodata.vTaskStartScheduler.str1.4
                0x0800d8bc        0x5 build/tasks.o
 *fill*         0x0800d8c1        0x3 
 .rodata.prvCheckForValidListAndQueue.str1.4
                0x0800d8c4        0x5 build/timers.o
 *fill*         0x0800d8c9        0x3 
 .rodata.xTimerCreateTimerTask.str1.4
                0x0800d8cc        0x8 build/timers.o
 .rodata.UARTPrescTable
                0x0800d8d4       0x18 build/stm32h7xx_hal_uart.o
                0x0800d8d4                UARTPrescTable
 .rodata.denominator.0
                0x0800d8ec        0x8 build/stm32h7xx_hal_uart_ex.o
 .rodata.numerator.1
                0x0800d8f4        0x8 build/stm32h7xx_hal_uart_ex.o
 .rodata.SD_Driver
                0x0800d8fc       0x14 build/sd_diskio.o
                0x0800d8fc                SD_Driver
 .rodata.create_name.str1.4
                0x0800d910        0xf build/ff.o
 *fill*         0x0800d91f        0x1 
 .rodata.ExCvt  0x0800d920       0x80 build/ff.o
 .rodata._svfprintf_r.str1.1
                0x0800d9a0       0x11 c:/program files (x86)/gnu arm embedded toolchain/10 2021.10/bin/../lib/gcc/arm-none-eabi/10.3.1/../../../../arm-none-eabi/lib/thumb/v7e-m+dp/hard\libc_nano.a(lib_a-nano-svfprintf.o)
 .rodata._printf_i.str1.1
                0x0800d9b1       0x22 c:/program files (x86)/gnu arm embedded toolchain/10 2021.10/bin/../lib/gcc/arm-none-eabi/10.3.1/../../../../arm-none-eabi/lib/thumb/v7e-m+dp/hard\libc_nano.a(lib_a-nano-vfprintf_i.o)
 *fill*         0x0800d9d3        0x1 
 .rodata.__sf_fake_stderr
                0x0800d9d4       0x20 c:/program files (x86)/gnu arm embedded toolchain/10 2021.10/bin/../lib/gcc/arm-none-eabi/10.3.1/../../../../arm-none-eabi/lib/thumb/v7e-m+dp/hard\libc_nano.a(lib_a-findfp.o)
                0x0800d9d4                __sf_fake_stderr
 .rodata.__sf_fake_stdin
                0x0800d9f4       0x20 c:/program files (x86)/gnu arm embedded toolchain/10 2021.10/bin/../lib/gcc/arm-none-eabi/10.3.1/../../../../arm-none-eabi/lib/thumb/v7e-m+dp/hard\libc_nano.a(lib_a-findfp.o)
                0x0800d9f4                __sf_fake_stdin
 .rodata.__sf_fake_stdout
                0x0800da14       0x20 c:/program files (x86)/gnu arm embedded toolchain/10 2021.10/bin/../lib/gcc/arm-none-eabi/10.3.1/../../../../arm-none-eabi/lib/thumb/v7e-m+dp/hard\libc_nano.a(lib_a-findfp.o)
                0x0800da14                __sf_fake_stdout
                0x0800da34                . = ALIGN (0x4)

.ARM.extab      0x0800da34        0x0
                0x0800da34                . = ALIGN (0x4)
 *(.ARM.extab* .gnu.linkonce.armextab.*)
                0x0800da34                . = ALIGN (0x4)

.ARM            0x0800da34        0x8
                0x0800da34                . = ALIGN (0x4)
                0x0800da34                __exidx_start = .
 *(.ARM.exidx*)
 .ARM.exidx     0x0800da34        0x8 c:/program files (x86)/gnu arm embedded toolchain/10 2021.10/bin/../lib/gcc/arm-none-eabi/10.3.1/thumb/v7e-m+dp/hard\libgcc.a(_udivmoddi4.o)
                0x0800da3c                __exidx_end = .
                0x0800da3c                . = ALIGN (0x4)

.rel.dyn        0x0800da3c        0x0
 .rel.iplt      0x0800da3c        0x0 c:/program files (x86)/gnu arm embedded toolchain/10 2021.10/bin/../lib/gcc/arm-none-eabi/10.3.1/thumb/v7e-m+dp/hard/crtbegin.o

.preinit_array  0x0800da3c        0x0
                0x0800da3c                . = ALIGN (0x4)
                0x0800da3c                PROVIDE (__preinit_array_start = .)
 *(.preinit_array*)
                0x0800da3c                PROVIDE (__preinit_array_end = .)
                0x0800da3c                . = ALIGN (0x4)

.init_array     0x0800da3c        0x4
                0x0800da3c                . = ALIGN (0x4)
                0x0800da3c                PROVIDE (__init_array_start = .)
 *(SORT_BY_NAME(.init_array.*))
 *(.init_array*)
 .init_array    0x0800da3c        0x4 c:/program files (x86)/gnu arm embedded toolchain/10 2021.10/bin/../lib/gcc/arm-none-eabi/10.3.1/thumb/v7e-m+dp/hard/crtbegin.o
                0x0800da40                PROVIDE (__init_array_end = .)
                0x0800da40                . = ALIGN (0x4)

.fini_array     0x0800da40        0x4
                0x0800da40                . = ALIGN (0x4)
                [!provide]                PROVIDE (__fini_array_start = .)
 *(SORT_BY_NAME(.fini_array.*))
 *(.fini_array*)
 .fini_array    0x0800da40        0x4 c:/program files (x86)/gnu arm embedded toolchain/10 2021.10/bin/../lib/gcc/arm-none-eabi/10.3.1/thumb/v7e-m+dp/hard/crtbegin.o
                [!provide]                PROVIDE (__fini_array_end = .)
                0x0800da44                . = ALIGN (0x4)
                0x0800da44                _sidata = LOADADDR (.data)

.data           0x20000000       0x7c load address 0x0800da44
                0x20000000                . = ALIGN (0x4)
                0x20000000                _sdata = .
 *(.data)
 *(.data*)
 .data.uwTickFreq
                0x20000000        0x1 build/stm32h7xx_hal.o
                0x20000000                uwTickFreq
 *fill*         0x20000001        0x3 
 .data.uwTickPrio
                0x20000004        0x4 build/stm32h7xx_hal.o
                0x20000004                uwTickPrio
 .data.SystemCoreClock
                0x20000008        0x4 build/system_stm32h7xx.o
                0x20000008                SystemCoreClock
 .data.SystemD2Clock
                0x2000000c        0x4 build/system_stm32h7xx.o
                0x2000000c                SystemD2Clock
 .data.uxCriticalNesting
                0x20000010        0x4 build/port.o
 .data.Stat     0x20000014        0x1 build/sd_diskio.o
 *fill*         0x20000015        0x3 
 .data._impure_ptr
                0x20000018        0x4 c:/program files (x86)/gnu arm embedded toolchain/10 2021.10/bin/../lib/gcc/arm-none-eabi/10.3.1/../../../../arm-none-eabi/lib/thumb/v7e-m+dp/hard\libc_nano.a(lib_a-impure.o)
                0x20000018                _impure_ptr
 .data.impure_data
                0x2000001c       0x60 c:/program files (x86)/gnu arm embedded toolchain/10 2021.10/bin/../lib/gcc/arm-none-eabi/10.3.1/../../../../arm-none-eabi/lib/thumb/v7e-m+dp/hard\libc_nano.a(lib_a-impure.o)
 *(.RamFunc)
 *(.RamFunc*)
                0x2000007c                . = ALIGN (0x4)
                0x2000007c                _edata = .

.igot.plt       0x2000007c        0x0 load address 0x0800dac0
 .igot.plt      0x2000007c        0x0 c:/program files (x86)/gnu arm embedded toolchain/10 2021.10/bin/../lib/gcc/arm-none-eabi/10.3.1/thumb/v7e-m+dp/hard/crtbegin.o
                0x2000007c                . = ALIGN (0x4)

.bss            0x20000080     0x53f4 load address 0x0800dac0
                0x20000080                _sbss = .
                0x20000080                __bss_start__ = _sbss
 *(.bss)
 .bss           0x20000080       0x1c c:/program files (x86)/gnu arm embedded toolchain/10 2021.10/bin/../lib/gcc/arm-none-eabi/10.3.1/thumb/v7e-m+dp/hard/crtbegin.o
 *(.bss*)
 .bss.defaultTaskHandle
                0x2000009c        0x4 build/main.o
                0x2000009c                defaultTaskHandle
 .bss.fs        0x200000a0      0x234 build/main.o
                0x200000a0                fs
 .bss.hdcmi     0x200002d4       0x50 build/main.o
                0x200002d4                hdcmi
 .bss.hdma_dcmi
                0x20000324       0x78 build/main.o
                0x20000324                hdma_dcmi
 .bss.hi2c2     0x2000039c       0x54 build/main.o
                0x2000039c                hi2c2
 .bss.hi2c4     0x200003f0       0x54 build/main.o
                0x200003f0                hi2c4
 .bss.hrtc      0x20000444       0x24 build/main.o
                0x20000444                hrtc
 .bss.hsd1      0x20000468       0x7c build/main.o
                0x20000468                hsd1
 .bss.huart2    0x200004e4       0x94 build/main.o
                0x200004e4                huart2
 .bss.huart3    0x20000578       0x94 build/main.o
                0x20000578                huart3
 *fill*         0x2000060c       0x14 
 .bss.test_buffer.0
                0x20000620      0x200 build/main.o
 .bss.fs        0x20000820      0x234 build/sdcard.o
 .bss.latest_filename
                0x20000a54       0x28 build/sdcard.o
 .bss.sd_ready  0x20000a7c        0x1 build/sdcard.o
 *fill*         0x20000a7d        0x3 
 .bss.uwTick    0x20000a80        0x4 build/stm32h7xx_hal.o
                0x20000a80                uwTick
 .bss.xQueueRegistry
                0x20000a84       0x40 build/queue.o
                0x20000a84                xQueueRegistry
 .bss.pxCurrentTCB
                0x20000ac4        0x4 build/tasks.o
                0x20000ac4                pxCurrentTCB
 .bss.pxDelayedTaskList
                0x20000ac8        0x4 build/tasks.o
 .bss.pxOverflowDelayedTaskList
                0x20000acc        0x4 build/tasks.o
 .bss.pxReadyTasksLists
                0x20000ad0      0x460 build/tasks.o
 .bss.uxCurrentNumberOfTasks
                0x20000f30        0x4 build/tasks.o
 .bss.uxDeletedTasksWaitingCleanUp
                0x20000f34        0x4 build/tasks.o
 .bss.uxSchedulerSuspended
                0x20000f38        0x4 build/tasks.o
 .bss.uxTaskNumber
                0x20000f3c        0x4 build/tasks.o
 .bss.uxTopReadyPriority
                0x20000f40        0x4 build/tasks.o
 .bss.xDelayedTaskList1
                0x20000f44       0x14 build/tasks.o
 .bss.xDelayedTaskList2
                0x20000f58       0x14 build/tasks.o
 .bss.xIdleTaskHandle
                0x20000f6c        0x4 build/tasks.o
 .bss.xNextTaskUnblockTime
                0x20000f70        0x4 build/tasks.o
 .bss.xNumOfOverflows
                0x20000f74        0x4 build/tasks.o
 .bss.xPendedTicks
                0x20000f78        0x4 build/tasks.o
 .bss.xPendingReadyList
                0x20000f7c       0x14 build/tasks.o
 .bss.xSchedulerRunning
                0x20000f90        0x4 build/tasks.o
 .bss.xSuspendedTaskList
                0x20000f94       0x14 build/tasks.o
 .bss.xTasksWaitingTermination
                0x20000fa8       0x14 build/tasks.o
 .bss.xTickCount
                0x20000fbc        0x4 build/tasks.o
 .bss.xYieldPending
                0x20000fc0        0x4 build/tasks.o
 .bss.pxCurrentTimerList
                0x20000fc4        0x4 build/timers.o
 .bss.pxOverflowTimerList
                0x20000fc8        0x4 build/timers.o
 .bss.ucStaticTimerQueueStorage.1
                0x20000fcc       0xa0 build/timers.o
 .bss.xActiveTimerList1
                0x2000106c       0x14 build/timers.o
 .bss.xActiveTimerList2
                0x20001080       0x14 build/timers.o
 .bss.xLastTime.2
                0x20001094        0x4 build/timers.o
 .bss.xStaticTimerQueue.0
                0x20001098       0x50 build/timers.o
 .bss.xTimerQueue
                0x200010e8        0x4 build/timers.o
 .bss.xTimerTaskHandle
                0x200010ec        0x4 build/timers.o
 .bss.Idle_Stack.2
                0x200010f0      0x200 build/cmsis_os2.o
 .bss.Idle_TCB.3
                0x200012f0       0x5c build/cmsis_os2.o
 .bss.KernelState
                0x2000134c        0x4 build/cmsis_os2.o
 .bss.Timer_Stack.0
                0x20001350      0x400 build/cmsis_os2.o
 .bss.Timer_TCB.1
                0x20001750       0x5c build/cmsis_os2.o
 .bss.pxEnd     0x200017ac        0x4 build/heap_4.o
 .bss.ucHeap    0x200017b0     0x3c00 build/heap_4.o
 .bss.xBlockAllocatedBit
                0x200053b0        0x4 build/heap_4.o
 .bss.xFreeBytesRemaining
                0x200053b4        0x4 build/heap_4.o
 .bss.xMinimumEverFreeBytesRemaining
                0x200053b8        0x4 build/heap_4.o
 .bss.xNumberOfSuccessfulAllocations
                0x200053bc        0x4 build/heap_4.o
 .bss.xNumberOfSuccessfulFrees
                0x200053c0        0x4 build/heap_4.o
 .bss.xStart    0x200053c4        0x8 build/heap_4.o
 .bss.ucMaxSysCallPriority
                0x200053cc        0x1 build/port.o
 *fill*         0x200053cd        0x3 
 .bss.ulMaxPRIGROUPValue
                0x200053d0        0x4 build/port.o
 .bss.htim1     0x200053d4       0x4c build/stm32h7xx_hal_timebase_tim.o
                0x200053d4                htim1
 .bss.SDQueueID
                0x20005420        0x4 build/sd_diskio.o
 .bss.SDPath    0x20005424        0x4 build/fatfs.o
                0x20005424                SDPath
 .bss.retSD     0x20005428        0x1 build/fatfs.o
                0x20005428                retSD
 *fill*         0x20005429        0x3 
 .bss.FatFs     0x2000542c        0x4 build/ff.o
 .bss.Files     0x20005430       0x20 build/ff.o
 .bss.Fsid      0x20005450        0x2 build/ff.o
 *fill*         0x20005452        0x2 
 .bss.disk      0x20005454        0xc build/ff_gen_drv.o
                0x20005454                disk
 .bss.__lock___malloc_recursive_mutex
                0x20005460        0x1 c:/program files (x86)/gnu arm embedded toolchain/10 2021.10/bin/../lib/gcc/arm-none-eabi/10.3.1/../../../../arm-none-eabi/lib/thumb/v7e-m+dp/hard\libc_nano.a(lib_a-lock.o)
                0x20005460                __lock___malloc_recursive_mutex
 *fill*         0x20005461        0x3 
 .bss.__malloc_free_list
                0x20005464        0x4 c:/program files (x86)/gnu arm embedded toolchain/10 2021.10/bin/../lib/gcc/arm-none-eabi/10.3.1/../../../../arm-none-eabi/lib/thumb/v7e-m+dp/hard\libc_nano.a(lib_a-nano-mallocr.o)
                0x20005464                __malloc_free_list
 .bss.__malloc_sbrk_start
                0x20005468        0x4 c:/program files (x86)/gnu arm embedded toolchain/10 2021.10/bin/../lib/gcc/arm-none-eabi/10.3.1/../../../../arm-none-eabi/lib/thumb/v7e-m+dp/hard\libc_nano.a(lib_a-nano-mallocr.o)
                0x20005468                __malloc_sbrk_start
 .bss.errno     0x2000546c        0x4 c:/program files (x86)/gnu arm embedded toolchain/10 2021.10/bin/../lib/gcc/arm-none-eabi/10.3.1/../../../../arm-none-eabi/lib/thumb/v7e-m+dp/hard\libc_nano.a(lib_a-reent.o)
                0x2000546c                errno
 .bss.heap_end.0
                0x20005470        0x4 c:/program files (x86)/gnu arm embedded toolchain/10 2021.10/bin/../lib/gcc/arm-none-eabi/10.3.1/../../../../arm-none-eabi/lib/thumb/v7e-m+dp/hard\libnosys.a(sbrk.o)
 *(COMMON)
                0x20005474                . = ALIGN (0x4)
                0x20005474                _ebss = .
                0x20005474                __bss_end__ = _ebss

._user_heap_stack
                0x20005474      0x604 load address 0x0800dac0
                0x20005478                . = ALIGN (0x8)
 *fill*         0x20005474        0x4 
                0x20005478                PROVIDE (end = .)
                [!provide]                PROVIDE (_end = .)
                0x20005678                . = (. + _Min_Heap_Size)
 *fill*         0x20005478      0x200 
                0x20005a78                . = (. + _Min_Stack_Size)
 *fill*         0x20005678      0x400 
                0x20005a78                . = ALIGN (0x8)

/DISCARD/
 libc.a(*)
 libm.a(*)
 libgcc.a(*)
OUTPUT(build/CubeSat1U.elf elf32-littlearm)
LOAD linker stubs
LOAD c:/program files (x86)/gnu arm embedded toolchain/10 2021.10/bin/../lib/gcc/arm-none-eabi/10.3.1/../../../../arm-none-eabi/lib/thumb/v7e-m+dp/hard\libc.a
LOAD c:/program files (x86)/gnu arm embedded toolchain/10 2021.10/bin/../lib/gcc/arm-none-eabi/10.3.1/../../../../arm-none-eabi/lib/thumb/v7e-m+dp/hard\libm.a
LOAD c:/program files (x86)/gnu arm embedded toolchain/10 2021.10/bin/../lib/gcc/arm-none-eabi/10.3.1/thumb/v7e-m+dp/hard\libgcc.a

.ARM.attributes
                0x00000000       0x2e
 .ARM.attributes
                0x00000000       0x1e c:/program files (x86)/gnu arm embedded toolchain/10 2021.10/bin/../lib/gcc/arm-none-eabi/10.3.1/thumb/v7e-m+dp/hard/crti.o
 .ARM.attributes
                0x0000001e       0x32 c:/program files (x86)/gnu arm embedded toolchain/10 2021.10/bin/../lib/gcc/arm-none-eabi/10.3.1/thumb/v7e-m+dp/hard/crtbegin.o
 .ARM.attributes
                0x00000050       0x32 build/main.o
 .ARM.attributes
                0x00000082       0x32 build/stm32h7xx_it.o
 .ARM.attributes
                0x000000b4       0x32 build/stm32h7xx_hal_msp.o
 .ARM.attributes
                0x000000e6       0x32 build/sdcard.o
 .ARM.attributes
                0x00000118       0x32 build/hardware.o
 .ARM.attributes
                0x0000014a       0x32 build/stm32h7xx_hal_cortex.o
 .ARM.attributes
                0x0000017c       0x32 build/stm32h7xx_hal_rcc.o
 .ARM.attributes
                0x000001ae       0x32 build/stm32h7xx_hal_rcc_ex.o
 .ARM.attributes
                0x000001e0       0x32 build/stm32h7xx_hal_gpio.o
 .ARM.attributes
                0x00000212       0x32 build/stm32h7xx_hal_dma.o
 .ARM.attributes
                0x00000244       0x32 build/stm32h7xx_hal_pwr_ex.o
 .ARM.attributes
                0x00000276       0x32 build/stm32h7xx_hal.o
 .ARM.attributes
                0x000002a8       0x32 build/stm32h7xx_hal_i2c.o
 .ARM.attributes
                0x000002da       0x32 build/stm32h7xx_hal_i2c_ex.o
 .ARM.attributes
                0x0000030c       0x32 build/system_stm32h7xx.o
 .ARM.attributes
                0x0000033e       0x32 build/list.o
 .ARM.attributes
                0x00000370       0x32 build/queue.o
 .ARM.attributes
                0x000003a2       0x32 build/tasks.o
 .ARM.attributes
                0x000003d4       0x32 build/timers.o
 .ARM.attributes
                0x00000406       0x32 build/cmsis_os2.o
 .ARM.attributes
                0x00000438       0x32 build/heap_4.o
 .ARM.attributes
                0x0000046a       0x32 build/port.o
 .ARM.attributes
                0x0000049c       0x32 build/stm32h7xx_hal_uart.o
 .ARM.attributes
                0x000004ce       0x32 build/stm32h7xx_hal_uart_ex.o
 .ARM.attributes
                0x00000500       0x32 build/stm32h7xx_hal_timebase_tim.o
 .ARM.attributes
                0x00000532       0x32 build/bsp_driver_sd.o
 .ARM.attributes
                0x00000564       0x32 build/sd_diskio.o
 .ARM.attributes
                0x00000596       0x32 build/fatfs.o
 .ARM.attributes
                0x000005c8       0x32 build/stm32h7xx_hal_tim.o
 .ARM.attributes
                0x000005fa       0x32 build/stm32h7xx_hal_tim_ex.o
 .ARM.attributes
                0x0000062c       0x32 build/stm32h7xx_hal_dcmi.o
 .ARM.attributes
                0x0000065e       0x32 build/stm32h7xx_hal_rtc.o
 .ARM.attributes
                0x00000690       0x32 build/stm32h7xx_hal_rtc_ex.o
 .ARM.attributes
                0x000006c2       0x32 build/stm32h7xx_ll_sdmmc.o
 .ARM.attributes
                0x000006f4       0x32 build/stm32h7xx_hal_sd.o
 .ARM.attributes
                0x00000726       0x32 build/diskio.o
 .ARM.attributes
                0x00000758       0x32 build/ff.o
 .ARM.attributes
                0x0000078a       0x32 build/ff_gen_drv.o
 .ARM.attributes
                0x000007bc       0x32 build/syscall.o
 .ARM.attributes
                0x000007ee       0x21 build/startup_stm32h743xx.o
 .ARM.attributes
                0x0000080f       0x32 c:/program files (x86)/gnu arm embedded toolchain/10 2021.10/bin/../lib/gcc/arm-none-eabi/10.3.1/../../../../arm-none-eabi/lib/thumb/v7e-m+dp/hard\libc_nano.a(lib_a-impure.o)
 .ARM.attributes
                0x00000841       0x32 c:/program files (x86)/gnu arm embedded toolchain/10 2021.10/bin/../lib/gcc/arm-none-eabi/10.3.1/../../../../arm-none-eabi/lib/thumb/v7e-m+dp/hard\libc_nano.a(lib_a-init.o)
 .ARM.attributes
                0x00000873       0x32 c:/program files (x86)/gnu arm embedded toolchain/10 2021.10/bin/../lib/gcc/arm-none-eabi/10.3.1/../../../../arm-none-eabi/lib/thumb/v7e-m+dp/hard\libc_nano.a(lib_a-memcpy-stub.o)
 .ARM.attributes
                0x000008a5       0x32 c:/program files (x86)/gnu arm embedded toolchain/10 2021.10/bin/../lib/gcc/arm-none-eabi/10.3.1/../../../../arm-none-eabi/lib/thumb/v7e-m+dp/hard\libc_nano.a(lib_a-memset.o)
 .ARM.attributes
                0x000008d7       0x32 c:/program files (x86)/gnu arm embedded toolchain/10 2021.10/bin/../lib/gcc/arm-none-eabi/10.3.1/../../../../arm-none-eabi/lib/thumb/v7e-m+dp/hard\libc_nano.a(lib_a-snprintf.o)
 .ARM.attributes
                0x00000909       0x17 c:/program files (x86)/gnu arm embedded toolchain/10 2021.10/bin/../lib/gcc/arm-none-eabi/10.3.1/../../../../arm-none-eabi/lib/thumb/v7e-m+dp/hard\libc_nano.a(lib_a-strlen.o)
 .ARM.attributes
                0x00000920       0x32 c:/program files (x86)/gnu arm embedded toolchain/10 2021.10/bin/../lib/gcc/arm-none-eabi/10.3.1/../../../../arm-none-eabi/lib/thumb/v7e-m+dp/hard\libc_nano.a(lib_a-vsnprintf.o)
 .ARM.attributes
                0x00000952       0x32 c:/program files (x86)/gnu arm embedded toolchain/10 2021.10/bin/../lib/gcc/arm-none-eabi/10.3.1/../../../../arm-none-eabi/lib/thumb/v7e-m+dp/hard\libc_nano.a(lib_a-lock.o)
 .ARM.attributes
                0x00000984       0x32 c:/program files (x86)/gnu arm embedded toolchain/10 2021.10/bin/../lib/gcc/arm-none-eabi/10.3.1/../../../../arm-none-eabi/lib/thumb/v7e-m+dp/hard\libc_nano.a(lib_a-nano-freer.o)
 .ARM.attributes
                0x000009b6       0x32 c:/program files (x86)/gnu arm embedded toolchain/10 2021.10/bin/../lib/gcc/arm-none-eabi/10.3.1/../../../../arm-none-eabi/lib/thumb/v7e-m+dp/hard\libc_nano.a(lib_a-nano-mallocr.o)
 .ARM.attributes
                0x000009e8       0x32 c:/program files (x86)/gnu arm embedded toolchain/10 2021.10/bin/../lib/gcc/arm-none-eabi/10.3.1/../../../../arm-none-eabi/lib/thumb/v7e-m+dp/hard\libc_nano.a(lib_a-nano-svfprintf.o)
 .ARM.attributes
                0x00000a1a       0x32 c:/program files (x86)/gnu arm embedded toolchain/10 2021.10/bin/../lib/gcc/arm-none-eabi/10.3.1/../../../../arm-none-eabi/lib/thumb/v7e-m+dp/hard\libc_nano.a(lib_a-nano-vfprintf_i.o)
 .ARM.attributes
                0x00000a4c       0x32 c:/program files (x86)/gnu arm embedded toolchain/10 2021.10/bin/../lib/gcc/arm-none-eabi/10.3.1/../../../../arm-none-eabi/lib/thumb/v7e-m+dp/hard\libc_nano.a(lib_a-reent.o)
 .ARM.attributes
                0x00000a7e       0x32 c:/program files (x86)/gnu arm embedded toolchain/10 2021.10/bin/../lib/gcc/arm-none-eabi/10.3.1/../../../../arm-none-eabi/lib/thumb/v7e-m+dp/hard\libc_nano.a(lib_a-sbrkr.o)
 .ARM.attributes
                0x00000ab0       0x32 c:/program files (x86)/gnu arm embedded toolchain/10 2021.10/bin/../lib/gcc/arm-none-eabi/10.3.1/../../../../arm-none-eabi/lib/thumb/v7e-m+dp/hard\libc_nano.a(lib_a-findfp.o)
 .ARM.attributes
                0x00000ae2       0x1c c:/program files (x86)/gnu arm embedded toolchain/10 2021.10/bin/../lib/gcc/arm-none-eabi/10.3.1/../../../../arm-none-eabi/lib/thumb/v7e-m+dp/hard\libc_nano.a(lib_a-memchr.o)
 .ARM.attributes
                0x00000afe       0x32 c:/program files (x86)/gnu arm embedded toolchain/10 2021.10/bin/../lib/gcc/arm-none-eabi/10.3.1/../../../../arm-none-eabi/lib/thumb/v7e-m+dp/hard\libc_nano.a(lib_a-memmove.o)
 .ARM.attributes
                0x00000b30       0x32 c:/program files (x86)/gnu arm embedded toolchain/10 2021.10/bin/../lib/gcc/arm-none-eabi/10.3.1/../../../../arm-none-eabi/lib/thumb/v7e-m+dp/hard\libc_nano.a(lib_a-mlock.o)
 .ARM.attributes
                0x00000b62       0x32 c:/program files (x86)/gnu arm embedded toolchain/10 2021.10/bin/../lib/gcc/arm-none-eabi/10.3.1/../../../../arm-none-eabi/lib/thumb/v7e-m+dp/hard\libc_nano.a(lib_a-nano-reallocr.o)
 .ARM.attributes
                0x00000b94       0x32 c:/program files (x86)/gnu arm embedded toolchain/10 2021.10/bin/../lib/gcc/arm-none-eabi/10.3.1/../../../../arm-none-eabi/lib/thumb/v7e-m+dp/hard\libc_nano.a(lib_a-nano-msizer.o)
 .ARM.attributes
                0x00000bc6       0x32 c:/program files (x86)/gnu arm embedded toolchain/10 2021.10/bin/../lib/gcc/arm-none-eabi/10.3.1/../../../../arm-none-eabi/lib/thumb/v7e-m+dp/hard\libnosys.a(sbrk.o)
 .ARM.attributes
                0x00000bf8       0x1e c:/program files (x86)/gnu arm embedded toolchain/10 2021.10/bin/../lib/gcc/arm-none-eabi/10.3.1/thumb/v7e-m+dp/hard\libgcc.a(_aeabi_uldivmod.o)
 .ARM.attributes
                0x00000c16       0x32 c:/program files (x86)/gnu arm embedded toolchain/10 2021.10/bin/../lib/gcc/arm-none-eabi/10.3.1/thumb/v7e-m+dp/hard\libgcc.a(_udivmoddi4.o)
 .ARM.attributes
                0x00000c48       0x1e c:/program files (x86)/gnu arm embedded toolchain/10 2021.10/bin/../lib/gcc/arm-none-eabi/10.3.1/thumb/v7e-m+dp/hard\libgcc.a(_dvmd_tls.o)
 .ARM.attributes
                0x00000c66       0x1e c:/program files (x86)/gnu arm embedded toolchain/10 2021.10/bin/../lib/gcc/arm-none-eabi/10.3.1/thumb/v7e-m+dp/hard/crtn.o

.comment        0x00000000       0x49
 .comment       0x00000000       0x49 build/main.o
                                 0x4a (size before relaxing)
 .comment       0x00000049       0x4a build/stm32h7xx_it.o
 .comment       0x00000049       0x4a build/stm32h7xx_hal_msp.o
 .comment       0x00000049       0x4a build/sdcard.o
 .comment       0x00000049       0x4a build/hardware.o
 .comment       0x00000049       0x4a build/stm32h7xx_hal_cortex.o
 .comment       0x00000049       0x4a build/stm32h7xx_hal_rcc.o
 .comment       0x00000049       0x4a build/stm32h7xx_hal_rcc_ex.o
 .comment       0x00000049       0x4a build/stm32h7xx_hal_gpio.o
 .comment       0x00000049       0x4a build/stm32h7xx_hal_dma.o
 .comment       0x00000049       0x4a build/stm32h7xx_hal_pwr_ex.o
 .comment       0x00000049       0x4a build/stm32h7xx_hal.o
 .comment       0x00000049       0x4a build/stm32h7xx_hal_i2c.o
 .comment       0x00000049       0x4a build/stm32h7xx_hal_i2c_ex.o
 .comment       0x00000049       0x4a build/system_stm32h7xx.o
 .comment       0x00000049       0x4a build/list.o
 .comment       0x00000049       0x4a build/queue.o
 .comment       0x00000049       0x4a build/tasks.o
 .comment       0x00000049       0x4a build/timers.o
 .comment       0x00000049       0x4a build/cmsis_os2.o
 .comment       0x00000049       0x4a build/heap_4.o
 .comment       0x00000049       0x4a build/port.o
 .comment       0x00000049       0x4a build/stm32h7xx_hal_uart.o
 .comment       0x00000049       0x4a build/stm32h7xx_hal_uart_ex.o
 .comment       0x00000049       0x4a build/stm32h7xx_hal_timebase_tim.o
 .comment       0x00000049       0x4a build/bsp_driver_sd.o
 .comment       0x00000049       0x4a build/sd_diskio.o
 .comment       0x00000049       0x4a build/fatfs.o
 .comment       0x00000049       0x4a build/stm32h7xx_hal_tim.o
 .comment       0x00000049       0x4a build/stm32h7xx_hal_tim_ex.o
 .comment       0x00000049       0x4a build/stm32h7xx_hal_dcmi.o
 .comment       0x00000049       0x4a build/stm32h7xx_hal_rtc.o
 .comment       0x00000049       0x4a build/stm32h7xx_hal_rtc_ex.o
 .comment       0x00000049       0x4a build/stm32h7xx_ll_sdmmc.o
 .comment       0x00000049       0x4a build/stm32h7xx_hal_sd.o
 .comment       0x00000049       0x4a build/diskio.o
 .comment       0x00000049       0x4a build/ff.o
 .comment       0x00000049       0x4a build/ff_gen_drv.o
 .comment       0x00000049       0x4a build/syscall.o
