ARM GAS  C:\Users\admin\AppData\Local\Temp\ccHsFCuc.s 			page 1


   1              		.cpu cortex-m7
   2              		.arch armv7e-m
   3              		.fpu fpv5-d16
   4              		.eabi_attribute 28, 1
   5              		.eabi_attribute 20, 1
   6              		.eabi_attribute 21, 1
   7              		.eabi_attribute 23, 3
   8              		.eabi_attribute 24, 1
   9              		.eabi_attribute 25, 1
  10              		.eabi_attribute 26, 1
  11              		.eabi_attribute 30, 1
  12              		.eabi_attribute 34, 1
  13              		.eabi_attribute 18, 4
  14              		.file	"diskio.c"
  15              		.text
  16              	.Ltext0:
  17              		.cfi_sections	.debug_frame
  18              		.section	.text.disk_status,"ax",%progbits
  19              		.align	1
  20              		.global	disk_status
  21              		.syntax unified
  22              		.thumb
  23              		.thumb_func
  25              	disk_status:
  26              	.LVL0:
  27              	.LFB148:
  28              		.file 1 "Middlewares/Third_Party/FatFs/src/diskio.c"
   1:Middlewares/Third_Party/FatFs/src/diskio.c **** /*-----------------------------------------------------------------------*/
   2:Middlewares/Third_Party/FatFs/src/diskio.c **** /* Low level disk I/O module skeleton for FatFs     (C)ChaN, 2017        */
   3:Middlewares/Third_Party/FatFs/src/diskio.c **** /*                                                                       */
   4:Middlewares/Third_Party/FatFs/src/diskio.c **** /*   Portions COPYRIGHT 2017 STMicroelectronics                          */
   5:Middlewares/Third_Party/FatFs/src/diskio.c **** /*   Portions Copyright (C) 2017, ChaN, all right reserved               */
   6:Middlewares/Third_Party/FatFs/src/diskio.c **** /*-----------------------------------------------------------------------*/
   7:Middlewares/Third_Party/FatFs/src/diskio.c **** /* If a working storage control module is available, it should be        */
   8:Middlewares/Third_Party/FatFs/src/diskio.c **** /* attached to the FatFs via a glue function rather than modifying it.   */
   9:Middlewares/Third_Party/FatFs/src/diskio.c **** /* This is an example of glue functions to attach various existing      */
  10:Middlewares/Third_Party/FatFs/src/diskio.c **** /* storage control modules to the FatFs module with a defined API.       */
  11:Middlewares/Third_Party/FatFs/src/diskio.c **** /*-----------------------------------------------------------------------*/
  12:Middlewares/Third_Party/FatFs/src/diskio.c **** 
  13:Middlewares/Third_Party/FatFs/src/diskio.c **** /* Includes ------------------------------------------------------------------*/
  14:Middlewares/Third_Party/FatFs/src/diskio.c **** #include "diskio.h"
  15:Middlewares/Third_Party/FatFs/src/diskio.c **** #include "ff_gen_drv.h"
  16:Middlewares/Third_Party/FatFs/src/diskio.c **** 
  17:Middlewares/Third_Party/FatFs/src/diskio.c **** #if defined ( __GNUC__ )
  18:Middlewares/Third_Party/FatFs/src/diskio.c **** #ifndef __weak
  19:Middlewares/Third_Party/FatFs/src/diskio.c **** #define __weak __attribute__((weak))
  20:Middlewares/Third_Party/FatFs/src/diskio.c **** #endif
  21:Middlewares/Third_Party/FatFs/src/diskio.c **** #endif
  22:Middlewares/Third_Party/FatFs/src/diskio.c **** 
  23:Middlewares/Third_Party/FatFs/src/diskio.c **** /* Private typedef -----------------------------------------------------------*/
  24:Middlewares/Third_Party/FatFs/src/diskio.c **** /* Private define ------------------------------------------------------------*/
  25:Middlewares/Third_Party/FatFs/src/diskio.c **** /* Private variables ---------------------------------------------------------*/
  26:Middlewares/Third_Party/FatFs/src/diskio.c **** extern Disk_drvTypeDef  disk;
  27:Middlewares/Third_Party/FatFs/src/diskio.c **** 
  28:Middlewares/Third_Party/FatFs/src/diskio.c **** /* Private function prototypes -----------------------------------------------*/
  29:Middlewares/Third_Party/FatFs/src/diskio.c **** /* Private functions ---------------------------------------------------------*/
  30:Middlewares/Third_Party/FatFs/src/diskio.c **** 
ARM GAS  C:\Users\admin\AppData\Local\Temp\ccHsFCuc.s 			page 2


  31:Middlewares/Third_Party/FatFs/src/diskio.c **** /**
  32:Middlewares/Third_Party/FatFs/src/diskio.c ****   * @brief  Gets Disk Status
  33:Middlewares/Third_Party/FatFs/src/diskio.c ****   * @param  pdrv: Physical drive number (0..)
  34:Middlewares/Third_Party/FatFs/src/diskio.c ****   * @retval DSTATUS: Operation status
  35:Middlewares/Third_Party/FatFs/src/diskio.c ****   */
  36:Middlewares/Third_Party/FatFs/src/diskio.c **** DSTATUS disk_status (
  37:Middlewares/Third_Party/FatFs/src/diskio.c **** 	BYTE pdrv		/* Physical drive number to identify the drive */
  38:Middlewares/Third_Party/FatFs/src/diskio.c **** )
  39:Middlewares/Third_Party/FatFs/src/diskio.c **** {
  29              		.loc 1 39 1 view -0
  30              		.cfi_startproc
  31              		@ args = 0, pretend = 0, frame = 0
  32              		@ frame_needed = 0, uses_anonymous_args = 0
  33              		.loc 1 39 1 is_stmt 0 view .LVU1
  34 0000 08B5     		push	{r3, lr}
  35              	.LCFI0:
  36              		.cfi_def_cfa_offset 8
  37              		.cfi_offset 3, -8
  38              		.cfi_offset 14, -4
  40:Middlewares/Third_Party/FatFs/src/diskio.c ****   DSTATUS stat;
  39              		.loc 1 40 3 is_stmt 1 view .LVU2
  41:Middlewares/Third_Party/FatFs/src/diskio.c **** 
  42:Middlewares/Third_Party/FatFs/src/diskio.c ****   stat = disk.drv[pdrv]->disk_status(disk.lun[pdrv]);
  40              		.loc 1 42 3 view .LVU3
  41              		.loc 1 42 18 is_stmt 0 view .LVU4
  42 0002 044B     		ldr	r3, .L3
  43 0004 03EB8002 		add	r2, r3, r0, lsl #2
  44 0008 5268     		ldr	r2, [r2, #4]
  45              		.loc 1 42 24 view .LVU5
  46 000a 5268     		ldr	r2, [r2, #4]
  47              		.loc 1 42 10 view .LVU6
  48 000c 0344     		add	r3, r3, r0
  49 000e 187A     		ldrb	r0, [r3, #8]	@ zero_extendqisi2
  50              	.LVL1:
  51              		.loc 1 42 10 view .LVU7
  52 0010 9047     		blx	r2
  53              	.LVL2:
  43:Middlewares/Third_Party/FatFs/src/diskio.c ****   return stat;
  54              		.loc 1 43 3 is_stmt 1 view .LVU8
  44:Middlewares/Third_Party/FatFs/src/diskio.c **** }
  55              		.loc 1 44 1 is_stmt 0 view .LVU9
  56 0012 08BD     		pop	{r3, pc}
  57              	.L4:
  58              		.align	2
  59              	.L3:
  60 0014 00000000 		.word	disk
  61              		.cfi_endproc
  62              	.LFE148:
  64              		.section	.text.disk_initialize,"ax",%progbits
  65              		.align	1
  66              		.global	disk_initialize
  67              		.syntax unified
  68              		.thumb
  69              		.thumb_func
  71              	disk_initialize:
  72              	.LVL3:
  73              	.LFB149:
ARM GAS  C:\Users\admin\AppData\Local\Temp\ccHsFCuc.s 			page 3


  45:Middlewares/Third_Party/FatFs/src/diskio.c **** 
  46:Middlewares/Third_Party/FatFs/src/diskio.c **** /**
  47:Middlewares/Third_Party/FatFs/src/diskio.c ****   * @brief  Initializes a Drive
  48:Middlewares/Third_Party/FatFs/src/diskio.c ****   * @param  pdrv: Physical drive number (0..)
  49:Middlewares/Third_Party/FatFs/src/diskio.c ****   * @retval DSTATUS: Operation status
  50:Middlewares/Third_Party/FatFs/src/diskio.c ****   */
  51:Middlewares/Third_Party/FatFs/src/diskio.c **** DSTATUS disk_initialize (
  52:Middlewares/Third_Party/FatFs/src/diskio.c **** 	BYTE pdrv				/* Physical drive nmuber to identify the drive */
  53:Middlewares/Third_Party/FatFs/src/diskio.c **** )
  54:Middlewares/Third_Party/FatFs/src/diskio.c **** {
  74              		.loc 1 54 1 is_stmt 1 view -0
  75              		.cfi_startproc
  76              		@ args = 0, pretend = 0, frame = 0
  77              		@ frame_needed = 0, uses_anonymous_args = 0
  55:Middlewares/Third_Party/FatFs/src/diskio.c ****   DSTATUS stat = RES_OK;
  78              		.loc 1 55 3 view .LVU11
  56:Middlewares/Third_Party/FatFs/src/diskio.c **** 
  57:Middlewares/Third_Party/FatFs/src/diskio.c ****   if(disk.is_initialized[pdrv] == 0)
  79              		.loc 1 57 3 view .LVU12
  80              		.loc 1 57 25 is_stmt 0 view .LVU13
  81 0000 094B     		ldr	r3, .L12
  82 0002 1B5C     		ldrb	r3, [r3, r0]	@ zero_extendqisi2
  83              		.loc 1 57 5 view .LVU14
  84 0004 73B9     		cbnz	r3, .L7
  54:Middlewares/Third_Party/FatFs/src/diskio.c ****   DSTATUS stat = RES_OK;
  85              		.loc 1 54 1 view .LVU15
  86 0006 10B5     		push	{r4, lr}
  87              	.LCFI1:
  88              		.cfi_def_cfa_offset 8
  89              		.cfi_offset 4, -8
  90              		.cfi_offset 14, -4
  91 0008 0446     		mov	r4, r0
  58:Middlewares/Third_Party/FatFs/src/diskio.c ****   {
  59:Middlewares/Third_Party/FatFs/src/diskio.c ****     stat = disk.drv[pdrv]->disk_initialize(disk.lun[pdrv]);
  92              		.loc 1 59 5 is_stmt 1 view .LVU16
  93              		.loc 1 59 20 is_stmt 0 view .LVU17
  94 000a 074B     		ldr	r3, .L12
  95 000c 03EB8002 		add	r2, r3, r0, lsl #2
  96 0010 5268     		ldr	r2, [r2, #4]
  97              		.loc 1 59 26 view .LVU18
  98 0012 1268     		ldr	r2, [r2]
  99              		.loc 1 59 12 view .LVU19
 100 0014 0344     		add	r3, r3, r0
 101 0016 187A     		ldrb	r0, [r3, #8]	@ zero_extendqisi2
 102              	.LVL4:
 103              		.loc 1 59 12 view .LVU20
 104 0018 9047     		blx	r2
 105              	.LVL5:
  60:Middlewares/Third_Party/FatFs/src/diskio.c ****     if(stat == RES_OK)
 106              		.loc 1 60 5 is_stmt 1 view .LVU21
 107              		.loc 1 60 7 is_stmt 0 view .LVU22
 108 001a 10B9     		cbnz	r0, .L6
  61:Middlewares/Third_Party/FatFs/src/diskio.c ****     {
  62:Middlewares/Third_Party/FatFs/src/diskio.c ****       disk.is_initialized[pdrv] = 1;
 109              		.loc 1 62 7 is_stmt 1 view .LVU23
 110              		.loc 1 62 33 is_stmt 0 view .LVU24
 111 001c 024B     		ldr	r3, .L12
ARM GAS  C:\Users\admin\AppData\Local\Temp\ccHsFCuc.s 			page 4


 112 001e 0122     		movs	r2, #1
 113 0020 1A55     		strb	r2, [r3, r4]
 114              	.L6:
  63:Middlewares/Third_Party/FatFs/src/diskio.c ****     }
  64:Middlewares/Third_Party/FatFs/src/diskio.c ****   }
  65:Middlewares/Third_Party/FatFs/src/diskio.c ****   return stat;
 115              		.loc 1 65 3 is_stmt 1 view .LVU25
  66:Middlewares/Third_Party/FatFs/src/diskio.c **** }
 116              		.loc 1 66 1 is_stmt 0 view .LVU26
 117 0022 10BD     		pop	{r4, pc}
 118              	.LVL6:
 119              	.L7:
 120              	.LCFI2:
 121              		.cfi_def_cfa_offset 0
 122              		.cfi_restore 4
 123              		.cfi_restore 14
  55:Middlewares/Third_Party/FatFs/src/diskio.c **** 
 124              		.loc 1 55 11 view .LVU27
 125 0024 0020     		movs	r0, #0
 126              	.LVL7:
  65:Middlewares/Third_Party/FatFs/src/diskio.c **** }
 127              		.loc 1 65 3 is_stmt 1 view .LVU28
 128              		.loc 1 66 1 is_stmt 0 view .LVU29
 129 0026 7047     		bx	lr
 130              	.L13:
 131              		.align	2
 132              	.L12:
 133 0028 00000000 		.word	disk
 134              		.cfi_endproc
 135              	.LFE149:
 137              		.section	.text.disk_read,"ax",%progbits
 138              		.align	1
 139              		.global	disk_read
 140              		.syntax unified
 141              		.thumb
 142              		.thumb_func
 144              	disk_read:
 145              	.LVL8:
 146              	.LFB150:
  67:Middlewares/Third_Party/FatFs/src/diskio.c **** 
  68:Middlewares/Third_Party/FatFs/src/diskio.c **** /**
  69:Middlewares/Third_Party/FatFs/src/diskio.c ****   * @brief  Reads Sector(s)
  70:Middlewares/Third_Party/FatFs/src/diskio.c ****   * @param  pdrv: Physical drive number (0..)
  71:Middlewares/Third_Party/FatFs/src/diskio.c ****   * @param  *buff: Data buffer to store read data
  72:Middlewares/Third_Party/FatFs/src/diskio.c ****   * @param  sector: Sector address (LBA)
  73:Middlewares/Third_Party/FatFs/src/diskio.c ****   * @param  count: Number of sectors to read (1..128)
  74:Middlewares/Third_Party/FatFs/src/diskio.c ****   * @retval DRESULT: Operation result
  75:Middlewares/Third_Party/FatFs/src/diskio.c ****   */
  76:Middlewares/Third_Party/FatFs/src/diskio.c **** DRESULT disk_read (
  77:Middlewares/Third_Party/FatFs/src/diskio.c **** 	BYTE pdrv,		/* Physical drive nmuber to identify the drive */
  78:Middlewares/Third_Party/FatFs/src/diskio.c **** 	BYTE *buff,		/* Data buffer to store read data */
  79:Middlewares/Third_Party/FatFs/src/diskio.c **** 	DWORD sector,	        /* Sector address in LBA */
  80:Middlewares/Third_Party/FatFs/src/diskio.c **** 	UINT count		/* Number of sectors to read */
  81:Middlewares/Third_Party/FatFs/src/diskio.c **** )
  82:Middlewares/Third_Party/FatFs/src/diskio.c **** {
 147              		.loc 1 82 1 is_stmt 1 view -0
 148              		.cfi_startproc
ARM GAS  C:\Users\admin\AppData\Local\Temp\ccHsFCuc.s 			page 5


 149              		@ args = 0, pretend = 0, frame = 0
 150              		@ frame_needed = 0, uses_anonymous_args = 0
 151              		.loc 1 82 1 is_stmt 0 view .LVU31
 152 0000 38B5     		push	{r3, r4, r5, lr}
 153              	.LCFI3:
 154              		.cfi_def_cfa_offset 16
 155              		.cfi_offset 3, -16
 156              		.cfi_offset 4, -12
 157              		.cfi_offset 5, -8
 158              		.cfi_offset 14, -4
  83:Middlewares/Third_Party/FatFs/src/diskio.c ****   DRESULT res;
 159              		.loc 1 83 3 is_stmt 1 view .LVU32
  84:Middlewares/Third_Party/FatFs/src/diskio.c **** 
  85:Middlewares/Third_Party/FatFs/src/diskio.c ****   res = disk.drv[pdrv]->disk_read(disk.lun[pdrv], buff, sector, count);
 160              		.loc 1 85 3 view .LVU33
 161              		.loc 1 85 17 is_stmt 0 view .LVU34
 162 0002 044C     		ldr	r4, .L16
 163 0004 04EB8005 		add	r5, r4, r0, lsl #2
 164 0008 6D68     		ldr	r5, [r5, #4]
 165              		.loc 1 85 23 view .LVU35
 166 000a AD68     		ldr	r5, [r5, #8]
 167              		.loc 1 85 9 view .LVU36
 168 000c 0444     		add	r4, r4, r0
 169 000e 207A     		ldrb	r0, [r4, #8]	@ zero_extendqisi2
 170              	.LVL9:
 171              		.loc 1 85 9 view .LVU37
 172 0010 A847     		blx	r5
 173              	.LVL10:
  86:Middlewares/Third_Party/FatFs/src/diskio.c ****   return res;
 174              		.loc 1 86 3 is_stmt 1 view .LVU38
  87:Middlewares/Third_Party/FatFs/src/diskio.c **** }
 175              		.loc 1 87 1 is_stmt 0 view .LVU39
 176 0012 38BD     		pop	{r3, r4, r5, pc}
 177              	.L17:
 178              		.align	2
 179              	.L16:
 180 0014 00000000 		.word	disk
 181              		.cfi_endproc
 182              	.LFE150:
 184              		.section	.text.disk_write,"ax",%progbits
 185              		.align	1
 186              		.global	disk_write
 187              		.syntax unified
 188              		.thumb
 189              		.thumb_func
 191              	disk_write:
 192              	.LVL11:
 193              	.LFB151:
  88:Middlewares/Third_Party/FatFs/src/diskio.c **** 
  89:Middlewares/Third_Party/FatFs/src/diskio.c **** /**
  90:Middlewares/Third_Party/FatFs/src/diskio.c ****   * @brief  Writes Sector(s)
  91:Middlewares/Third_Party/FatFs/src/diskio.c ****   * @param  pdrv: Physical drive number (0..)
  92:Middlewares/Third_Party/FatFs/src/diskio.c ****   * @param  *buff: Data to be written
  93:Middlewares/Third_Party/FatFs/src/diskio.c ****   * @param  sector: Sector address (LBA)
  94:Middlewares/Third_Party/FatFs/src/diskio.c ****   * @param  count: Number of sectors to write (1..128)
  95:Middlewares/Third_Party/FatFs/src/diskio.c ****   * @retval DRESULT: Operation result
  96:Middlewares/Third_Party/FatFs/src/diskio.c ****   */
ARM GAS  C:\Users\admin\AppData\Local\Temp\ccHsFCuc.s 			page 6


  97:Middlewares/Third_Party/FatFs/src/diskio.c **** #if _USE_WRITE == 1
  98:Middlewares/Third_Party/FatFs/src/diskio.c **** DRESULT disk_write (
  99:Middlewares/Third_Party/FatFs/src/diskio.c **** 	BYTE pdrv,		/* Physical drive nmuber to identify the drive */
 100:Middlewares/Third_Party/FatFs/src/diskio.c **** 	const BYTE *buff,	/* Data to be written */
 101:Middlewares/Third_Party/FatFs/src/diskio.c **** 	DWORD sector,		/* Sector address in LBA */
 102:Middlewares/Third_Party/FatFs/src/diskio.c **** 	UINT count        	/* Number of sectors to write */
 103:Middlewares/Third_Party/FatFs/src/diskio.c **** )
 104:Middlewares/Third_Party/FatFs/src/diskio.c **** {
 194              		.loc 1 104 1 is_stmt 1 view -0
 195              		.cfi_startproc
 196              		@ args = 0, pretend = 0, frame = 0
 197              		@ frame_needed = 0, uses_anonymous_args = 0
 198              		.loc 1 104 1 is_stmt 0 view .LVU41
 199 0000 38B5     		push	{r3, r4, r5, lr}
 200              	.LCFI4:
 201              		.cfi_def_cfa_offset 16
 202              		.cfi_offset 3, -16
 203              		.cfi_offset 4, -12
 204              		.cfi_offset 5, -8
 205              		.cfi_offset 14, -4
 105:Middlewares/Third_Party/FatFs/src/diskio.c ****   DRESULT res;
 206              		.loc 1 105 3 is_stmt 1 view .LVU42
 106:Middlewares/Third_Party/FatFs/src/diskio.c **** 
 107:Middlewares/Third_Party/FatFs/src/diskio.c ****   res = disk.drv[pdrv]->disk_write(disk.lun[pdrv], buff, sector, count);
 207              		.loc 1 107 3 view .LVU43
 208              		.loc 1 107 17 is_stmt 0 view .LVU44
 209 0002 044C     		ldr	r4, .L20
 210 0004 04EB8005 		add	r5, r4, r0, lsl #2
 211 0008 6D68     		ldr	r5, [r5, #4]
 212              		.loc 1 107 23 view .LVU45
 213 000a ED68     		ldr	r5, [r5, #12]
 214              		.loc 1 107 9 view .LVU46
 215 000c 0444     		add	r4, r4, r0
 216 000e 207A     		ldrb	r0, [r4, #8]	@ zero_extendqisi2
 217              	.LVL12:
 218              		.loc 1 107 9 view .LVU47
 219 0010 A847     		blx	r5
 220              	.LVL13:
 108:Middlewares/Third_Party/FatFs/src/diskio.c ****   return res;
 221              		.loc 1 108 3 is_stmt 1 view .LVU48
 109:Middlewares/Third_Party/FatFs/src/diskio.c **** }
 222              		.loc 1 109 1 is_stmt 0 view .LVU49
 223 0012 38BD     		pop	{r3, r4, r5, pc}
 224              	.L21:
 225              		.align	2
 226              	.L20:
 227 0014 00000000 		.word	disk
 228              		.cfi_endproc
 229              	.LFE151:
 231              		.section	.text.disk_ioctl,"ax",%progbits
 232              		.align	1
 233              		.global	disk_ioctl
 234              		.syntax unified
 235              		.thumb
 236              		.thumb_func
 238              	disk_ioctl:
 239              	.LVL14:
ARM GAS  C:\Users\admin\AppData\Local\Temp\ccHsFCuc.s 			page 7


 240              	.LFB152:
 110:Middlewares/Third_Party/FatFs/src/diskio.c **** #endif /* _USE_WRITE == 1 */
 111:Middlewares/Third_Party/FatFs/src/diskio.c **** 
 112:Middlewares/Third_Party/FatFs/src/diskio.c **** /**
 113:Middlewares/Third_Party/FatFs/src/diskio.c ****   * @brief  I/O control operation
 114:Middlewares/Third_Party/FatFs/src/diskio.c ****   * @param  pdrv: Physical drive number (0..)
 115:Middlewares/Third_Party/FatFs/src/diskio.c ****   * @param  cmd: Control code
 116:Middlewares/Third_Party/FatFs/src/diskio.c ****   * @param  *buff: Buffer to send/receive control data
 117:Middlewares/Third_Party/FatFs/src/diskio.c ****   * @retval DRESULT: Operation result
 118:Middlewares/Third_Party/FatFs/src/diskio.c ****   */
 119:Middlewares/Third_Party/FatFs/src/diskio.c **** #if _USE_IOCTL == 1
 120:Middlewares/Third_Party/FatFs/src/diskio.c **** DRESULT disk_ioctl (
 121:Middlewares/Third_Party/FatFs/src/diskio.c **** 	BYTE pdrv,		/* Physical drive nmuber (0..) */
 122:Middlewares/Third_Party/FatFs/src/diskio.c **** 	BYTE cmd,		/* Control code */
 123:Middlewares/Third_Party/FatFs/src/diskio.c **** 	void *buff		/* Buffer to send/receive control data */
 124:Middlewares/Third_Party/FatFs/src/diskio.c **** )
 125:Middlewares/Third_Party/FatFs/src/diskio.c **** {
 241              		.loc 1 125 1 is_stmt 1 view -0
 242              		.cfi_startproc
 243              		@ args = 0, pretend = 0, frame = 0
 244              		@ frame_needed = 0, uses_anonymous_args = 0
 245              		.loc 1 125 1 is_stmt 0 view .LVU51
 246 0000 10B5     		push	{r4, lr}
 247              	.LCFI5:
 248              		.cfi_def_cfa_offset 8
 249              		.cfi_offset 4, -8
 250              		.cfi_offset 14, -4
 126:Middlewares/Third_Party/FatFs/src/diskio.c ****   DRESULT res;
 251              		.loc 1 126 3 is_stmt 1 view .LVU52
 127:Middlewares/Third_Party/FatFs/src/diskio.c **** 
 128:Middlewares/Third_Party/FatFs/src/diskio.c ****   res = disk.drv[pdrv]->disk_ioctl(disk.lun[pdrv], cmd, buff);
 252              		.loc 1 128 3 view .LVU53
 253              		.loc 1 128 17 is_stmt 0 view .LVU54
 254 0002 044B     		ldr	r3, .L24
 255 0004 03EB8004 		add	r4, r3, r0, lsl #2
 256 0008 6468     		ldr	r4, [r4, #4]
 257              		.loc 1 128 23 view .LVU55
 258 000a 2469     		ldr	r4, [r4, #16]
 259              		.loc 1 128 9 view .LVU56
 260 000c 0344     		add	r3, r3, r0
 261 000e 187A     		ldrb	r0, [r3, #8]	@ zero_extendqisi2
 262              	.LVL15:
 263              		.loc 1 128 9 view .LVU57
 264 0010 A047     		blx	r4
 265              	.LVL16:
 129:Middlewares/Third_Party/FatFs/src/diskio.c ****   return res;
 266              		.loc 1 129 3 is_stmt 1 view .LVU58
 130:Middlewares/Third_Party/FatFs/src/diskio.c **** }
 267              		.loc 1 130 1 is_stmt 0 view .LVU59
 268 0012 10BD     		pop	{r4, pc}
 269              	.L25:
 270              		.align	2
 271              	.L24:
 272 0014 00000000 		.word	disk
 273              		.cfi_endproc
 274              	.LFE152:
 276              		.section	.text.get_fattime,"ax",%progbits
ARM GAS  C:\Users\admin\AppData\Local\Temp\ccHsFCuc.s 			page 8


 277              		.align	1
 278              		.weak	get_fattime
 279              		.syntax unified
 280              		.thumb
 281              		.thumb_func
 283              	get_fattime:
 284              	.LFB153:
 131:Middlewares/Third_Party/FatFs/src/diskio.c **** #endif /* _USE_IOCTL == 1 */
 132:Middlewares/Third_Party/FatFs/src/diskio.c **** 
 133:Middlewares/Third_Party/FatFs/src/diskio.c **** /**
 134:Middlewares/Third_Party/FatFs/src/diskio.c ****   * @brief  Gets Time from RTC
 135:Middlewares/Third_Party/FatFs/src/diskio.c ****   * @param  None
 136:Middlewares/Third_Party/FatFs/src/diskio.c ****   * @retval Time in DWORD
 137:Middlewares/Third_Party/FatFs/src/diskio.c ****   */
 138:Middlewares/Third_Party/FatFs/src/diskio.c **** __weak DWORD get_fattime (void)
 139:Middlewares/Third_Party/FatFs/src/diskio.c **** {
 285              		.loc 1 139 1 is_stmt 1 view -0
 286              		.cfi_startproc
 287              		@ args = 0, pretend = 0, frame = 0
 288              		@ frame_needed = 0, uses_anonymous_args = 0
 289              		@ link register save eliminated.
 140:Middlewares/Third_Party/FatFs/src/diskio.c ****   return 0;
 290              		.loc 1 140 3 view .LVU61
 141:Middlewares/Third_Party/FatFs/src/diskio.c **** }
 291              		.loc 1 141 1 is_stmt 0 view .LVU62
 292 0000 0020     		movs	r0, #0
 293 0002 7047     		bx	lr
 294              		.cfi_endproc
 295              	.LFE153:
 297              		.text
 298              	.Letext0:
 299              		.file 2 "Middlewares/Third_Party/FatFs/src/integer.h"
 300              		.file 3 "Middlewares/Third_Party/FatFs/src/diskio.h"
 301              		.file 4 "c:\\program files (x86)\\gnu arm embedded toolchain\\10 2021.10\\arm-none-eabi\\include\\
 302              		.file 5 "c:\\program files (x86)\\gnu arm embedded toolchain\\10 2021.10\\arm-none-eabi\\include\\
 303              		.file 6 "Middlewares/Third_Party/FatFs/src/ff_gen_drv.h"
ARM GAS  C:\Users\admin\AppData\Local\Temp\ccHsFCuc.s 			page 9


DEFINED SYMBOLS
                            *ABS*:00000000 diskio.c
C:\Users\admin\AppData\Local\Temp\ccHsFCuc.s:19     .text.disk_status:00000000 $t
C:\Users\admin\AppData\Local\Temp\ccHsFCuc.s:25     .text.disk_status:00000000 disk_status
C:\Users\admin\AppData\Local\Temp\ccHsFCuc.s:60     .text.disk_status:00000014 $d
C:\Users\admin\AppData\Local\Temp\ccHsFCuc.s:65     .text.disk_initialize:00000000 $t
C:\Users\admin\AppData\Local\Temp\ccHsFCuc.s:71     .text.disk_initialize:00000000 disk_initialize
C:\Users\admin\AppData\Local\Temp\ccHsFCuc.s:133    .text.disk_initialize:00000028 $d
C:\Users\admin\AppData\Local\Temp\ccHsFCuc.s:138    .text.disk_read:00000000 $t
C:\Users\admin\AppData\Local\Temp\ccHsFCuc.s:144    .text.disk_read:00000000 disk_read
C:\Users\admin\AppData\Local\Temp\ccHsFCuc.s:180    .text.disk_read:00000014 $d
C:\Users\admin\AppData\Local\Temp\ccHsFCuc.s:185    .text.disk_write:00000000 $t
C:\Users\admin\AppData\Local\Temp\ccHsFCuc.s:191    .text.disk_write:00000000 disk_write
C:\Users\admin\AppData\Local\Temp\ccHsFCuc.s:227    .text.disk_write:00000014 $d
C:\Users\admin\AppData\Local\Temp\ccHsFCuc.s:232    .text.disk_ioctl:00000000 $t
C:\Users\admin\AppData\Local\Temp\ccHsFCuc.s:238    .text.disk_ioctl:00000000 disk_ioctl
C:\Users\admin\AppData\Local\Temp\ccHsFCuc.s:272    .text.disk_ioctl:00000014 $d
C:\Users\admin\AppData\Local\Temp\ccHsFCuc.s:277    .text.get_fattime:00000000 $t
C:\Users\admin\AppData\Local\Temp\ccHsFCuc.s:283    .text.get_fattime:00000000 get_fattime

UNDEFINED SYMBOLS
disk
