ARM GAS  C:\Users\admin\AppData\Local\Temp\cc8gIQz0.s 			page 1


   1              		.cpu cortex-m7
   2              		.arch armv7e-m
   3              		.fpu fpv5-d16
   4              		.eabi_attribute 28, 1
   5              		.eabi_attribute 20, 1
   6              		.eabi_attribute 21, 1
   7              		.eabi_attribute 23, 3
   8              		.eabi_attribute 24, 1
   9              		.eabi_attribute 25, 1
  10              		.eabi_attribute 26, 1
  11              		.eabi_attribute 30, 1
  12              		.eabi_attribute 34, 1
  13              		.eabi_attribute 18, 4
  14              		.file	"hardware.c"
  15              		.text
  16              	.Ltext0:
  17              		.cfi_sections	.debug_frame
  18              		.section	.text.hardware_init,"ax",%progbits
  19              		.align	1
  20              		.global	hardware_init
  21              		.syntax unified
  22              		.thumb
  23              		.thumb_func
  25              	hardware_init:
  26              	.LVL0:
  27              	.LFB147:
  28              		.file 1 "Core/Hardware/hardware.c"
   1:Core/Hardware/hardware.c **** #include "hardware.h"
   2:Core/Hardware/hardware.c **** #include "stdio.h"
   3:Core/Hardware/hardware.c **** #include "stdarg.h"
   4:Core/Hardware/hardware.c **** 
   5:Core/Hardware/hardware.c **** #define MPU6050_ADDR 0x68
   6:Core/Hardware/hardware.c **** #define HMC5883L_ADDR 0x1E
   7:Core/Hardware/hardware.c **** hw_status_t hardware_init(hardware_t *hw)
   8:Core/Hardware/hardware.c **** {
  29              		.loc 1 8 1 view -0
  30              		.cfi_startproc
  31              		@ args = 0, pretend = 0, frame = 40
  32              		@ frame_needed = 0, uses_anonymous_args = 0
  33              		.loc 1 8 1 is_stmt 0 view .LVU1
  34 0000 30B5     		push	{r4, r5, lr}
  35              	.LCFI0:
  36              		.cfi_def_cfa_offset 12
  37              		.cfi_offset 4, -12
  38              		.cfi_offset 5, -8
  39              		.cfi_offset 14, -4
  40 0002 8BB0     		sub	sp, sp, #44
  41              	.LCFI1:
  42              		.cfi_def_cfa_offset 56
   9:Core/Hardware/hardware.c ****   if (hw == NULL)
  43              		.loc 1 9 3 is_stmt 1 view .LVU2
  44              		.loc 1 9 6 is_stmt 0 view .LVU3
  45 0004 0028     		cmp	r0, #0
  46 0006 55D0     		beq	.L11
  47 0008 0446     		mov	r4, r0
  10:Core/Hardware/hardware.c ****   {
  11:Core/Hardware/hardware.c ****     return HW_ERROR;
ARM GAS  C:\Users\admin\AppData\Local\Temp\cc8gIQz0.s 			page 2


  12:Core/Hardware/hardware.c ****   }
  13:Core/Hardware/hardware.c **** 
  14:Core/Hardware/hardware.c ****   //clear hardware structure
  15:Core/Hardware/hardware.c ****   memset(hw, 0, sizeof(hardware_t));
  48              		.loc 1 15 3 is_stmt 1 view .LVU4
  49 000a 4FF4EC72 		mov	r2, #472
  50 000e 0021     		movs	r1, #0
  51 0010 FFF7FEFF 		bl	memset
  52              	.LVL1:
  16:Core/Hardware/hardware.c **** 
  17:Core/Hardware/hardware.c ****   hw_status_t status = HW_OK;
  53              		.loc 1 17 3 view .LVU5
  18:Core/Hardware/hardware.c ****   //1.initialize mpu6050
  19:Core/Hardware/hardware.c ****   mpu6050_config_t mpu_config = {
  54              		.loc 1 19 3 view .LVU6
  55              		.loc 1 19 20 is_stmt 0 view .LVU7
  56 0014 284A     		ldr	r2, .L16
  57 0016 07AB     		add	r3, sp, #28
  58 0018 07CA     		ldm	r2, {r0, r1, r2}
  59 001a 83E80700 		stm	r3, {r0, r1, r2}
  20:Core/Hardware/hardware.c ****     .hi2c = &hi2c1,
  21:Core/Hardware/hardware.c ****     .device_addr = MPU6050_ADDR,
  22:Core/Hardware/hardware.c ****     .accel_scale = MPU6050_ACCEL_SCALE_2G,
  23:Core/Hardware/hardware.c ****     .gyro_scale = MPU6050_GYRO_SCALE_250DPS,
  24:Core/Hardware/hardware.c ****     .i2c_timeout_ms = 100
  25:Core/Hardware/hardware.c ****   };
  26:Core/Hardware/hardware.c **** 
  27:Core/Hardware/hardware.c ****   mpu6050_status_t mpu_status = mpu6050_init(&hw->mpu, &mpu_config);
  60              		.loc 1 27 3 is_stmt 1 view .LVU8
  61              		.loc 1 27 33 is_stmt 0 view .LVU9
  62 001e 1946     		mov	r1, r3
  63 0020 2046     		mov	r0, r4
  64 0022 FFF7FEFF 		bl	mpu6050_init
  65              	.LVL2:
  28:Core/Hardware/hardware.c ****   if (mpu_status == MPU6050_OK)
  66              		.loc 1 28 3 is_stmt 1 view .LVU10
  67              		.loc 1 28 6 is_stmt 0 view .LVU11
  68 0026 0546     		mov	r5, r0
  69 0028 18BB     		cbnz	r0, .L3
  29:Core/Hardware/hardware.c ****   {
  30:Core/Hardware/hardware.c ****     hw->mpu_ready = 1;
  70              		.loc 1 30 5 is_stmt 1 view .LVU12
  71              		.loc 1 30 19 is_stmt 0 view .LVU13
  72 002a 0123     		movs	r3, #1
  73 002c 84F8D031 		strb	r3, [r4, #464]
  74              	.LVL3:
  75              	.L4:
  31:Core/Hardware/hardware.c ****   }
  32:Core/Hardware/hardware.c ****   else if (mpu_status == MPU6050_NOT_READY)
  33:Core/Hardware/hardware.c ****   {
  34:Core/Hardware/hardware.c ****     hw->mpu_ready = 0;
  35:Core/Hardware/hardware.c ****   }
  36:Core/Hardware/hardware.c ****   else {
  37:Core/Hardware/hardware.c ****     hw->mpu_ready = 0;
  38:Core/Hardware/hardware.c ****     status = HW_IN_PROGRESS;
  39:Core/Hardware/hardware.c ****   }
  40:Core/Hardware/hardware.c **** 
ARM GAS  C:\Users\admin\AppData\Local\Temp\cc8gIQz0.s 			page 3


  41:Core/Hardware/hardware.c ****   //2. initialize hmc5883l
  42:Core/Hardware/hardware.c ****   hmc5883l_config_t mag_config = {
  76              		.loc 1 42 3 is_stmt 1 view .LVU14
  77              		.loc 1 42 21 is_stmt 0 view .LVU15
  78 0030 0DF10C0C 		add	ip, sp, #12
  79 0034 214B     		ldr	r3, .L16+4
  80 0036 0FCB     		ldm	r3, {r0, r1, r2, r3}
  81              	.LVL4:
  82              		.loc 1 42 21 view .LVU16
  83 0038 8CE80F00 		stm	ip, {r0, r1, r2, r3}
  43:Core/Hardware/hardware.c ****     .hi2c = &hi2c1,
  44:Core/Hardware/hardware.c ****     .device_addr = HMC5883L_ADDR,
  45:Core/Hardware/hardware.c ****     .samples_avg = HMC5883L_SAMPLES_8,
  46:Core/Hardware/hardware.c ****     .data_rate = HMC5883L_RATE_15HZ,
  47:Core/Hardware/hardware.c ****     .gain = HMC5883L_GAIN_330,
  48:Core/Hardware/hardware.c ****     .mode = HMC5883L_MODE_CONTINUOUS,
  49:Core/Hardware/hardware.c ****     .i2c_timeout_ms = 100
  50:Core/Hardware/hardware.c ****   };
  51:Core/Hardware/hardware.c **** 
  52:Core/Hardware/hardware.c ****   hmc5883l_status_t mag_status = hmc5883l_init(&hw->mag, &mag_config);
  84              		.loc 1 52 3 is_stmt 1 view .LVU17
  85              		.loc 1 52 34 is_stmt 0 view .LVU18
  86 003c 6146     		mov	r1, ip
  87 003e 04F15C00 		add	r0, r4, #92
  88 0042 FFF7FEFF 		bl	hmc5883l_init
  89              	.LVL5:
  53:Core/Hardware/hardware.c ****   if (mag_status == HMC5883L_OK)
  90              		.loc 1 53 3 is_stmt 1 view .LVU19
  91              		.loc 1 53 6 is_stmt 0 view .LVU20
  92 0046 F8B9     		cbnz	r0, .L6
  54:Core/Hardware/hardware.c ****   {
  55:Core/Hardware/hardware.c ****     hw->mag_ready = 1;
  93              		.loc 1 55 5 is_stmt 1 view .LVU21
  94              		.loc 1 55 19 is_stmt 0 view .LVU22
  95 0048 0123     		movs	r3, #1
  96 004a 84F8D131 		strb	r3, [r4, #465]
  97              	.LVL6:
  98              	.L7:
  56:Core/Hardware/hardware.c ****   } else if (mag_status == HMC5883L_NOT_READY) 
  57:Core/Hardware/hardware.c ****   {
  58:Core/Hardware/hardware.c ****     hw->mag_ready = 0;
  59:Core/Hardware/hardware.c ****   } else 
  60:Core/Hardware/hardware.c ****   {
  61:Core/Hardware/hardware.c ****     hw->mag_ready = 0;
  62:Core/Hardware/hardware.c ****     status = HW_IN_PROGRESS;
  63:Core/Hardware/hardware.c ****   }
  64:Core/Hardware/hardware.c **** 
  65:Core/Hardware/hardware.c ****   //3. initialize gps
  66:Core/Hardware/hardware.c ****   neo8m_config_t gps_config = {
  99              		.loc 1 66 3 is_stmt 1 view .LVU23
 100              		.loc 1 66 18 is_stmt 0 view .LVU24
 101 004e 0023     		movs	r3, #0
 102 0050 0093     		str	r3, [sp]
 103 0052 0193     		str	r3, [sp, #4]
 104 0054 0293     		str	r3, [sp, #8]
 105 0056 1A4B     		ldr	r3, .L16+8
 106 0058 0093     		str	r3, [sp]
ARM GAS  C:\Users\admin\AppData\Local\Temp\cc8gIQz0.s 			page 4


  67:Core/Hardware/hardware.c ****     .huart = &huart2
  68:Core/Hardware/hardware.c ****   };
  69:Core/Hardware/hardware.c ****   neo8m_status_t gps_status = neo8m_init(&hw->gps, &gps_config);
 107              		.loc 1 69 3 is_stmt 1 view .LVU25
 108              		.loc 1 69 31 is_stmt 0 view .LVU26
 109 005a 6946     		mov	r1, sp
 110 005c 04F18800 		add	r0, r4, #136
 111              	.LVL7:
 112              		.loc 1 69 31 view .LVU27
 113 0060 FFF7FEFF 		bl	neo8m_init
 114              	.LVL8:
  70:Core/Hardware/hardware.c ****   if (gps_status == NEO8M_OK)
 115              		.loc 1 70 3 is_stmt 1 view .LVU28
 116              		.loc 1 70 6 is_stmt 0 view .LVU29
 117 0064 D8B9     		cbnz	r0, .L9
  71:Core/Hardware/hardware.c ****   {
  72:Core/Hardware/hardware.c ****     hw->gps_ready = 1;
 118              		.loc 1 72 5 is_stmt 1 view .LVU30
 119              		.loc 1 72 19 is_stmt 0 view .LVU31
 120 0066 0123     		movs	r3, #1
 121 0068 84F8D231 		strb	r3, [r4, #466]
 122              	.LVL9:
 123              	.L2:
  73:Core/Hardware/hardware.c ****   } else if (gps_status == NEO8M_ERROR)
  74:Core/Hardware/hardware.c ****   {
  75:Core/Hardware/hardware.c ****     hw->gps_ready = 0;
  76:Core/Hardware/hardware.c ****   } else
  77:Core/Hardware/hardware.c ****   {
  78:Core/Hardware/hardware.c ****     hw->gps_ready = 0;
  79:Core/Hardware/hardware.c ****     status = HW_IN_PROGRESS;
  80:Core/Hardware/hardware.c ****   }
  81:Core/Hardware/hardware.c ****   return status;  
  82:Core/Hardware/hardware.c **** }
 124              		.loc 1 82 1 view .LVU32
 125 006c 2846     		mov	r0, r5
 126 006e 0BB0     		add	sp, sp, #44
 127              	.LCFI2:
 128              		.cfi_remember_state
 129              		.cfi_def_cfa_offset 12
 130              		@ sp needed
 131 0070 30BD     		pop	{r4, r5, pc}
 132              	.LVL10:
 133              	.L3:
 134              	.LCFI3:
 135              		.cfi_restore_state
  32:Core/Hardware/hardware.c ****   {
 136              		.loc 1 32 8 is_stmt 1 view .LVU33
  32:Core/Hardware/hardware.c ****   {
 137              		.loc 1 32 11 is_stmt 0 view .LVU34
 138 0072 0728     		cmp	r0, #7
 139 0074 04D0     		beq	.L13
  37:Core/Hardware/hardware.c ****     status = HW_IN_PROGRESS;
 140              		.loc 1 37 5 is_stmt 1 view .LVU35
  37:Core/Hardware/hardware.c ****     status = HW_IN_PROGRESS;
 141              		.loc 1 37 19 is_stmt 0 view .LVU36
 142 0076 0023     		movs	r3, #0
 143 0078 84F8D031 		strb	r3, [r4, #464]
ARM GAS  C:\Users\admin\AppData\Local\Temp\cc8gIQz0.s 			page 5


  38:Core/Hardware/hardware.c ****   }
 144              		.loc 1 38 5 is_stmt 1 view .LVU37
 145              	.LVL11:
  38:Core/Hardware/hardware.c ****   }
 146              		.loc 1 38 12 is_stmt 0 view .LVU38
 147 007c 0525     		movs	r5, #5
 148 007e D7E7     		b	.L4
 149              	.LVL12:
 150              	.L13:
  34:Core/Hardware/hardware.c ****   }
 151              		.loc 1 34 5 is_stmt 1 view .LVU39
  34:Core/Hardware/hardware.c ****   }
 152              		.loc 1 34 19 is_stmt 0 view .LVU40
 153 0080 0025     		movs	r5, #0
 154 0082 84F8D051 		strb	r5, [r4, #464]
 155 0086 D3E7     		b	.L4
 156              	.LVL13:
 157              	.L6:
  56:Core/Hardware/hardware.c ****   {
 158              		.loc 1 56 10 is_stmt 1 view .LVU41
  56:Core/Hardware/hardware.c ****   {
 159              		.loc 1 56 13 is_stmt 0 view .LVU42
 160 0088 0728     		cmp	r0, #7
 161 008a 04D0     		beq	.L14
  61:Core/Hardware/hardware.c ****     status = HW_IN_PROGRESS;
 162              		.loc 1 61 5 is_stmt 1 view .LVU43
  61:Core/Hardware/hardware.c ****     status = HW_IN_PROGRESS;
 163              		.loc 1 61 19 is_stmt 0 view .LVU44
 164 008c 0023     		movs	r3, #0
 165 008e 84F8D131 		strb	r3, [r4, #465]
  62:Core/Hardware/hardware.c ****   }
 166              		.loc 1 62 5 is_stmt 1 view .LVU45
 167              	.LVL14:
  62:Core/Hardware/hardware.c ****   }
 168              		.loc 1 62 12 is_stmt 0 view .LVU46
 169 0092 0525     		movs	r5, #5
 170 0094 DBE7     		b	.L7
 171              	.LVL15:
 172              	.L14:
  58:Core/Hardware/hardware.c ****   } else 
 173              		.loc 1 58 5 is_stmt 1 view .LVU47
  58:Core/Hardware/hardware.c ****   } else 
 174              		.loc 1 58 19 is_stmt 0 view .LVU48
 175 0096 0023     		movs	r3, #0
 176 0098 84F8D131 		strb	r3, [r4, #465]
 177 009c D7E7     		b	.L7
 178              	.LVL16:
 179              	.L9:
  73:Core/Hardware/hardware.c ****   {
 180              		.loc 1 73 10 is_stmt 1 view .LVU49
  73:Core/Hardware/hardware.c ****   {
 181              		.loc 1 73 13 is_stmt 0 view .LVU50
 182 009e 0128     		cmp	r0, #1
 183 00a0 04D0     		beq	.L15
  78:Core/Hardware/hardware.c ****     status = HW_IN_PROGRESS;
 184              		.loc 1 78 5 is_stmt 1 view .LVU51
  78:Core/Hardware/hardware.c ****     status = HW_IN_PROGRESS;
ARM GAS  C:\Users\admin\AppData\Local\Temp\cc8gIQz0.s 			page 6


 185              		.loc 1 78 19 is_stmt 0 view .LVU52
 186 00a2 0023     		movs	r3, #0
 187 00a4 84F8D231 		strb	r3, [r4, #466]
  79:Core/Hardware/hardware.c ****   }
 188              		.loc 1 79 5 is_stmt 1 view .LVU53
 189              	.LVL17:
  79:Core/Hardware/hardware.c ****   }
 190              		.loc 1 79 12 is_stmt 0 view .LVU54
 191 00a8 0525     		movs	r5, #5
 192 00aa DFE7     		b	.L2
 193              	.LVL18:
 194              	.L15:
  75:Core/Hardware/hardware.c ****   } else
 195              		.loc 1 75 5 is_stmt 1 view .LVU55
  75:Core/Hardware/hardware.c ****   } else
 196              		.loc 1 75 19 is_stmt 0 view .LVU56
 197 00ac 0023     		movs	r3, #0
 198 00ae 84F8D231 		strb	r3, [r4, #466]
 199 00b2 DBE7     		b	.L2
 200              	.LVL19:
 201              	.L11:
  11:Core/Hardware/hardware.c ****   }
 202              		.loc 1 11 12 view .LVU57
 203 00b4 0125     		movs	r5, #1
 204 00b6 D9E7     		b	.L2
 205              	.L17:
 206              		.align	2
 207              	.L16:
 208 00b8 00000000 		.word	.LANCHOR0
 209 00bc 0C000000 		.word	.LANCHOR0+12
 210 00c0 00000000 		.word	huart2
 211              		.cfi_endproc
 212              	.LFE147:
 214              		.section	.text.hardware_is_ready,"ax",%progbits
 215              		.align	1
 216              		.global	hardware_is_ready
 217              		.syntax unified
 218              		.thumb
 219              		.thumb_func
 221              	hardware_is_ready:
 222              	.LVL20:
 223              	.LFB149:
  83:Core/Hardware/hardware.c **** 
  84:Core/Hardware/hardware.c **** //bien dem sensor
  85:Core/Hardware/hardware.c **** int count = 0;
  86:Core/Hardware/hardware.c **** //process hardware initialization
  87:Core/Hardware/hardware.c **** hw_status_t hardware_init_process(hardware_t *hw)
  88:Core/Hardware/hardware.c **** {
  89:Core/Hardware/hardware.c ****   if (hw == NULL)
  90:Core/Hardware/hardware.c ****   {
  91:Core/Hardware/hardware.c ****     return HW_ERROR;
  92:Core/Hardware/hardware.c ****   }
  93:Core/Hardware/hardware.c ****   
  94:Core/Hardware/hardware.c ****   //check if mpu6050 need wakeup processing
  95:Core/Hardware/hardware.c ****   if (!hw->mpu_ready && hw->mpu.init_state == MPU6050_INIT_STATE_WAKING_UP)
  96:Core/Hardware/hardware.c ****   {
  97:Core/Hardware/hardware.c ****     mpu6050_status_t status = mpu6050_init_process(&hw->mpu);
ARM GAS  C:\Users\admin\AppData\Local\Temp\cc8gIQz0.s 			page 7


  98:Core/Hardware/hardware.c ****     if (status == MPU6050_OK)
  99:Core/Hardware/hardware.c ****     {
 100:Core/Hardware/hardware.c ****       hw->mpu_ready = 1;
 101:Core/Hardware/hardware.c ****     }
 102:Core/Hardware/hardware.c ****     
 103:Core/Hardware/hardware.c ****   }
 104:Core/Hardware/hardware.c **** 
 105:Core/Hardware/hardware.c ****   //check overall readiness
 106:Core/Hardware/hardware.c ****   if (hw->mag_ready)
 107:Core/Hardware/hardware.c ****   {
 108:Core/Hardware/hardware.c ****     count++;
 109:Core/Hardware/hardware.c ****   } else 
 110:Core/Hardware/hardware.c ****   {
 111:Core/Hardware/hardware.c ****     Hardware_UART_Printf("Mag ERROR\r\n");
 112:Core/Hardware/hardware.c ****   }
 113:Core/Hardware/hardware.c ****   if (hw->mpu_ready)
 114:Core/Hardware/hardware.c ****   {
 115:Core/Hardware/hardware.c ****     count++;
 116:Core/Hardware/hardware.c ****   } 
 117:Core/Hardware/hardware.c ****   else
 118:Core/Hardware/hardware.c ****   {
 119:Core/Hardware/hardware.c ****     Hardware_UART_Printf("Mpu ERROR\r\n");
 120:Core/Hardware/hardware.c ****   }
 121:Core/Hardware/hardware.c ****   if (hw->gps_ready)
 122:Core/Hardware/hardware.c ****   {
 123:Core/Hardware/hardware.c ****     count++;
 124:Core/Hardware/hardware.c ****   }
 125:Core/Hardware/hardware.c ****   else 
 126:Core/Hardware/hardware.c ****   {
 127:Core/Hardware/hardware.c ****     Hardware_UART_Printf("GPS ERROR\r\n");
 128:Core/Hardware/hardware.c ****   }
 129:Core/Hardware/hardware.c ****   //...
 130:Core/Hardware/hardware.c ****   if (count >= 3)
 131:Core/Hardware/hardware.c ****   {
 132:Core/Hardware/hardware.c ****     Hardware_UART_Printf("Sensors OK: %d\r\n", count);
 133:Core/Hardware/hardware.c ****     return HW_OK;
 134:Core/Hardware/hardware.c ****   }
 135:Core/Hardware/hardware.c ****   else
 136:Core/Hardware/hardware.c ****   {
 137:Core/Hardware/hardware.c ****     Hardware_UART_Printf("Sensors Fail: %d\r\n", count);
 138:Core/Hardware/hardware.c ****     return HW_ERROR;
 139:Core/Hardware/hardware.c ****   }
 140:Core/Hardware/hardware.c ****   return HW_IN_PROGRESS;
 141:Core/Hardware/hardware.c **** }
 142:Core/Hardware/hardware.c **** 
 143:Core/Hardware/hardware.c **** uint8_t hardware_is_ready(const hardware_t *hw)
 144:Core/Hardware/hardware.c **** {
 224              		.loc 1 144 1 is_stmt 1 view -0
 225              		.cfi_startproc
 226              		@ args = 0, pretend = 0, frame = 0
 227              		@ frame_needed = 0, uses_anonymous_args = 0
 228              		@ link register save eliminated.
 145:Core/Hardware/hardware.c ****   if (hw == NULL)
 229              		.loc 1 145 3 view .LVU59
 230              		.loc 1 145 6 is_stmt 0 view .LVU60
 231 0000 30B1     		cbz	r0, .L20
 146:Core/Hardware/hardware.c ****   {
ARM GAS  C:\Users\admin\AppData\Local\Temp\cc8gIQz0.s 			page 8


 147:Core/Hardware/hardware.c ****     return 0;
 148:Core/Hardware/hardware.c ****   }
 149:Core/Hardware/hardware.c ****   return (count >= 3) ? 1 : 0;
 232              		.loc 1 149 3 is_stmt 1 view .LVU61
 233              		.loc 1 149 27 is_stmt 0 view .LVU62
 234 0002 044B     		ldr	r3, .L21
 235 0004 1868     		ldr	r0, [r3]
 236              	.LVL21:
 237              		.loc 1 149 27 view .LVU63
 238 0006 0228     		cmp	r0, #2
 239 0008 D4BF     		ite	le
 240 000a 0020     		movle	r0, #0
 241 000c 0120     		movgt	r0, #1
 242 000e 7047     		bx	lr
 243              	.LVL22:
 244              	.L20:
 147:Core/Hardware/hardware.c ****   }
 245              		.loc 1 147 12 view .LVU64
 246 0010 0020     		movs	r0, #0
 247              	.LVL23:
 150:Core/Hardware/hardware.c **** }
 248              		.loc 1 150 1 view .LVU65
 249 0012 7047     		bx	lr
 250              	.L22:
 251              		.align	2
 252              	.L21:
 253 0014 00000000 		.word	.LANCHOR1
 254              		.cfi_endproc
 255              	.LFE149:
 257              		.section	.text.hardware_get_mpu,"ax",%progbits
 258              		.align	1
 259              		.global	hardware_get_mpu
 260              		.syntax unified
 261              		.thumb
 262              		.thumb_func
 264              	hardware_get_mpu:
 265              	.LVL24:
 266              	.LFB153:
 151:Core/Hardware/hardware.c **** 
 152:Core/Hardware/hardware.c **** hw_status_t hardware_read_imu(hardware_t *hw)
 153:Core/Hardware/hardware.c **** {
 154:Core/Hardware/hardware.c ****   if (hw == NULL || !hw->mpu_ready)
 155:Core/Hardware/hardware.c ****   {
 156:Core/Hardware/hardware.c ****     return HW_ERROR;
 157:Core/Hardware/hardware.c ****   }
 158:Core/Hardware/hardware.c ****   if (mpu6050_read_all(&hw->mpu) != MPU6050_OK)
 159:Core/Hardware/hardware.c ****   {
 160:Core/Hardware/hardware.c ****     Hardware_UART_Printf("MPU read ERROR\r\n");
 161:Core/Hardware/hardware.c ****     return HW_MPU_ERROR;
 162:Core/Hardware/hardware.c ****   }
 163:Core/Hardware/hardware.c ****   return HW_OK;
 164:Core/Hardware/hardware.c ****   
 165:Core/Hardware/hardware.c **** }
 166:Core/Hardware/hardware.c **** 
 167:Core/Hardware/hardware.c **** hw_status_t hardware_read_mag(hardware_t *hw)
 168:Core/Hardware/hardware.c **** {
 169:Core/Hardware/hardware.c ****   if (hw == NULL || !hw->mag_ready)
ARM GAS  C:\Users\admin\AppData\Local\Temp\cc8gIQz0.s 			page 9


 170:Core/Hardware/hardware.c ****   {
 171:Core/Hardware/hardware.c ****     return HW_ERROR;
 172:Core/Hardware/hardware.c ****   }
 173:Core/Hardware/hardware.c ****   if (hmc5883l_read_mag(&hw->mag) != HMC5883L_OK)
 174:Core/Hardware/hardware.c ****   {
 175:Core/Hardware/hardware.c ****     Hardware_UART_Printf("MAG read ERROR\r\n");
 176:Core/Hardware/hardware.c ****     return HW_MAG_ERROR;
 177:Core/Hardware/hardware.c ****   }
 178:Core/Hardware/hardware.c ****   return HW_OK;
 179:Core/Hardware/hardware.c **** }
 180:Core/Hardware/hardware.c **** 
 181:Core/Hardware/hardware.c **** hw_status_t hardware_process_gps(hardware_t *hw, uint8_t byte)
 182:Core/Hardware/hardware.c **** {
 183:Core/Hardware/hardware.c ****   if (hw == NULL || !hw->gps_ready)
 184:Core/Hardware/hardware.c ****   {
 185:Core/Hardware/hardware.c ****     return HW_ERROR;
 186:Core/Hardware/hardware.c ****   }
 187:Core/Hardware/hardware.c ****   if (neo8m_process(&hw->gps, byte) != NEO8M_OK)
 188:Core/Hardware/hardware.c ****   {
 189:Core/Hardware/hardware.c ****     Hardware_UART_Printf("GPS read ERROR\r\n");
 190:Core/Hardware/hardware.c ****     return HW_ERROR;
 191:Core/Hardware/hardware.c ****   }
 192:Core/Hardware/hardware.c ****   return HW_OK;  
 193:Core/Hardware/hardware.c **** }
 194:Core/Hardware/hardware.c **** 
 195:Core/Hardware/hardware.c **** const mpu6050_handle_t* hardware_get_mpu(const hardware_t *hw)
 196:Core/Hardware/hardware.c **** {
 267              		.loc 1 196 1 is_stmt 1 view -0
 268              		.cfi_startproc
 269              		@ args = 0, pretend = 0, frame = 0
 270              		@ frame_needed = 0, uses_anonymous_args = 0
 271              		@ link register save eliminated.
 197:Core/Hardware/hardware.c ****   if (hw == NULL)
 272              		.loc 1 197 3 view .LVU67
 273              		.loc 1 197 6 is_stmt 0 view .LVU68
 274 0000 00B1     		cbz	r0, .L25
 198:Core/Hardware/hardware.c ****   {
 199:Core/Hardware/hardware.c ****     return NULL;
 200:Core/Hardware/hardware.c ****   }
 201:Core/Hardware/hardware.c ****   return &hw->mpu;
 275              		.loc 1 201 3 is_stmt 1 view .LVU69
 276              		.loc 1 201 10 is_stmt 0 view .LVU70
 277 0002 7047     		bx	lr
 278              	.L25:
 202:Core/Hardware/hardware.c ****   
 203:Core/Hardware/hardware.c **** }
 279              		.loc 1 203 1 view .LVU71
 280 0004 7047     		bx	lr
 281              		.cfi_endproc
 282              	.LFE153:
 284              		.section	.text.hardware_get_mag,"ax",%progbits
 285              		.align	1
 286              		.global	hardware_get_mag
 287              		.syntax unified
 288              		.thumb
 289              		.thumb_func
 291              	hardware_get_mag:
ARM GAS  C:\Users\admin\AppData\Local\Temp\cc8gIQz0.s 			page 10


 292              	.LVL25:
 293              	.LFB154:
 204:Core/Hardware/hardware.c **** const hmc5883l_handle_t* hardware_get_mag(const hardware_t *hw)
 205:Core/Hardware/hardware.c **** {
 294              		.loc 1 205 1 is_stmt 1 view -0
 295              		.cfi_startproc
 296              		@ args = 0, pretend = 0, frame = 0
 297              		@ frame_needed = 0, uses_anonymous_args = 0
 298              		@ link register save eliminated.
 206:Core/Hardware/hardware.c ****   if (hw == NULL)
 299              		.loc 1 206 3 view .LVU73
 300              		.loc 1 206 6 is_stmt 0 view .LVU74
 301 0000 08B1     		cbz	r0, .L28
 207:Core/Hardware/hardware.c ****   {
 208:Core/Hardware/hardware.c ****     return NULL;
 209:Core/Hardware/hardware.c ****   }
 210:Core/Hardware/hardware.c ****   return &hw->mag;
 302              		.loc 1 210 3 is_stmt 1 view .LVU75
 303              		.loc 1 210 10 is_stmt 0 view .LVU76
 304 0002 5C30     		adds	r0, r0, #92
 305              	.LVL26:
 306              		.loc 1 210 10 view .LVU77
 307 0004 7047     		bx	lr
 308              	.LVL27:
 309              	.L28:
 211:Core/Hardware/hardware.c ****   
 212:Core/Hardware/hardware.c **** }
 310              		.loc 1 212 1 view .LVU78
 311 0006 7047     		bx	lr
 312              		.cfi_endproc
 313              	.LFE154:
 315              		.section	.text.hardware_get_gps,"ax",%progbits
 316              		.align	1
 317              		.global	hardware_get_gps
 318              		.syntax unified
 319              		.thumb
 320              		.thumb_func
 322              	hardware_get_gps:
 323              	.LVL28:
 324              	.LFB155:
 213:Core/Hardware/hardware.c **** const neo8m_handle_t* hardware_get_gps(const hardware_t *hw)
 214:Core/Hardware/hardware.c **** {
 325              		.loc 1 214 1 is_stmt 1 view -0
 326              		.cfi_startproc
 327              		@ args = 0, pretend = 0, frame = 0
 328              		@ frame_needed = 0, uses_anonymous_args = 0
 329              		@ link register save eliminated.
 215:Core/Hardware/hardware.c ****   if (hw == NULL)
 330              		.loc 1 215 3 view .LVU80
 331              		.loc 1 215 6 is_stmt 0 view .LVU81
 332 0000 08B1     		cbz	r0, .L31
 216:Core/Hardware/hardware.c ****   {
 217:Core/Hardware/hardware.c ****     return NULL;
 218:Core/Hardware/hardware.c ****   }
 219:Core/Hardware/hardware.c ****   return &hw->gps;
 333              		.loc 1 219 3 is_stmt 1 view .LVU82
 334              		.loc 1 219 10 is_stmt 0 view .LVU83
ARM GAS  C:\Users\admin\AppData\Local\Temp\cc8gIQz0.s 			page 11


 335 0002 8830     		adds	r0, r0, #136
 336              	.LVL29:
 337              		.loc 1 219 10 view .LVU84
 338 0004 7047     		bx	lr
 339              	.LVL30:
 340              	.L31:
 220:Core/Hardware/hardware.c ****   
 221:Core/Hardware/hardware.c **** }
 341              		.loc 1 221 1 view .LVU85
 342 0006 7047     		bx	lr
 343              		.cfi_endproc
 344              	.LFE155:
 346              		.section	.text.Hardware_UART_Printf,"ax",%progbits
 347              		.align	1
 348              		.global	Hardware_UART_Printf
 349              		.syntax unified
 350              		.thumb
 351              		.thumb_func
 353              	Hardware_UART_Printf:
 354              	.LVL31:
 355              	.LFB156:
 222:Core/Hardware/hardware.c **** 
 223:Core/Hardware/hardware.c **** 
 224:Core/Hardware/hardware.c **** 
 225:Core/Hardware/hardware.c **** 
 226:Core/Hardware/hardware.c **** void Hardware_UART_Printf(const char *format,...)
 227:Core/Hardware/hardware.c **** {
 356              		.loc 1 227 1 is_stmt 1 view -0
 357              		.cfi_startproc
 358              		@ args = 4, pretend = 16, frame = 264
 359              		@ frame_needed = 0, uses_anonymous_args = 1
 360              		.loc 1 227 1 is_stmt 0 view .LVU87
 361 0000 0FB4     		push	{r0, r1, r2, r3}
 362              	.LCFI4:
 363              		.cfi_def_cfa_offset 16
 364              		.cfi_offset 0, -16
 365              		.cfi_offset 1, -12
 366              		.cfi_offset 2, -8
 367              		.cfi_offset 3, -4
 368 0002 00B5     		push	{lr}
 369              	.LCFI5:
 370              		.cfi_def_cfa_offset 20
 371              		.cfi_offset 14, -20
 372 0004 C3B0     		sub	sp, sp, #268
 373              	.LCFI6:
 374              		.cfi_def_cfa_offset 288
 375 0006 44AB     		add	r3, sp, #272
 376 0008 53F8042B 		ldr	r2, [r3], #4
 228:Core/Hardware/hardware.c ****   char buffer[256];
 377              		.loc 1 228 3 is_stmt 1 view .LVU88
 229:Core/Hardware/hardware.c ****   va_list args;
 378              		.loc 1 229 3 view .LVU89
 230:Core/Hardware/hardware.c ****   va_start(args, format);
 379              		.loc 1 230 3 view .LVU90
 380 000c 0193     		str	r3, [sp, #4]
 231:Core/Hardware/hardware.c ****   vsnprintf(buffer, sizeof(buffer), format, args);
 381              		.loc 1 231 3 view .LVU91
ARM GAS  C:\Users\admin\AppData\Local\Temp\cc8gIQz0.s 			page 12


 382 000e 4FF48071 		mov	r1, #256
 383 0012 02A8     		add	r0, sp, #8
 384 0014 FFF7FEFF 		bl	vsnprintf
 385              	.LVL32:
 232:Core/Hardware/hardware.c ****   va_end(args);
 386              		.loc 1 232 3 view .LVU92
 233:Core/Hardware/hardware.c **** 
 234:Core/Hardware/hardware.c ****   HAL_UART_Transmit(&huart3, (uint8_t *) buffer, strlen(buffer), 100);
 387              		.loc 1 234 3 view .LVU93
 388              		.loc 1 234 50 is_stmt 0 view .LVU94
 389 0018 02A8     		add	r0, sp, #8
 390 001a FFF7FEFF 		bl	strlen
 391              	.LVL33:
 392              		.loc 1 234 3 view .LVU95
 393 001e 6423     		movs	r3, #100
 394 0020 82B2     		uxth	r2, r0
 395 0022 02A9     		add	r1, sp, #8
 396 0024 0348     		ldr	r0, .L34
 397 0026 FFF7FEFF 		bl	HAL_UART_Transmit
 398              	.LVL34:
 235:Core/Hardware/hardware.c ****   
 236:Core/Hardware/hardware.c **** }...
 399              		.loc 1 236 1 view .LVU96
 400 002a 43B0     		add	sp, sp, #268
 401              	.LCFI7:
 402              		.cfi_def_cfa_offset 20
 403              		@ sp needed
 404 002c 5DF804EB 		ldr	lr, [sp], #4
 405              	.LCFI8:
 406              		.cfi_restore 14
 407              		.cfi_def_cfa_offset 16
 408 0030 04B0     		add	sp, sp, #16
 409              	.LCFI9:
 410              		.cfi_restore 3
 411              		.cfi_restore 2
 412              		.cfi_restore 1
 413              		.cfi_restore 0
 414              		.cfi_def_cfa_offset 0
 415 0032 7047     		bx	lr
 416              	.L35:
 417              		.align	2
 418              	.L34:
 419 0034 00000000 		.word	huart3
 420              		.cfi_endproc
 421              	.LFE156:
 423              		.section	.rodata.hardware_init_process.str1.4,"aMS",%progbits,1
 424              		.align	2
 425              	.LC2:
 426 0000 4D616720 		.ascii	"Mag ERROR\015\012\000"
 426      4552524F 
 426      520D0A00 
 427              		.align	2
 428              	.LC3:
 429 000c 4D707520 		.ascii	"Mpu ERROR\015\012\000"
 429      4552524F 
 429      520D0A00 
 430              		.align	2
ARM GAS  C:\Users\admin\AppData\Local\Temp\cc8gIQz0.s 			page 13


 431              	.LC4:
 432 0018 47505320 		.ascii	"GPS ERROR\015\012\000"
 432      4552524F 
 432      520D0A00 
 433              		.align	2
 434              	.LC5:
 435 0024 53656E73 		.ascii	"Sensors OK: %d\015\012\000"
 435      6F727320 
 435      4F4B3A20 
 435      25640D0A 
 435      00
 436 0035 000000   		.align	2
 437              	.LC6:
 438 0038 53656E73 		.ascii	"Sensors Fail: %d\015\012\000"
 438      6F727320 
 438      4661696C 
 438      3A202564 
 438      0D0A00
 439              		.section	.text.hardware_init_process,"ax",%progbits
 440              		.align	1
 441              		.global	hardware_init_process
 442              		.syntax unified
 443              		.thumb
 444              		.thumb_func
 446              	hardware_init_process:
 447              	.LVL35:
 448              	.LFB148:
  88:Core/Hardware/hardware.c **** {
 449              		.loc 1 88 1 is_stmt 1 view -0
 450              		.cfi_startproc
 451              		@ args = 0, pretend = 0, frame = 0
 452              		@ frame_needed = 0, uses_anonymous_args = 0
  89:Core/Hardware/hardware.c ****   if (hw == NULL)
 453              		.loc 1 89 3 view .LVU98
  89:Core/Hardware/hardware.c ****   if (hw == NULL)
 454              		.loc 1 89 6 is_stmt 0 view .LVU99
 455 0000 0028     		cmp	r0, #0
 456 0002 3FD0     		beq	.L46
  88:Core/Hardware/hardware.c **** {
 457              		.loc 1 88 1 view .LVU100
 458 0004 10B5     		push	{r4, lr}
 459              	.LCFI10:
 460              		.cfi_def_cfa_offset 8
 461              		.cfi_offset 4, -8
 462              		.cfi_offset 14, -4
 463 0006 0446     		mov	r4, r0
  95:Core/Hardware/hardware.c ****   if (!hw->mpu_ready && hw->mpu.init_state == MPU6050_INIT_STATE_WAKING_UP)
 464              		.loc 1 95 3 is_stmt 1 view .LVU101
  95:Core/Hardware/hardware.c ****   if (!hw->mpu_ready && hw->mpu.init_state == MPU6050_INIT_STATE_WAKING_UP)
 465              		.loc 1 95 10 is_stmt 0 view .LVU102
 466 0008 90F8D031 		ldrb	r3, [r0, #464]	@ zero_extendqisi2
  95:Core/Hardware/hardware.c ****   if (!hw->mpu_ready && hw->mpu.init_state == MPU6050_INIT_STATE_WAKING_UP)
 467              		.loc 1 95 6 view .LVU103
 468 000c 1BB9     		cbnz	r3, .L38
  95:Core/Hardware/hardware.c ****   if (!hw->mpu_ready && hw->mpu.init_state == MPU6050_INIT_STATE_WAKING_UP)
 469              		.loc 1 95 32 discriminator 1 view .LVU104
 470 000e 90F84830 		ldrb	r3, [r0, #72]	@ zero_extendqisi2
ARM GAS  C:\Users\admin\AppData\Local\Temp\cc8gIQz0.s 			page 14


  95:Core/Hardware/hardware.c ****   if (!hw->mpu_ready && hw->mpu.init_state == MPU6050_INIT_STATE_WAKING_UP)
 471              		.loc 1 95 22 discriminator 1 view .LVU105
 472 0012 012B     		cmp	r3, #1
 473 0014 1DD0     		beq	.L51
 474              	.LVL36:
 475              	.L38:
 106:Core/Hardware/hardware.c ****   if (hw->mag_ready)
 476              		.loc 1 106 3 is_stmt 1 view .LVU106
 106:Core/Hardware/hardware.c ****   if (hw->mag_ready)
 477              		.loc 1 106 9 is_stmt 0 view .LVU107
 478 0016 94F8D131 		ldrb	r3, [r4, #465]	@ zero_extendqisi2
 106:Core/Hardware/hardware.c ****   if (hw->mag_ready)
 479              		.loc 1 106 6 view .LVU108
 480 001a 13B3     		cbz	r3, .L39
 108:Core/Hardware/hardware.c ****     count++;
 481              		.loc 1 108 5 is_stmt 1 view .LVU109
 108:Core/Hardware/hardware.c ****     count++;
 482              		.loc 1 108 10 is_stmt 0 view .LVU110
 483 001c 1A4A     		ldr	r2, .L52
 484 001e 1368     		ldr	r3, [r2]
 485 0020 0133     		adds	r3, r3, #1
 486 0022 1360     		str	r3, [r2]
 487              	.L40:
 113:Core/Hardware/hardware.c ****   if (hw->mpu_ready)
 488              		.loc 1 113 3 is_stmt 1 view .LVU111
 113:Core/Hardware/hardware.c ****   if (hw->mpu_ready)
 489              		.loc 1 113 9 is_stmt 0 view .LVU112
 490 0024 94F8D031 		ldrb	r3, [r4, #464]	@ zero_extendqisi2
 113:Core/Hardware/hardware.c ****   if (hw->mpu_ready)
 491              		.loc 1 113 6 view .LVU113
 492 0028 FBB1     		cbz	r3, .L41
 115:Core/Hardware/hardware.c ****     count++;
 493              		.loc 1 115 5 is_stmt 1 view .LVU114
 115:Core/Hardware/hardware.c ****     count++;
 494              		.loc 1 115 10 is_stmt 0 view .LVU115
 495 002a 174A     		ldr	r2, .L52
 496 002c 1368     		ldr	r3, [r2]
 497 002e 0133     		adds	r3, r3, #1
 498 0030 1360     		str	r3, [r2]
 499              	.L42:
 121:Core/Hardware/hardware.c ****   if (hw->gps_ready)
 500              		.loc 1 121 3 is_stmt 1 view .LVU116
 121:Core/Hardware/hardware.c ****   if (hw->gps_ready)
 501              		.loc 1 121 9 is_stmt 0 view .LVU117
 502 0032 94F8D231 		ldrb	r3, [r4, #466]	@ zero_extendqisi2
 121:Core/Hardware/hardware.c ****   if (hw->gps_ready)
 503              		.loc 1 121 6 view .LVU118
 504 0036 E3B1     		cbz	r3, .L43
 123:Core/Hardware/hardware.c ****     count++;
 505              		.loc 1 123 5 is_stmt 1 view .LVU119
 123:Core/Hardware/hardware.c ****     count++;
 506              		.loc 1 123 10 is_stmt 0 view .LVU120
 507 0038 134A     		ldr	r2, .L52
 508 003a 1368     		ldr	r3, [r2]
 509 003c 0133     		adds	r3, r3, #1
 510 003e 1360     		str	r3, [r2]
 511              	.L44:
ARM GAS  C:\Users\admin\AppData\Local\Temp\cc8gIQz0.s 			page 15


 130:Core/Hardware/hardware.c ****   if (count >= 3)
 512              		.loc 1 130 3 is_stmt 1 view .LVU121
 130:Core/Hardware/hardware.c ****   if (count >= 3)
 513              		.loc 1 130 13 is_stmt 0 view .LVU122
 514 0040 114B     		ldr	r3, .L52
 515 0042 1968     		ldr	r1, [r3]
 130:Core/Hardware/hardware.c ****   if (count >= 3)
 516              		.loc 1 130 6 view .LVU123
 517 0044 0229     		cmp	r1, #2
 518 0046 18DD     		ble	.L45
 132:Core/Hardware/hardware.c ****     Hardware_UART_Printf("Sensors OK: %d\r\n", count);
 519              		.loc 1 132 5 is_stmt 1 view .LVU124
 520 0048 1048     		ldr	r0, .L52+4
 521 004a FFF7FEFF 		bl	Hardware_UART_Printf
 522              	.LVL37:
 133:Core/Hardware/hardware.c ****     return HW_OK;
 523              		.loc 1 133 5 view .LVU125
 133:Core/Hardware/hardware.c ****     return HW_OK;
 524              		.loc 1 133 12 is_stmt 0 view .LVU126
 525 004e 0020     		movs	r0, #0
 526              	.L37:
 141:Core/Hardware/hardware.c **** }
 527              		.loc 1 141 1 view .LVU127
 528 0050 10BD     		pop	{r4, pc}
 529              	.LVL38:
 530              	.L51:
 531              	.LBB2:
  97:Core/Hardware/hardware.c ****     mpu6050_status_t status = mpu6050_init_process(&hw->mpu);
 532              		.loc 1 97 5 is_stmt 1 view .LVU128
  97:Core/Hardware/hardware.c ****     mpu6050_status_t status = mpu6050_init_process(&hw->mpu);
 533              		.loc 1 97 31 is_stmt 0 view .LVU129
 534 0052 FFF7FEFF 		bl	mpu6050_init_process
 535              	.LVL39:
  98:Core/Hardware/hardware.c ****     if (status == MPU6050_OK)
 536              		.loc 1 98 5 is_stmt 1 view .LVU130
  98:Core/Hardware/hardware.c ****     if (status == MPU6050_OK)
 537              		.loc 1 98 8 is_stmt 0 view .LVU131
 538 0056 0028     		cmp	r0, #0
 539 0058 DDD1     		bne	.L38
 100:Core/Hardware/hardware.c ****       hw->mpu_ready = 1;
 540              		.loc 1 100 7 is_stmt 1 view .LVU132
 100:Core/Hardware/hardware.c ****       hw->mpu_ready = 1;
 541              		.loc 1 100 21 is_stmt 0 view .LVU133
 542 005a 0123     		movs	r3, #1
 543 005c 84F8D031 		strb	r3, [r4, #464]
 544 0060 D9E7     		b	.L38
 545              	.LVL40:
 546              	.L39:
 100:Core/Hardware/hardware.c ****       hw->mpu_ready = 1;
 547              		.loc 1 100 21 view .LVU134
 548              	.LBE2:
 111:Core/Hardware/hardware.c ****     Hardware_UART_Printf("Mag ERROR\r\n");
 549              		.loc 1 111 5 is_stmt 1 view .LVU135
 550 0062 0B48     		ldr	r0, .L52+8
 551 0064 FFF7FEFF 		bl	Hardware_UART_Printf
 552              	.LVL41:
 553 0068 DCE7     		b	.L40
ARM GAS  C:\Users\admin\AppData\Local\Temp\cc8gIQz0.s 			page 16


 554              	.L41:
 119:Core/Hardware/hardware.c ****     Hardware_UART_Printf("Mpu ERROR\r\n");
 555              		.loc 1 119 5 view .LVU136
 556 006a 0A48     		ldr	r0, .L52+12
 557 006c FFF7FEFF 		bl	Hardware_UART_Printf
 558              	.LVL42:
 559 0070 DFE7     		b	.L42
 560              	.L43:
 127:Core/Hardware/hardware.c ****     Hardware_UART_Printf("GPS ERROR\r\n");
 561              		.loc 1 127 5 view .LVU137
 562 0072 0948     		ldr	r0, .L52+16
 563 0074 FFF7FEFF 		bl	Hardware_UART_Printf
 564              	.LVL43:
 565 0078 E2E7     		b	.L44
 566              	.L45:
 137:Core/Hardware/hardware.c ****     Hardware_UART_Printf("Sensors Fail: %d\r\n", count);
 567              		.loc 1 137 5 view .LVU138
 568 007a 0848     		ldr	r0, .L52+20
 569 007c FFF7FEFF 		bl	Hardware_UART_Printf
 570              	.LVL44:
 138:Core/Hardware/hardware.c ****     return HW_ERROR;
 571              		.loc 1 138 5 view .LVU139
 138:Core/Hardware/hardware.c ****     return HW_ERROR;
 572              		.loc 1 138 12 is_stmt 0 view .LVU140
 573 0080 0120     		movs	r0, #1
 574 0082 E5E7     		b	.L37
 575              	.LVL45:
 576              	.L46:
 577              	.LCFI11:
 578              		.cfi_def_cfa_offset 0
 579              		.cfi_restore 4
 580              		.cfi_restore 14
  91:Core/Hardware/hardware.c ****     return HW_ERROR;
 581              		.loc 1 91 12 view .LVU141
 582 0084 0120     		movs	r0, #1
 583              	.LVL46:
 141:Core/Hardware/hardware.c **** }
 584              		.loc 1 141 1 view .LVU142
 585 0086 7047     		bx	lr
 586              	.L53:
 587              		.align	2
 588              	.L52:
 589 0088 00000000 		.word	.LANCHOR1
 590 008c 24000000 		.word	.LC5
 591 0090 00000000 		.word	.LC2
 592 0094 0C000000 		.word	.LC3
 593 0098 18000000 		.word	.LC4
 594 009c 38000000 		.word	.LC6
 595              		.cfi_endproc
 596              	.LFE148:
 598              		.section	.rodata.hardware_read_imu.str1.4,"aMS",%progbits,1
 599              		.align	2
 600              	.LC7:
 601 0000 4D505520 		.ascii	"MPU read ERROR\015\012\000"
 601      72656164 
 601      20455252 
 601      4F520D0A 
ARM GAS  C:\Users\admin\AppData\Local\Temp\cc8gIQz0.s 			page 17


 601      00
 602              		.section	.text.hardware_read_imu,"ax",%progbits
 603              		.align	1
 604              		.global	hardware_read_imu
 605              		.syntax unified
 606              		.thumb
 607              		.thumb_func
 609              	hardware_read_imu:
 610              	.LVL47:
 611              	.LFB150:
 153:Core/Hardware/hardware.c **** {
 612              		.loc 1 153 1 is_stmt 1 view -0
 613              		.cfi_startproc
 614              		@ args = 0, pretend = 0, frame = 0
 615              		@ frame_needed = 0, uses_anonymous_args = 0
 154:Core/Hardware/hardware.c ****   if (hw == NULL || !hw->mpu_ready)
 616              		.loc 1 154 3 view .LVU144
 154:Core/Hardware/hardware.c ****   if (hw == NULL || !hw->mpu_ready)
 617              		.loc 1 154 6 is_stmt 0 view .LVU145
 618 0000 70B1     		cbz	r0, .L56
 153:Core/Hardware/hardware.c **** {
 619              		.loc 1 153 1 discriminator 1 view .LVU146
 620 0002 08B5     		push	{r3, lr}
 621              	.LCFI12:
 622              		.cfi_def_cfa_offset 8
 623              		.cfi_offset 3, -8
 624              		.cfi_offset 14, -4
 154:Core/Hardware/hardware.c ****   if (hw == NULL || !hw->mpu_ready)
 625              		.loc 1 154 24 discriminator 1 view .LVU147
 626 0004 90F8D021 		ldrb	r2, [r0, #464]	@ zero_extendqisi2
 154:Core/Hardware/hardware.c ****   if (hw == NULL || !hw->mpu_ready)
 627              		.loc 1 154 18 discriminator 1 view .LVU148
 628 0008 0AB9     		cbnz	r2, .L62
 156:Core/Hardware/hardware.c ****     return HW_ERROR;
 629              		.loc 1 156 12 view .LVU149
 630 000a 0120     		movs	r0, #1
 631              	.LVL48:
 632              	.L55:
 165:Core/Hardware/hardware.c **** }
 633              		.loc 1 165 1 view .LVU150
 634 000c 08BD     		pop	{r3, pc}
 635              	.LVL49:
 636              	.L62:
 158:Core/Hardware/hardware.c ****   if (mpu6050_read_all(&hw->mpu) != MPU6050_OK)
 637              		.loc 1 158 3 is_stmt 1 view .LVU151
 158:Core/Hardware/hardware.c ****   if (mpu6050_read_all(&hw->mpu) != MPU6050_OK)
 638              		.loc 1 158 7 is_stmt 0 view .LVU152
 639 000e FFF7FEFF 		bl	mpu6050_read_all
 640              	.LVL50:
 158:Core/Hardware/hardware.c ****   if (mpu6050_read_all(&hw->mpu) != MPU6050_OK)
 641              		.loc 1 158 6 view .LVU153
 642 0012 0028     		cmp	r0, #0
 643 0014 FAD0     		beq	.L55
 160:Core/Hardware/hardware.c ****     Hardware_UART_Printf("MPU read ERROR\r\n");
 644              		.loc 1 160 5 is_stmt 1 view .LVU154
 645 0016 0348     		ldr	r0, .L63
 646 0018 FFF7FEFF 		bl	Hardware_UART_Printf
ARM GAS  C:\Users\admin\AppData\Local\Temp\cc8gIQz0.s 			page 18


 647              	.LVL51:
 161:Core/Hardware/hardware.c ****     return HW_MPU_ERROR;
 648              		.loc 1 161 5 view .LVU155
 161:Core/Hardware/hardware.c ****     return HW_MPU_ERROR;
 649              		.loc 1 161 12 is_stmt 0 view .LVU156
 650 001c 0220     		movs	r0, #2
 651 001e F5E7     		b	.L55
 652              	.LVL52:
 653              	.L56:
 654              	.LCFI13:
 655              		.cfi_def_cfa_offset 0
 656              		.cfi_restore 3
 657              		.cfi_restore 14
 156:Core/Hardware/hardware.c ****     return HW_ERROR;
 658              		.loc 1 156 12 view .LVU157
 659 0020 0120     		movs	r0, #1
 660              	.LVL53:
 165:Core/Hardware/hardware.c **** }
 661              		.loc 1 165 1 view .LVU158
 662 0022 7047     		bx	lr
 663              	.L64:
 664              		.align	2
 665              	.L63:
 666 0024 00000000 		.word	.LC7
 667              		.cfi_endproc
 668              	.LFE150:
 670              		.section	.rodata.hardware_read_mag.str1.4,"aMS",%progbits,1
 671              		.align	2
 672              	.LC8:
 673 0000 4D414720 		.ascii	"MAG read ERROR\015\012\000"
 673      72656164 
 673      20455252 
 673      4F520D0A 
 673      00
 674              		.section	.text.hardware_read_mag,"ax",%progbits
 675              		.align	1
 676              		.global	hardware_read_mag
 677              		.syntax unified
 678              		.thumb
 679              		.thumb_func
 681              	hardware_read_mag:
 682              	.LVL54:
 683              	.LFB151:
 168:Core/Hardware/hardware.c **** {
 684              		.loc 1 168 1 is_stmt 1 view -0
 685              		.cfi_startproc
 686              		@ args = 0, pretend = 0, frame = 0
 687              		@ frame_needed = 0, uses_anonymous_args = 0
 169:Core/Hardware/hardware.c ****   if (hw == NULL || !hw->mag_ready)
 688              		.loc 1 169 3 view .LVU160
 169:Core/Hardware/hardware.c ****   if (hw == NULL || !hw->mag_ready)
 689              		.loc 1 169 6 is_stmt 0 view .LVU161
 690 0000 78B1     		cbz	r0, .L67
 168:Core/Hardware/hardware.c **** {
 691              		.loc 1 168 1 discriminator 1 view .LVU162
 692 0002 08B5     		push	{r3, lr}
 693              	.LCFI14:
ARM GAS  C:\Users\admin\AppData\Local\Temp\cc8gIQz0.s 			page 19


 694              		.cfi_def_cfa_offset 8
 695              		.cfi_offset 3, -8
 696              		.cfi_offset 14, -4
 169:Core/Hardware/hardware.c ****   if (hw == NULL || !hw->mag_ready)
 697              		.loc 1 169 24 discriminator 1 view .LVU163
 698 0004 90F8D121 		ldrb	r2, [r0, #465]	@ zero_extendqisi2
 169:Core/Hardware/hardware.c ****   if (hw == NULL || !hw->mag_ready)
 699              		.loc 1 169 18 discriminator 1 view .LVU164
 700 0008 0AB9     		cbnz	r2, .L73
 171:Core/Hardware/hardware.c ****     return HW_ERROR;
 701              		.loc 1 171 12 view .LVU165
 702 000a 0120     		movs	r0, #1
 703              	.LVL55:
 704              	.L66:
 179:Core/Hardware/hardware.c **** }
 705              		.loc 1 179 1 view .LVU166
 706 000c 08BD     		pop	{r3, pc}
 707              	.LVL56:
 708              	.L73:
 173:Core/Hardware/hardware.c ****   if (hmc5883l_read_mag(&hw->mag) != HMC5883L_OK)
 709              		.loc 1 173 3 is_stmt 1 view .LVU167
 173:Core/Hardware/hardware.c ****   if (hmc5883l_read_mag(&hw->mag) != HMC5883L_OK)
 710              		.loc 1 173 7 is_stmt 0 view .LVU168
 711 000e 5C30     		adds	r0, r0, #92
 712              	.LVL57:
 173:Core/Hardware/hardware.c ****   if (hmc5883l_read_mag(&hw->mag) != HMC5883L_OK)
 713              		.loc 1 173 7 view .LVU169
 714 0010 FFF7FEFF 		bl	hmc5883l_read_mag
 715              	.LVL58:
 173:Core/Hardware/hardware.c ****   if (hmc5883l_read_mag(&hw->mag) != HMC5883L_OK)
 716              		.loc 1 173 6 view .LVU170
 717 0014 0028     		cmp	r0, #0
 718 0016 F9D0     		beq	.L66
 175:Core/Hardware/hardware.c ****     Hardware_UART_Printf("MAG read ERROR\r\n");
 719              		.loc 1 175 5 is_stmt 1 view .LVU171
 720 0018 0348     		ldr	r0, .L74
 721 001a FFF7FEFF 		bl	Hardware_UART_Printf
 722              	.LVL59:
 176:Core/Hardware/hardware.c ****     return HW_MAG_ERROR;
 723              		.loc 1 176 5 view .LVU172
 176:Core/Hardware/hardware.c ****     return HW_MAG_ERROR;
 724              		.loc 1 176 12 is_stmt 0 view .LVU173
 725 001e 0320     		movs	r0, #3
 726 0020 F4E7     		b	.L66
 727              	.LVL60:
 728              	.L67:
 729              	.LCFI15:
 730              		.cfi_def_cfa_offset 0
 731              		.cfi_restore 3
 732              		.cfi_restore 14
 171:Core/Hardware/hardware.c ****     return HW_ERROR;
 733              		.loc 1 171 12 view .LVU174
 734 0022 0120     		movs	r0, #1
 735              	.LVL61:
 179:Core/Hardware/hardware.c **** }
 736              		.loc 1 179 1 view .LVU175
 737 0024 7047     		bx	lr
ARM GAS  C:\Users\admin\AppData\Local\Temp\cc8gIQz0.s 			page 20


 738              	.L75:
 739 0026 00BF     		.align	2
 740              	.L74:
 741 0028 00000000 		.word	.LC8
 742              		.cfi_endproc
 743              	.LFE151:
 745              		.section	.rodata.hardware_process_gps.str1.4,"aMS",%progbits,1
 746              		.align	2
 747              	.LC9:
 748 0000 47505320 		.ascii	"GPS read ERROR\015\012\000"
 748      72656164 
 748      20455252 
 748      4F520D0A 
 748      00
 749              		.section	.text.hardware_process_gps,"ax",%progbits
 750              		.align	1
 751              		.global	hardware_process_gps
 752              		.syntax unified
 753              		.thumb
 754              		.thumb_func
 756              	hardware_process_gps:
 757              	.LVL62:
 758              	.LFB152:
 182:Core/Hardware/hardware.c **** {
 759              		.loc 1 182 1 is_stmt 1 view -0
 760              		.cfi_startproc
 761              		@ args = 0, pretend = 0, frame = 0
 762              		@ frame_needed = 0, uses_anonymous_args = 0
 183:Core/Hardware/hardware.c ****   if (hw == NULL || !hw->gps_ready)
 763              		.loc 1 183 3 view .LVU177
 183:Core/Hardware/hardware.c ****   if (hw == NULL || !hw->gps_ready)
 764              		.loc 1 183 6 is_stmt 0 view .LVU178
 765 0000 78B1     		cbz	r0, .L78
 182:Core/Hardware/hardware.c **** {
 766              		.loc 1 182 1 discriminator 1 view .LVU179
 767 0002 08B5     		push	{r3, lr}
 768              	.LCFI16:
 769              		.cfi_def_cfa_offset 8
 770              		.cfi_offset 3, -8
 771              		.cfi_offset 14, -4
 183:Core/Hardware/hardware.c ****   if (hw == NULL || !hw->gps_ready)
 772              		.loc 1 183 24 discriminator 1 view .LVU180
 773 0004 90F8D221 		ldrb	r2, [r0, #466]	@ zero_extendqisi2
 183:Core/Hardware/hardware.c ****   if (hw == NULL || !hw->gps_ready)
 774              		.loc 1 183 18 discriminator 1 view .LVU181
 775 0008 0AB9     		cbnz	r2, .L84
 185:Core/Hardware/hardware.c ****     return HW_ERROR;
 776              		.loc 1 185 12 view .LVU182
 777 000a 0120     		movs	r0, #1
 778              	.LVL63:
 779              	.L77:
 193:Core/Hardware/hardware.c **** }
 780              		.loc 1 193 1 view .LVU183
 781 000c 08BD     		pop	{r3, pc}
 782              	.LVL64:
 783              	.L84:
 187:Core/Hardware/hardware.c ****   if (neo8m_process(&hw->gps, byte) != NEO8M_OK)
ARM GAS  C:\Users\admin\AppData\Local\Temp\cc8gIQz0.s 			page 21


 784              		.loc 1 187 3 is_stmt 1 view .LVU184
 187:Core/Hardware/hardware.c ****   if (neo8m_process(&hw->gps, byte) != NEO8M_OK)
 785              		.loc 1 187 7 is_stmt 0 view .LVU185
 786 000e 8830     		adds	r0, r0, #136
 787              	.LVL65:
 187:Core/Hardware/hardware.c ****   if (neo8m_process(&hw->gps, byte) != NEO8M_OK)
 788              		.loc 1 187 7 view .LVU186
 789 0010 FFF7FEFF 		bl	neo8m_process
 790              	.LVL66:
 187:Core/Hardware/hardware.c ****   if (neo8m_process(&hw->gps, byte) != NEO8M_OK)
 791              		.loc 1 187 6 view .LVU187
 792 0014 0028     		cmp	r0, #0
 793 0016 F9D0     		beq	.L77
 189:Core/Hardware/hardware.c ****     Hardware_UART_Printf("GPS read ERROR\r\n");
 794              		.loc 1 189 5 is_stmt 1 view .LVU188
 795 0018 0348     		ldr	r0, .L85
 796 001a FFF7FEFF 		bl	Hardware_UART_Printf
 797              	.LVL67:
 190:Core/Hardware/hardware.c ****     return HW_ERROR;
 798              		.loc 1 190 5 view .LVU189
 190:Core/Hardware/hardware.c ****     return HW_ERROR;
 799              		.loc 1 190 12 is_stmt 0 view .LVU190
 800 001e 0120     		movs	r0, #1
 801 0020 F4E7     		b	.L77
 802              	.LVL68:
 803              	.L78:
 804              	.LCFI17:
 805              		.cfi_def_cfa_offset 0
 806              		.cfi_restore 3
 807              		.cfi_restore 14
 185:Core/Hardware/hardware.c ****     return HW_ERROR;
 808              		.loc 1 185 12 view .LVU191
 809 0022 0120     		movs	r0, #1
 810              	.LVL69:
 193:Core/Hardware/hardware.c **** }
 811              		.loc 1 193 1 view .LVU192
 812 0024 7047     		bx	lr
 813              	.L86:
 814 0026 00BF     		.align	2
 815              	.L85:
 816 0028 00000000 		.word	.LC9
 817              		.cfi_endproc
 818              	.LFE152:
 820              		.global	count
 821              		.section	.rodata
 822              		.align	2
 823              		.set	.LANCHOR0,. + 0
 824              	.LC0:
 825 0000 00000000 		.word	hi2c1
 826 0004 68       		.byte	104
 827 0005 00       		.byte	0
 828 0006 00       		.byte	0
 829 0007 00       		.space	1
 830 0008 64000000 		.word	100
 831              	.LC1:
 832 000c 00000000 		.word	hi2c1
 833 0010 1E       		.byte	30
ARM GAS  C:\Users\admin\AppData\Local\Temp\cc8gIQz0.s 			page 22


 834 0011 04       		.byte	4
 835 0012 03       		.byte	3
 836 0013 06       		.byte	6
 837 0014 00       		.byte	0
 838 0015 000000   		.space	3
 839 0018 64000000 		.word	100
 840              		.section	.bss.count,"aw",%nobits
 841              		.align	2
 842              		.set	.LANCHOR1,. + 0
 845              	count:
 846 0000 00000000 		.space	4
 847              		.text
 848              	.Letext0:
 849              		.file 2 "c:\\program files (x86)\\gnu arm embedded toolchain\\10 2021.10\\arm-none-eabi\\include\\
 850              		.file 3 "c:\\program files (x86)\\gnu arm embedded toolchain\\10 2021.10\\arm-none-eabi\\include\\
 851              		.file 4 "Drivers/CMSIS/Device/ST/STM32H7xx/Include/stm32h743xx.h"
 852              		.file 5 "Drivers/STM32H7xx_HAL_Driver/Inc/stm32h7xx_hal_def.h"
 853              		.file 6 "Drivers/STM32H7xx_HAL_Driver/Inc/stm32h7xx_hal_dma.h"
 854              		.file 7 "Drivers/STM32H7xx_HAL_Driver/Inc/stm32h7xx_hal_i2c.h"
 855              		.file 8 "Drivers/STM32H7xx_HAL_Driver/Inc/stm32h7xx_hal_uart.h"
 856              		.file 9 "c:\\program files (x86)\\gnu arm embedded toolchain\\10 2021.10\\lib\\gcc\\arm-none-eabi\
 857              		.file 10 "c:\\program files (x86)\\gnu arm embedded toolchain\\10 2021.10\\arm-none-eabi\\include\
 858              		.file 11 "Core/Lib/axis.h"
 859              		.file 12 "Core/Lib/mpu6050.h"
 860              		.file 13 "Core/Lib/hmc5883l.h"
 861              		.file 14 "Core/Lib/neo8m.h"
 862              		.file 15 "Core/Hardware/hardware.h"
 863              		.file 16 "c:\\program files (x86)\\gnu arm embedded toolchain\\10 2021.10\\arm-none-eabi\\include\
 864              		.file 17 "<built-in>"
ARM GAS  C:\Users\admin\AppData\Local\Temp\cc8gIQz0.s 			page 23


DEFINED SYMBOLS
                            *ABS*:00000000 hardware.c
C:\Users\admin\AppData\Local\Temp\cc8gIQz0.s:19     .text.hardware_init:00000000 $t
C:\Users\admin\AppData\Local\Temp\cc8gIQz0.s:25     .text.hardware_init:00000000 hardware_init
C:\Users\admin\AppData\Local\Temp\cc8gIQz0.s:208    .text.hardware_init:000000b8 $d
C:\Users\admin\AppData\Local\Temp\cc8gIQz0.s:215    .text.hardware_is_ready:00000000 $t
C:\Users\admin\AppData\Local\Temp\cc8gIQz0.s:221    .text.hardware_is_ready:00000000 hardware_is_ready
C:\Users\admin\AppData\Local\Temp\cc8gIQz0.s:253    .text.hardware_is_ready:00000014 $d
C:\Users\admin\AppData\Local\Temp\cc8gIQz0.s:258    .text.hardware_get_mpu:00000000 $t
C:\Users\admin\AppData\Local\Temp\cc8gIQz0.s:264    .text.hardware_get_mpu:00000000 hardware_get_mpu
C:\Users\admin\AppData\Local\Temp\cc8gIQz0.s:285    .text.hardware_get_mag:00000000 $t
C:\Users\admin\AppData\Local\Temp\cc8gIQz0.s:291    .text.hardware_get_mag:00000000 hardware_get_mag
C:\Users\admin\AppData\Local\Temp\cc8gIQz0.s:316    .text.hardware_get_gps:00000000 $t
C:\Users\admin\AppData\Local\Temp\cc8gIQz0.s:322    .text.hardware_get_gps:00000000 hardware_get_gps
C:\Users\admin\AppData\Local\Temp\cc8gIQz0.s:347    .text.Hardware_UART_Printf:00000000 $t
C:\Users\admin\AppData\Local\Temp\cc8gIQz0.s:353    .text.Hardware_UART_Printf:00000000 Hardware_UART_Printf
C:\Users\admin\AppData\Local\Temp\cc8gIQz0.s:419    .text.Hardware_UART_Printf:00000034 $d
C:\Users\admin\AppData\Local\Temp\cc8gIQz0.s:424    .rodata.hardware_init_process.str1.4:00000000 $d
C:\Users\admin\AppData\Local\Temp\cc8gIQz0.s:440    .text.hardware_init_process:00000000 $t
C:\Users\admin\AppData\Local\Temp\cc8gIQz0.s:446    .text.hardware_init_process:00000000 hardware_init_process
C:\Users\admin\AppData\Local\Temp\cc8gIQz0.s:589    .text.hardware_init_process:00000088 $d
C:\Users\admin\AppData\Local\Temp\cc8gIQz0.s:599    .rodata.hardware_read_imu.str1.4:00000000 $d
C:\Users\admin\AppData\Local\Temp\cc8gIQz0.s:603    .text.hardware_read_imu:00000000 $t
C:\Users\admin\AppData\Local\Temp\cc8gIQz0.s:609    .text.hardware_read_imu:00000000 hardware_read_imu
C:\Users\admin\AppData\Local\Temp\cc8gIQz0.s:666    .text.hardware_read_imu:00000024 $d
C:\Users\admin\AppData\Local\Temp\cc8gIQz0.s:671    .rodata.hardware_read_mag.str1.4:00000000 $d
C:\Users\admin\AppData\Local\Temp\cc8gIQz0.s:675    .text.hardware_read_mag:00000000 $t
C:\Users\admin\AppData\Local\Temp\cc8gIQz0.s:681    .text.hardware_read_mag:00000000 hardware_read_mag
C:\Users\admin\AppData\Local\Temp\cc8gIQz0.s:741    .text.hardware_read_mag:00000028 $d
C:\Users\admin\AppData\Local\Temp\cc8gIQz0.s:746    .rodata.hardware_process_gps.str1.4:00000000 $d
C:\Users\admin\AppData\Local\Temp\cc8gIQz0.s:750    .text.hardware_process_gps:00000000 $t
C:\Users\admin\AppData\Local\Temp\cc8gIQz0.s:756    .text.hardware_process_gps:00000000 hardware_process_gps
C:\Users\admin\AppData\Local\Temp\cc8gIQz0.s:816    .text.hardware_process_gps:00000028 $d
C:\Users\admin\AppData\Local\Temp\cc8gIQz0.s:845    .bss.count:00000000 count
C:\Users\admin\AppData\Local\Temp\cc8gIQz0.s:822    .rodata:00000000 $d
C:\Users\admin\AppData\Local\Temp\cc8gIQz0.s:841    .bss.count:00000000 $d

UNDEFINED SYMBOLS
memset
mpu6050_init
hmc5883l_init
neo8m_init
huart2
vsnprintf
strlen
HAL_UART_Transmit
huart3
mpu6050_init_process
mpu6050_read_all
hmc5883l_read_mag
neo8m_process
hi2c1
