ARM GAS  C:\Users\admin\AppData\Local\Temp\ccRQfkhW.s 			page 1


   1              		.cpu cortex-m7
   2              		.arch armv7e-m
   3              		.fpu fpv5-d16
   4              		.eabi_attribute 28, 1
   5              		.eabi_attribute 20, 1
   6              		.eabi_attribute 21, 1
   7              		.eabi_attribute 23, 3
   8              		.eabi_attribute 24, 1
   9              		.eabi_attribute 25, 1
  10              		.eabi_attribute 26, 1
  11              		.eabi_attribute 30, 1
  12              		.eabi_attribute 34, 1
  13              		.eabi_attribute 18, 4
  14              		.file	"sd_diskio.c"
  15              		.text
  16              	.Ltext0:
  17              		.cfi_sections	.debug_frame
  18              		.section	.text.SD_CheckStatus,"ax",%progbits
  19              		.align	1
  20              		.syntax unified
  21              		.thumb
  22              		.thumb_func
  24              	SD_CheckStatus:
  25              	.LVL0:
  26              	.LFB152:
  27              		.file 1 "FATFS/Target/sd_diskio.c"
   1:FATFS/Target/sd_diskio.c **** /* USER CODE BEGIN Header */
   2:FATFS/Target/sd_diskio.c **** /**
   3:FATFS/Target/sd_diskio.c ****   ******************************************************************************
   4:FATFS/Target/sd_diskio.c ****   * @file    sd_diskio.c
   5:FATFS/Target/sd_diskio.c ****   * @brief   SD Disk I/O driver - FIXED for STM32H7 with alignment
   6:FATFS/Target/sd_diskio.c ****   ******************************************************************************
   7:FATFS/Target/sd_diskio.c ****   */
   8:FATFS/Target/sd_diskio.c **** /* USER CODE END Header */
   9:FATFS/Target/sd_diskio.c **** 
  10:FATFS/Target/sd_diskio.c **** /* Note: code generation based on sd_diskio_dma_rtos_template_bspv1.c v2.1.4
  11:FATFS/Target/sd_diskio.c ****    as FreeRTOS is enabled. */
  12:FATFS/Target/sd_diskio.c **** 
  13:FATFS/Target/sd_diskio.c **** /* USER CODE BEGIN firstSection */
  14:FATFS/Target/sd_diskio.c **** /* can be used to modify / undefine following code or add new definitions */
  15:FATFS/Target/sd_diskio.c **** /* USER CODE END firstSection*/
  16:FATFS/Target/sd_diskio.c **** 
  17:FATFS/Target/sd_diskio.c **** /* Includes ------------------------------------------------------------------*/
  18:FATFS/Target/sd_diskio.c **** #include "ff_gen_drv.h"
  19:FATFS/Target/sd_diskio.c **** #include "sd_diskio.h"
  20:FATFS/Target/sd_diskio.c **** 
  21:FATFS/Target/sd_diskio.c **** #include <string.h>
  22:FATFS/Target/sd_diskio.c **** #include <stdio.h>
  23:FATFS/Target/sd_diskio.c **** 
  24:FATFS/Target/sd_diskio.c **** /* Private typedef -----------------------------------------------------------*/
  25:FATFS/Target/sd_diskio.c **** /* Private define ------------------------------------------------------------*/
  26:FATFS/Target/sd_diskio.c **** 
  27:FATFS/Target/sd_diskio.c **** #define QUEUE_SIZE         (uint32_t) 10
  28:FATFS/Target/sd_diskio.c **** #define READ_CPLT_MSG      (uint32_t) 1
  29:FATFS/Target/sd_diskio.c **** #define WRITE_CPLT_MSG     (uint32_t) 2
  30:FATFS/Target/sd_diskio.c **** /*
  31:FATFS/Target/sd_diskio.c **** ==================================================================
ARM GAS  C:\Users\admin\AppData\Local\Temp\ccRQfkhW.s 			page 2


  32:FATFS/Target/sd_diskio.c **** enable the defines below to send custom rtos messages
  33:FATFS/Target/sd_diskio.c **** when an error or an abort occurs.
  34:FATFS/Target/sd_diskio.c **** Notice: depending on the HAL/SD driver the HAL_SD_ErrorCallback()
  35:FATFS/Target/sd_diskio.c **** may not be available.
  36:FATFS/Target/sd_diskio.c **** See BSP_SD_ErrorCallback() and BSP_SD_AbortCallback() below
  37:FATFS/Target/sd_diskio.c **** ==================================================================
  38:FATFS/Target/sd_diskio.c **** 
  39:FATFS/Target/sd_diskio.c **** #define RW_ERROR_MSG       (uint32_t) 3
  40:FATFS/Target/sd_diskio.c **** #define RW_ABORT_MSG       (uint32_t) 4
  41:FATFS/Target/sd_diskio.c **** */
  42:FATFS/Target/sd_diskio.c **** /*
  43:FATFS/Target/sd_diskio.c ****  * the following Timeout is useful to give the control back to the applications
  44:FATFS/Target/sd_diskio.c ****  * in case of errors in either BSP_SD_ReadCpltCallback() or BSP_SD_WriteCpltCallback()
  45:FATFS/Target/sd_diskio.c ****  * the value by default is as defined in the BSP platform driver otherwise 30 secs
  46:FATFS/Target/sd_diskio.c ****  */
  47:FATFS/Target/sd_diskio.c **** #define SD_TIMEOUT 30 * 1000
  48:FATFS/Target/sd_diskio.c **** 
  49:FATFS/Target/sd_diskio.c **** #define SD_DEFAULT_BLOCK_SIZE 512
  50:FATFS/Target/sd_diskio.c **** 
  51:FATFS/Target/sd_diskio.c **** /*
  52:FATFS/Target/sd_diskio.c ****  * Depending on the use case, the SD card initialization could be done at the
  53:FATFS/Target/sd_diskio.c ****  * application level: if it is the case define the flag below to disable
  54:FATFS/Target/sd_diskio.c ****  * the BSP_SD_Init() call in the SD_Initialize() and add a call to
  55:FATFS/Target/sd_diskio.c ****  * BSP_SD_Init() elsewhere in the application.
  56:FATFS/Target/sd_diskio.c ****  */
  57:FATFS/Target/sd_diskio.c **** /* USER CODE BEGIN disableSDInit */
  58:FATFS/Target/sd_diskio.c **** /* #define DISABLE_SD_INIT */
  59:FATFS/Target/sd_diskio.c **** /* USER CODE END disableSDInit */
  60:FATFS/Target/sd_diskio.c **** 
  61:FATFS/Target/sd_diskio.c **** /*
  62:FATFS/Target/sd_diskio.c ****  * when using cacheable memory region, it may be needed to maintain the cache
  63:FATFS/Target/sd_diskio.c ****  * validity. Enable the define below to activate a cache maintenance at each
  64:FATFS/Target/sd_diskio.c ****  * read and write operation.
  65:FATFS/Target/sd_diskio.c ****  * Notice: This is applicable only for cortex M7 based platform.
  66:FATFS/Target/sd_diskio.c ****  */
  67:FATFS/Target/sd_diskio.c **** /* USER CODE BEGIN enableSDDmaCacheMaintenance */
  68:FATFS/Target/sd_diskio.c **** /* #define ENABLE_SD_DMA_CACHE_MAINTENANCE  1 */
  69:FATFS/Target/sd_diskio.c **** /* USER CODE END enableSDDmaCacheMaintenance */
  70:FATFS/Target/sd_diskio.c **** 
  71:FATFS/Target/sd_diskio.c **** /*
  72:FATFS/Target/sd_diskio.c **** * Some DMA requires 4-Byte aligned address buffer to correctly read/write data,
  73:FATFS/Target/sd_diskio.c **** * in FatFs some accesses aren't thus we need a 4-byte aligned scratch buffer to correctly
  74:FATFS/Target/sd_diskio.c **** * transfer data
  75:FATFS/Target/sd_diskio.c **** */
  76:FATFS/Target/sd_diskio.c **** /* USER CODE BEGIN enableScratchBuffer */
  77:FATFS/Target/sd_diskio.c **** /* #define ENABLE_SCRATCH_BUFFER */
  78:FATFS/Target/sd_diskio.c **** /* USER CODE END enableScratchBuffer */
  79:FATFS/Target/sd_diskio.c **** 
  80:FATFS/Target/sd_diskio.c **** /* Private variables ---------------------------------------------------------*/
  81:FATFS/Target/sd_diskio.c **** #if defined(ENABLE_SCRATCH_BUFFER)
  82:FATFS/Target/sd_diskio.c **** #if defined (ENABLE_SD_DMA_CACHE_MAINTENANCE)
  83:FATFS/Target/sd_diskio.c **** ALIGN_32BYTES(static uint8_t scratch[BLOCKSIZE]); // 32-Byte aligned for cache maintenance
  84:FATFS/Target/sd_diskio.c **** #else
  85:FATFS/Target/sd_diskio.c **** __ALIGN_BEGIN static uint8_t scratch[BLOCKSIZE] __ALIGN_END;
  86:FATFS/Target/sd_diskio.c **** #endif
  87:FATFS/Target/sd_diskio.c **** #endif
  88:FATFS/Target/sd_diskio.c **** /* Disk status */
ARM GAS  C:\Users\admin\AppData\Local\Temp\ccRQfkhW.s 			page 3


  89:FATFS/Target/sd_diskio.c **** static volatile DSTATUS Stat = STA_NOINIT;
  90:FATFS/Target/sd_diskio.c **** 
  91:FATFS/Target/sd_diskio.c **** #if (osCMSIS <= 0x20000U)
  92:FATFS/Target/sd_diskio.c **** static osMessageQId SDQueueID = NULL;
  93:FATFS/Target/sd_diskio.c **** #else
  94:FATFS/Target/sd_diskio.c **** static osMessageQueueId_t SDQueueID = NULL;
  95:FATFS/Target/sd_diskio.c **** #endif
  96:FATFS/Target/sd_diskio.c **** /* Private function prototypes -----------------------------------------------*/
  97:FATFS/Target/sd_diskio.c **** static DSTATUS SD_CheckStatus(BYTE lun);
  98:FATFS/Target/sd_diskio.c **** DSTATUS SD_initialize (BYTE);
  99:FATFS/Target/sd_diskio.c **** DSTATUS SD_status (BYTE);
 100:FATFS/Target/sd_diskio.c **** DRESULT SD_read (BYTE, BYTE*, DWORD, UINT);
 101:FATFS/Target/sd_diskio.c **** #if _USE_WRITE == 1
 102:FATFS/Target/sd_diskio.c **** DRESULT SD_write (BYTE, const BYTE*, DWORD, UINT);
 103:FATFS/Target/sd_diskio.c **** #endif /* _USE_WRITE == 1 */
 104:FATFS/Target/sd_diskio.c **** #if _USE_IOCTL == 1
 105:FATFS/Target/sd_diskio.c **** DRESULT SD_ioctl (BYTE, BYTE, void*);
 106:FATFS/Target/sd_diskio.c **** #endif  /* _USE_IOCTL == 1 */
 107:FATFS/Target/sd_diskio.c **** 
 108:FATFS/Target/sd_diskio.c **** const Diskio_drvTypeDef  SD_Driver =
 109:FATFS/Target/sd_diskio.c **** {
 110:FATFS/Target/sd_diskio.c ****   SD_initialize,
 111:FATFS/Target/sd_diskio.c ****   SD_status,
 112:FATFS/Target/sd_diskio.c ****   SD_read,
 113:FATFS/Target/sd_diskio.c **** #if  _USE_WRITE == 1
 114:FATFS/Target/sd_diskio.c ****   SD_write,
 115:FATFS/Target/sd_diskio.c **** #endif /* _USE_WRITE == 1 */
 116:FATFS/Target/sd_diskio.c **** 
 117:FATFS/Target/sd_diskio.c **** #if  _USE_IOCTL == 1
 118:FATFS/Target/sd_diskio.c ****   SD_ioctl,
 119:FATFS/Target/sd_diskio.c **** #endif /* _USE_IOCTL == 1 */
 120:FATFS/Target/sd_diskio.c **** };
 121:FATFS/Target/sd_diskio.c **** 
 122:FATFS/Target/sd_diskio.c **** /* USER CODE BEGIN beforeFunctionSection */
 123:FATFS/Target/sd_diskio.c **** /* can be used to modify / undefine following code or add new code */
 124:FATFS/Target/sd_diskio.c **** /* USER CODE END beforeFunctionSection */
 125:FATFS/Target/sd_diskio.c **** 
 126:FATFS/Target/sd_diskio.c **** /* Private functions ---------------------------------------------------------*/
 127:FATFS/Target/sd_diskio.c **** 
 128:FATFS/Target/sd_diskio.c **** static int SD_CheckStatusWithTimeout(uint32_t timeout)
 129:FATFS/Target/sd_diskio.c **** {
 130:FATFS/Target/sd_diskio.c ****   uint32_t timer;
 131:FATFS/Target/sd_diskio.c ****   /* block until SDIO peripheral is ready again or a timeout occur */
 132:FATFS/Target/sd_diskio.c **** #if (osCMSIS <= 0x20000U)
 133:FATFS/Target/sd_diskio.c ****   timer = osKernelSysTick();
 134:FATFS/Target/sd_diskio.c ****   while( osKernelSysTick() - timer < timeout)
 135:FATFS/Target/sd_diskio.c **** #else
 136:FATFS/Target/sd_diskio.c ****   timer = osKernelGetTickCount();
 137:FATFS/Target/sd_diskio.c ****   while( osKernelGetTickCount() - timer < timeout)
 138:FATFS/Target/sd_diskio.c **** #endif
 139:FATFS/Target/sd_diskio.c ****   {
 140:FATFS/Target/sd_diskio.c ****     if (BSP_SD_GetCardState() == SD_TRANSFER_OK)
 141:FATFS/Target/sd_diskio.c ****     {
 142:FATFS/Target/sd_diskio.c ****       return 0;
 143:FATFS/Target/sd_diskio.c ****     }
 144:FATFS/Target/sd_diskio.c ****   }
 145:FATFS/Target/sd_diskio.c **** 
ARM GAS  C:\Users\admin\AppData\Local\Temp\ccRQfkhW.s 			page 4


 146:FATFS/Target/sd_diskio.c ****   return -1;
 147:FATFS/Target/sd_diskio.c **** }
 148:FATFS/Target/sd_diskio.c **** 
 149:FATFS/Target/sd_diskio.c **** static DSTATUS SD_CheckStatus(BYTE lun)
 150:FATFS/Target/sd_diskio.c **** {
  28              		.loc 1 150 1 view -0
  29              		.cfi_startproc
  30              		@ args = 0, pretend = 0, frame = 0
  31              		@ frame_needed = 0, uses_anonymous_args = 0
  32              		.loc 1 150 1 is_stmt 0 view .LVU1
  33 0000 08B5     		push	{r3, lr}
  34              	.LCFI0:
  35              		.cfi_def_cfa_offset 8
  36              		.cfi_offset 3, -8
  37              		.cfi_offset 14, -4
 151:FATFS/Target/sd_diskio.c ****   Stat = STA_NOINIT;
  38              		.loc 1 151 3 is_stmt 1 view .LVU2
  39              		.loc 1 151 8 is_stmt 0 view .LVU3
  40 0002 074B     		ldr	r3, .L4
  41 0004 0122     		movs	r2, #1
  42 0006 1A70     		strb	r2, [r3]
 152:FATFS/Target/sd_diskio.c **** 
 153:FATFS/Target/sd_diskio.c ****   if(BSP_SD_GetCardState() == SD_TRANSFER_OK)
  43              		.loc 1 153 3 is_stmt 1 view .LVU4
  44              		.loc 1 153 6 is_stmt 0 view .LVU5
  45 0008 FFF7FEFF 		bl	BSP_SD_GetCardState
  46              	.LVL1:
  47              		.loc 1 153 5 view .LVU6
  48 000c 20B9     		cbnz	r0, .L2
 154:FATFS/Target/sd_diskio.c ****   {
 155:FATFS/Target/sd_diskio.c ****     Stat &= ~STA_NOINIT;
  49              		.loc 1 155 5 is_stmt 1 view .LVU7
  50              		.loc 1 155 10 is_stmt 0 view .LVU8
  51 000e 044A     		ldr	r2, .L4
  52 0010 1378     		ldrb	r3, [r2]	@ zero_extendqisi2
  53 0012 03F0FE03 		and	r3, r3, #254
  54 0016 1370     		strb	r3, [r2]
  55              	.L2:
 156:FATFS/Target/sd_diskio.c ****   }
 157:FATFS/Target/sd_diskio.c **** 
 158:FATFS/Target/sd_diskio.c ****   return Stat;
  56              		.loc 1 158 3 is_stmt 1 view .LVU9
  57              		.loc 1 158 10 is_stmt 0 view .LVU10
  58 0018 014B     		ldr	r3, .L4
  59 001a 1878     		ldrb	r0, [r3]	@ zero_extendqisi2
 159:FATFS/Target/sd_diskio.c **** }
  60              		.loc 1 159 1 view .LVU11
  61 001c 08BD     		pop	{r3, pc}
  62              	.L5:
  63 001e 00BF     		.align	2
  64              	.L4:
  65 0020 00000000 		.word	.LANCHOR0
  66              		.cfi_endproc
  67              	.LFE152:
  69              		.section	.text.SD_initialize,"ax",%progbits
  70              		.align	1
  71              		.global	SD_initialize
ARM GAS  C:\Users\admin\AppData\Local\Temp\ccRQfkhW.s 			page 5


  72              		.syntax unified
  73              		.thumb
  74              		.thumb_func
  76              	SD_initialize:
  77              	.LVL2:
  78              	.LFB153:
 160:FATFS/Target/sd_diskio.c **** 
 161:FATFS/Target/sd_diskio.c **** /**
 162:FATFS/Target/sd_diskio.c ****   * @brief  Initializes a Drive
 163:FATFS/Target/sd_diskio.c ****   * @param  lun : not used
 164:FATFS/Target/sd_diskio.c ****   * @retval DSTATUS: Operation status
 165:FATFS/Target/sd_diskio.c ****   */
 166:FATFS/Target/sd_diskio.c **** DSTATUS SD_initialize(BYTE lun)
 167:FATFS/Target/sd_diskio.c **** {
  79              		.loc 1 167 1 is_stmt 1 view -0
  80              		.cfi_startproc
  81              		@ args = 0, pretend = 0, frame = 0
  82              		@ frame_needed = 0, uses_anonymous_args = 0
  83              		.loc 1 167 1 is_stmt 0 view .LVU13
  84 0000 10B5     		push	{r4, lr}
  85              	.LCFI1:
  86              		.cfi_def_cfa_offset 8
  87              		.cfi_offset 4, -8
  88              		.cfi_offset 14, -4
  89 0002 0446     		mov	r4, r0
 168:FATFS/Target/sd_diskio.c **** Stat = STA_NOINIT;
  90              		.loc 1 168 1 is_stmt 1 view .LVU14
  91              		.loc 1 168 6 is_stmt 0 view .LVU15
  92 0004 164B     		ldr	r3, .L14
  93 0006 0122     		movs	r2, #1
  94 0008 1A70     		strb	r2, [r3]
 169:FATFS/Target/sd_diskio.c **** 
 170:FATFS/Target/sd_diskio.c ****   /*
 171:FATFS/Target/sd_diskio.c ****    * check that the kernel has been started before continuing
 172:FATFS/Target/sd_diskio.c ****    * as the osMessage API will fail otherwise
 173:FATFS/Target/sd_diskio.c ****    */
 174:FATFS/Target/sd_diskio.c **** #if (osCMSIS <= 0x20000U)
 175:FATFS/Target/sd_diskio.c ****   if(osKernelRunning())
 176:FATFS/Target/sd_diskio.c **** #else
 177:FATFS/Target/sd_diskio.c ****   if(osKernelGetState() == osKernelRunning)
  95              		.loc 1 177 3 is_stmt 1 view .LVU16
  96              		.loc 1 177 6 is_stmt 0 view .LVU17
  97 000a FFF7FEFF 		bl	osKernelGetState
  98              	.LVL3:
  99              		.loc 1 177 5 view .LVU18
 100 000e 0228     		cmp	r0, #2
 101 0010 02D0     		beq	.L11
 102              	.L7:
 178:FATFS/Target/sd_diskio.c **** #endif
 179:FATFS/Target/sd_diskio.c ****   {
 180:FATFS/Target/sd_diskio.c **** #if !defined(DISABLE_SD_INIT)
 181:FATFS/Target/sd_diskio.c **** 
 182:FATFS/Target/sd_diskio.c ****     if(BSP_SD_Init() == MSD_OK)
 183:FATFS/Target/sd_diskio.c ****     {
 184:FATFS/Target/sd_diskio.c ****       Stat = SD_CheckStatus(lun);
 185:FATFS/Target/sd_diskio.c ****     }
 186:FATFS/Target/sd_diskio.c **** 
ARM GAS  C:\Users\admin\AppData\Local\Temp\ccRQfkhW.s 			page 6


 187:FATFS/Target/sd_diskio.c **** #else
 188:FATFS/Target/sd_diskio.c ****     Stat = SD_CheckStatus(lun);
 189:FATFS/Target/sd_diskio.c **** #endif
 190:FATFS/Target/sd_diskio.c **** 
 191:FATFS/Target/sd_diskio.c ****     /*
 192:FATFS/Target/sd_diskio.c ****     * if the SD is correctly initialized, create the operation queue
 193:FATFS/Target/sd_diskio.c ****     * if not already created
 194:FATFS/Target/sd_diskio.c ****     */
 195:FATFS/Target/sd_diskio.c **** 
 196:FATFS/Target/sd_diskio.c ****     if (Stat != STA_NOINIT)
 197:FATFS/Target/sd_diskio.c ****     {
 198:FATFS/Target/sd_diskio.c ****       if (SDQueueID == NULL)
 199:FATFS/Target/sd_diskio.c ****       {
 200:FATFS/Target/sd_diskio.c ****  #if (osCMSIS <= 0x20000U)
 201:FATFS/Target/sd_diskio.c ****       osMessageQDef(SD_Queue, QUEUE_SIZE, uint16_t);
 202:FATFS/Target/sd_diskio.c ****       SDQueueID = osMessageCreate (osMessageQ(SD_Queue), NULL);
 203:FATFS/Target/sd_diskio.c **** #else
 204:FATFS/Target/sd_diskio.c ****       SDQueueID = osMessageQueueNew(QUEUE_SIZE, 2, NULL);
 205:FATFS/Target/sd_diskio.c **** #endif
 206:FATFS/Target/sd_diskio.c ****       }
 207:FATFS/Target/sd_diskio.c **** 
 208:FATFS/Target/sd_diskio.c ****       if (SDQueueID == NULL)
 209:FATFS/Target/sd_diskio.c ****       {
 210:FATFS/Target/sd_diskio.c ****         Stat |= STA_NOINIT;
 211:FATFS/Target/sd_diskio.c ****       }
 212:FATFS/Target/sd_diskio.c ****     }
 213:FATFS/Target/sd_diskio.c ****   }
 214:FATFS/Target/sd_diskio.c **** 
 215:FATFS/Target/sd_diskio.c ****   return Stat;
 103              		.loc 1 215 3 is_stmt 1 view .LVU19
 104              		.loc 1 215 10 is_stmt 0 view .LVU20
 105 0012 134B     		ldr	r3, .L14
 106 0014 1878     		ldrb	r0, [r3]	@ zero_extendqisi2
 216:FATFS/Target/sd_diskio.c **** }
 107              		.loc 1 216 1 view .LVU21
 108 0016 10BD     		pop	{r4, pc}
 109              	.L11:
 182:FATFS/Target/sd_diskio.c ****     {
 110              		.loc 1 182 5 is_stmt 1 view .LVU22
 182:FATFS/Target/sd_diskio.c ****     {
 111              		.loc 1 182 8 is_stmt 0 view .LVU23
 112 0018 FFF7FEFF 		bl	BSP_SD_Init
 113              	.LVL4:
 182:FATFS/Target/sd_diskio.c ****     {
 114              		.loc 1 182 7 view .LVU24
 115 001c 88B1     		cbz	r0, .L12
 116              	.L8:
 196:FATFS/Target/sd_diskio.c ****     {
 117              		.loc 1 196 5 is_stmt 1 view .LVU25
 196:FATFS/Target/sd_diskio.c ****     {
 118              		.loc 1 196 14 is_stmt 0 view .LVU26
 119 001e 104B     		ldr	r3, .L14
 120 0020 1B78     		ldrb	r3, [r3]	@ zero_extendqisi2
 121 0022 DBB2     		uxtb	r3, r3
 196:FATFS/Target/sd_diskio.c ****     {
 122              		.loc 1 196 8 view .LVU27
 123 0024 012B     		cmp	r3, #1
ARM GAS  C:\Users\admin\AppData\Local\Temp\ccRQfkhW.s 			page 7


 124 0026 F4D0     		beq	.L7
 198:FATFS/Target/sd_diskio.c ****       {
 125              		.loc 1 198 7 is_stmt 1 view .LVU28
 198:FATFS/Target/sd_diskio.c ****       {
 126              		.loc 1 198 21 is_stmt 0 view .LVU29
 127 0028 0E4B     		ldr	r3, .L14+4
 128 002a 1B68     		ldr	r3, [r3]
 198:FATFS/Target/sd_diskio.c ****       {
 129              		.loc 1 198 10 view .LVU30
 130 002c 7BB1     		cbz	r3, .L13
 131              	.L9:
 208:FATFS/Target/sd_diskio.c ****       {
 132              		.loc 1 208 7 is_stmt 1 view .LVU31
 208:FATFS/Target/sd_diskio.c ****       {
 133              		.loc 1 208 21 is_stmt 0 view .LVU32
 134 002e 0D4B     		ldr	r3, .L14+4
 135 0030 1B68     		ldr	r3, [r3]
 208:FATFS/Target/sd_diskio.c ****       {
 136              		.loc 1 208 10 view .LVU33
 137 0032 002B     		cmp	r3, #0
 138 0034 EDD1     		bne	.L7
 210:FATFS/Target/sd_diskio.c ****       }
 139              		.loc 1 210 9 is_stmt 1 view .LVU34
 210:FATFS/Target/sd_diskio.c ****       }
 140              		.loc 1 210 14 is_stmt 0 view .LVU35
 141 0036 0A4A     		ldr	r2, .L14
 142 0038 1378     		ldrb	r3, [r2]	@ zero_extendqisi2
 143 003a 43F00103 		orr	r3, r3, #1
 144 003e 1370     		strb	r3, [r2]
 145 0040 E7E7     		b	.L7
 146              	.L12:
 184:FATFS/Target/sd_diskio.c ****     }
 147              		.loc 1 184 7 is_stmt 1 view .LVU36
 184:FATFS/Target/sd_diskio.c ****     }
 148              		.loc 1 184 14 is_stmt 0 view .LVU37
 149 0042 2046     		mov	r0, r4
 150 0044 FFF7FEFF 		bl	SD_CheckStatus
 151              	.LVL5:
 184:FATFS/Target/sd_diskio.c ****     }
 152              		.loc 1 184 12 view .LVU38
 153 0048 054B     		ldr	r3, .L14
 154 004a 1870     		strb	r0, [r3]
 155 004c E7E7     		b	.L8
 156              	.L13:
 204:FATFS/Target/sd_diskio.c **** #endif
 157              		.loc 1 204 7 is_stmt 1 view .LVU39
 204:FATFS/Target/sd_diskio.c **** #endif
 158              		.loc 1 204 19 is_stmt 0 view .LVU40
 159 004e 0022     		movs	r2, #0
 160 0050 0221     		movs	r1, #2
 161 0052 0A20     		movs	r0, #10
 162 0054 FFF7FEFF 		bl	osMessageQueueNew
 163              	.LVL6:
 204:FATFS/Target/sd_diskio.c **** #endif
 164              		.loc 1 204 17 view .LVU41
 165 0058 024B     		ldr	r3, .L14+4
 166 005a 1860     		str	r0, [r3]
ARM GAS  C:\Users\admin\AppData\Local\Temp\ccRQfkhW.s 			page 8


 167 005c E7E7     		b	.L9
 168              	.L15:
 169 005e 00BF     		.align	2
 170              	.L14:
 171 0060 00000000 		.word	.LANCHOR0
 172 0064 00000000 		.word	.LANCHOR1
 173              		.cfi_endproc
 174              	.LFE153:
 176              		.section	.text.SD_status,"ax",%progbits
 177              		.align	1
 178              		.global	SD_status
 179              		.syntax unified
 180              		.thumb
 181              		.thumb_func
 183              	SD_status:
 184              	.LVL7:
 185              	.LFB154:
 217:FATFS/Target/sd_diskio.c **** 
 218:FATFS/Target/sd_diskio.c **** /**
 219:FATFS/Target/sd_diskio.c ****   * @brief  Gets Disk Status
 220:FATFS/Target/sd_diskio.c ****   * @param  lun : not used
 221:FATFS/Target/sd_diskio.c ****   * @retval DSTATUS: Operation status
 222:FATFS/Target/sd_diskio.c ****   */
 223:FATFS/Target/sd_diskio.c **** DSTATUS SD_status(BYTE lun)
 224:FATFS/Target/sd_diskio.c **** {
 186              		.loc 1 224 1 is_stmt 1 view -0
 187              		.cfi_startproc
 188              		@ args = 0, pretend = 0, frame = 0
 189              		@ frame_needed = 0, uses_anonymous_args = 0
 190              		.loc 1 224 1 is_stmt 0 view .LVU43
 191 0000 08B5     		push	{r3, lr}
 192              	.LCFI2:
 193              		.cfi_def_cfa_offset 8
 194              		.cfi_offset 3, -8
 195              		.cfi_offset 14, -4
 225:FATFS/Target/sd_diskio.c ****   return SD_CheckStatus(lun);
 196              		.loc 1 225 3 is_stmt 1 view .LVU44
 197              		.loc 1 225 10 is_stmt 0 view .LVU45
 198 0002 FFF7FEFF 		bl	SD_CheckStatus
 199              	.LVL8:
 226:FATFS/Target/sd_diskio.c **** }
 200              		.loc 1 226 1 view .LVU46
 201 0006 08BD     		pop	{r3, pc}
 202              		.cfi_endproc
 203              	.LFE154:
 205              		.section	.text.SD_CheckStatusWithTimeout,"ax",%progbits
 206              		.align	1
 207              		.syntax unified
 208              		.thumb
 209              		.thumb_func
 211              	SD_CheckStatusWithTimeout:
 212              	.LVL9:
 213              	.LFB151:
 129:FATFS/Target/sd_diskio.c ****   uint32_t timer;
 214              		.loc 1 129 1 is_stmt 1 view -0
 215              		.cfi_startproc
 216              		@ args = 0, pretend = 0, frame = 0
ARM GAS  C:\Users\admin\AppData\Local\Temp\ccRQfkhW.s 			page 9


 217              		@ frame_needed = 0, uses_anonymous_args = 0
 129:FATFS/Target/sd_diskio.c ****   uint32_t timer;
 218              		.loc 1 129 1 is_stmt 0 view .LVU48
 219 0000 38B5     		push	{r3, r4, r5, lr}
 220              	.LCFI3:
 221              		.cfi_def_cfa_offset 16
 222              		.cfi_offset 3, -16
 223              		.cfi_offset 4, -12
 224              		.cfi_offset 5, -8
 225              		.cfi_offset 14, -4
 226 0002 0546     		mov	r5, r0
 130:FATFS/Target/sd_diskio.c ****   /* block until SDIO peripheral is ready again or a timeout occur */
 227              		.loc 1 130 3 is_stmt 1 view .LVU49
 136:FATFS/Target/sd_diskio.c ****   while( osKernelGetTickCount() - timer < timeout)
 228              		.loc 1 136 3 view .LVU50
 136:FATFS/Target/sd_diskio.c ****   while( osKernelGetTickCount() - timer < timeout)
 229              		.loc 1 136 11 is_stmt 0 view .LVU51
 230 0004 FFF7FEFF 		bl	osKernelGetTickCount
 231              	.LVL10:
 136:FATFS/Target/sd_diskio.c ****   while( osKernelGetTickCount() - timer < timeout)
 232              		.loc 1 136 11 view .LVU52
 233 0008 0446     		mov	r4, r0
 234              	.LVL11:
 137:FATFS/Target/sd_diskio.c **** #endif
 235              		.loc 1 137 3 is_stmt 1 view .LVU53
 236              	.L19:
 137:FATFS/Target/sd_diskio.c **** #endif
 237              		.loc 1 137 8 view .LVU54
 137:FATFS/Target/sd_diskio.c **** #endif
 238              		.loc 1 137 10 is_stmt 0 view .LVU55
 239 000a FFF7FEFF 		bl	osKernelGetTickCount
 240              	.LVL12:
 137:FATFS/Target/sd_diskio.c **** #endif
 241              		.loc 1 137 33 view .LVU56
 242 000e 001B     		subs	r0, r0, r4
 137:FATFS/Target/sd_diskio.c **** #endif
 243              		.loc 1 137 8 view .LVU57
 244 0010 A842     		cmp	r0, r5
 245 0012 05D2     		bcs	.L24
 140:FATFS/Target/sd_diskio.c ****     {
 246              		.loc 1 140 5 is_stmt 1 view .LVU58
 140:FATFS/Target/sd_diskio.c ****     {
 247              		.loc 1 140 9 is_stmt 0 view .LVU59
 248 0014 FFF7FEFF 		bl	BSP_SD_GetCardState
 249              	.LVL13:
 140:FATFS/Target/sd_diskio.c ****     {
 250              		.loc 1 140 8 view .LVU60
 251 0018 0028     		cmp	r0, #0
 252 001a F6D1     		bne	.L19
 142:FATFS/Target/sd_diskio.c ****     }
 253              		.loc 1 142 14 view .LVU61
 254 001c 0020     		movs	r0, #0
 255 001e 01E0     		b	.L18
 256              	.L24:
 146:FATFS/Target/sd_diskio.c **** }
 257              		.loc 1 146 10 view .LVU62
 258 0020 4FF0FF30 		mov	r0, #-1
ARM GAS  C:\Users\admin\AppData\Local\Temp\ccRQfkhW.s 			page 10


 259              	.L18:
 147:FATFS/Target/sd_diskio.c **** 
 260              		.loc 1 147 1 view .LVU63
 261 0024 38BD     		pop	{r3, r4, r5, pc}
 147:FATFS/Target/sd_diskio.c **** 
 262              		.loc 1 147 1 view .LVU64
 263              		.cfi_endproc
 264              	.LFE151:
 266              		.section	.text.SD_read,"ax",%progbits
 267              		.align	1
 268              		.global	SD_read
 269              		.syntax unified
 270              		.thumb
 271              		.thumb_func
 273              	SD_read:
 274              	.LVL14:
 275              	.LFB155:
 227:FATFS/Target/sd_diskio.c **** 
 228:FATFS/Target/sd_diskio.c **** /* USER CODE BEGIN beforeReadSection */
 229:FATFS/Target/sd_diskio.c **** /* can be used to modify previous code / undefine following code / add new code */
 230:FATFS/Target/sd_diskio.c **** /* USER CODE END beforeReadSection */
 231:FATFS/Target/sd_diskio.c **** /**
 232:FATFS/Target/sd_diskio.c ****   * @brief  Reads Sector(s)
 233:FATFS/Target/sd_diskio.c ****   * @param  lun : not used
 234:FATFS/Target/sd_diskio.c ****   * @param  *buff: Data buffer to store read data
 235:FATFS/Target/sd_diskio.c ****   * @param  sector: Sector address (LBA)
 236:FATFS/Target/sd_diskio.c ****   * @param  count: Number of sectors to read (1..128)
 237:FATFS/Target/sd_diskio.c ****   * @retval DRESULT: Operation result
 238:FATFS/Target/sd_diskio.c ****   */
 239:FATFS/Target/sd_diskio.c **** 
 240:FATFS/Target/sd_diskio.c **** DRESULT SD_read(BYTE lun, BYTE *buff, DWORD sector, UINT count)
 241:FATFS/Target/sd_diskio.c **** {
 276              		.loc 1 241 1 is_stmt 1 view -0
 277              		.cfi_startproc
 278              		@ args = 0, pretend = 0, frame = 8
 279              		@ frame_needed = 0, uses_anonymous_args = 0
 280              		.loc 1 241 1 is_stmt 0 view .LVU66
 281 0000 70B5     		push	{r4, r5, r6, lr}
 282              	.LCFI4:
 283              		.cfi_def_cfa_offset 16
 284              		.cfi_offset 4, -16
 285              		.cfi_offset 5, -12
 286              		.cfi_offset 6, -8
 287              		.cfi_offset 14, -4
 288 0002 82B0     		sub	sp, sp, #8
 289              	.LCFI5:
 290              		.cfi_def_cfa_offset 24
 291 0004 0C46     		mov	r4, r1
 292 0006 1546     		mov	r5, r2
 293 0008 1E46     		mov	r6, r3
 242:FATFS/Target/sd_diskio.c ****   uint8_t ret;
 294              		.loc 1 242 3 is_stmt 1 view .LVU67
 243:FATFS/Target/sd_diskio.c ****   DRESULT res = RES_ERROR;
 295              		.loc 1 243 3 view .LVU68
 296              	.LVL15:
 244:FATFS/Target/sd_diskio.c ****   uint32_t timer;
 297              		.loc 1 244 3 view .LVU69
ARM GAS  C:\Users\admin\AppData\Local\Temp\ccRQfkhW.s 			page 11


 245:FATFS/Target/sd_diskio.c **** #if (osCMSIS < 0x20000U)
 246:FATFS/Target/sd_diskio.c ****   osEvent event;
 247:FATFS/Target/sd_diskio.c **** #else
 248:FATFS/Target/sd_diskio.c ****   uint16_t event;
 298              		.loc 1 248 3 view .LVU70
 249:FATFS/Target/sd_diskio.c ****   osStatus_t status;
 299              		.loc 1 249 3 view .LVU71
 250:FATFS/Target/sd_diskio.c **** #endif
 251:FATFS/Target/sd_diskio.c **** #if (ENABLE_SD_DMA_CACHE_MAINTENANCE == 1)
 252:FATFS/Target/sd_diskio.c ****   uint32_t alignedAddr;
 253:FATFS/Target/sd_diskio.c **** #endif
 254:FATFS/Target/sd_diskio.c ****   /*
 255:FATFS/Target/sd_diskio.c ****   * ensure the SDCard is ready for a new operation
 256:FATFS/Target/sd_diskio.c ****   */
 257:FATFS/Target/sd_diskio.c **** 
 258:FATFS/Target/sd_diskio.c ****   if (SD_CheckStatusWithTimeout(SD_TIMEOUT) < 0)
 300              		.loc 1 258 3 view .LVU72
 301              		.loc 1 258 7 is_stmt 0 view .LVU73
 302 000a 47F23050 		movw	r0, #30000
 303              	.LVL16:
 304              		.loc 1 258 7 view .LVU74
 305 000e FFF7FEFF 		bl	SD_CheckStatusWithTimeout
 306              	.LVL17:
 307              		.loc 1 258 6 view .LVU75
 308 0012 0028     		cmp	r0, #0
 309 0014 28DB     		blt	.L29
 259:FATFS/Target/sd_diskio.c ****   {
 260:FATFS/Target/sd_diskio.c ****     return res;
 261:FATFS/Target/sd_diskio.c ****   }
 262:FATFS/Target/sd_diskio.c **** 
 263:FATFS/Target/sd_diskio.c **** #if defined(ENABLE_SCRATCH_BUFFER)
 264:FATFS/Target/sd_diskio.c ****   if (!((uint32_t)buff & 0x3))
 265:FATFS/Target/sd_diskio.c ****   {
 266:FATFS/Target/sd_diskio.c **** #endif
 267:FATFS/Target/sd_diskio.c ****     /* Fast path cause destination buffer is correctly aligned */
 268:FATFS/Target/sd_diskio.c ****     ret = BSP_SD_ReadBlocks_DMA((uint32_t*)buff, (uint32_t)(sector), count);
 310              		.loc 1 268 5 is_stmt 1 view .LVU76
 311              		.loc 1 268 11 is_stmt 0 view .LVU77
 312 0016 3246     		mov	r2, r6
 313 0018 2946     		mov	r1, r5
 314 001a 2046     		mov	r0, r4
 315 001c FFF7FEFF 		bl	BSP_SD_ReadBlocks_DMA
 316              	.LVL18:
 269:FATFS/Target/sd_diskio.c **** 
 270:FATFS/Target/sd_diskio.c ****     if (ret == MSD_OK) {
 317              		.loc 1 270 5 is_stmt 1 view .LVU78
 318              		.loc 1 270 8 is_stmt 0 view .LVU79
 319 0020 08B1     		cbz	r0, .L34
 243:FATFS/Target/sd_diskio.c ****   uint32_t timer;
 320              		.loc 1 243 11 view .LVU80
 321 0022 0120     		movs	r0, #1
 322              	.LVL19:
 243:FATFS/Target/sd_diskio.c ****   uint32_t timer;
 323              		.loc 1 243 11 view .LVU81
 324 0024 21E0     		b	.L26
 325              	.LVL20:
 326              	.L34:
ARM GAS  C:\Users\admin\AppData\Local\Temp\ccRQfkhW.s 			page 12


 271:FATFS/Target/sd_diskio.c **** #if (osCMSIS < 0x20000U)
 272:FATFS/Target/sd_diskio.c ****     /* wait for a message from the queue or a timeout */
 273:FATFS/Target/sd_diskio.c ****     event = osMessageGet(SDQueueID, SD_TIMEOUT);
 274:FATFS/Target/sd_diskio.c **** 
 275:FATFS/Target/sd_diskio.c ****     if (event.status == osEventMessage)
 276:FATFS/Target/sd_diskio.c ****     {
 277:FATFS/Target/sd_diskio.c ****       if (event.value.v == READ_CPLT_MSG)
 278:FATFS/Target/sd_diskio.c ****       {
 279:FATFS/Target/sd_diskio.c ****         timer = osKernelSysTick();
 280:FATFS/Target/sd_diskio.c ****         /* block until SDIO IP is ready or a timeout occur */
 281:FATFS/Target/sd_diskio.c ****         while(osKernelSysTick() - timer <SD_TIMEOUT)
 282:FATFS/Target/sd_diskio.c **** #else
 283:FATFS/Target/sd_diskio.c ****           status = osMessageQueueGet(SDQueueID, (void *)&event, NULL, SD_TIMEOUT);
 327              		.loc 1 283 11 is_stmt 1 view .LVU82
 328              		.loc 1 283 20 is_stmt 0 view .LVU83
 329 0026 47F23053 		movw	r3, #30000
 330 002a 0022     		movs	r2, #0
 331 002c 0DF10601 		add	r1, sp, #6
 332 0030 1048     		ldr	r0, .L37
 333              	.LVL21:
 334              		.loc 1 283 20 view .LVU84
 335 0032 0068     		ldr	r0, [r0]
 336 0034 FFF7FEFF 		bl	osMessageQueueGet
 337              	.LVL22:
 284:FATFS/Target/sd_diskio.c ****           if ((status == osOK) && (event == READ_CPLT_MSG))
 338              		.loc 1 284 11 is_stmt 1 view .LVU85
 339              		.loc 1 284 14 is_stmt 0 view .LVU86
 340 0038 C8B9     		cbnz	r0, .L31
 341              		.loc 1 284 42 discriminator 1 view .LVU87
 342 003a BDF80630 		ldrh	r3, [sp, #6]
 343              		.loc 1 284 32 discriminator 1 view .LVU88
 344 003e 012B     		cmp	r3, #1
 345 0040 01D0     		beq	.L35
 243:FATFS/Target/sd_diskio.c ****   uint32_t timer;
 346              		.loc 1 243 11 view .LVU89
 347 0042 0120     		movs	r0, #1
 348              	.LVL23:
 243:FATFS/Target/sd_diskio.c ****   uint32_t timer;
 349              		.loc 1 243 11 view .LVU90
 350 0044 11E0     		b	.L26
 351              	.LVL24:
 352              	.L35:
 285:FATFS/Target/sd_diskio.c ****           {
 286:FATFS/Target/sd_diskio.c ****             timer = osKernelGetTickCount();
 353              		.loc 1 286 13 is_stmt 1 view .LVU91
 354              		.loc 1 286 21 is_stmt 0 view .LVU92
 355 0046 FFF7FEFF 		bl	osKernelGetTickCount
 356              	.LVL25:
 357              		.loc 1 286 21 view .LVU93
 358 004a 0446     		mov	r4, r0
 359              	.LVL26:
 287:FATFS/Target/sd_diskio.c ****             /* block until SDIO IP is ready or a timeout occur */
 288:FATFS/Target/sd_diskio.c ****             while(osKernelGetTickCount() - timer <SD_TIMEOUT)
 360              		.loc 1 288 13 is_stmt 1 view .LVU94
 361              	.L27:
 362              		.loc 1 288 18 view .LVU95
 363              		.loc 1 288 19 is_stmt 0 view .LVU96
ARM GAS  C:\Users\admin\AppData\Local\Temp\ccRQfkhW.s 			page 13


 364 004c FFF7FEFF 		bl	osKernelGetTickCount
 365              	.LVL27:
 366              		.loc 1 288 42 view .LVU97
 367 0050 001B     		subs	r0, r0, r4
 368              		.loc 1 288 18 view .LVU98
 369 0052 47F22F53 		movw	r3, #29999
 370 0056 9842     		cmp	r0, r3
 371 0058 04D8     		bhi	.L36
 289:FATFS/Target/sd_diskio.c **** #endif
 290:FATFS/Target/sd_diskio.c ****             {
 291:FATFS/Target/sd_diskio.c ****               if (BSP_SD_GetCardState() == SD_TRANSFER_OK)
 372              		.loc 1 291 15 is_stmt 1 view .LVU99
 373              		.loc 1 291 19 is_stmt 0 view .LVU100
 374 005a FFF7FEFF 		bl	BSP_SD_GetCardState
 375              	.LVL28:
 376              		.loc 1 291 18 view .LVU101
 377 005e 0028     		cmp	r0, #0
 378 0060 F4D1     		bne	.L27
 379 0062 02E0     		b	.L26
 380              	.L36:
 243:FATFS/Target/sd_diskio.c ****   uint32_t timer;
 381              		.loc 1 243 11 view .LVU102
 382 0064 0120     		movs	r0, #1
 383 0066 00E0     		b	.L26
 384              	.LVL29:
 385              	.L29:
 260:FATFS/Target/sd_diskio.c ****   }
 386              		.loc 1 260 12 view .LVU103
 387 0068 0120     		movs	r0, #1
 388              	.LVL30:
 389              	.L26:
 292:FATFS/Target/sd_diskio.c ****               {
 293:FATFS/Target/sd_diskio.c ****                 res = RES_OK;
 294:FATFS/Target/sd_diskio.c **** #if (ENABLE_SD_DMA_CACHE_MAINTENANCE == 1)
 295:FATFS/Target/sd_diskio.c ****                 /*
 296:FATFS/Target/sd_diskio.c ****                 the SCB_InvalidateDCache_by_Addr() requires a 32-Byte aligned address,
 297:FATFS/Target/sd_diskio.c ****                 adjust the address and the D-Cache size to invalidate accordingly.
 298:FATFS/Target/sd_diskio.c ****                 */
 299:FATFS/Target/sd_diskio.c ****                 alignedAddr = (uint32_t)buff & ~0x1F;
 300:FATFS/Target/sd_diskio.c ****                 SCB_InvalidateDCache_by_Addr((uint32_t*)alignedAddr, count*BLOCKSIZE + ((uint32_t)b
 301:FATFS/Target/sd_diskio.c **** #endif
 302:FATFS/Target/sd_diskio.c ****                 break;
 303:FATFS/Target/sd_diskio.c ****               }
 304:FATFS/Target/sd_diskio.c ****             }
 305:FATFS/Target/sd_diskio.c **** #if (osCMSIS < 0x20000U)
 306:FATFS/Target/sd_diskio.c ****           }
 307:FATFS/Target/sd_diskio.c ****         }
 308:FATFS/Target/sd_diskio.c **** #else
 309:FATFS/Target/sd_diskio.c ****       }
 310:FATFS/Target/sd_diskio.c **** #endif
 311:FATFS/Target/sd_diskio.c ****     }
 312:FATFS/Target/sd_diskio.c **** 
 313:FATFS/Target/sd_diskio.c **** #if defined(ENABLE_SCRATCH_BUFFER)
 314:FATFS/Target/sd_diskio.c ****     }
 315:FATFS/Target/sd_diskio.c ****     else
 316:FATFS/Target/sd_diskio.c ****     {
 317:FATFS/Target/sd_diskio.c ****       /* Slow path, fetch each sector a part and memcpy to destination buffer */
ARM GAS  C:\Users\admin\AppData\Local\Temp\ccRQfkhW.s 			page 14


 318:FATFS/Target/sd_diskio.c ****       int i;
 319:FATFS/Target/sd_diskio.c **** 
 320:FATFS/Target/sd_diskio.c ****       for (i = 0; i < count; i++)
 321:FATFS/Target/sd_diskio.c ****       {
 322:FATFS/Target/sd_diskio.c ****         ret = BSP_SD_ReadBlocks_DMA((uint32_t*)scratch, (uint32_t)sector++, 1);
 323:FATFS/Target/sd_diskio.c ****         if (ret == MSD_OK )
 324:FATFS/Target/sd_diskio.c ****         {
 325:FATFS/Target/sd_diskio.c ****           /* wait until the read is successful or a timeout occurs */
 326:FATFS/Target/sd_diskio.c **** #if (osCMSIS < 0x20000U)
 327:FATFS/Target/sd_diskio.c ****           /* wait for a message from the queue or a timeout */
 328:FATFS/Target/sd_diskio.c ****           event = osMessageGet(SDQueueID, SD_TIMEOUT);
 329:FATFS/Target/sd_diskio.c **** 
 330:FATFS/Target/sd_diskio.c ****           if (event.status == osEventMessage)
 331:FATFS/Target/sd_diskio.c ****           {
 332:FATFS/Target/sd_diskio.c ****             if (event.value.v == READ_CPLT_MSG)
 333:FATFS/Target/sd_diskio.c ****             {
 334:FATFS/Target/sd_diskio.c ****               timer = osKernelSysTick();
 335:FATFS/Target/sd_diskio.c ****               /* block until SDIO IP is ready or a timeout occur */
 336:FATFS/Target/sd_diskio.c ****               while(osKernelSysTick() - timer <SD_TIMEOUT)
 337:FATFS/Target/sd_diskio.c **** #else
 338:FATFS/Target/sd_diskio.c ****                 status = osMessageQueueGet(SDQueueID, (void *)&event, NULL, SD_TIMEOUT);
 339:FATFS/Target/sd_diskio.c ****               if ((status == osOK) && (event == READ_CPLT_MSG))
 340:FATFS/Target/sd_diskio.c ****               {
 341:FATFS/Target/sd_diskio.c ****                 timer = osKernelGetTickCount();
 342:FATFS/Target/sd_diskio.c ****                 /* block until SDIO IP is ready or a timeout occur */
 343:FATFS/Target/sd_diskio.c ****                 ret = MSD_ERROR;
 344:FATFS/Target/sd_diskio.c ****                 while(osKernelGetTickCount() - timer < SD_TIMEOUT)
 345:FATFS/Target/sd_diskio.c **** #endif
 346:FATFS/Target/sd_diskio.c ****                 {
 347:FATFS/Target/sd_diskio.c ****                   ret = BSP_SD_GetCardState();
 348:FATFS/Target/sd_diskio.c **** 
 349:FATFS/Target/sd_diskio.c ****                   if (ret == MSD_OK)
 350:FATFS/Target/sd_diskio.c ****                   {
 351:FATFS/Target/sd_diskio.c ****                     break;
 352:FATFS/Target/sd_diskio.c ****                   }
 353:FATFS/Target/sd_diskio.c ****                 }
 354:FATFS/Target/sd_diskio.c **** 
 355:FATFS/Target/sd_diskio.c ****                 if (ret != MSD_OK)
 356:FATFS/Target/sd_diskio.c ****                 {
 357:FATFS/Target/sd_diskio.c ****                   break;
 358:FATFS/Target/sd_diskio.c ****                 }
 359:FATFS/Target/sd_diskio.c **** #if (osCMSIS < 0x20000U)
 360:FATFS/Target/sd_diskio.c ****               }
 361:FATFS/Target/sd_diskio.c ****             }
 362:FATFS/Target/sd_diskio.c **** #else
 363:FATFS/Target/sd_diskio.c ****           }
 364:FATFS/Target/sd_diskio.c **** #endif
 365:FATFS/Target/sd_diskio.c **** #if (ENABLE_SD_DMA_CACHE_MAINTENANCE == 1)
 366:FATFS/Target/sd_diskio.c ****           /*
 367:FATFS/Target/sd_diskio.c ****           *
 368:FATFS/Target/sd_diskio.c ****           * invalidate the scratch buffer before the next read to get the actual data instead of th
 369:FATFS/Target/sd_diskio.c ****           */
 370:FATFS/Target/sd_diskio.c ****           SCB_InvalidateDCache_by_Addr((uint32_t*)scratch, BLOCKSIZE);
 371:FATFS/Target/sd_diskio.c **** #endif
 372:FATFS/Target/sd_diskio.c ****           memcpy(buff, scratch, BLOCKSIZE);
 373:FATFS/Target/sd_diskio.c ****           buff += BLOCKSIZE;
 374:FATFS/Target/sd_diskio.c ****         }
ARM GAS  C:\Users\admin\AppData\Local\Temp\ccRQfkhW.s 			page 15


 375:FATFS/Target/sd_diskio.c ****         else
 376:FATFS/Target/sd_diskio.c ****         {
 377:FATFS/Target/sd_diskio.c ****           break;
 378:FATFS/Target/sd_diskio.c ****         }
 379:FATFS/Target/sd_diskio.c ****       }
 380:FATFS/Target/sd_diskio.c **** 
 381:FATFS/Target/sd_diskio.c ****       if ((i == count) && (ret == MSD_OK ))
 382:FATFS/Target/sd_diskio.c ****         res = RES_OK;
 383:FATFS/Target/sd_diskio.c ****     }
 384:FATFS/Target/sd_diskio.c **** #endif
 385:FATFS/Target/sd_diskio.c ****   return res;
 386:FATFS/Target/sd_diskio.c **** }
 390              		.loc 1 386 1 view .LVU104
 391 006a 02B0     		add	sp, sp, #8
 392              	.LCFI6:
 393              		.cfi_remember_state
 394              		.cfi_def_cfa_offset 16
 395              		@ sp needed
 396 006c 70BD     		pop	{r4, r5, r6, pc}
 397              	.LVL31:
 398              	.L31:
 399              	.LCFI7:
 400              		.cfi_restore_state
 243:FATFS/Target/sd_diskio.c ****   uint32_t timer;
 401              		.loc 1 243 11 view .LVU105
 402 006e 0120     		movs	r0, #1
 403              	.LVL32:
 243:FATFS/Target/sd_diskio.c ****   uint32_t timer;
 404              		.loc 1 243 11 view .LVU106
 405 0070 FBE7     		b	.L26
 406              	.L38:
 407 0072 00BF     		.align	2
 408              	.L37:
 409 0074 00000000 		.word	.LANCHOR1
 410              		.cfi_endproc
 411              	.LFE155:
 413              		.section	.text.SD_write,"ax",%progbits
 414              		.align	1
 415              		.global	SD_write
 416              		.syntax unified
 417              		.thumb
 418              		.thumb_func
 420              	SD_write:
 421              	.LVL33:
 422              	.LFB156:
 387:FATFS/Target/sd_diskio.c **** 
 388:FATFS/Target/sd_diskio.c **** /* USER CODE BEGIN beforeWriteSection */
 389:FATFS/Target/sd_diskio.c **** /* can be used to modify previous code / undefine following code / add new code */
 390:FATFS/Target/sd_diskio.c **** /* USER CODE END beforeWriteSection */
 391:FATFS/Target/sd_diskio.c **** /**
 392:FATFS/Target/sd_diskio.c ****   * @brief  Writes Sector(s)
 393:FATFS/Target/sd_diskio.c ****   * @param  lun : not used
 394:FATFS/Target/sd_diskio.c ****   * @param  *buff: Data to be written
 395:FATFS/Target/sd_diskio.c ****   * @param  sector: Sector address (LBA)
 396:FATFS/Target/sd_diskio.c ****   * @param  count: Number of sectors to write (1..128)
 397:FATFS/Target/sd_diskio.c ****   * @retval DRESULT: Operation result
 398:FATFS/Target/sd_diskio.c ****   */
ARM GAS  C:\Users\admin\AppData\Local\Temp\ccRQfkhW.s 			page 16


 399:FATFS/Target/sd_diskio.c **** #if _USE_WRITE == 1
 400:FATFS/Target/sd_diskio.c **** 
 401:FATFS/Target/sd_diskio.c **** DRESULT SD_write(BYTE lun, const BYTE *buff, DWORD sector, UINT count)
 402:FATFS/Target/sd_diskio.c **** {
 423              		.loc 1 402 1 is_stmt 1 view -0
 424              		.cfi_startproc
 425              		@ args = 0, pretend = 0, frame = 8
 426              		@ frame_needed = 0, uses_anonymous_args = 0
 427              		.loc 1 402 1 is_stmt 0 view .LVU108
 428 0000 70B5     		push	{r4, r5, r6, lr}
 429              	.LCFI8:
 430              		.cfi_def_cfa_offset 16
 431              		.cfi_offset 4, -16
 432              		.cfi_offset 5, -12
 433              		.cfi_offset 6, -8
 434              		.cfi_offset 14, -4
 435 0002 82B0     		sub	sp, sp, #8
 436              	.LCFI9:
 437              		.cfi_def_cfa_offset 24
 438 0004 0C46     		mov	r4, r1
 439 0006 1546     		mov	r5, r2
 440 0008 1E46     		mov	r6, r3
 403:FATFS/Target/sd_diskio.c ****   DRESULT res = RES_ERROR;
 441              		.loc 1 403 3 is_stmt 1 view .LVU109
 442              	.LVL34:
 404:FATFS/Target/sd_diskio.c ****   uint32_t timer;
 443              		.loc 1 404 3 view .LVU110
 405:FATFS/Target/sd_diskio.c **** 
 406:FATFS/Target/sd_diskio.c **** #if (osCMSIS < 0x20000U)
 407:FATFS/Target/sd_diskio.c ****   osEvent event;
 408:FATFS/Target/sd_diskio.c **** #else
 409:FATFS/Target/sd_diskio.c ****   uint16_t event;
 444              		.loc 1 409 3 view .LVU111
 410:FATFS/Target/sd_diskio.c ****   osStatus_t status;
 445              		.loc 1 410 3 view .LVU112
 411:FATFS/Target/sd_diskio.c **** #endif
 412:FATFS/Target/sd_diskio.c **** 
 413:FATFS/Target/sd_diskio.c **** #if defined(ENABLE_SCRATCH_BUFFER)
 414:FATFS/Target/sd_diskio.c ****   int32_t ret;
 415:FATFS/Target/sd_diskio.c **** #endif
 416:FATFS/Target/sd_diskio.c **** 
 417:FATFS/Target/sd_diskio.c ****   /*
 418:FATFS/Target/sd_diskio.c ****   * ensure the SDCard is ready for a new operation
 419:FATFS/Target/sd_diskio.c ****   */
 420:FATFS/Target/sd_diskio.c **** 
 421:FATFS/Target/sd_diskio.c ****   if (SD_CheckStatusWithTimeout(SD_TIMEOUT) < 0)
 446              		.loc 1 421 3 view .LVU113
 447              		.loc 1 421 7 is_stmt 0 view .LVU114
 448 000a 47F23050 		movw	r0, #30000
 449              	.LVL35:
 450              		.loc 1 421 7 view .LVU115
 451 000e FFF7FEFF 		bl	SD_CheckStatusWithTimeout
 452              	.LVL36:
 453              		.loc 1 421 6 view .LVU116
 454 0012 0028     		cmp	r0, #0
 455 0014 28DB     		blt	.L43
 422:FATFS/Target/sd_diskio.c ****   {
ARM GAS  C:\Users\admin\AppData\Local\Temp\ccRQfkhW.s 			page 17


 423:FATFS/Target/sd_diskio.c ****     return res;
 424:FATFS/Target/sd_diskio.c ****   }
 425:FATFS/Target/sd_diskio.c **** 
 426:FATFS/Target/sd_diskio.c **** #if defined(ENABLE_SCRATCH_BUFFER)
 427:FATFS/Target/sd_diskio.c ****   if (!((uint32_t)buff & 0x3))
 428:FATFS/Target/sd_diskio.c ****   {
 429:FATFS/Target/sd_diskio.c **** #endif
 430:FATFS/Target/sd_diskio.c **** #if (ENABLE_SD_DMA_CACHE_MAINTENANCE == 1)
 431:FATFS/Target/sd_diskio.c ****   uint32_t alignedAddr;
 432:FATFS/Target/sd_diskio.c ****   /*
 433:FATFS/Target/sd_diskio.c ****     the SCB_CleanDCache_by_Addr() requires a 32-Byte aligned address
 434:FATFS/Target/sd_diskio.c ****     adjust the address and the D-Cache size to clean accordingly.
 435:FATFS/Target/sd_diskio.c ****   */
 436:FATFS/Target/sd_diskio.c ****   alignedAddr = (uint32_t)buff & ~0x1F;
 437:FATFS/Target/sd_diskio.c ****   SCB_CleanDCache_by_Addr((uint32_t*)alignedAddr, count*BLOCKSIZE + ((uint32_t)buff - alignedAddr))
 438:FATFS/Target/sd_diskio.c **** #endif
 439:FATFS/Target/sd_diskio.c **** 
 440:FATFS/Target/sd_diskio.c ****   if(BSP_SD_WriteBlocks_DMA((uint32_t*)buff,
 456              		.loc 1 440 3 is_stmt 1 view .LVU117
 457              		.loc 1 440 6 is_stmt 0 view .LVU118
 458 0016 3246     		mov	r2, r6
 459 0018 2946     		mov	r1, r5
 460 001a 2046     		mov	r0, r4
 461 001c FFF7FEFF 		bl	BSP_SD_WriteBlocks_DMA
 462              	.LVL37:
 463              		.loc 1 440 5 view .LVU119
 464 0020 08B1     		cbz	r0, .L48
 403:FATFS/Target/sd_diskio.c ****   uint32_t timer;
 465              		.loc 1 403 11 view .LVU120
 466 0022 0120     		movs	r0, #1
 467 0024 21E0     		b	.L40
 468              	.L48:
 441:FATFS/Target/sd_diskio.c ****                            (uint32_t) (sector),
 442:FATFS/Target/sd_diskio.c ****                            count) == MSD_OK)
 443:FATFS/Target/sd_diskio.c ****   {
 444:FATFS/Target/sd_diskio.c **** #if (osCMSIS < 0x20000U)
 445:FATFS/Target/sd_diskio.c ****     /* Get the message from the queue */
 446:FATFS/Target/sd_diskio.c ****     event = osMessageGet(SDQueueID, SD_TIMEOUT);
 447:FATFS/Target/sd_diskio.c **** 
 448:FATFS/Target/sd_diskio.c ****     if (event.status == osEventMessage)
 449:FATFS/Target/sd_diskio.c ****     {
 450:FATFS/Target/sd_diskio.c ****       if (event.value.v == WRITE_CPLT_MSG)
 451:FATFS/Target/sd_diskio.c ****       {
 452:FATFS/Target/sd_diskio.c **** #else
 453:FATFS/Target/sd_diskio.c ****     status = osMessageQueueGet(SDQueueID, (void *)&event, NULL, SD_TIMEOUT);
 469              		.loc 1 453 5 is_stmt 1 view .LVU121
 470              		.loc 1 453 14 is_stmt 0 view .LVU122
 471 0026 47F23053 		movw	r3, #30000
 472 002a 0022     		movs	r2, #0
 473 002c 0DF10601 		add	r1, sp, #6
 474 0030 1048     		ldr	r0, .L51
 475 0032 0068     		ldr	r0, [r0]
 476 0034 FFF7FEFF 		bl	osMessageQueueGet
 477              	.LVL38:
 454:FATFS/Target/sd_diskio.c ****     if ((status == osOK) && (event == WRITE_CPLT_MSG))
 478              		.loc 1 454 5 is_stmt 1 view .LVU123
 479              		.loc 1 454 8 is_stmt 0 view .LVU124
ARM GAS  C:\Users\admin\AppData\Local\Temp\ccRQfkhW.s 			page 18


 480 0038 C8B9     		cbnz	r0, .L45
 481              		.loc 1 454 36 discriminator 1 view .LVU125
 482 003a BDF80630 		ldrh	r3, [sp, #6]
 483              		.loc 1 454 26 discriminator 1 view .LVU126
 484 003e 022B     		cmp	r3, #2
 485 0040 01D0     		beq	.L49
 403:FATFS/Target/sd_diskio.c ****   uint32_t timer;
 486              		.loc 1 403 11 view .LVU127
 487 0042 0120     		movs	r0, #1
 488              	.LVL39:
 403:FATFS/Target/sd_diskio.c ****   uint32_t timer;
 489              		.loc 1 403 11 view .LVU128
 490 0044 11E0     		b	.L40
 491              	.LVL40:
 492              	.L49:
 455:FATFS/Target/sd_diskio.c ****     {
 456:FATFS/Target/sd_diskio.c **** #endif
 457:FATFS/Target/sd_diskio.c ****  #if (osCMSIS < 0x20000U)
 458:FATFS/Target/sd_diskio.c ****         timer = osKernelSysTick();
 459:FATFS/Target/sd_diskio.c ****         /* block until SDIO IP is ready or a timeout occur */
 460:FATFS/Target/sd_diskio.c ****         while(osKernelSysTick() - timer  < SD_TIMEOUT)
 461:FATFS/Target/sd_diskio.c **** #else
 462:FATFS/Target/sd_diskio.c ****         timer = osKernelGetTickCount();
 493              		.loc 1 462 9 is_stmt 1 view .LVU129
 494              		.loc 1 462 17 is_stmt 0 view .LVU130
 495 0046 FFF7FEFF 		bl	osKernelGetTickCount
 496              	.LVL41:
 497              		.loc 1 462 17 view .LVU131
 498 004a 0446     		mov	r4, r0
 499              	.LVL42:
 463:FATFS/Target/sd_diskio.c ****         /* block until SDIO IP is ready or a timeout occur */
 464:FATFS/Target/sd_diskio.c ****         while(osKernelGetTickCount() - timer  < SD_TIMEOUT)
 500              		.loc 1 464 9 is_stmt 1 view .LVU132
 501              	.L41:
 502              		.loc 1 464 14 view .LVU133
 503              		.loc 1 464 15 is_stmt 0 view .LVU134
 504 004c FFF7FEFF 		bl	osKernelGetTickCount
 505              	.LVL43:
 506              		.loc 1 464 38 view .LVU135
 507 0050 001B     		subs	r0, r0, r4
 508              		.loc 1 464 14 view .LVU136
 509 0052 47F22F53 		movw	r3, #29999
 510 0056 9842     		cmp	r0, r3
 511 0058 04D8     		bhi	.L50
 465:FATFS/Target/sd_diskio.c **** #endif
 466:FATFS/Target/sd_diskio.c ****         {
 467:FATFS/Target/sd_diskio.c ****           if (BSP_SD_GetCardState() == SD_TRANSFER_OK)
 512              		.loc 1 467 11 is_stmt 1 view .LVU137
 513              		.loc 1 467 15 is_stmt 0 view .LVU138
 514 005a FFF7FEFF 		bl	BSP_SD_GetCardState
 515              	.LVL44:
 516              		.loc 1 467 14 view .LVU139
 517 005e 0028     		cmp	r0, #0
 518 0060 F4D1     		bne	.L41
 519 0062 02E0     		b	.L40
 520              	.L50:
 403:FATFS/Target/sd_diskio.c ****   uint32_t timer;
ARM GAS  C:\Users\admin\AppData\Local\Temp\ccRQfkhW.s 			page 19


 521              		.loc 1 403 11 view .LVU140
 522 0064 0120     		movs	r0, #1
 523 0066 00E0     		b	.L40
 524              	.LVL45:
 525              	.L43:
 423:FATFS/Target/sd_diskio.c ****   }
 526              		.loc 1 423 12 view .LVU141
 527 0068 0120     		movs	r0, #1
 528              	.LVL46:
 529              	.L40:
 468:FATFS/Target/sd_diskio.c ****           {
 469:FATFS/Target/sd_diskio.c ****             res = RES_OK;
 470:FATFS/Target/sd_diskio.c ****             break;
 471:FATFS/Target/sd_diskio.c ****           }
 472:FATFS/Target/sd_diskio.c ****         }
 473:FATFS/Target/sd_diskio.c **** #if (osCMSIS < 0x20000U)
 474:FATFS/Target/sd_diskio.c ****       }
 475:FATFS/Target/sd_diskio.c ****     }
 476:FATFS/Target/sd_diskio.c **** #else
 477:FATFS/Target/sd_diskio.c ****     }
 478:FATFS/Target/sd_diskio.c **** #endif
 479:FATFS/Target/sd_diskio.c ****   }
 480:FATFS/Target/sd_diskio.c **** #if defined(ENABLE_SCRATCH_BUFFER)
 481:FATFS/Target/sd_diskio.c ****   else {
 482:FATFS/Target/sd_diskio.c ****     /* Slow path, fetch each sector a part and memcpy to destination buffer */
 483:FATFS/Target/sd_diskio.c ****     int i;
 484:FATFS/Target/sd_diskio.c **** 
 485:FATFS/Target/sd_diskio.c **** #if (ENABLE_SD_DMA_CACHE_MAINTENANCE == 1)
 486:FATFS/Target/sd_diskio.c ****     /*
 487:FATFS/Target/sd_diskio.c ****      * invalidate the scratch buffer before the next write to get the actual data instead of the ca
 488:FATFS/Target/sd_diskio.c ****      */
 489:FATFS/Target/sd_diskio.c ****      SCB_InvalidateDCache_by_Addr((uint32_t*)scratch, BLOCKSIZE);
 490:FATFS/Target/sd_diskio.c **** #endif
 491:FATFS/Target/sd_diskio.c ****       for (i = 0; i < count; i++)
 492:FATFS/Target/sd_diskio.c ****       {
 493:FATFS/Target/sd_diskio.c ****         memcpy((void *)scratch, buff, BLOCKSIZE);
 494:FATFS/Target/sd_diskio.c ****         buff += BLOCKSIZE;
 495:FATFS/Target/sd_diskio.c **** 
 496:FATFS/Target/sd_diskio.c ****         ret = BSP_SD_WriteBlocks_DMA((uint32_t*)scratch, (uint32_t)sector++, 1);
 497:FATFS/Target/sd_diskio.c ****         if (ret == MSD_OK )
 498:FATFS/Target/sd_diskio.c ****         {
 499:FATFS/Target/sd_diskio.c ****           /* wait until the read is successful or a timeout occurs */
 500:FATFS/Target/sd_diskio.c **** #if (osCMSIS < 0x20000U)
 501:FATFS/Target/sd_diskio.c ****           /* wait for a message from the queue or a timeout */
 502:FATFS/Target/sd_diskio.c ****           event = osMessageGet(SDQueueID, SD_TIMEOUT);
 503:FATFS/Target/sd_diskio.c **** 
 504:FATFS/Target/sd_diskio.c ****           if (event.status == osEventMessage)
 505:FATFS/Target/sd_diskio.c ****           {
 506:FATFS/Target/sd_diskio.c ****             if (event.value.v == READ_CPLT_MSG)
 507:FATFS/Target/sd_diskio.c ****             {
 508:FATFS/Target/sd_diskio.c ****               timer = osKernelSysTick();
 509:FATFS/Target/sd_diskio.c ****               /* block until SDIO IP is ready or a timeout occur */
 510:FATFS/Target/sd_diskio.c ****               while(osKernelSysTick() - timer <SD_TIMEOUT)
 511:FATFS/Target/sd_diskio.c **** #else
 512:FATFS/Target/sd_diskio.c ****                 status = osMessageQueueGet(SDQueueID, (void *)&event, NULL, SD_TIMEOUT);
 513:FATFS/Target/sd_diskio.c ****               if ((status == osOK) && (event == READ_CPLT_MSG))
 514:FATFS/Target/sd_diskio.c ****               {
ARM GAS  C:\Users\admin\AppData\Local\Temp\ccRQfkhW.s 			page 20


 515:FATFS/Target/sd_diskio.c ****                 timer = osKernelGetTickCount();
 516:FATFS/Target/sd_diskio.c ****                 /* block until SDIO IP is ready or a timeout occur */
 517:FATFS/Target/sd_diskio.c ****                 ret = MSD_ERROR;
 518:FATFS/Target/sd_diskio.c ****                 while(osKernelGetTickCount() - timer < SD_TIMEOUT)
 519:FATFS/Target/sd_diskio.c **** #endif
 520:FATFS/Target/sd_diskio.c ****                 {
 521:FATFS/Target/sd_diskio.c ****                   ret = BSP_SD_GetCardState();
 522:FATFS/Target/sd_diskio.c **** 
 523:FATFS/Target/sd_diskio.c ****                   if (ret == MSD_OK)
 524:FATFS/Target/sd_diskio.c ****                   {
 525:FATFS/Target/sd_diskio.c ****                     break;
 526:FATFS/Target/sd_diskio.c ****                   }
 527:FATFS/Target/sd_diskio.c ****                 }
 528:FATFS/Target/sd_diskio.c **** 
 529:FATFS/Target/sd_diskio.c ****                 if (ret != MSD_OK)
 530:FATFS/Target/sd_diskio.c ****                 {
 531:FATFS/Target/sd_diskio.c ****                   break;
 532:FATFS/Target/sd_diskio.c ****                 }
 533:FATFS/Target/sd_diskio.c **** #if (osCMSIS < 0x20000U)
 534:FATFS/Target/sd_diskio.c ****               }
 535:FATFS/Target/sd_diskio.c ****             }
 536:FATFS/Target/sd_diskio.c **** #else
 537:FATFS/Target/sd_diskio.c ****           }
 538:FATFS/Target/sd_diskio.c **** #endif
 539:FATFS/Target/sd_diskio.c ****         }
 540:FATFS/Target/sd_diskio.c ****         else
 541:FATFS/Target/sd_diskio.c ****         {
 542:FATFS/Target/sd_diskio.c ****           break;
 543:FATFS/Target/sd_diskio.c ****         }
 544:FATFS/Target/sd_diskio.c ****       }
 545:FATFS/Target/sd_diskio.c **** 
 546:FATFS/Target/sd_diskio.c ****       if ((i == count) && (ret == MSD_OK ))
 547:FATFS/Target/sd_diskio.c ****         res = RES_OK;
 548:FATFS/Target/sd_diskio.c ****     }
 549:FATFS/Target/sd_diskio.c **** 
 550:FATFS/Target/sd_diskio.c ****   }
 551:FATFS/Target/sd_diskio.c **** #endif
 552:FATFS/Target/sd_diskio.c **** 
 553:FATFS/Target/sd_diskio.c ****   return res;
 554:FATFS/Target/sd_diskio.c **** }
 530              		.loc 1 554 1 view .LVU142
 531 006a 02B0     		add	sp, sp, #8
 532              	.LCFI10:
 533              		.cfi_remember_state
 534              		.cfi_def_cfa_offset 16
 535              		@ sp needed
 536 006c 70BD     		pop	{r4, r5, r6, pc}
 537              	.LVL47:
 538              	.L45:
 539              	.LCFI11:
 540              		.cfi_restore_state
 403:FATFS/Target/sd_diskio.c ****   uint32_t timer;
 541              		.loc 1 403 11 view .LVU143
 542 006e 0120     		movs	r0, #1
 543              	.LVL48:
 403:FATFS/Target/sd_diskio.c ****   uint32_t timer;
 544              		.loc 1 403 11 view .LVU144
ARM GAS  C:\Users\admin\AppData\Local\Temp\ccRQfkhW.s 			page 21


 545 0070 FBE7     		b	.L40
 546              	.L52:
 547 0072 00BF     		.align	2
 548              	.L51:
 549 0074 00000000 		.word	.LANCHOR1
 550              		.cfi_endproc
 551              	.LFE156:
 553              		.section	.text.SD_ioctl,"ax",%progbits
 554              		.align	1
 555              		.global	SD_ioctl
 556              		.syntax unified
 557              		.thumb
 558              		.thumb_func
 560              	SD_ioctl:
 561              	.LVL49:
 562              	.LFB157:
 555:FATFS/Target/sd_diskio.c ****  #endif /* _USE_WRITE == 1 */
 556:FATFS/Target/sd_diskio.c **** 
 557:FATFS/Target/sd_diskio.c **** /* USER CODE BEGIN beforeIoctlSection */
 558:FATFS/Target/sd_diskio.c **** /* can be used to modify previous code / undefine following code / add new code */
 559:FATFS/Target/sd_diskio.c **** /* USER CODE END beforeIoctlSection */
 560:FATFS/Target/sd_diskio.c **** /**
 561:FATFS/Target/sd_diskio.c ****   * @brief  I/O control operation
 562:FATFS/Target/sd_diskio.c ****   * @param  lun : not used
 563:FATFS/Target/sd_diskio.c ****   * @param  cmd: Control code
 564:FATFS/Target/sd_diskio.c ****   * @param  *buff: Buffer to send/receive control data
 565:FATFS/Target/sd_diskio.c ****   * @retval DRESULT: Operation result
 566:FATFS/Target/sd_diskio.c ****   */
 567:FATFS/Target/sd_diskio.c **** #if _USE_IOCTL == 1
 568:FATFS/Target/sd_diskio.c **** DRESULT SD_ioctl(BYTE lun, BYTE cmd, void *buff)
 569:FATFS/Target/sd_diskio.c **** {
 563              		.loc 1 569 1 is_stmt 1 view -0
 564              		.cfi_startproc
 565              		@ args = 0, pretend = 0, frame = 40
 566              		@ frame_needed = 0, uses_anonymous_args = 0
 567              		.loc 1 569 1 is_stmt 0 view .LVU146
 568 0000 30B5     		push	{r4, r5, lr}
 569              	.LCFI12:
 570              		.cfi_def_cfa_offset 12
 571              		.cfi_offset 4, -12
 572              		.cfi_offset 5, -8
 573              		.cfi_offset 14, -4
 574 0002 8BB0     		sub	sp, sp, #44
 575              	.LCFI13:
 576              		.cfi_def_cfa_offset 56
 570:FATFS/Target/sd_diskio.c ****   DRESULT res = RES_ERROR;
 577              		.loc 1 570 3 is_stmt 1 view .LVU147
 578              	.LVL50:
 571:FATFS/Target/sd_diskio.c ****   BSP_SD_CardInfo CardInfo;
 579              		.loc 1 571 3 view .LVU148
 572:FATFS/Target/sd_diskio.c **** 
 573:FATFS/Target/sd_diskio.c ****   if (Stat & STA_NOINIT) return RES_NOTRDY;
 580              		.loc 1 573 3 view .LVU149
 581              		.loc 1 573 12 is_stmt 0 view .LVU150
 582 0004 134B     		ldr	r3, .L63
 583 0006 1878     		ldrb	r0, [r3]	@ zero_extendqisi2
 584              	.LVL51:
ARM GAS  C:\Users\admin\AppData\Local\Temp\ccRQfkhW.s 			page 22


 585              		.loc 1 573 6 view .LVU151
 586 0008 10F00104 		ands	r4, r0, #1
 587 000c 1BD1     		bne	.L60
 588 000e 1546     		mov	r5, r2
 574:FATFS/Target/sd_diskio.c **** 
 575:FATFS/Target/sd_diskio.c ****   switch (cmd)
 589              		.loc 1 575 3 is_stmt 1 view .LVU152
 590 0010 0329     		cmp	r1, #3
 591 0012 1CD8     		bhi	.L61
 592 0014 DFE801F0 		tbb	[pc, r1]
 593              	.L56:
 594 0018 02       		.byte	(.L59-.L56)/2
 595 0019 04       		.byte	(.L58-.L56)/2
 596 001a 0A       		.byte	(.L57-.L56)/2
 597 001b 10       		.byte	(.L55-.L56)/2
 598              		.p2align 1
 599              	.L59:
 600 001c 0C46     		mov	r4, r1
 601 001e 13E0     		b	.L54
 602              	.L58:
 576:FATFS/Target/sd_diskio.c ****   {
 577:FATFS/Target/sd_diskio.c ****   /* Make sure that no pending write process */
 578:FATFS/Target/sd_diskio.c ****   case CTRL_SYNC :
 579:FATFS/Target/sd_diskio.c ****     res = RES_OK;
 580:FATFS/Target/sd_diskio.c ****     break;
 581:FATFS/Target/sd_diskio.c **** 
 582:FATFS/Target/sd_diskio.c ****   /* Get number of sectors on the disk (DWORD) */
 583:FATFS/Target/sd_diskio.c ****   case GET_SECTOR_COUNT :
 584:FATFS/Target/sd_diskio.c ****     BSP_SD_GetCardInfo(&CardInfo);
 603              		.loc 1 584 5 view .LVU153
 604 0020 01A8     		add	r0, sp, #4
 605 0022 FFF7FEFF 		bl	BSP_SD_GetCardInfo
 606              	.LVL52:
 585:FATFS/Target/sd_diskio.c ****     *(DWORD*)buff = CardInfo.LogBlockNbr;
 607              		.loc 1 585 5 view .LVU154
 608              		.loc 1 585 29 is_stmt 0 view .LVU155
 609 0026 079B     		ldr	r3, [sp, #28]
 610              		.loc 1 585 19 view .LVU156
 611 0028 2B60     		str	r3, [r5]
 586:FATFS/Target/sd_diskio.c ****     res = RES_OK;
 612              		.loc 1 586 5 is_stmt 1 view .LVU157
 613              	.LVL53:
 587:FATFS/Target/sd_diskio.c ****     break;
 614              		.loc 1 587 5 view .LVU158
 615 002a 0DE0     		b	.L54
 616              	.LVL54:
 617              	.L57:
 588:FATFS/Target/sd_diskio.c **** 
 589:FATFS/Target/sd_diskio.c ****   /* Get R/W sector size (WORD) */
 590:FATFS/Target/sd_diskio.c ****   case GET_SECTOR_SIZE :
 591:FATFS/Target/sd_diskio.c ****     BSP_SD_GetCardInfo(&CardInfo);
 618              		.loc 1 591 5 view .LVU159
 619 002c 01A8     		add	r0, sp, #4
 620 002e FFF7FEFF 		bl	BSP_SD_GetCardInfo
 621              	.LVL55:
 592:FATFS/Target/sd_diskio.c ****     *(WORD*)buff = CardInfo.LogBlockSize;
 622              		.loc 1 592 5 view .LVU160
ARM GAS  C:\Users\admin\AppData\Local\Temp\ccRQfkhW.s 			page 23


 623              		.loc 1 592 28 is_stmt 0 view .LVU161
 624 0032 089B     		ldr	r3, [sp, #32]
 625              		.loc 1 592 18 view .LVU162
 626 0034 2B80     		strh	r3, [r5]	@ movhi
 593:FATFS/Target/sd_diskio.c ****     res = RES_OK;
 627              		.loc 1 593 5 is_stmt 1 view .LVU163
 628              	.LVL56:
 594:FATFS/Target/sd_diskio.c ****     break;
 629              		.loc 1 594 5 view .LVU164
 630 0036 07E0     		b	.L54
 631              	.LVL57:
 632              	.L55:
 595:FATFS/Target/sd_diskio.c **** 
 596:FATFS/Target/sd_diskio.c ****   /* Get erase block size in unit of sector (DWORD) */
 597:FATFS/Target/sd_diskio.c ****   case GET_BLOCK_SIZE :
 598:FATFS/Target/sd_diskio.c ****     BSP_SD_GetCardInfo(&CardInfo);
 633              		.loc 1 598 5 view .LVU165
 634 0038 01A8     		add	r0, sp, #4
 635 003a FFF7FEFF 		bl	BSP_SD_GetCardInfo
 636              	.LVL58:
 599:FATFS/Target/sd_diskio.c ****     *(DWORD*)buff = CardInfo.LogBlockSize / SD_DEFAULT_BLOCK_SIZE;
 637              		.loc 1 599 5 view .LVU166
 638              		.loc 1 599 29 is_stmt 0 view .LVU167
 639 003e 089B     		ldr	r3, [sp, #32]
 640              		.loc 1 599 43 view .LVU168
 641 0040 5B0A     		lsrs	r3, r3, #9
 642              		.loc 1 599 19 view .LVU169
 643 0042 2B60     		str	r3, [r5]
 600:FATFS/Target/sd_diskio.c ****     res = RES_OK;
 644              		.loc 1 600 5 is_stmt 1 view .LVU170
 645              	.LVL59:
 601:FATFS/Target/sd_diskio.c ****     break;
 646              		.loc 1 601 5 view .LVU171
 647 0044 00E0     		b	.L54
 648              	.LVL60:
 649              	.L60:
 573:FATFS/Target/sd_diskio.c **** 
 650              		.loc 1 573 33 is_stmt 0 view .LVU172
 651 0046 0324     		movs	r4, #3
 652              	.LVL61:
 653              	.L54:
 602:FATFS/Target/sd_diskio.c **** 
 603:FATFS/Target/sd_diskio.c ****   default:
 604:FATFS/Target/sd_diskio.c ****     res = RES_PARERR;
 605:FATFS/Target/sd_diskio.c ****   }
 606:FATFS/Target/sd_diskio.c **** 
 607:FATFS/Target/sd_diskio.c ****   return res;
 608:FATFS/Target/sd_diskio.c **** }
 654              		.loc 1 608 1 view .LVU173
 655 0048 2046     		mov	r0, r4
 656 004a 0BB0     		add	sp, sp, #44
 657              	.LCFI14:
 658              		.cfi_remember_state
 659              		.cfi_def_cfa_offset 12
 660              		@ sp needed
 661 004c 30BD     		pop	{r4, r5, pc}
 662              	.LVL62:
ARM GAS  C:\Users\admin\AppData\Local\Temp\ccRQfkhW.s 			page 24


 663              	.L61:
 664              	.LCFI15:
 665              		.cfi_restore_state
 604:FATFS/Target/sd_diskio.c ****   }
 666              		.loc 1 604 9 view .LVU174
 667 004e 0424     		movs	r4, #4
 668 0050 FAE7     		b	.L54
 669              	.L64:
 670 0052 00BF     		.align	2
 671              	.L63:
 672 0054 00000000 		.word	.LANCHOR0
 673              		.cfi_endproc
 674              	.LFE157:
 676              		.section	.text.BSP_SD_WriteCpltCallback,"ax",%progbits
 677              		.align	1
 678              		.global	BSP_SD_WriteCpltCallback
 679              		.syntax unified
 680              		.thumb
 681              		.thumb_func
 683              	BSP_SD_WriteCpltCallback:
 684              	.LFB158:
 609:FATFS/Target/sd_diskio.c **** #endif /* _USE_IOCTL == 1 */
 610:FATFS/Target/sd_diskio.c **** 
 611:FATFS/Target/sd_diskio.c **** /* USER CODE BEGIN afterIoctlSection */
 612:FATFS/Target/sd_diskio.c **** /* can be used to modify previous code / undefine following code / add new code */
 613:FATFS/Target/sd_diskio.c **** /* USER CODE END afterIoctlSection */
 614:FATFS/Target/sd_diskio.c **** 
 615:FATFS/Target/sd_diskio.c **** /* USER CODE BEGIN callbackSection */
 616:FATFS/Target/sd_diskio.c **** /* can be used to modify / following code or add new code */
 617:FATFS/Target/sd_diskio.c **** /* USER CODE END callbackSection */
 618:FATFS/Target/sd_diskio.c **** /**
 619:FATFS/Target/sd_diskio.c ****   * @brief Tx Transfer completed callbacks
 620:FATFS/Target/sd_diskio.c ****   * @param hsd: SD handle
 621:FATFS/Target/sd_diskio.c ****   * @retval None
 622:FATFS/Target/sd_diskio.c ****   */
 623:FATFS/Target/sd_diskio.c **** void BSP_SD_WriteCpltCallback(void)
 624:FATFS/Target/sd_diskio.c **** {
 685              		.loc 1 624 1 is_stmt 1 view -0
 686              		.cfi_startproc
 687              		@ args = 0, pretend = 0, frame = 8
 688              		@ frame_needed = 0, uses_anonymous_args = 0
 689 0000 00B5     		push	{lr}
 690              	.LCFI16:
 691              		.cfi_def_cfa_offset 4
 692              		.cfi_offset 14, -4
 693 0002 83B0     		sub	sp, sp, #12
 694              	.LCFI17:
 695              		.cfi_def_cfa_offset 16
 625:FATFS/Target/sd_diskio.c **** 
 626:FATFS/Target/sd_diskio.c ****   /*
 627:FATFS/Target/sd_diskio.c ****    * No need to add an "osKernelRunning()" check here, as the SD_initialize()
 628:FATFS/Target/sd_diskio.c ****    * is always called before any SD_Read()/SD_Write() call
 629:FATFS/Target/sd_diskio.c ****    */
 630:FATFS/Target/sd_diskio.c **** #if (osCMSIS < 0x20000U)
 631:FATFS/Target/sd_diskio.c ****    osMessagePut(SDQueueID, WRITE_CPLT_MSG, 0);
 632:FATFS/Target/sd_diskio.c **** #else
 633:FATFS/Target/sd_diskio.c ****    const uint16_t msg = WRITE_CPLT_MSG;
ARM GAS  C:\Users\admin\AppData\Local\Temp\ccRQfkhW.s 			page 25


 696              		.loc 1 633 4 view .LVU176
 697              		.loc 1 633 19 is_stmt 0 view .LVU177
 698 0004 0223     		movs	r3, #2
 699 0006 ADF80630 		strh	r3, [sp, #6]	@ movhi
 634:FATFS/Target/sd_diskio.c ****    osMessageQueuePut(SDQueueID, (const void *)&msg, 0, 0);
 700              		.loc 1 634 4 is_stmt 1 view .LVU178
 701 000a 0023     		movs	r3, #0
 702 000c 1A46     		mov	r2, r3
 703 000e 0DF10601 		add	r1, sp, #6
 704 0012 0348     		ldr	r0, .L67
 705 0014 0068     		ldr	r0, [r0]
 706 0016 FFF7FEFF 		bl	osMessageQueuePut
 707              	.LVL63:
 635:FATFS/Target/sd_diskio.c **** #endif
 636:FATFS/Target/sd_diskio.c **** }
 708              		.loc 1 636 1 is_stmt 0 view .LVU179
 709 001a 03B0     		add	sp, sp, #12
 710              	.LCFI18:
 711              		.cfi_def_cfa_offset 4
 712              		@ sp needed
 713 001c 5DF804FB 		ldr	pc, [sp], #4
 714              	.L68:
 715              		.align	2
 716              	.L67:
 717 0020 00000000 		.word	.LANCHOR1
 718              		.cfi_endproc
 719              	.LFE158:
 721              		.section	.text.BSP_SD_ReadCpltCallback,"ax",%progbits
 722              		.align	1
 723              		.global	BSP_SD_ReadCpltCallback
 724              		.syntax unified
 725              		.thumb
 726              		.thumb_func
 728              	BSP_SD_ReadCpltCallback:
 729              	.LFB159:
 637:FATFS/Target/sd_diskio.c **** 
 638:FATFS/Target/sd_diskio.c **** /**
 639:FATFS/Target/sd_diskio.c ****   * @brief Rx Transfer completed callbacks
 640:FATFS/Target/sd_diskio.c ****   * @param hsd: SD handle
 641:FATFS/Target/sd_diskio.c ****   * @retval None
 642:FATFS/Target/sd_diskio.c ****   */
 643:FATFS/Target/sd_diskio.c **** void BSP_SD_ReadCpltCallback(void)
 644:FATFS/Target/sd_diskio.c **** {
 730              		.loc 1 644 1 is_stmt 1 view -0
 731              		.cfi_startproc
 732              		@ args = 0, pretend = 0, frame = 8
 733              		@ frame_needed = 0, uses_anonymous_args = 0
 734 0000 00B5     		push	{lr}
 735              	.LCFI19:
 736              		.cfi_def_cfa_offset 4
 737              		.cfi_offset 14, -4
 738 0002 83B0     		sub	sp, sp, #12
 739              	.LCFI20:
 740              		.cfi_def_cfa_offset 16
 645:FATFS/Target/sd_diskio.c ****   /*
 646:FATFS/Target/sd_diskio.c ****    * No need to add an "osKernelRunning()" check here, as the SD_initialize()
 647:FATFS/Target/sd_diskio.c ****    * is always called before any SD_Read()/SD_Write() call
ARM GAS  C:\Users\admin\AppData\Local\Temp\ccRQfkhW.s 			page 26


 648:FATFS/Target/sd_diskio.c ****    */
 649:FATFS/Target/sd_diskio.c **** #if (osCMSIS < 0x20000U)
 650:FATFS/Target/sd_diskio.c ****    osMessagePut(SDQueueID, READ_CPLT_MSG, 0);
 651:FATFS/Target/sd_diskio.c **** #else
 652:FATFS/Target/sd_diskio.c ****    const uint16_t msg = READ_CPLT_MSG;
 741              		.loc 1 652 4 view .LVU181
 742              		.loc 1 652 19 is_stmt 0 view .LVU182
 743 0004 0123     		movs	r3, #1
 744 0006 ADF80630 		strh	r3, [sp, #6]	@ movhi
 653:FATFS/Target/sd_diskio.c ****    osMessageQueuePut(SDQueueID, (const void *)&msg, 0, 0);
 745              		.loc 1 653 4 is_stmt 1 view .LVU183
 746 000a 0023     		movs	r3, #0
 747 000c 1A46     		mov	r2, r3
 748 000e 0DF10601 		add	r1, sp, #6
 749 0012 0348     		ldr	r0, .L71
 750 0014 0068     		ldr	r0, [r0]
 751 0016 FFF7FEFF 		bl	osMessageQueuePut
 752              	.LVL64:
 654:FATFS/Target/sd_diskio.c **** #endif
 655:FATFS/Target/sd_diskio.c **** }
 753              		.loc 1 655 1 is_stmt 0 view .LVU184
 754 001a 03B0     		add	sp, sp, #12
 755              	.LCFI21:
 756              		.cfi_def_cfa_offset 4
 757              		@ sp needed
 758 001c 5DF804FB 		ldr	pc, [sp], #4
 759              	.L72:
 760              		.align	2
 761              	.L71:
 762 0020 00000000 		.word	.LANCHOR1
 763              		.cfi_endproc
 764              	.LFE159:
 766              		.global	SD_Driver
 767              		.section	.bss.SDQueueID,"aw",%nobits
 768              		.align	2
 769              		.set	.LANCHOR1,. + 0
 772              	SDQueueID:
 773 0000 00000000 		.space	4
 774              		.section	.data.Stat,"aw"
 775              		.set	.LANCHOR0,. + 0
 778              	Stat:
 779 0000 01       		.byte	1
 780              		.section	.rodata.SD_Driver,"a"
 781              		.align	2
 784              	SD_Driver:
 785 0000 00000000 		.word	SD_initialize
 786 0004 00000000 		.word	SD_status
 787 0008 00000000 		.word	SD_read
 788 000c 00000000 		.word	SD_write
 789 0010 00000000 		.word	SD_ioctl
 790              		.text
 791              	.Letext0:
 792              		.file 2 "Middlewares/Third_Party/FatFs/src/integer.h"
 793              		.file 3 "Middlewares/Third_Party/FatFs/src/diskio.h"
 794              		.file 4 "c:\\program files (x86)\\gnu arm embedded toolchain\\10 2021.10\\arm-none-eabi\\include\\
 795              		.file 5 "c:\\program files (x86)\\gnu arm embedded toolchain\\10 2021.10\\arm-none-eabi\\include\\
 796              		.file 6 "Drivers/STM32H7xx_HAL_Driver/Inc/stm32h7xx_hal_sd.h"
ARM GAS  C:\Users\admin\AppData\Local\Temp\ccRQfkhW.s 			page 27


 797              		.file 7 "Middlewares/Third_Party/FreeRTOS/Source/CMSIS_RTOS_V2/cmsis_os2.h"
 798              		.file 8 "Middlewares/Third_Party/FatFs/src/ff_gen_drv.h"
 799              		.file 9 "FATFS/Target/sd_diskio.h"
 800              		.file 10 "FATFS/Target/bsp_driver_sd.h"
ARM GAS  C:\Users\admin\AppData\Local\Temp\ccRQfkhW.s 			page 28


DEFINED SYMBOLS
                            *ABS*:00000000 sd_diskio.c
C:\Users\admin\AppData\Local\Temp\ccRQfkhW.s:19     .text.SD_CheckStatus:00000000 $t
C:\Users\admin\AppData\Local\Temp\ccRQfkhW.s:24     .text.SD_CheckStatus:00000000 SD_CheckStatus
C:\Users\admin\AppData\Local\Temp\ccRQfkhW.s:65     .text.SD_CheckStatus:00000020 $d
C:\Users\admin\AppData\Local\Temp\ccRQfkhW.s:70     .text.SD_initialize:00000000 $t
C:\Users\admin\AppData\Local\Temp\ccRQfkhW.s:76     .text.SD_initialize:00000000 SD_initialize
C:\Users\admin\AppData\Local\Temp\ccRQfkhW.s:171    .text.SD_initialize:00000060 $d
C:\Users\admin\AppData\Local\Temp\ccRQfkhW.s:177    .text.SD_status:00000000 $t
C:\Users\admin\AppData\Local\Temp\ccRQfkhW.s:183    .text.SD_status:00000000 SD_status
C:\Users\admin\AppData\Local\Temp\ccRQfkhW.s:206    .text.SD_CheckStatusWithTimeout:00000000 $t
C:\Users\admin\AppData\Local\Temp\ccRQfkhW.s:211    .text.SD_CheckStatusWithTimeout:00000000 SD_CheckStatusWithTimeout
C:\Users\admin\AppData\Local\Temp\ccRQfkhW.s:267    .text.SD_read:00000000 $t
C:\Users\admin\AppData\Local\Temp\ccRQfkhW.s:273    .text.SD_read:00000000 SD_read
C:\Users\admin\AppData\Local\Temp\ccRQfkhW.s:409    .text.SD_read:00000074 $d
C:\Users\admin\AppData\Local\Temp\ccRQfkhW.s:414    .text.SD_write:00000000 $t
C:\Users\admin\AppData\Local\Temp\ccRQfkhW.s:420    .text.SD_write:00000000 SD_write
C:\Users\admin\AppData\Local\Temp\ccRQfkhW.s:549    .text.SD_write:00000074 $d
C:\Users\admin\AppData\Local\Temp\ccRQfkhW.s:554    .text.SD_ioctl:00000000 $t
C:\Users\admin\AppData\Local\Temp\ccRQfkhW.s:560    .text.SD_ioctl:00000000 SD_ioctl
C:\Users\admin\AppData\Local\Temp\ccRQfkhW.s:594    .text.SD_ioctl:00000018 $d
C:\Users\admin\AppData\Local\Temp\ccRQfkhW.s:598    .text.SD_ioctl:0000001c $t
C:\Users\admin\AppData\Local\Temp\ccRQfkhW.s:672    .text.SD_ioctl:00000054 $d
C:\Users\admin\AppData\Local\Temp\ccRQfkhW.s:677    .text.BSP_SD_WriteCpltCallback:00000000 $t
C:\Users\admin\AppData\Local\Temp\ccRQfkhW.s:683    .text.BSP_SD_WriteCpltCallback:00000000 BSP_SD_WriteCpltCallback
C:\Users\admin\AppData\Local\Temp\ccRQfkhW.s:717    .text.BSP_SD_WriteCpltCallback:00000020 $d
C:\Users\admin\AppData\Local\Temp\ccRQfkhW.s:722    .text.BSP_SD_ReadCpltCallback:00000000 $t
C:\Users\admin\AppData\Local\Temp\ccRQfkhW.s:728    .text.BSP_SD_ReadCpltCallback:00000000 BSP_SD_ReadCpltCallback
C:\Users\admin\AppData\Local\Temp\ccRQfkhW.s:762    .text.BSP_SD_ReadCpltCallback:00000020 $d
C:\Users\admin\AppData\Local\Temp\ccRQfkhW.s:784    .rodata.SD_Driver:00000000 SD_Driver
C:\Users\admin\AppData\Local\Temp\ccRQfkhW.s:768    .bss.SDQueueID:00000000 $d
C:\Users\admin\AppData\Local\Temp\ccRQfkhW.s:772    .bss.SDQueueID:00000000 SDQueueID
C:\Users\admin\AppData\Local\Temp\ccRQfkhW.s:778    .data.Stat:00000000 Stat
C:\Users\admin\AppData\Local\Temp\ccRQfkhW.s:781    .rodata.SD_Driver:00000000 $d

UNDEFINED SYMBOLS
BSP_SD_GetCardState
osKernelGetState
BSP_SD_Init
osMessageQueueNew
osKernelGetTickCount
BSP_SD_ReadBlocks_DMA
osMessageQueueGet
BSP_SD_WriteBlocks_DMA
BSP_SD_GetCardInfo
osMessageQueuePut
