ARM GAS  C:\Users\admin\AppData\Local\Temp\ccGGucE6.s 			page 1


   1              		.cpu cortex-m7
   2              		.arch armv7e-m
   3              		.fpu fpv5-d16
   4              		.eabi_attribute 28, 1
   5              		.eabi_attribute 20, 1
   6              		.eabi_attribute 21, 1
   7              		.eabi_attribute 23, 3
   8              		.eabi_attribute 24, 1
   9              		.eabi_attribute 25, 1
  10              		.eabi_attribute 26, 1
  11              		.eabi_attribute 30, 1
  12              		.eabi_attribute 34, 1
  13              		.eabi_attribute 18, 4
  14              		.file	"syscall.c"
  15              		.text
  16              	.Ltext0:
  17              		.cfi_sections	.debug_frame
  18              		.section	.text.ff_cre_syncobj,"ax",%progbits
  19              		.align	1
  20              		.global	ff_cre_syncobj
  21              		.syntax unified
  22              		.thumb
  23              		.thumb_func
  25              	ff_cre_syncobj:
  26              	.LVL0:
  27              	.LFB148:
  28              		.file 1 "Middlewares/Third_Party/FatFs/src/option/syscall.c"
   1:Middlewares/Third_Party/FatFs/src/option/syscall.c **** /*------------------------------------------------------------------------*/
   2:Middlewares/Third_Party/FatFs/src/option/syscall.c **** /* Sample code of OS dependent controls for FatFs                         */
   3:Middlewares/Third_Party/FatFs/src/option/syscall.c **** /* (C)ChaN, 2014                                                          */
   4:Middlewares/Third_Party/FatFs/src/option/syscall.c **** /*   Portions COPYRIGHT 2017 STMicroelectronics                           */
   5:Middlewares/Third_Party/FatFs/src/option/syscall.c **** /*   Portions Copyright (C) 2014, ChaN, all right reserved                */
   6:Middlewares/Third_Party/FatFs/src/option/syscall.c **** /*------------------------------------------------------------------------*/
   7:Middlewares/Third_Party/FatFs/src/option/syscall.c **** 
   8:Middlewares/Third_Party/FatFs/src/option/syscall.c **** /**
   9:Middlewares/Third_Party/FatFs/src/option/syscall.c ****   ******************************************************************************
  10:Middlewares/Third_Party/FatFs/src/option/syscall.c ****   * @attention
  11:Middlewares/Third_Party/FatFs/src/option/syscall.c ****   *
  12:Middlewares/Third_Party/FatFs/src/option/syscall.c ****   * Copyright (c) 2017 STMicroelectronics. All rights reserved.
  13:Middlewares/Third_Party/FatFs/src/option/syscall.c ****   *
  14:Middlewares/Third_Party/FatFs/src/option/syscall.c ****   * This software component is licensed by ST under BSD 3-Clause license,
  15:Middlewares/Third_Party/FatFs/src/option/syscall.c ****   * the "License"; You may not use this file except in compliance with the
  16:Middlewares/Third_Party/FatFs/src/option/syscall.c ****   * License. You may obtain a copy of the License at:
  17:Middlewares/Third_Party/FatFs/src/option/syscall.c ****   *                       opensource.org/licenses/BSD-3-Clause
  18:Middlewares/Third_Party/FatFs/src/option/syscall.c ****   *
  19:Middlewares/Third_Party/FatFs/src/option/syscall.c ****   ******************************************************************************
  20:Middlewares/Third_Party/FatFs/src/option/syscall.c **** **/
  21:Middlewares/Third_Party/FatFs/src/option/syscall.c **** 
  22:Middlewares/Third_Party/FatFs/src/option/syscall.c **** 
  23:Middlewares/Third_Party/FatFs/src/option/syscall.c **** 
  24:Middlewares/Third_Party/FatFs/src/option/syscall.c **** #include "../ff.h"
  25:Middlewares/Third_Party/FatFs/src/option/syscall.c **** 
  26:Middlewares/Third_Party/FatFs/src/option/syscall.c **** 
  27:Middlewares/Third_Party/FatFs/src/option/syscall.c **** #if _FS_REENTRANT
  28:Middlewares/Third_Party/FatFs/src/option/syscall.c **** /*------------------------------------------------------------------------*/
  29:Middlewares/Third_Party/FatFs/src/option/syscall.c **** /* Create a Synchronization Object                                        */
  30:Middlewares/Third_Party/FatFs/src/option/syscall.c **** /*------------------------------------------------------------------------*/
ARM GAS  C:\Users\admin\AppData\Local\Temp\ccGGucE6.s 			page 2


  31:Middlewares/Third_Party/FatFs/src/option/syscall.c **** /* This function is called in f_mount() function to create a new
  32:Middlewares/Third_Party/FatFs/src/option/syscall.c **** /  synchronization object, such as semaphore and mutex. When a 0 is returned,
  33:Middlewares/Third_Party/FatFs/src/option/syscall.c **** /  the f_mount() function fails with FR_INT_ERR.
  34:Middlewares/Third_Party/FatFs/src/option/syscall.c **** */
  35:Middlewares/Third_Party/FatFs/src/option/syscall.c **** 
  36:Middlewares/Third_Party/FatFs/src/option/syscall.c **** int ff_cre_syncobj (	/* 1:Function succeeded, 0:Could not create the sync object */
  37:Middlewares/Third_Party/FatFs/src/option/syscall.c **** 	BYTE vol,			/* Corresponding volume (logical drive number) */
  38:Middlewares/Third_Party/FatFs/src/option/syscall.c **** 	_SYNC_t *sobj		/* Pointer to return the created sync object */
  39:Middlewares/Third_Party/FatFs/src/option/syscall.c **** )
  40:Middlewares/Third_Party/FatFs/src/option/syscall.c **** {
  29              		.loc 1 40 1 view -0
  30              		.cfi_startproc
  31              		@ args = 0, pretend = 0, frame = 0
  32              		@ frame_needed = 0, uses_anonymous_args = 0
  33              		.loc 1 40 1 is_stmt 0 view .LVU1
  34 0000 10B5     		push	{r4, lr}
  35              	.LCFI0:
  36              		.cfi_def_cfa_offset 8
  37              		.cfi_offset 4, -8
  38              		.cfi_offset 14, -4
  39 0002 0C46     		mov	r4, r1
  41:Middlewares/Third_Party/FatFs/src/option/syscall.c **** 
  42:Middlewares/Third_Party/FatFs/src/option/syscall.c ****     int ret;
  40              		.loc 1 42 5 is_stmt 1 view .LVU2
  43:Middlewares/Third_Party/FatFs/src/option/syscall.c **** #if _USE_MUTEX
  44:Middlewares/Third_Party/FatFs/src/option/syscall.c **** 
  45:Middlewares/Third_Party/FatFs/src/option/syscall.c **** #if (osCMSIS < 0x20000U)
  46:Middlewares/Third_Party/FatFs/src/option/syscall.c ****     osMutexDef(MTX);
  47:Middlewares/Third_Party/FatFs/src/option/syscall.c ****     *sobj = osMutexCreate(osMutex(MTX));
  48:Middlewares/Third_Party/FatFs/src/option/syscall.c **** #else
  49:Middlewares/Third_Party/FatFs/src/option/syscall.c ****     *sobj = osMutexNew(NULL);
  50:Middlewares/Third_Party/FatFs/src/option/syscall.c **** #endif
  51:Middlewares/Third_Party/FatFs/src/option/syscall.c **** 
  52:Middlewares/Third_Party/FatFs/src/option/syscall.c **** #else
  53:Middlewares/Third_Party/FatFs/src/option/syscall.c **** 
  54:Middlewares/Third_Party/FatFs/src/option/syscall.c **** #if (osCMSIS < 0x20000U)
  55:Middlewares/Third_Party/FatFs/src/option/syscall.c ****     osSemaphoreDef(SEM);
  56:Middlewares/Third_Party/FatFs/src/option/syscall.c ****     *sobj = osSemaphoreCreate(osSemaphore(SEM), 1);
  57:Middlewares/Third_Party/FatFs/src/option/syscall.c **** #else
  58:Middlewares/Third_Party/FatFs/src/option/syscall.c ****     *sobj = osSemaphoreNew(1, 1, NULL);
  41              		.loc 1 58 5 view .LVU3
  42              		.loc 1 58 13 is_stmt 0 view .LVU4
  43 0004 0022     		movs	r2, #0
  44 0006 0121     		movs	r1, #1
  45              	.LVL1:
  46              		.loc 1 58 13 view .LVU5
  47 0008 0846     		mov	r0, r1
  48              	.LVL2:
  49              		.loc 1 58 13 view .LVU6
  50 000a FFF7FEFF 		bl	osSemaphoreNew
  51              	.LVL3:
  52              		.loc 1 58 11 view .LVU7
  53 000e 2060     		str	r0, [r4]
  59:Middlewares/Third_Party/FatFs/src/option/syscall.c **** #endif
  60:Middlewares/Third_Party/FatFs/src/option/syscall.c **** 
  61:Middlewares/Third_Party/FatFs/src/option/syscall.c **** #endif
  62:Middlewares/Third_Party/FatFs/src/option/syscall.c ****     ret = (*sobj != NULL);
ARM GAS  C:\Users\admin\AppData\Local\Temp\ccGGucE6.s 			page 3


  54              		.loc 1 62 5 is_stmt 1 view .LVU8
  55              	.LVL4:
  63:Middlewares/Third_Party/FatFs/src/option/syscall.c **** 
  64:Middlewares/Third_Party/FatFs/src/option/syscall.c ****     return ret;
  56              		.loc 1 64 5 view .LVU9
  65:Middlewares/Third_Party/FatFs/src/option/syscall.c **** }
  57              		.loc 1 65 1 is_stmt 0 view .LVU10
  58 0010 0038     		subs	r0, r0, #0
  59              	.LVL5:
  60              		.loc 1 65 1 view .LVU11
  61 0012 18BF     		it	ne
  62 0014 0120     		movne	r0, #1
  63 0016 10BD     		pop	{r4, pc}
  64              		.loc 1 65 1 view .LVU12
  65              		.cfi_endproc
  66              	.LFE148:
  68              		.section	.text.ff_del_syncobj,"ax",%progbits
  69              		.align	1
  70              		.global	ff_del_syncobj
  71              		.syntax unified
  72              		.thumb
  73              		.thumb_func
  75              	ff_del_syncobj:
  76              	.LVL6:
  77              	.LFB149:
  66:Middlewares/Third_Party/FatFs/src/option/syscall.c **** 
  67:Middlewares/Third_Party/FatFs/src/option/syscall.c **** 
  68:Middlewares/Third_Party/FatFs/src/option/syscall.c **** 
  69:Middlewares/Third_Party/FatFs/src/option/syscall.c **** /*------------------------------------------------------------------------*/
  70:Middlewares/Third_Party/FatFs/src/option/syscall.c **** /* Delete a Synchronization Object                                        */
  71:Middlewares/Third_Party/FatFs/src/option/syscall.c **** /*------------------------------------------------------------------------*/
  72:Middlewares/Third_Party/FatFs/src/option/syscall.c **** /* This function is called in f_mount() function to delete a synchronization
  73:Middlewares/Third_Party/FatFs/src/option/syscall.c **** /  object that created with ff_cre_syncobj() function. When a 0 is returned,
  74:Middlewares/Third_Party/FatFs/src/option/syscall.c **** /  the f_mount() function fails with FR_INT_ERR.
  75:Middlewares/Third_Party/FatFs/src/option/syscall.c **** */
  76:Middlewares/Third_Party/FatFs/src/option/syscall.c **** 
  77:Middlewares/Third_Party/FatFs/src/option/syscall.c **** int ff_del_syncobj (	/* 1:Function succeeded, 0:Could not delete due to any error */
  78:Middlewares/Third_Party/FatFs/src/option/syscall.c **** 	_SYNC_t sobj		/* Sync object tied to the logical drive to be deleted */
  79:Middlewares/Third_Party/FatFs/src/option/syscall.c **** )
  80:Middlewares/Third_Party/FatFs/src/option/syscall.c **** {
  78              		.loc 1 80 1 is_stmt 1 view -0
  79              		.cfi_startproc
  80              		@ args = 0, pretend = 0, frame = 0
  81              		@ frame_needed = 0, uses_anonymous_args = 0
  82              		.loc 1 80 1 is_stmt 0 view .LVU14
  83 0000 08B5     		push	{r3, lr}
  84              	.LCFI1:
  85              		.cfi_def_cfa_offset 8
  86              		.cfi_offset 3, -8
  87              		.cfi_offset 14, -4
  81:Middlewares/Third_Party/FatFs/src/option/syscall.c **** #if _USE_MUTEX
  82:Middlewares/Third_Party/FatFs/src/option/syscall.c ****     osMutexDelete (sobj);
  83:Middlewares/Third_Party/FatFs/src/option/syscall.c **** #else
  84:Middlewares/Third_Party/FatFs/src/option/syscall.c ****     osSemaphoreDelete (sobj);
  88              		.loc 1 84 5 is_stmt 1 view .LVU15
  89 0002 FFF7FEFF 		bl	osSemaphoreDelete
  90              	.LVL7:
ARM GAS  C:\Users\admin\AppData\Local\Temp\ccGGucE6.s 			page 4


  85:Middlewares/Third_Party/FatFs/src/option/syscall.c **** #endif
  86:Middlewares/Third_Party/FatFs/src/option/syscall.c ****     return 1;
  91              		.loc 1 86 5 view .LVU16
  87:Middlewares/Third_Party/FatFs/src/option/syscall.c **** }
  92              		.loc 1 87 1 is_stmt 0 view .LVU17
  93 0006 0120     		movs	r0, #1
  94 0008 08BD     		pop	{r3, pc}
  95              		.cfi_endproc
  96              	.LFE149:
  98              		.section	.text.ff_req_grant,"ax",%progbits
  99              		.align	1
 100              		.global	ff_req_grant
 101              		.syntax unified
 102              		.thumb
 103              		.thumb_func
 105              	ff_req_grant:
 106              	.LVL8:
 107              	.LFB150:
  88:Middlewares/Third_Party/FatFs/src/option/syscall.c **** 
  89:Middlewares/Third_Party/FatFs/src/option/syscall.c **** 
  90:Middlewares/Third_Party/FatFs/src/option/syscall.c **** 
  91:Middlewares/Third_Party/FatFs/src/option/syscall.c **** /*------------------------------------------------------------------------*/
  92:Middlewares/Third_Party/FatFs/src/option/syscall.c **** /* Request Grant to Access the Volume                                     */
  93:Middlewares/Third_Party/FatFs/src/option/syscall.c **** /*------------------------------------------------------------------------*/
  94:Middlewares/Third_Party/FatFs/src/option/syscall.c **** /* This function is called on entering file functions to lock the volume.
  95:Middlewares/Third_Party/FatFs/src/option/syscall.c **** /  When a 0 is returned, the file function fails with FR_TIMEOUT.
  96:Middlewares/Third_Party/FatFs/src/option/syscall.c **** */
  97:Middlewares/Third_Party/FatFs/src/option/syscall.c **** 
  98:Middlewares/Third_Party/FatFs/src/option/syscall.c **** int ff_req_grant (	/* 1:Got a grant to access the volume, 0:Could not get a grant */
  99:Middlewares/Third_Party/FatFs/src/option/syscall.c **** 	_SYNC_t sobj	/* Sync object to wait */
 100:Middlewares/Third_Party/FatFs/src/option/syscall.c **** )
 101:Middlewares/Third_Party/FatFs/src/option/syscall.c **** {
 108              		.loc 1 101 1 is_stmt 1 view -0
 109              		.cfi_startproc
 110              		@ args = 0, pretend = 0, frame = 0
 111              		@ frame_needed = 0, uses_anonymous_args = 0
 112              		.loc 1 101 1 is_stmt 0 view .LVU19
 113 0000 08B5     		push	{r3, lr}
 114              	.LCFI2:
 115              		.cfi_def_cfa_offset 8
 116              		.cfi_offset 3, -8
 117              		.cfi_offset 14, -4
 102:Middlewares/Third_Party/FatFs/src/option/syscall.c ****   int ret = 0;
 118              		.loc 1 102 3 is_stmt 1 view .LVU20
 119              	.LVL9:
 103:Middlewares/Third_Party/FatFs/src/option/syscall.c **** #if (osCMSIS < 0x20000U)
 104:Middlewares/Third_Party/FatFs/src/option/syscall.c **** 
 105:Middlewares/Third_Party/FatFs/src/option/syscall.c **** #if _USE_MUTEX
 106:Middlewares/Third_Party/FatFs/src/option/syscall.c ****   if(osMutexWait(sobj, _FS_TIMEOUT) == osOK)
 107:Middlewares/Third_Party/FatFs/src/option/syscall.c **** #else
 108:Middlewares/Third_Party/FatFs/src/option/syscall.c ****   if(osSemaphoreWait(sobj, _FS_TIMEOUT) == osOK)
 109:Middlewares/Third_Party/FatFs/src/option/syscall.c **** #endif
 110:Middlewares/Third_Party/FatFs/src/option/syscall.c **** 
 111:Middlewares/Third_Party/FatFs/src/option/syscall.c **** #else
 112:Middlewares/Third_Party/FatFs/src/option/syscall.c **** 
 113:Middlewares/Third_Party/FatFs/src/option/syscall.c **** #if _USE_MUTEX
 114:Middlewares/Third_Party/FatFs/src/option/syscall.c ****    if(osMutexAcquire(sobj, _FS_TIMEOUT) == osOK)
ARM GAS  C:\Users\admin\AppData\Local\Temp\ccGGucE6.s 			page 5


 115:Middlewares/Third_Party/FatFs/src/option/syscall.c **** #else
 116:Middlewares/Third_Party/FatFs/src/option/syscall.c ****    if(osSemaphoreAcquire(sobj, _FS_TIMEOUT) == osOK)
 120              		.loc 1 116 4 view .LVU21
 121              		.loc 1 116 7 is_stmt 0 view .LVU22
 122 0002 4FF47A71 		mov	r1, #1000
 123 0006 FFF7FEFF 		bl	osSemaphoreAcquire
 124              	.LVL10:
 125              		.loc 1 116 6 view .LVU23
 126 000a 08B1     		cbz	r0, .L7
 102:Middlewares/Third_Party/FatFs/src/option/syscall.c ****   int ret = 0;
 127              		.loc 1 102 7 view .LVU24
 128 000c 0020     		movs	r0, #0
 129              	.LVL11:
 130              	.L5:
 117:Middlewares/Third_Party/FatFs/src/option/syscall.c **** #endif
 118:Middlewares/Third_Party/FatFs/src/option/syscall.c **** 
 119:Middlewares/Third_Party/FatFs/src/option/syscall.c **** #endif
 120:Middlewares/Third_Party/FatFs/src/option/syscall.c ****   {
 121:Middlewares/Third_Party/FatFs/src/option/syscall.c ****     ret = 1;
 122:Middlewares/Third_Party/FatFs/src/option/syscall.c ****   }
 123:Middlewares/Third_Party/FatFs/src/option/syscall.c **** 
 124:Middlewares/Third_Party/FatFs/src/option/syscall.c ****   return ret;
 125:Middlewares/Third_Party/FatFs/src/option/syscall.c **** }
 131              		.loc 1 125 1 view .LVU25
 132 000e 08BD     		pop	{r3, pc}
 133              	.LVL12:
 134              	.L7:
 121:Middlewares/Third_Party/FatFs/src/option/syscall.c ****   }
 135              		.loc 1 121 9 view .LVU26
 136 0010 0120     		movs	r0, #1
 137              	.LVL13:
 124:Middlewares/Third_Party/FatFs/src/option/syscall.c **** }
 138              		.loc 1 124 3 is_stmt 1 view .LVU27
 124:Middlewares/Third_Party/FatFs/src/option/syscall.c **** }
 139              		.loc 1 124 10 is_stmt 0 view .LVU28
 140 0012 FCE7     		b	.L5
 141              		.cfi_endproc
 142              	.LFE150:
 144              		.section	.text.ff_rel_grant,"ax",%progbits
 145              		.align	1
 146              		.global	ff_rel_grant
 147              		.syntax unified
 148              		.thumb
 149              		.thumb_func
 151              	ff_rel_grant:
 152              	.LVL14:
 153              	.LFB151:
 126:Middlewares/Third_Party/FatFs/src/option/syscall.c **** 
 127:Middlewares/Third_Party/FatFs/src/option/syscall.c **** 
 128:Middlewares/Third_Party/FatFs/src/option/syscall.c **** 
 129:Middlewares/Third_Party/FatFs/src/option/syscall.c **** /*------------------------------------------------------------------------*/
 130:Middlewares/Third_Party/FatFs/src/option/syscall.c **** /* Release Grant to Access the Volume                                     */
 131:Middlewares/Third_Party/FatFs/src/option/syscall.c **** /*------------------------------------------------------------------------*/
 132:Middlewares/Third_Party/FatFs/src/option/syscall.c **** /* This function is called on leaving file functions to unlock the volume.
 133:Middlewares/Third_Party/FatFs/src/option/syscall.c **** */
 134:Middlewares/Third_Party/FatFs/src/option/syscall.c **** 
 135:Middlewares/Third_Party/FatFs/src/option/syscall.c **** void ff_rel_grant (
ARM GAS  C:\Users\admin\AppData\Local\Temp\ccGGucE6.s 			page 6


 136:Middlewares/Third_Party/FatFs/src/option/syscall.c **** 	_SYNC_t sobj	/* Sync object to be signaled */
 137:Middlewares/Third_Party/FatFs/src/option/syscall.c **** )
 138:Middlewares/Third_Party/FatFs/src/option/syscall.c **** {
 154              		.loc 1 138 1 is_stmt 1 view -0
 155              		.cfi_startproc
 156              		@ args = 0, pretend = 0, frame = 0
 157              		@ frame_needed = 0, uses_anonymous_args = 0
 158              		.loc 1 138 1 is_stmt 0 view .LVU30
 159 0000 08B5     		push	{r3, lr}
 160              	.LCFI3:
 161              		.cfi_def_cfa_offset 8
 162              		.cfi_offset 3, -8
 163              		.cfi_offset 14, -4
 139:Middlewares/Third_Party/FatFs/src/option/syscall.c **** #if _USE_MUTEX
 140:Middlewares/Third_Party/FatFs/src/option/syscall.c ****   osMutexRelease(sobj);
 141:Middlewares/Third_Party/FatFs/src/option/syscall.c **** #else
 142:Middlewares/Third_Party/FatFs/src/option/syscall.c ****   osSemaphoreRelease(sobj);
 164              		.loc 1 142 3 is_stmt 1 view .LVU31
 165 0002 FFF7FEFF 		bl	osSemaphoreRelease
 166              	.LVL15:
 143:Middlewares/Third_Party/FatFs/src/option/syscall.c **** #endif
 144:Middlewares/Third_Party/FatFs/src/option/syscall.c **** }
 167              		.loc 1 144 1 is_stmt 0 view .LVU32
 168 0006 08BD     		pop	{r3, pc}
 169              		.cfi_endproc
 170              	.LFE151:
 172              		.text
 173              	.Letext0:
 174              		.file 2 "Middlewares/Third_Party/FatFs/src/option/../integer.h"
 175              		.file 3 "Middlewares/Third_Party/FreeRTOS/Source/CMSIS_RTOS_V2/cmsis_os2.h"
ARM GAS  C:\Users\admin\AppData\Local\Temp\ccGGucE6.s 			page 7


DEFINED SYMBOLS
                            *ABS*:00000000 syscall.c
C:\Users\admin\AppData\Local\Temp\ccGGucE6.s:19     .text.ff_cre_syncobj:00000000 $t
C:\Users\admin\AppData\Local\Temp\ccGGucE6.s:25     .text.ff_cre_syncobj:00000000 ff_cre_syncobj
C:\Users\admin\AppData\Local\Temp\ccGGucE6.s:69     .text.ff_del_syncobj:00000000 $t
C:\Users\admin\AppData\Local\Temp\ccGGucE6.s:75     .text.ff_del_syncobj:00000000 ff_del_syncobj
C:\Users\admin\AppData\Local\Temp\ccGGucE6.s:99     .text.ff_req_grant:00000000 $t
C:\Users\admin\AppData\Local\Temp\ccGGucE6.s:105    .text.ff_req_grant:00000000 ff_req_grant
C:\Users\admin\AppData\Local\Temp\ccGGucE6.s:145    .text.ff_rel_grant:00000000 $t
C:\Users\admin\AppData\Local\Temp\ccGGucE6.s:151    .text.ff_rel_grant:00000000 ff_rel_grant

UNDEFINED SYMBOLS
osSemaphoreNew
osSemaphoreDelete
osSemaphoreAcquire
osSemaphoreRelease
