ARM GAS  C:\Users\admin\AppData\Local\Temp\ccjKWKdZ.s 			page 1


   1              		.cpu cortex-m7
   2              		.arch armv7e-m
   3              		.fpu fpv5-d16
   4              		.eabi_attribute 28, 1
   5              		.eabi_attribute 20, 1
   6              		.eabi_attribute 21, 1
   7              		.eabi_attribute 23, 3
   8              		.eabi_attribute 24, 1
   9              		.eabi_attribute 25, 1
  10              		.eabi_attribute 26, 1
  11              		.eabi_attribute 30, 1
  12              		.eabi_attribute 34, 1
  13              		.eabi_attribute 18, 4
  14              		.file	"task_command_receiver.c"
  15              		.text
  16              	.Ltext0:
  17              		.cfi_sections	.debug_frame
  18              		.section	.text.ProcessLoRaPacket,"ax",%progbits
  19              		.align	1
  20              		.syntax unified
  21              		.thumb
  22              		.thumb_func
  24              	ProcessLoRaPacket:
  25              	.LVL0:
  26              	.LFB160:
  27              		.file 1 "Core/RTOS/task_command_receiver.c"
   1:Core/RTOS/task_command_receiver.c **** #include "task_config.h"
   2:Core/RTOS/task_command_receiver.c **** #include "lora_e32.h"
   3:Core/RTOS/task_command_receiver.c **** #include "packet_protocol.h"
   4:Core/RTOS/task_command_receiver.c **** #include "hardware.h"
   5:Core/RTOS/task_command_receiver.c **** #include <string.h>
   6:Core/RTOS/task_command_receiver.c **** 
   7:Core/RTOS/task_command_receiver.c **** extern lora_e32_handle_t lora_handle;
   8:Core/RTOS/task_command_receiver.c **** 
   9:Core/RTOS/task_command_receiver.c **** //private function
  10:Core/RTOS/task_command_receiver.c **** static bool ProcessLoRaPacket(const uint8_t *packet, uint16_t len, command_msg_t *cmd);
  11:Core/RTOS/task_command_receiver.c **** static void SendNACK(void);
  12:Core/RTOS/task_command_receiver.c **** 
  13:Core/RTOS/task_command_receiver.c **** void Task_CommandReceiver(void *pvParameters)
  14:Core/RTOS/task_command_receiver.c **** {
  15:Core/RTOS/task_command_receiver.c ****   uint8_t rx_buffer[256];
  16:Core/RTOS/task_command_receiver.c ****   command_msg_t cmd_msg;
  17:Core/RTOS/task_command_receiver.c ****   //wait a bit for hardware init
  18:Core/RTOS/task_command_receiver.c ****   vTaskDelay(pdMS_TO_TICKS(1000));
  19:Core/RTOS/task_command_receiver.c ****   while(1)
  20:Core/RTOS/task_command_receiver.c ****   {
  21:Core/RTOS/task_command_receiver.c ****     //wait for LoRa RX event (blocking, max 200ms)
  22:Core/RTOS/task_command_receiver.c ****     EventBits_t events = xEventGroupWaitBits(
  23:Core/RTOS/task_command_receiver.c ****       systemEvents,
  24:Core/RTOS/task_command_receiver.c ****       EVENT_LORA_RX,
  25:Core/RTOS/task_command_receiver.c ****       pdTRUE,
  26:Core/RTOS/task_command_receiver.c ****       pdFALSE,
  27:Core/RTOS/task_command_receiver.c ****       pdMS_TO_TICKS(200)
  28:Core/RTOS/task_command_receiver.c ****     );
  29:Core/RTOS/task_command_receiver.c **** 
  30:Core/RTOS/task_command_receiver.c ****     //check if lora data available
  31:Core/RTOS/task_command_receiver.c ****     if ((events & EVENT_LORA_RX) || LoRa_E32_DataAvailable(&lora_handle))
ARM GAS  C:\Users\admin\AppData\Local\Temp\ccjKWKdZ.s 			page 2


  32:Core/RTOS/task_command_receiver.c ****     {
  33:Core/RTOS/task_command_receiver.c ****       uint16_t rx_len = sizeof(rx_buffer);
  34:Core/RTOS/task_command_receiver.c ****       //receive packet (non-blocking with short timeout)
  35:Core/RTOS/task_command_receiver.c ****       if (LoRa_E32_Receive(&lora_handle, rx_buffer, &rx_len, 100) == LORA_E32_OK)
  36:Core/RTOS/task_command_receiver.c ****       {
  37:Core/RTOS/task_command_receiver.c ****         if (rx_len > 0)
  38:Core/RTOS/task_command_receiver.c ****         {
  39:Core/RTOS/task_command_receiver.c ****           //process packet and build command msg
  40:Core/RTOS/task_command_receiver.c ****           if (ProcessLoRaPacket(rx_buffer, rx_len, &cmd_msg))
  41:Core/RTOS/task_command_receiver.c ****           {
  42:Core/RTOS/task_command_receiver.c ****             //send to command queue (non-blocking)
  43:Core/RTOS/task_command_receiver.c ****             if (SendCommand(&cmd_msg, 0) != pdPASS)
  44:Core/RTOS/task_command_receiver.c ****             {
  45:Core/RTOS/task_command_receiver.c ****               //queue full - log drop
  46:Core/RTOS/task_command_receiver.c ****               output_request_t out = {
  47:Core/RTOS/task_command_receiver.c ****                 .type = OUT_LOG
  48:Core/RTOS/task_command_receiver.c ****               };
  49:Core/RTOS/task_command_receiver.c ****               snprintf(out.data.log.msg, sizeof(out.data.log.msg), "CMD_RX: Queue full, dropped cmd
  50:Core/RTOS/task_command_receiver.c ****               SendOutput(&out, 0);
  51:Core/RTOS/task_command_receiver.c ****             }
  52:Core/RTOS/task_command_receiver.c ****             
  53:Core/RTOS/task_command_receiver.c ****           }
  54:Core/RTOS/task_command_receiver.c ****           else
  55:Core/RTOS/task_command_receiver.c ****           {
  56:Core/RTOS/task_command_receiver.c ****             //invalid packet
  57:Core/RTOS/task_command_receiver.c ****             SendNACK();
  58:Core/RTOS/task_command_receiver.c ****           }
  59:Core/RTOS/task_command_receiver.c ****           
  60:Core/RTOS/task_command_receiver.c ****         }
  61:Core/RTOS/task_command_receiver.c ****         
  62:Core/RTOS/task_command_receiver.c ****       }
  63:Core/RTOS/task_command_receiver.c ****       
  64:Core/RTOS/task_command_receiver.c ****     }
  65:Core/RTOS/task_command_receiver.c ****     taskYIELD();
  66:Core/RTOS/task_command_receiver.c ****   }
  67:Core/RTOS/task_command_receiver.c **** }
  68:Core/RTOS/task_command_receiver.c **** 
  69:Core/RTOS/task_command_receiver.c **** static bool ProcessLoRaPacket(const uint8_t *packet, uint16_t len, command_msg_t *cmd)
  70:Core/RTOS/task_command_receiver.c **** {
  28              		.loc 1 70 1 view -0
  29              		.cfi_startproc
  30              		@ args = 0, pretend = 0, frame = 0
  31              		@ frame_needed = 0, uses_anonymous_args = 0
  32              		.loc 1 70 1 is_stmt 0 view .LVU1
  33 0000 2DE9F041 		push	{r4, r5, r6, r7, r8, lr}
  34              	.LCFI0:
  35              		.cfi_def_cfa_offset 24
  36              		.cfi_offset 4, -24
  37              		.cfi_offset 5, -20
  38              		.cfi_offset 6, -16
  39              		.cfi_offset 7, -12
  40              		.cfi_offset 8, -8
  41              		.cfi_offset 14, -4
  71:Core/RTOS/task_command_receiver.c ****   //check minimum length
  72:Core/RTOS/task_command_receiver.c ****   if (len < 4 || packet[0] != PACKET_HEADER)
  42              		.loc 1 72 3 is_stmt 1 view .LVU2
  43              		.loc 1 72 6 is_stmt 0 view .LVU3
ARM GAS  C:\Users\admin\AppData\Local\Temp\ccjKWKdZ.s 			page 3


  44 0004 0329     		cmp	r1, #3
  45 0006 4FD9     		bls	.L11
  46 0008 0746     		mov	r7, r0
  47 000a 0C46     		mov	r4, r1
  48 000c 1646     		mov	r6, r2
  49              		.loc 1 72 24 discriminator 1 view .LVU4
  50 000e 0378     		ldrb	r3, [r0]	@ zero_extendqisi2
  51              		.loc 1 72 15 discriminator 1 view .LVU5
  52 0010 AA2B     		cmp	r3, #170
  53 0012 03D0     		beq	.L16
  73:Core/RTOS/task_command_receiver.c ****   {
  74:Core/RTOS/task_command_receiver.c ****     return false;
  54              		.loc 1 74 12 view .LVU6
  55 0014 0025     		movs	r5, #0
  56              	.LVL1:
  57              	.L2:
  75:Core/RTOS/task_command_receiver.c ****   }
  76:Core/RTOS/task_command_receiver.c **** 
  77:Core/RTOS/task_command_receiver.c ****   //verify crc
  78:Core/RTOS/task_command_receiver.c ****   if (!Packet_Verify_CRC(packet, len)) 
  79:Core/RTOS/task_command_receiver.c ****   {
  80:Core/RTOS/task_command_receiver.c ****     return false;
  81:Core/RTOS/task_command_receiver.c ****   }
  82:Core/RTOS/task_command_receiver.c ****   //parse packet type and map to command
  83:Core/RTOS/task_command_receiver.c ****   packet_type_t pkt_type = Packet_Parse_Type(packet);
  84:Core/RTOS/task_command_receiver.c ****   cmd->timestamp = HAL_GetTick();
  85:Core/RTOS/task_command_receiver.c ****   cmd->payload_len = 0;
  86:Core/RTOS/task_command_receiver.c **** 
  87:Core/RTOS/task_command_receiver.c ****   switch (pkt_type)
  88:Core/RTOS/task_command_receiver.c ****   {
  89:Core/RTOS/task_command_receiver.c ****   case PKT_TYPE_PING:
  90:Core/RTOS/task_command_receiver.c ****     cmd->cmd = CMD_PING;
  91:Core/RTOS/task_command_receiver.c ****     if (len >= sizeof(ping_packet_t))
  92:Core/RTOS/task_command_receiver.c ****     {
  93:Core/RTOS/task_command_receiver.c ****       ping_packet_t *ping = (ping_packet_t*)packet;
  94:Core/RTOS/task_command_receiver.c ****       memcpy(cmd->payload, &ping->timestamp, sizeof(ping->timestamp));
  95:Core/RTOS/task_command_receiver.c ****       cmd->payload_len = sizeof(ping->timestamp);
  96:Core/RTOS/task_command_receiver.c ****     }
  97:Core/RTOS/task_command_receiver.c ****     
  98:Core/RTOS/task_command_receiver.c ****     break;
  99:Core/RTOS/task_command_receiver.c ****   case PKT_TYPE_GET_STATUS:
 100:Core/RTOS/task_command_receiver.c ****     cmd->cmd = CMD_GET_STATUS;
 101:Core/RTOS/task_command_receiver.c ****     break;
 102:Core/RTOS/task_command_receiver.c ****   case PKT_TYPE_GET_DATA:
 103:Core/RTOS/task_command_receiver.c ****     cmd->cmd = CMD_GET_DATA;
 104:Core/RTOS/task_command_receiver.c ****     break;
 105:Core/RTOS/task_command_receiver.c ****   case PKT_TYPE_SET_CONFIG:
 106:Core/RTOS/task_command_receiver.c ****     cmd->cmd = CMD_SET_CONFIG;
 107:Core/RTOS/task_command_receiver.c ****     if (len > 4)
 108:Core/RTOS/task_command_receiver.c ****     {
 109:Core/RTOS/task_command_receiver.c ****       uint16_t payload_len = len - 4; //trừ đi 4 byte/header + type + crc
 110:Core/RTOS/task_command_receiver.c ****       if (payload_len > sizeof(cmd->payload))
 111:Core/RTOS/task_command_receiver.c ****       {
 112:Core/RTOS/task_command_receiver.c ****         payload_len = sizeof(cmd->payload);
 113:Core/RTOS/task_command_receiver.c ****       }
 114:Core/RTOS/task_command_receiver.c ****       memcpy(cmd->payload, &packet[2], payload_len);
 115:Core/RTOS/task_command_receiver.c ****       cmd->payload_len = payload_len;
ARM GAS  C:\Users\admin\AppData\Local\Temp\ccjKWKdZ.s 			page 4


 116:Core/RTOS/task_command_receiver.c ****       
 117:Core/RTOS/task_command_receiver.c ****     }
 118:Core/RTOS/task_command_receiver.c ****     break;
 119:Core/RTOS/task_command_receiver.c ****   case PKT_TYPE_RESET:
 120:Core/RTOS/task_command_receiver.c ****     cmd->cmd = CMD_RESET;
 121:Core/RTOS/task_command_receiver.c ****     break;
 122:Core/RTOS/task_command_receiver.c ****   case PKT_TYPE_ENTER_SAFE:
 123:Core/RTOS/task_command_receiver.c ****     cmd->cmd = CMD_ENTER_SAFE;
 124:Core/RTOS/task_command_receiver.c ****     break;    
 125:Core/RTOS/task_command_receiver.c ****   default:
 126:Core/RTOS/task_command_receiver.c ****     return false;
 127:Core/RTOS/task_command_receiver.c ****     
 128:Core/RTOS/task_command_receiver.c ****   }
 129:Core/RTOS/task_command_receiver.c ****   return true;
 130:Core/RTOS/task_command_receiver.c ****   
 131:Core/RTOS/task_command_receiver.c **** }
  58              		.loc 1 131 1 view .LVU7
  59 0016 2846     		mov	r0, r5
  60 0018 BDE8F081 		pop	{r4, r5, r6, r7, r8, pc}
  61              	.LVL2:
  62              	.L16:
  78:Core/RTOS/task_command_receiver.c ****   {
  63              		.loc 1 78 3 is_stmt 1 view .LVU8
  78:Core/RTOS/task_command_receiver.c ****   {
  64              		.loc 1 78 8 is_stmt 0 view .LVU9
  65 001c FFF7FEFF 		bl	Packet_Verify_CRC
  66              	.LVL3:
  78:Core/RTOS/task_command_receiver.c ****   {
  67              		.loc 1 78 6 view .LVU10
  68 0020 0546     		mov	r5, r0
  69 0022 0028     		cmp	r0, #0
  70 0024 F7D0     		beq	.L2
  83:Core/RTOS/task_command_receiver.c ****   cmd->timestamp = HAL_GetTick();
  71              		.loc 1 83 3 is_stmt 1 view .LVU11
  83:Core/RTOS/task_command_receiver.c ****   cmd->timestamp = HAL_GetTick();
  72              		.loc 1 83 28 is_stmt 0 view .LVU12
  73 0026 3846     		mov	r0, r7
  74 0028 FFF7FEFF 		bl	Packet_Parse_Type
  75              	.LVL4:
  76 002c 8046     		mov	r8, r0
  77              	.LVL5:
  84:Core/RTOS/task_command_receiver.c ****   cmd->payload_len = 0;
  78              		.loc 1 84 3 is_stmt 1 view .LVU13
  84:Core/RTOS/task_command_receiver.c ****   cmd->payload_len = 0;
  79              		.loc 1 84 20 is_stmt 0 view .LVU14
  80 002e FFF7FEFF 		bl	HAL_GetTick
  81              	.LVL6:
  84:Core/RTOS/task_command_receiver.c ****   cmd->payload_len = 0;
  82              		.loc 1 84 18 view .LVU15
  83 0032 7060     		str	r0, [r6, #4]
  85:Core/RTOS/task_command_receiver.c **** 
  84              		.loc 1 85 3 is_stmt 1 view .LVU16
  85:Core/RTOS/task_command_receiver.c **** 
  85              		.loc 1 85 20 is_stmt 0 view .LVU17
  86 0034 0023     		movs	r3, #0
  87 0036 3385     		strh	r3, [r6, #40]	@ movhi
  87:Core/RTOS/task_command_receiver.c ****   {
ARM GAS  C:\Users\admin\AppData\Local\Temp\ccjKWKdZ.s 			page 5


  88              		.loc 1 87 3 is_stmt 1 view .LVU18
  89 0038 A8F11000 		sub	r0, r8, #16
  90 003c 1428     		cmp	r0, #20
  91 003e 35D8     		bhi	.L13
  92 0040 DFE800F0 		tbb	[pc, r0]
  93              	.L4:
  94 0044 0B       		.byte	(.L9-.L4)/2
  95 0045 34       		.byte	(.L13-.L4)/2
  96 0046 34       		.byte	(.L13-.L4)/2
  97 0047 34       		.byte	(.L13-.L4)/2
  98 0048 34       		.byte	(.L13-.L4)/2
  99 0049 34       		.byte	(.L13-.L4)/2
 100 004a 34       		.byte	(.L13-.L4)/2
 101 004b 34       		.byte	(.L13-.L4)/2
 102 004c 34       		.byte	(.L13-.L4)/2
 103 004d 34       		.byte	(.L13-.L4)/2
 104 004e 34       		.byte	(.L13-.L4)/2
 105 004f 34       		.byte	(.L13-.L4)/2
 106 0050 34       		.byte	(.L13-.L4)/2
 107 0051 34       		.byte	(.L13-.L4)/2
 108 0052 34       		.byte	(.L13-.L4)/2
 109 0053 34       		.byte	(.L13-.L4)/2
 110 0054 15       		.byte	(.L8-.L4)/2
 111 0055 18       		.byte	(.L7-.L4)/2
 112 0056 1B       		.byte	(.L6-.L4)/2
 113 0057 2C       		.byte	(.L5-.L4)/2
 114 0058 2F       		.byte	(.L3-.L4)/2
 115 0059 00       		.p2align 1
 116              	.L9:
  90:Core/RTOS/task_command_receiver.c ****     if (len >= sizeof(ping_packet_t))
 117              		.loc 1 90 5 view .LVU19
  90:Core/RTOS/task_command_receiver.c ****     if (len >= sizeof(ping_packet_t))
 118              		.loc 1 90 14 is_stmt 0 view .LVU20
 119 005a 0123     		movs	r3, #1
 120 005c 3370     		strb	r3, [r6]
  91:Core/RTOS/task_command_receiver.c ****     {
 121              		.loc 1 91 5 is_stmt 1 view .LVU21
  91:Core/RTOS/task_command_receiver.c ****     {
 122              		.loc 1 91 8 is_stmt 0 view .LVU22
 123 005e 072C     		cmp	r4, #7
 124 0060 D9D9     		bls	.L2
 125              	.LBB7:
  93:Core/RTOS/task_command_receiver.c ****       memcpy(cmd->payload, &ping->timestamp, sizeof(ping->timestamp));
 126              		.loc 1 93 7 is_stmt 1 view .LVU23
 127              	.LVL7:
  94:Core/RTOS/task_command_receiver.c ****       cmd->payload_len = sizeof(ping->timestamp);
 128              		.loc 1 94 7 view .LVU24
 129 0062 D7F80230 		ldr	r3, [r7, #2]	@ unaligned
 130 0066 B360     		str	r3, [r6, #8]	@ unaligned
  95:Core/RTOS/task_command_receiver.c ****     }
 131              		.loc 1 95 7 view .LVU25
  95:Core/RTOS/task_command_receiver.c ****     }
 132              		.loc 1 95 24 is_stmt 0 view .LVU26
 133 0068 0423     		movs	r3, #4
 134 006a 3385     		strh	r3, [r6, #40]	@ movhi
 135 006c D3E7     		b	.L2
 136              	.LVL8:
ARM GAS  C:\Users\admin\AppData\Local\Temp\ccjKWKdZ.s 			page 6


 137              	.L8:
  95:Core/RTOS/task_command_receiver.c ****     }
 138              		.loc 1 95 24 view .LVU27
 139              	.LBE7:
 100:Core/RTOS/task_command_receiver.c ****     break;
 140              		.loc 1 100 5 is_stmt 1 view .LVU28
 100:Core/RTOS/task_command_receiver.c ****     break;
 141              		.loc 1 100 14 is_stmt 0 view .LVU29
 142 006e 0223     		movs	r3, #2
 143 0070 3370     		strb	r3, [r6]
 101:Core/RTOS/task_command_receiver.c ****   case PKT_TYPE_GET_DATA:
 144              		.loc 1 101 5 is_stmt 1 view .LVU30
 145 0072 D0E7     		b	.L2
 146              	.L7:
 103:Core/RTOS/task_command_receiver.c ****     break;
 147              		.loc 1 103 5 view .LVU31
 103:Core/RTOS/task_command_receiver.c ****     break;
 148              		.loc 1 103 14 is_stmt 0 view .LVU32
 149 0074 0323     		movs	r3, #3
 150 0076 3370     		strb	r3, [r6]
 104:Core/RTOS/task_command_receiver.c ****   case PKT_TYPE_SET_CONFIG:
 151              		.loc 1 104 5 is_stmt 1 view .LVU33
 152 0078 CDE7     		b	.L2
 153              	.L6:
 106:Core/RTOS/task_command_receiver.c ****     if (len > 4)
 154              		.loc 1 106 5 view .LVU34
 106:Core/RTOS/task_command_receiver.c ****     if (len > 4)
 155              		.loc 1 106 14 is_stmt 0 view .LVU35
 156 007a 0423     		movs	r3, #4
 157 007c 3370     		strb	r3, [r6]
 107:Core/RTOS/task_command_receiver.c ****     {
 158              		.loc 1 107 5 is_stmt 1 view .LVU36
 107:Core/RTOS/task_command_receiver.c ****     {
 159              		.loc 1 107 8 is_stmt 0 view .LVU37
 160 007e 9C42     		cmp	r4, r3
 161 0080 C9D9     		bls	.L2
 162              	.LBB8:
 109:Core/RTOS/task_command_receiver.c ****       if (payload_len > sizeof(cmd->payload))
 163              		.loc 1 109 7 is_stmt 1 view .LVU38
 109:Core/RTOS/task_command_receiver.c ****       if (payload_len > sizeof(cmd->payload))
 164              		.loc 1 109 16 is_stmt 0 view .LVU39
 165 0082 043C     		subs	r4, r4, #4
 166 0084 A4B2     		uxth	r4, r4
 167              	.LVL9:
 110:Core/RTOS/task_command_receiver.c ****       {
 168              		.loc 1 110 7 is_stmt 1 view .LVU40
 110:Core/RTOS/task_command_receiver.c ****       {
 169              		.loc 1 110 10 is_stmt 0 view .LVU41
 170 0086 202C     		cmp	r4, #32
 171 0088 00D9     		bls	.L10
 112:Core/RTOS/task_command_receiver.c ****       }
 172              		.loc 1 112 21 view .LVU42
 173 008a 2024     		movs	r4, #32
 174              	.LVL10:
 175              	.L10:
 114:Core/RTOS/task_command_receiver.c ****       cmd->payload_len = payload_len;
 176              		.loc 1 114 7 is_stmt 1 view .LVU43
ARM GAS  C:\Users\admin\AppData\Local\Temp\ccjKWKdZ.s 			page 7


 177 008c 2246     		mov	r2, r4
 178 008e B91C     		adds	r1, r7, #2
 179 0090 06F10800 		add	r0, r6, #8
 180 0094 FFF7FEFF 		bl	memcpy
 181              	.LVL11:
 115:Core/RTOS/task_command_receiver.c ****       
 182              		.loc 1 115 7 view .LVU44
 115:Core/RTOS/task_command_receiver.c ****       
 183              		.loc 1 115 24 is_stmt 0 view .LVU45
 184 0098 3485     		strh	r4, [r6, #40]	@ movhi
 185 009a BCE7     		b	.L2
 186              	.LVL12:
 187              	.L5:
 115:Core/RTOS/task_command_receiver.c ****       
 188              		.loc 1 115 24 view .LVU46
 189              	.LBE8:
 120:Core/RTOS/task_command_receiver.c ****     break;
 190              		.loc 1 120 5 is_stmt 1 view .LVU47
 120:Core/RTOS/task_command_receiver.c ****     break;
 191              		.loc 1 120 14 is_stmt 0 view .LVU48
 192 009c 0523     		movs	r3, #5
 193 009e 3370     		strb	r3, [r6]
 121:Core/RTOS/task_command_receiver.c ****   case PKT_TYPE_ENTER_SAFE:
 194              		.loc 1 121 5 is_stmt 1 view .LVU49
 195 00a0 B9E7     		b	.L2
 196              	.L3:
 123:Core/RTOS/task_command_receiver.c ****     break;    
 197              		.loc 1 123 5 view .LVU50
 123:Core/RTOS/task_command_receiver.c ****     break;    
 198              		.loc 1 123 14 is_stmt 0 view .LVU51
 199 00a2 0623     		movs	r3, #6
 200 00a4 3370     		strb	r3, [r6]
 124:Core/RTOS/task_command_receiver.c ****   default:
 201              		.loc 1 124 5 is_stmt 1 view .LVU52
 202 00a6 B6E7     		b	.L2
 203              	.LVL13:
 204              	.L11:
  74:Core/RTOS/task_command_receiver.c ****   }
 205              		.loc 1 74 12 is_stmt 0 view .LVU53
 206 00a8 0025     		movs	r5, #0
 207 00aa B4E7     		b	.L2
 208              	.LVL14:
 209              	.L13:
  87:Core/RTOS/task_command_receiver.c ****   {
 210              		.loc 1 87 3 view .LVU54
 211 00ac 0025     		movs	r5, #0
 212 00ae B2E7     		b	.L2
 213              		.cfi_endproc
 214              	.LFE160:
 216              		.section	.text.SendNACK,"ax",%progbits
 217              		.align	1
 218              		.syntax unified
 219              		.thumb
 220              		.thumb_func
 222              	SendNACK:
 223              	.LFB161:
 132:Core/RTOS/task_command_receiver.c **** 
ARM GAS  C:\Users\admin\AppData\Local\Temp\ccjKWKdZ.s 			page 8


 133:Core/RTOS/task_command_receiver.c **** static void SendNACK(void) 
 134:Core/RTOS/task_command_receiver.c **** {
 224              		.loc 1 134 1 is_stmt 1 view -0
 225              		.cfi_startproc
 226              		@ args = 0, pretend = 0, frame = 8
 227              		@ frame_needed = 0, uses_anonymous_args = 0
 228 0000 00B5     		push	{lr}
 229              	.LCFI1:
 230              		.cfi_def_cfa_offset 4
 231              		.cfi_offset 14, -4
 232 0002 83B0     		sub	sp, sp, #12
 233              	.LCFI2:
 234              		.cfi_def_cfa_offset 16
 135:Core/RTOS/task_command_receiver.c ****   uint8_t nack[8] = {PACKET_HEADER, PKT_TYPE_NACK};
 235              		.loc 1 135 3 view .LVU56
 236              		.loc 1 135 11 is_stmt 0 view .LVU57
 237 0004 40F2AA53 		movw	r3, #1450
 238 0008 0093     		str	r3, [sp]
 239 000a 0023     		movs	r3, #0
 240 000c 0193     		str	r3, [sp, #4]
 136:Core/RTOS/task_command_receiver.c ****   uint16_t crc = Packet_Calculate_CRC(nack,2);
 241              		.loc 1 136 3 is_stmt 1 view .LVU58
 242              		.loc 1 136 18 is_stmt 0 view .LVU59
 243 000e 0221     		movs	r1, #2
 244 0010 6846     		mov	r0, sp
 245 0012 FFF7FEFF 		bl	Packet_Calculate_CRC
 246              	.LVL15:
 137:Core/RTOS/task_command_receiver.c ****   nack[2] = crc >> 8;
 247              		.loc 1 137 3 is_stmt 1 view .LVU60
 248              		.loc 1 137 11 is_stmt 0 view .LVU61
 249 0016 030A     		lsrs	r3, r0, #8
 250 0018 8DF80230 		strb	r3, [sp, #2]
 138:Core/RTOS/task_command_receiver.c ****   nack[3] = crc & 0xFF;
 251              		.loc 1 138 3 is_stmt 1 view .LVU62
 252              		.loc 1 138 11 is_stmt 0 view .LVU63
 253 001c 8DF80300 		strb	r0, [sp, #3]
 139:Core/RTOS/task_command_receiver.c ****   //Send NACK
 140:Core/RTOS/task_command_receiver.c ****   LoRa_E32_Send(&lora_handle, nack, 4, 500);
 254              		.loc 1 140 3 is_stmt 1 view .LVU64
 255 0020 4FF4FA73 		mov	r3, #500
 256 0024 0422     		movs	r2, #4
 257 0026 6946     		mov	r1, sp
 258 0028 0248     		ldr	r0, .L19
 259              	.LVL16:
 260              		.loc 1 140 3 is_stmt 0 view .LVU65
 261 002a FFF7FEFF 		bl	LoRa_E32_Send
 262              	.LVL17:
 141:Core/RTOS/task_command_receiver.c **** }...
 263              		.loc 1 141 1 view .LVU66
 264 002e 03B0     		add	sp, sp, #12
 265              	.LCFI3:
 266              		.cfi_def_cfa_offset 4
 267              		@ sp needed
 268 0030 5DF804FB 		ldr	pc, [sp], #4
 269              	.L20:
 270              		.align	2
 271              	.L19:
ARM GAS  C:\Users\admin\AppData\Local\Temp\ccjKWKdZ.s 			page 9


 272 0034 00000000 		.word	lora_handle
 273              		.cfi_endproc
 274              	.LFE161:
 276              		.section	.rodata.Task_CommandReceiver.str1.4,"aMS",%progbits,1
 277              		.align	2
 278              	.LC0:
 279 0000 434D445F 		.ascii	"CMD_RX: Queue full, dropped cmd %d\015\012\000"
 279      52583A20 
 279      51756575 
 279      65206675 
 279      6C6C2C20 
 280              		.section	.text.Task_CommandReceiver,"ax",%progbits
 281              		.align	1
 282              		.global	Task_CommandReceiver
 283              		.syntax unified
 284              		.thumb
 285              		.thumb_func
 287              	Task_CommandReceiver:
 288              	.LVL18:
 289              	.LFB159:
  14:Core/RTOS/task_command_receiver.c **** {
 290              		.loc 1 14 1 is_stmt 1 view -0
 291              		.cfi_startproc
 292              		@ args = 0, pretend = 0, frame = 832
 293              		@ frame_needed = 0, uses_anonymous_args = 0
  14:Core/RTOS/task_command_receiver.c **** {
 294              		.loc 1 14 1 is_stmt 0 view .LVU68
 295 0000 00B5     		push	{lr}
 296              	.LCFI4:
 297              		.cfi_def_cfa_offset 4
 298              		.cfi_offset 14, -4
 299 0002 ADF5537D 		sub	sp, sp, #844
 300              	.LCFI5:
 301              		.cfi_def_cfa_offset 848
  15:Core/RTOS/task_command_receiver.c ****   uint8_t rx_buffer[256];
 302              		.loc 1 15 3 is_stmt 1 view .LVU69
  16:Core/RTOS/task_command_receiver.c ****   command_msg_t cmd_msg;
 303              		.loc 1 16 3 view .LVU70
  18:Core/RTOS/task_command_receiver.c ****   vTaskDelay(pdMS_TO_TICKS(1000));
 304              		.loc 1 18 3 view .LVU71
 305 0006 4FF47A70 		mov	r0, #1000
 306              	.LVL19:
  18:Core/RTOS/task_command_receiver.c ****   vTaskDelay(pdMS_TO_TICKS(1000));
 307              		.loc 1 18 3 is_stmt 0 view .LVU72
 308 000a FFF7FEFF 		bl	vTaskDelay
 309              	.LVL20:
 310 000e 0DE0     		b	.L26
 311              	.LVL21:
 312              	.L28:
 313              	.LBB16:
  31:Core/RTOS/task_command_receiver.c ****     if ((events & EVENT_LORA_RX) || LoRa_E32_DataAvailable(&lora_handle))
 314              		.loc 1 31 37 discriminator 1 view .LVU73
 315 0010 2848     		ldr	r0, .L29
 316              	.LVL22:
  31:Core/RTOS/task_command_receiver.c ****     if ((events & EVENT_LORA_RX) || LoRa_E32_DataAvailable(&lora_handle))
 317              		.loc 1 31 37 discriminator 1 view .LVU74
 318 0012 FFF7FEFF 		bl	LoRa_E32_DataAvailable
ARM GAS  C:\Users\admin\AppData\Local\Temp\ccjKWKdZ.s 			page 10


 319              	.LVL23:
  31:Core/RTOS/task_command_receiver.c ****     if ((events & EVENT_LORA_RX) || LoRa_E32_DataAvailable(&lora_handle))
 320              		.loc 1 31 34 discriminator 1 view .LVU75
 321 0016 A8B9     		cbnz	r0, .L22
 322              	.L23:
  65:Core/RTOS/task_command_receiver.c ****     taskYIELD();
 323              		.loc 1 65 5 is_stmt 1 view .LVU76
 324 0018 4FF0E023 		mov	r3, #-536813568
 325 001c 4FF08052 		mov	r2, #268435456
 326 0020 C3F8042D 		str	r2, [r3, #3332]
  65:Core/RTOS/task_command_receiver.c ****     taskYIELD();
 327              		.loc 1 65 5 view .LVU77
 328              		.syntax unified
 329              	@ 65 "Core/RTOS/task_command_receiver.c" 1
 330 0024 BFF34F8F 		dsb
 331              	@ 0 "" 2
  65:Core/RTOS/task_command_receiver.c ****     taskYIELD();
 332              		.loc 1 65 5 view .LVU78
 333              	@ 65 "Core/RTOS/task_command_receiver.c" 1
 334 0028 BFF36F8F 		isb
 335              	@ 0 "" 2
  65:Core/RTOS/task_command_receiver.c ****     taskYIELD();
 336              		.loc 1 65 16 view .LVU79
 337              		.thumb
 338              		.syntax unified
 339              	.LBE16:
  19:Core/RTOS/task_command_receiver.c ****   while(1)
 340              		.loc 1 19 8 view .LVU80
 341              	.L26:
  19:Core/RTOS/task_command_receiver.c ****   while(1)
 342              		.loc 1 19 3 view .LVU81
 343              	.LBB23:
  22:Core/RTOS/task_command_receiver.c ****     EventBits_t events = xEventGroupWaitBits(
 344              		.loc 1 22 5 view .LVU82
  22:Core/RTOS/task_command_receiver.c ****     EventBits_t events = xEventGroupWaitBits(
 345              		.loc 1 22 26 is_stmt 0 view .LVU83
 346 002c C823     		movs	r3, #200
 347 002e 0093     		str	r3, [sp]
 348 0030 0023     		movs	r3, #0
 349 0032 0122     		movs	r2, #1
 350 0034 1146     		mov	r1, r2
 351 0036 2048     		ldr	r0, .L29+4
 352 0038 0068     		ldr	r0, [r0]
 353 003a FFF7FEFF 		bl	xEventGroupWaitBits
 354              	.LVL24:
  31:Core/RTOS/task_command_receiver.c ****     if ((events & EVENT_LORA_RX) || LoRa_E32_DataAvailable(&lora_handle))
 355              		.loc 1 31 5 is_stmt 1 view .LVU84
  31:Core/RTOS/task_command_receiver.c ****     if ((events & EVENT_LORA_RX) || LoRa_E32_DataAvailable(&lora_handle))
 356              		.loc 1 31 8 is_stmt 0 view .LVU85
 357 003e 10F0010F 		tst	r0, #1
 358 0042 E5D0     		beq	.L28
 359              	.LVL25:
 360              	.L22:
 361              	.LBB17:
  33:Core/RTOS/task_command_receiver.c ****       uint16_t rx_len = sizeof(rx_buffer);
 362              		.loc 1 33 7 is_stmt 1 view .LVU86
  33:Core/RTOS/task_command_receiver.c ****       uint16_t rx_len = sizeof(rx_buffer);
ARM GAS  C:\Users\admin\AppData\Local\Temp\ccjKWKdZ.s 			page 11


 363              		.loc 1 33 16 is_stmt 0 view .LVU87
 364 0044 4FF48073 		mov	r3, #256
 365 0048 ADF80E30 		strh	r3, [sp, #14]	@ movhi
  35:Core/RTOS/task_command_receiver.c ****       if (LoRa_E32_Receive(&lora_handle, rx_buffer, &rx_len, 100) == LORA_E32_OK)
 366              		.loc 1 35 7 is_stmt 1 view .LVU88
  35:Core/RTOS/task_command_receiver.c ****       if (LoRa_E32_Receive(&lora_handle, rx_buffer, &rx_len, 100) == LORA_E32_OK)
 367              		.loc 1 35 11 is_stmt 0 view .LVU89
 368 004c 6423     		movs	r3, #100
 369 004e 0DF10E02 		add	r2, sp, #14
 370 0052 92A9     		add	r1, sp, #584
 371 0054 1748     		ldr	r0, .L29
 372 0056 FFF7FEFF 		bl	LoRa_E32_Receive
 373              	.LVL26:
  35:Core/RTOS/task_command_receiver.c ****       if (LoRa_E32_Receive(&lora_handle, rx_buffer, &rx_len, 100) == LORA_E32_OK)
 374              		.loc 1 35 10 view .LVU90
 375 005a 0028     		cmp	r0, #0
 376 005c DCD1     		bne	.L23
  37:Core/RTOS/task_command_receiver.c ****         if (rx_len > 0)
 377              		.loc 1 37 9 is_stmt 1 view .LVU91
  37:Core/RTOS/task_command_receiver.c ****         if (rx_len > 0)
 378              		.loc 1 37 20 is_stmt 0 view .LVU92
 379 005e BDF80E10 		ldrh	r1, [sp, #14]
  37:Core/RTOS/task_command_receiver.c ****         if (rx_len > 0)
 380              		.loc 1 37 12 view .LVU93
 381 0062 0029     		cmp	r1, #0
 382 0064 D8D0     		beq	.L23
  40:Core/RTOS/task_command_receiver.c ****           if (ProcessLoRaPacket(rx_buffer, rx_len, &cmd_msg))
 383              		.loc 1 40 11 is_stmt 1 view .LVU94
  40:Core/RTOS/task_command_receiver.c ****           if (ProcessLoRaPacket(rx_buffer, rx_len, &cmd_msg))
 384              		.loc 1 40 15 is_stmt 0 view .LVU95
 385 0066 87AA     		add	r2, sp, #540
 386 0068 92A8     		add	r0, sp, #584
 387 006a FFF7FEFF 		bl	ProcessLoRaPacket
 388              	.LVL27:
  40:Core/RTOS/task_command_receiver.c ****           if (ProcessLoRaPacket(rx_buffer, rx_len, &cmd_msg))
 389              		.loc 1 40 14 view .LVU96
 390 006e E8B1     		cbz	r0, .L25
  43:Core/RTOS/task_command_receiver.c ****             if (SendCommand(&cmd_msg, 0) != pdPASS)
 391              		.loc 1 43 13 is_stmt 1 view .LVU97
 392              	.LVL28:
 393              	.LBB18:
 394              	.LBI18:
 395              		.file 2 "Core/RTOS/task_config.h"
   1:Core/RTOS/task_config.h **** #ifndef TASKS_CONFIG_H
   2:Core/RTOS/task_config.h **** #define TASKS_CONFIG_H
   3:Core/RTOS/task_config.h **** 
   4:Core/RTOS/task_config.h **** #include "FreeRTOS.h"
   5:Core/RTOS/task_config.h **** #include "task.h"
   6:Core/RTOS/task_config.h **** #include "queue.h"
   7:Core/RTOS/task_config.h **** #include "semphr.h"
   8:Core/RTOS/task_config.h **** #include "event_groups.h"
   9:Core/RTOS/task_config.h **** #include "cubesat_data.h"
  10:Core/RTOS/task_config.h **** 
  11:Core/RTOS/task_config.h **** //task priority
  12:Core/RTOS/task_config.h **** #define PRIORITY_CMD_RECEIVER   3
  13:Core/RTOS/task_config.h **** #define PRIORITY_STATE_MACHINE  2
  14:Core/RTOS/task_config.h **** #define PRIORITY_OUTPUT_MGR     1
ARM GAS  C:\Users\admin\AppData\Local\Temp\ccjKWKdZ.s 			page 12


  15:Core/RTOS/task_config.h **** 
  16:Core/RTOS/task_config.h **** //stack size
  17:Core/RTOS/task_config.h **** #define STACK_CMD_RECEIVER    512
  18:Core/RTOS/task_config.h **** #define STACK_STATE_MACHINE   2048
  19:Core/RTOS/task_config.h **** #define STACK_OUTPUT_MGR      1024
  20:Core/RTOS/task_config.h **** 
  21:Core/RTOS/task_config.h **** //queue definition
  22:Core/RTOS/task_config.h **** #define CMD_QUEUE_LENGTH      5
  23:Core/RTOS/task_config.h **** #define OUT_QUEUE_LENGTH      10
  24:Core/RTOS/task_config.h ****  
  25:Core/RTOS/task_config.h **** //output request types
  26:Core/RTOS/task_config.h **** typedef enum {
  27:Core/RTOS/task_config.h ****   OUT_LOG,
  28:Core/RTOS/task_config.h ****   OUT_TELEMETRY,
  29:Core/RTOS/task_config.h ****   OUT_FLASH_WRITE,
  30:Core/RTOS/task_config.h ****   OUT_LED
  31:Core/RTOS/task_config.h **** } output_type_t;
  32:Core/RTOS/task_config.h **** 
  33:Core/RTOS/task_config.h **** //command message structure
  34:Core/RTOS/task_config.h **** typedef struct
  35:Core/RTOS/task_config.h **** {
  36:Core/RTOS/task_config.h ****   gcs_command_t cmd;
  37:Core/RTOS/task_config.h ****   uint32_t timestamp;
  38:Core/RTOS/task_config.h ****   uint8_t payload[32];
  39:Core/RTOS/task_config.h ****   uint16_t payload_len;
  40:Core/RTOS/task_config.h **** } command_msg_t;
  41:Core/RTOS/task_config.h **** 
  42:Core/RTOS/task_config.h **** typedef struct 
  43:Core/RTOS/task_config.h **** {
  44:Core/RTOS/task_config.h ****   output_type_t type;
  45:Core/RTOS/task_config.h ****   union  
  46:Core/RTOS/task_config.h ****   {
  47:Core/RTOS/task_config.h ****     struct  
  48:Core/RTOS/task_config.h ****     {
  49:Core/RTOS/task_config.h ****       char msg[128];
  50:Core/RTOS/task_config.h ****     }log;
  51:Core/RTOS/task_config.h **** 
  52:Core/RTOS/task_config.h ****     struct  
  53:Core/RTOS/task_config.h ****     {
  54:Core/RTOS/task_config.h ****       uint8_t data[256];
  55:Core/RTOS/task_config.h ****       uint16_t len;
  56:Core/RTOS/task_config.h ****     }telemetry;
  57:Core/RTOS/task_config.h **** 
  58:Core/RTOS/task_config.h ****     struct  
  59:Core/RTOS/task_config.h ****     {
  60:Core/RTOS/task_config.h ****       uint32_t addr;
  61:Core/RTOS/task_config.h ****       uint8_t data[512];
  62:Core/RTOS/task_config.h ****       uint16_t len;
  63:Core/RTOS/task_config.h ****     } flash;
  64:Core/RTOS/task_config.h **** 
  65:Core/RTOS/task_config.h ****     struct  
  66:Core/RTOS/task_config.h ****     {
  67:Core/RTOS/task_config.h ****       uint8_t state; //0=of, 1=on, 2=blimk
  68:Core/RTOS/task_config.h ****     } led;
  69:Core/RTOS/task_config.h ****   } data;
  70:Core/RTOS/task_config.h ****   
  71:Core/RTOS/task_config.h **** }output_request_t;
ARM GAS  C:\Users\admin\AppData\Local\Temp\ccjKWKdZ.s 			page 13


  72:Core/RTOS/task_config.h **** 
  73:Core/RTOS/task_config.h **** //shared data structure
  74:Core/RTOS/task_config.h **** typedef struct  
  75:Core/RTOS/task_config.h **** {
  76:Core/RTOS/task_config.h ****   system_health_t health;
  77:Core/RTOS/task_config.h ****   cubesat_status_t status;
  78:Core/RTOS/task_config.h ****   SemaphoreHandle_t mutex;
  79:Core/RTOS/task_config.h **** }shared_data_t;
  80:Core/RTOS/task_config.h **** 
  81:Core/RTOS/task_config.h **** //event group bits
  82:Core/RTOS/task_config.h **** #define EVENT_LORA_RX           (1 << 0)
  83:Core/RTOS/task_config.h **** #define EVENT_RTC_ALARM         (1 << 1)
  84:Core/RTOS/task_config.h **** #define EVENT_BATTERY_LOW       (1 << 2)
  85:Core/RTOS/task_config.h **** #define EVENT_CRITICAL_ERROR    (1 << 3)
  86:Core/RTOS/task_config.h **** 
  87:Core/RTOS/task_config.h **** //GLOBAL HANDLE
  88:Core/RTOS/task_config.h **** extern QueueHandle_t cmdQueue;
  89:Core/RTOS/task_config.h **** extern QueueHandle_t outQueue;
  90:Core/RTOS/task_config.h **** extern SemaphoreHandle_t healthMutex;
  91:Core/RTOS/task_config.h **** extern SemaphoreHandle_t i2cMutex;
  92:Core/RTOS/task_config.h **** extern SemaphoreHandle_t sdMutex;
  93:Core/RTOS/task_config.h **** extern EventGroupHandle_t systemEvents;
  94:Core/RTOS/task_config.h **** extern shared_data_t g_shared;
  95:Core/RTOS/task_config.h **** 
  96:Core/RTOS/task_config.h **** //TASK FUNCTION
  97:Core/RTOS/task_config.h **** void Task_CommandReceiver(void *pvParameters);
  98:Core/RTOS/task_config.h **** void Task_StateMachine(void *pvParameters);
  99:Core/RTOS/task_config.h **** void Task_OutputManager(void *pvParameters);
 100:Core/RTOS/task_config.h **** 
 101:Core/RTOS/task_config.h **** //helper function
 102:Core/RTOS/task_config.h **** void Task_Init(void);
 103:Core/RTOS/task_config.h **** void SharedData_Init(void);
 104:Core/RTOS/task_config.h **** 
 105:Core/RTOS/task_config.h **** // Thread-safe accessors
 106:Core/RTOS/task_config.h **** static inline void SharedData_Lock(void) {
 107:Core/RTOS/task_config.h ****     xSemaphoreTake(g_shared.mutex, portMAX_DELAY);
 108:Core/RTOS/task_config.h **** }
 109:Core/RTOS/task_config.h **** 
 110:Core/RTOS/task_config.h **** static inline void SharedData_Unlock(void) {
 111:Core/RTOS/task_config.h ****     xSemaphoreGive(g_shared.mutex);
 112:Core/RTOS/task_config.h **** }
 113:Core/RTOS/task_config.h **** 
 114:Core/RTOS/task_config.h **** // Queue helpers
 115:Core/RTOS/task_config.h **** static inline BaseType_t SendCommand(const command_msg_t *cmd, TickType_t timeout) {
 396              		.loc 2 115 26 view .LVU98
 397              	.LBB19:
 116:Core/RTOS/task_config.h ****     return xQueueSend(cmdQueue, cmd, timeout);
 398              		.loc 2 116 5 view .LVU99
 399              		.loc 2 116 12 is_stmt 0 view .LVU100
 400 0070 0023     		movs	r3, #0
 401 0072 1A46     		mov	r2, r3
 402 0074 87A9     		add	r1, sp, #540
 403              	.LVL29:
 404              		.loc 2 116 12 view .LVU101
 405 0076 1148     		ldr	r0, .L29+8
 406 0078 0068     		ldr	r0, [r0]
 407 007a FFF7FEFF 		bl	xQueueGenericSend
ARM GAS  C:\Users\admin\AppData\Local\Temp\ccjKWKdZ.s 			page 14


 408              	.LVL30:
 409              		.loc 2 116 12 view .LVU102
 410              	.LBE19:
 411              	.LBE18:
  43:Core/RTOS/task_command_receiver.c ****             if (SendCommand(&cmd_msg, 0) != pdPASS)
 412              		.loc 1 43 16 view .LVU103
 413 007e 0128     		cmp	r0, #1
 414 0080 CAD0     		beq	.L23
 415              	.LBB20:
  46:Core/RTOS/task_command_receiver.c ****               output_request_t out = {
 416              		.loc 1 46 15 is_stmt 1 view .LVU104
  46:Core/RTOS/task_command_receiver.c ****               output_request_t out = {
 417              		.loc 1 46 32 is_stmt 0 view .LVU105
 418 0082 4FF40372 		mov	r2, #524
 419 0086 0021     		movs	r1, #0
 420 0088 04A8     		add	r0, sp, #16
 421 008a FFF7FEFF 		bl	memset
 422              	.LVL31:
  49:Core/RTOS/task_command_receiver.c ****               snprintf(out.data.log.msg, sizeof(out.data.log.msg), "CMD_RX: Queue full, dropped cmd
 423              		.loc 1 49 15 is_stmt 1 view .LVU106
 424 008e 9DF81C32 		ldrb	r3, [sp, #540]	@ zero_extendqisi2
 425 0092 0B4A     		ldr	r2, .L29+12
 426 0094 8021     		movs	r1, #128
 427 0096 05A8     		add	r0, sp, #20
 428 0098 FFF7FEFF 		bl	snprintf
 429              	.LVL32:
  50:Core/RTOS/task_command_receiver.c ****               SendOutput(&out, 0);
 430              		.loc 1 50 15 view .LVU107
 431              	.LBB21:
 432              	.LBI21:
 117:Core/RTOS/task_config.h **** }
 118:Core/RTOS/task_config.h **** 
 119:Core/RTOS/task_config.h **** static inline BaseType_t ReceiveCommand(command_msg_t *cmd, TickType_t timeout) {
 120:Core/RTOS/task_config.h ****     return xQueueReceive(cmdQueue, cmd, timeout);
 121:Core/RTOS/task_config.h **** }
 122:Core/RTOS/task_config.h **** 
 123:Core/RTOS/task_config.h **** static inline BaseType_t SendOutput(const output_request_t *req, TickType_t timeout) {
 433              		.loc 2 123 26 view .LVU108
 434              	.LBB22:
 124:Core/RTOS/task_config.h ****     return xQueueSend(outQueue, req, timeout);
 435              		.loc 2 124 5 view .LVU109
 436              		.loc 2 124 12 is_stmt 0 view .LVU110
 437 009c 0023     		movs	r3, #0
 438 009e 1A46     		mov	r2, r3
 439 00a0 04A9     		add	r1, sp, #16
 440              	.LVL33:
 441              		.loc 2 124 12 view .LVU111
 442 00a2 0848     		ldr	r0, .L29+16
 443 00a4 0068     		ldr	r0, [r0]
 444 00a6 FFF7FEFF 		bl	xQueueGenericSend
 445              	.LVL34:
 446              		.loc 2 124 12 view .LVU112
 447 00aa B5E7     		b	.L23
 448              	.L25:
 449              	.LBE22:
 450              	.LBE21:
 451              	.LBE20:
ARM GAS  C:\Users\admin\AppData\Local\Temp\ccjKWKdZ.s 			page 15


  57:Core/RTOS/task_command_receiver.c ****             SendNACK();
 452              		.loc 1 57 13 is_stmt 1 view .LVU113
 453 00ac FFF7FEFF 		bl	SendNACK
 454              	.LVL35:
 455 00b0 B2E7     		b	.L23
 456              	.L30:
 457 00b2 00BF     		.align	2
 458              	.L29:
 459 00b4 00000000 		.word	lora_handle
 460 00b8 00000000 		.word	systemEvents
 461 00bc 00000000 		.word	cmdQueue
 462 00c0 00000000 		.word	.LC0
 463 00c4 00000000 		.word	outQueue
 464              	.LBE17:
 465              	.LBE23:
 466              		.cfi_endproc
 467              	.LFE159:
 469              		.text
 470              	.Letext0:
 471              		.file 3 "c:\\program files (x86)\\gnu arm embedded toolchain\\10 2021.10\\arm-none-eabi\\include\\
 472              		.file 4 "c:\\program files (x86)\\gnu arm embedded toolchain\\10 2021.10\\arm-none-eabi\\include\\
 473              		.file 5 "Middlewares/Third_Party/FreeRTOS/Source/portable/GCC/ARM_CM4F/portmacro.h"
 474              		.file 6 "Middlewares/Third_Party/FreeRTOS/Source/include/queue.h"
 475              		.file 7 "Middlewares/Third_Party/FreeRTOS/Source/include/event_groups.h"
 476              		.file 8 "Core/Lib/cubesat_data.h"
 477              		.file 9 "Drivers/CMSIS/Device/ST/STM32H7xx/Include/stm32h743xx.h"
 478              		.file 10 "Drivers/STM32H7xx_HAL_Driver/Inc/stm32h7xx_hal_def.h"
 479              		.file 11 "Drivers/STM32H7xx_HAL_Driver/Inc/stm32h7xx_hal_dma.h"
 480              		.file 12 "Drivers/STM32H7xx_HAL_Driver/Inc/stm32h7xx_hal_uart.h"
 481              		.file 13 "Core/Lib/lora_e32.h"
 482              		.file 14 "Core/Lib/packet_protocol.h"
 483              		.file 15 "Drivers/STM32H7xx_HAL_Driver/Inc/stm32h7xx_hal.h"
 484              		.file 16 "<built-in>"
 485              		.file 17 "c:\\program files (x86)\\gnu arm embedded toolchain\\10 2021.10\\arm-none-eabi\\include\
 486              		.file 18 "Middlewares/Third_Party/FreeRTOS/Source/include/task.h"
ARM GAS  C:\Users\admin\AppData\Local\Temp\ccjKWKdZ.s 			page 16


DEFINED SYMBOLS
                            *ABS*:00000000 task_command_receiver.c
C:\Users\admin\AppData\Local\Temp\ccjKWKdZ.s:19     .text.ProcessLoRaPacket:00000000 $t
C:\Users\admin\AppData\Local\Temp\ccjKWKdZ.s:24     .text.ProcessLoRaPacket:00000000 ProcessLoRaPacket
C:\Users\admin\AppData\Local\Temp\ccjKWKdZ.s:94     .text.ProcessLoRaPacket:00000044 $d
C:\Users\admin\AppData\Local\Temp\ccjKWKdZ.s:217    .text.SendNACK:00000000 $t
C:\Users\admin\AppData\Local\Temp\ccjKWKdZ.s:222    .text.SendNACK:00000000 SendNACK
C:\Users\admin\AppData\Local\Temp\ccjKWKdZ.s:272    .text.SendNACK:00000034 $d
C:\Users\admin\AppData\Local\Temp\ccjKWKdZ.s:277    .rodata.Task_CommandReceiver.str1.4:00000000 $d
C:\Users\admin\AppData\Local\Temp\ccjKWKdZ.s:281    .text.Task_CommandReceiver:00000000 $t
C:\Users\admin\AppData\Local\Temp\ccjKWKdZ.s:287    .text.Task_CommandReceiver:00000000 Task_CommandReceiver
C:\Users\admin\AppData\Local\Temp\ccjKWKdZ.s:459    .text.Task_CommandReceiver:000000b4 $d
C:\Users\admin\AppData\Local\Temp\ccjKWKdZ.s:115    .text.ProcessLoRaPacket:00000059 $d
C:\Users\admin\AppData\Local\Temp\ccjKWKdZ.s:115    .text.ProcessLoRaPacket:0000005a $t

UNDEFINED SYMBOLS
Packet_Verify_CRC
Packet_Parse_Type
HAL_GetTick
memcpy
Packet_Calculate_CRC
LoRa_E32_Send
lora_handle
vTaskDelay
LoRa_E32_DataAvailable
xEventGroupWaitBits
LoRa_E32_Receive
xQueueGenericSend
memset
snprintf
systemEvents
cmdQueue
outQueue
