Component: ARM Compiler 5.06 update 6 (build 750) Tool: armlink [4d35ed]

==============================================================================

Section Cross References

    startup_stm32h743xx.o(STACK) refers (Special) to heapauxi.o(.text) for __use_two_region_memory
    startup_stm32h743xx.o(HEAP) refers (Special) to heapauxi.o(.text) for __use_two_region_memory
    startup_stm32h743xx.o(RESET) refers (Special) to heapauxi.o(.text) for __use_two_region_memory
    startup_stm32h743xx.o(RESET) refers to startup_stm32h743xx.o(STACK) for __initial_sp
    startup_stm32h743xx.o(RESET) refers to startup_stm32h743xx.o(.text) for Reset_Handler
    startup_stm32h743xx.o(RESET) refers to stm32h7xx_it.o(i.NMI_Handler) for NMI_Handler
    startup_stm32h743xx.o(RESET) refers to stm32h7xx_it.o(i.HardFault_Handler) for HardFault_Handler
    startup_stm32h743xx.o(RESET) refers to stm32h7xx_it.o(i.MemManage_Handler) for MemManage_Handler
    startup_stm32h743xx.o(RESET) refers to stm32h7xx_it.o(i.BusFault_Handler) for BusFault_Handler
    startup_stm32h743xx.o(RESET) refers to stm32h7xx_it.o(i.UsageFault_Handler) for UsageFault_Handler
    startup_stm32h743xx.o(RESET) refers to port.o(.emb_text) for SVC_Handler
    startup_stm32h743xx.o(RESET) refers to stm32h7xx_it.o(i.DebugMon_Handler) for DebugMon_Handler
    startup_stm32h743xx.o(RESET) refers to cmsis_os2.o(i.SysTick_Handler) for SysTick_Handler
    startup_stm32h743xx.o(RESET) refers to stm32h7xx_it.o(i.TIM1_UP_IRQHandler) for TIM1_UP_IRQHandler
    startup_stm32h743xx.o(RESET) refers to stm32h7xx_it.o(i.USART2_IRQHandler) for USART2_IRQHandler
    startup_stm32h743xx.o(.text) refers (Special) to heapauxi.o(.text) for __use_two_region_memory
    startup_stm32h743xx.o(.text) refers to system_stm32h7xx.o(i.ExitRun0Mode) for ExitRun0Mode
    startup_stm32h743xx.o(.text) refers to system_stm32h7xx.o(i.SystemInit) for SystemInit
    startup_stm32h743xx.o(.text) refers to __main.o(!!!main) for __main
    startup_stm32h743xx.o(.text) refers to startup_stm32h743xx.o(HEAP) for Heap_Mem
    startup_stm32h743xx.o(.text) refers to startup_stm32h743xx.o(STACK) for Stack_Mem
    hmc5883l.o(i.hmc5883l_calibrate) refers to stm32h7xx_hal.o(i.HAL_GetTick) for HAL_GetTick
    hmc5883l.o(i.hmc5883l_calibrate) refers to hmc5883l.o(i.hmc5883l_read_mag) for hmc5883l_read_mag
    hmc5883l.o(i.hmc5883l_calibrate) refers to hmc5883l.o(.constdata) for .constdata
    hmc5883l.o(i.hmc5883l_get_heading) refers to atan2f.o(i.__hardfp_atan2f) for __hardfp_atan2f
    hmc5883l.o(i.hmc5883l_get_tilt_compensated_heading) refers to cosf.o(i.__hardfp_cosf) for __hardfp_cosf
    hmc5883l.o(i.hmc5883l_get_tilt_compensated_heading) refers to sinf.o(i.__hardfp_sinf) for __hardfp_sinf
    hmc5883l.o(i.hmc5883l_get_tilt_compensated_heading) refers to atan2f.o(i.__hardfp_atan2f) for __hardfp_atan2f
    hmc5883l.o(i.hmc5883l_init) refers to stm32h7xx_hal_i2c.o(i.HAL_I2C_IsDeviceReady) for HAL_I2C_IsDeviceReady
    hmc5883l.o(i.hmc5883l_init) refers to hmc5883l.o(i.hmc5883l_read_register) for hmc5883l_read_register
    hmc5883l.o(i.hmc5883l_init) refers to hmc5883l.o(i.hmc5883l_write_register) for hmc5883l_write_register
    hmc5883l.o(i.hmc5883l_init) refers to hmc5883l.o(.data) for s_default_timeout
    hmc5883l.o(i.hmc5883l_init) refers to hmc5883l.o(.constdata) for gain_table
    hmc5883l.o(i.hmc5883l_is_data_ready) refers to hmc5883l.o(i.hmc5883l_read_register) for hmc5883l_read_register
    hmc5883l.o(i.hmc5883l_is_data_ready) refers to hmc5883l.o(.data) for s_default_timeout
    hmc5883l.o(i.hmc5883l_read_mag) refers to hmc5883l.o(i.hmc5883l_read_registers) for hmc5883l_read_registers
    hmc5883l.o(i.hmc5883l_read_mag) refers to stm32h7xx_hal.o(i.HAL_GetTick) for HAL_GetTick
    hmc5883l.o(i.hmc5883l_read_mag) refers to hmc5883l.o(.data) for s_default_timeout
    hmc5883l.o(i.hmc5883l_read_mag_blocking) refers to hmc5883l.o(i.hmc5883l_write_register) for hmc5883l_write_register
    hmc5883l.o(i.hmc5883l_read_mag_blocking) refers to stm32h7xx_hal.o(i.HAL_GetTick) for HAL_GetTick
    hmc5883l.o(i.hmc5883l_read_mag_blocking) refers to hmc5883l.o(i.hmc5883l_is_data_ready) for hmc5883l_is_data_ready
    hmc5883l.o(i.hmc5883l_read_mag_blocking) refers to hmc5883l.o(i.hmc5883l_read_mag) for hmc5883l_read_mag
    hmc5883l.o(i.hmc5883l_read_mag_blocking) refers to hmc5883l.o(.data) for s_default_timeout
    hmc5883l.o(i.hmc5883l_read_register) refers to stm32h7xx_hal_i2c.o(i.HAL_I2C_Mem_Read) for HAL_I2C_Mem_Read
    hmc5883l.o(i.hmc5883l_read_registers) refers to stm32h7xx_hal_i2c.o(i.HAL_I2C_Mem_Read) for HAL_I2C_Mem_Read
    hmc5883l.o(i.hmc5883l_set_mode) refers to hmc5883l.o(i.hmc5883l_write_register) for hmc5883l_write_register
    hmc5883l.o(i.hmc5883l_set_mode) refers to hmc5883l.o(.data) for s_default_timeout
    hmc5883l.o(i.hmc5883l_write_register) refers to stm32h7xx_hal_i2c.o(i.HAL_I2C_Mem_Write) for HAL_I2C_Mem_Write
[...]
    prvInitialiseNewTask                     0x08005f77   Thumb Code   190  tasks.o(i.prvInitialiseNewTask)
    i.prvInitialiseTaskLists                 0x08006034   Section        0  tasks.o(i.prvInitialiseTaskLists)
    prvInitialiseTaskLists                   0x08006035   Thumb Code    70  tasks.o(i.prvInitialiseTaskLists)
    i.prvInsertBlockIntoFreeList             0x0800609c   Section        0  heap_4.o(i.prvInsertBlockIntoFreeList)
    prvInsertBlockIntoFreeList               0x0800609d   Thumb Code    96  heap_4.o(i.prvInsertBlockIntoFreeList)
    i.prvInsertTimerInActiveList             0x08006104   Section        0  timers.o(i.prvInsertTimerInActiveList)
    prvInsertTimerInActiveList               0x08006105   Thumb Code    80  timers.o(i.prvInsertTimerInActiveList)
    i.prvIsQueueEmpty                        0x0800615c   Section        0  queue.o(i.prvIsQueueEmpty)
    prvIsQueueEmpty                          0x0800615d   Thumb Code    26  queue.o(i.prvIsQueueEmpty)
    i.prvIsQueueFull                         0x08006176   Section        0  queue.o(i.prvIsQueueFull)
    prvIsQueueFull                           0x08006177   Thumb Code    30  queue.o(i.prvIsQueueFull)
    i.prvProcessExpiredTimer                 0x08006194   Section        0  timers.o(i.prvProcessExpiredTimer)
    prvProcessExpiredTimer                   0x08006195   Thumb Code   110  timers.o(i.prvProcessExpiredTimer)
    i.prvProcessReceivedCommands             0x08006208   Section        0  timers.o(i.prvProcessReceivedCommands)
    prvProcessReceivedCommands               0x08006209   Thumb Code   350  timers.o(i.prvProcessReceivedCommands)
    i.prvProcessTimerOrBlockTask             0x0800636c   Section        0  timers.o(i.prvProcessTimerOrBlockTask)
    prvProcessTimerOrBlockTask               0x0800636d   Thumb Code   102  timers.o(i.prvProcessTimerOrBlockTask)
    i.prvResetNextTaskUnblockTime            0x080063e0   Section        0  tasks.o(i.prvResetNextTaskUnblockTime)
    prvResetNextTaskUnblockTime              0x080063e1   Thumb Code    42  tasks.o(i.prvResetNextTaskUnblockTime)
    i.prvSampleTimeNow                       0x08006414   Section        0  timers.o(i.prvSampleTimeNow)
    prvSampleTimeNow                         0x08006415   Thumb Code    40  timers.o(i.prvSampleTimeNow)
    i.prvSwitchTimerLists                    0x08006440   Section        0  timers.o(i.prvSwitchTimerLists)
    prvSwitchTimerLists                      0x08006441   Thumb Code   154  timers.o(i.prvSwitchTimerLists)
    i.prvTaskExitError                       0x080064e4   Section        0  port.o(i.prvTaskExitError)
    prvTaskExitError                         0x080064e5   Thumb Code    60  port.o(i.prvTaskExitError)
    i.prvTimerTask                           0x08006524   Section        0  timers.o(i.prvTimerTask)
    prvTimerTask                             0x08006525   Thumb Code    26  timers.o(i.prvTimerTask)
    i.prvUnlockQueue                         0x0800653e   Section        0  queue.o(i.prvUnlockQueue)
    prvUnlockQueue                           0x0800653f   Thumb Code   126  queue.o(i.prvUnlockQueue)
    i.pvPortMalloc                           0x080065bc   Section        0  heap_4.o(i.pvPortMalloc)
    i.pxPortInitialiseStack                  0x08006708   Section        0  port.o(i.pxPortInitialiseStack)
    i.uxListRemove                           0x08006734   Section        0  list.o(i.uxListRemove)
    i.vApplicationGetIdleTaskMemory          0x0800675c   Section        0  cmsis_os2.o(i.vApplicationGetIdleTaskMemory)
    i.vApplicationGetTimerTaskMemory         0x08006774   Section        0  cmsis_os2.o(i.vApplicationGetTimerTaskMemory)
    i.vListInitialise                        0x0800678c   Section        0  list.o(i.vListInitialise)
    i.vListInitialiseItem                    0x080067a6   Section        0  list.o(i.vListInitialiseItem)
    i.vListInsert                            0x080067ac   Section        0  list.o(i.vListInsert)
    i.vListInsertEnd                         0x080067e0   Section        0  list.o(i.vListInsertEnd)
    i.vPortEnterCritical                     0x080067f8   Section        0  port.o(i.vPortEnterCritical)
    i.vPortExitCritical                      0x0800684c   Section        0  port.o(i.vPortExitCritical)
    i.vPortFree                              0x08006888   Section        0  heap_4.o(i.vPortFree)
    i.vPortSetupTimerInterrupt               0x0800692c   Section        0  port.o(i.vPortSetupTimerInterrupt)
    i.vPortValidateInterruptPriority         0x08006954   Section        0  port.o(i.vPortValidateInterruptPriority)
    i.vQueueAddToRegistry                    0x080069cc   Section        0  queue.o(i.vQueueAddToRegistry)
    i.vQueueWaitForMessageRestricted         0x080069f8   Section        0  queue.o(i.vQueueWaitForMessageRestricted)
    i.vTaskDelay                             0x08006a44   Section        0  tasks.o(i.vTaskDelay)
    i.vTaskInternalSetTimeOutState           0x08006aa0   Section        0  tasks.o(i.vTaskInternalSetTimeOutState)
    i.vTaskMissedYield                       0x08006ab8   Section        0  tasks.o(i.vTaskMissedYield)
    i.vTaskPlaceOnEventList                  0x08006ac4   Section        0  tasks.o(i.vTaskPlaceOnEventList)
    i.vTaskPlaceOnEventListRestricted        0x08006afc   Section        0  tasks.o(i.vTaskPlaceOnEventListRestricted)
    i.vTaskStartScheduler                    0x08006b3c   Section        0  tasks.o(i.vTaskStartScheduler)
    i.vTaskSuspendAll                        0x08006bf4   Section        0  tasks.o(i.vTaskSuspendAll)
    i.vTaskSwitchContext                     0x08006c04   Section        0  tasks.o(i.vTaskSwitchContext)
    i.xPortStartScheduler                    0x08006c94   Section        0  port.o(i.xPortStartScheduler)
    i.xPortSysTickHandler                    0x08006dfc   Section        0  port.o(i.xPortSysTickHandler)
    i.xQueueGenericCreateStatic              0x08006e30   Section        0  queue.o(i.xQueueGenericCreateStatic)
    i.xQueueGenericReset                     0x08006f10   Section        0  queue.o(i.xQueueGenericReset)
    i.xQueueGenericSend                      0x08006fa8   Section        0  queue.o(i.xQueueGenericSend)
    i.xQueueGenericSendFromISR               0x08007150   Section        0  queue.o(i.xQueueGenericSendFromISR)
    i.xQueueReceive                          0x0800724c   Section        0  queue.o(i.xQueueReceive)
    i.xTaskCheckForTimeOut                   0x080073b4   Section        0  tasks.o(i.xTaskCheckForTimeOut)
    i.xTaskCreate                            0x08007440   Section        0  tasks.o(i.xTaskCreate)
    i.xTaskCreateStatic                      0x080074a4   Section        0  tasks.o(i.xTaskCreateStatic)
    i.xTaskGetSchedulerState                 0x08007560   Section        0  tasks.o(i.xTaskGetSchedulerState)
    i.xTaskGetTickCount                      0x08007580   Section        0  tasks.o(i.xTaskGetTickCount)
    i.xTaskIncrementTick                     0x0800758c   Section        0  tasks.o(i.xTaskIncrementTick)
    i.xTaskPriorityDisinherit                0x080076d0   Section        0  tasks.o(i.xTaskPriorityDisinherit)
    i.xTaskRemoveFromEventList               0x08007774   Section        0  tasks.o(i.xTaskRemoveFromEventList)
    i.xTaskResumeAll                         0x0800780c   Section        0  tasks.o(i.xTaskResumeAll)
    i.xTimerCreateTimerTask                  0x08007910   Section        0  timers.o(i.xTimerCreateTimerTask)
    i.xTimerGenericCommand                   0x08007988   Section        0  timers.o(i.xTimerGenericCommand)
    x$fpl$fpinit                             0x08007a0c   Section       10  fpinit.o(x$fpl$fpinit)
    $v0                                      0x08007a0c   Number         0  fpinit.o(x$fpl$fpinit)
    .constdata                               0x08007a18   Section       36  main.o(.constdata)
    .constdata                               0x08007a3c   Section       24  stm32h7xx_hal_uart.o(.constdata)
    .constdata                               0x08007a54   Section       16  stm32h7xx_hal_uart_ex.o(.constdata)
    numerator                                0x08007a54   Data           8  stm32h7xx_hal_uart_ex.o(.constdata)
    denominator                              0x08007a5c   Data           8  stm32h7xx_hal_uart_ex.o(.constdata)
    .constdata                               0x08007a64   Section       16  system_stm32h7xx.o(.constdata)
    .conststring                             0x08007a74   Section       12  main.o(.conststring)
    .data                                    0x24000000   Section       36  main.o(.data)
    .data                                    0x24000024   Section        9  stm32h7xx_hal.o(.data)
    .data                                    0x24000030   Section        8  system_stm32h7xx.o(.data)
    .data                                    0x24000038   Section       60  tasks.o(.data)
    pxDelayedTaskList                        0x2400003c   Data           4  tasks.o(.data)
    pxOverflowDelayedTaskList                0x24000040   Data           4  tasks.o(.data)
    uxDeletedTasksWaitingCleanUp             0x24000044   Data           4  tasks.o(.data)
    uxCurrentNumberOfTasks                   0x24000048   Data           4  tasks.o(.data)
    xTickCount                               0x2400004c   Data           4  tasks.o(.data)
    uxTopReadyPriority                       0x24000050   Data           4  tasks.o(.data)
    xSchedulerRunning                        0x24000054   Data           4  tasks.o(.data)
    xPendedTicks                             0x24000058   Data           4  tasks.o(.data)
    xYieldPending                            0x2400005c   Data           4  tasks.o(.data)
    xNumOfOverflows                          0x24000060   Data           4  tasks.o(.data)
    uxTaskNumber                             0x24000064   Data           4  tasks.o(.data)
    xNextTaskUnblockTime                     0x24000068   Data           4  tasks.o(.data)
    xIdleTaskHandle                          0x2400006c   Data           4  tasks.o(.data)
    uxSchedulerSuspended                     0x24000070   Data           4  tasks.o(.data)
    .data                                    0x24000074   Section       20  timers.o(.data)
    pxCurrentTimerList                       0x24000074   Data           4  timers.o(.data)
    pxOverflowTimerList                      0x24000078   Data           4  timers.o(.data)
    xTimerQueue                              0x2400007c   Data           4  timers.o(.data)
    xTimerTaskHandle                         0x24000080   Data           4  timers.o(.data)
    xLastTime                                0x24000084   Data           4  timers.o(.data)
    .data                                    0x24000088   Section        4  cmsis_os2.o(.data)
    KernelState                              0x24000088   Data           4  cmsis_os2.o(.data)
    .data                                    0x2400008c   Section       32  heap_4.o(.data)
    xStart                                   0x2400008c   Data           8  heap_4.o(.data)
    pxEnd                                    0x24000094   Data           4  heap_4.o(.data)
    xFreeBytesRemaining                      0x24000098   Data           4  heap_4.o(.data)
    xMinimumEverFreeBytesRemaining           0x2400009c   Data           4  heap_4.o(.data)
    xNumberOfSuccessfulAllocations           0x240000a0   Data           4  heap_4.o(.data)
    xNumberOfSuccessfulFrees                 0x240000a4   Data           4  heap_4.o(.data)
    xBlockAllocatedBit                       0x240000a8   Data           4  heap_4.o(.data)
    .data                                    0x240000ac   Section       12  port.o(.data)
    uxCriticalNesting                        0x240000ac   Data           4  port.o(.data)
    ucMaxSysCallPriority                     0x240000b0   Data           1  port.o(.data)
    ulMaxPRIGROUPValue                       0x240000b4   Data           4  port.o(.data)
    .bss                                     0x240000b8   Section      780  main.o(.bss)
    .bss                                     0x240003c4   Section       76  stm32h7xx_hal_timebase_tim.o(.bss)
    .bss                                     0x24000410   Section       64  queue.o(.bss)
    .bss                                     0x24000450   Section     1220  tasks.o(.bss)
    pxReadyTasksLists                        0x24000450   Data        1120  tasks.o(.bss)
    xDelayedTaskList1                        0x240008b0   Data          20  tasks.o(.bss)
    xDelayedTaskList2                        0x240008c4   Data          20  tasks.o(.bss)
    xPendingReadyList                        0x240008d8   Data          20  tasks.o(.bss)
    xTasksWaitingTermination                 0x240008ec   Data          20  tasks.o(.bss)
    xSuspendedTaskList                       0x24000900   Data          20  tasks.o(.bss)
    .bss                                     0x24000914   Section      280  timers.o(.bss)
    xActiveTimerList1                        0x24000914   Data          20  timers.o(.bss)
    xActiveTimerList2                        0x24000928   Data          20  timers.o(.bss)
    xStaticTimerQueue                        0x2400093c   Data          80  timers.o(.bss)
    ucStaticTimerQueueStorage                0x2400098c   Data         160  timers.o(.bss)
    .bss                                     0x24000a2c   Section     1720  cmsis_os2.o(.bss)
    Idle_TCB                                 0x24000a2c   Data          92  cmsis_os2.o(.bss)
    Idle_Stack                               0x24000a88   Data         512  cmsis_os2.o(.bss)
    Timer_TCB                                0x24000c88   Data          92  cmsis_os2.o(.bss)
    Timer_Stack                              0x24000ce4   Data        1024  cmsis_os2.o(.bss)
    .bss                                     0x240010e4   Section    15360  heap_4.o(.bss)
    ucHeap                                   0x240010e4   Data       15360  heap_4.o(.bss)
    .bss                                     0x24004ce4   Section       96  libspace.o(.bss)
    HEAP                                     0x24004d48   Section      512  startup_stm32h743xx.o(HEAP)
    Heap_Mem                                 0x24004d48   Data         512  startup_stm32h743xx.o(HEAP)
    STACK                                    0x24004f48   Section     1024  startup_stm32h743xx.o(STACK)
    Stack_Mem                                0x24004f48   Data        1024  startup_stm32h743xx.o(STACK)
    __initial_sp                             0x24005348   Data           0  startup_stm32h743xx.o(STACK)

    Global Symbols

    Symbol Name                              Value     Ov Type        Size  Object(Section)

    BuildAttributes$$THM_ISAv4$E$P$D$K$B$S$7EM$VFPv5_D16$PE$PLD8$A:L22UL41UL21$X:L11$S22US41US21$IEEE1$IW$USESV6$~STKCKD$USESV7$~SHL$OTIME$ROPI$IEEEX$EBA8$UX$STANDARDLIB$REQ8$PRES8$EABIv2 0x00000000   Number         0  anon$$obj.o ABSOLUTE
    __ARM_use_no_argv                        0x00000000   Number         0  main.o ABSOLUTE
    _printf_flags                            0x00000000   Number         0  printf_stubs.o ABSOLUTE
    _printf_return_value                     0x00000000   Number         0  printf_stubs.o ABSOLUTE
    _printf_sizespec                         0x00000000   Number         0  printf_stubs.o ABSOLUTE
    _printf_widthprec                        0x00000000   Number         0  printf_stubs.o ABSOLUTE
    __ARM_exceptions_init                     - Undefined Weak Reference
    __alloca_initialize                       - Undefined Weak Reference
    __arm_preinit_                            - Undefined Weak Reference
    __cpp_initialize__aeabi_                  - Undefined Weak Reference
    __cxa_finalize                            - Undefined Weak Reference
    __sigvec_lookup                           - Undefined Weak Reference
    _atexit_init                              - Undefined Weak Reference
    _call_atexit_fns                          - Undefined Weak Reference
    _clock_init                               - Undefined Weak Reference
    _fp_trap_init                             - Undefined Weak Reference
    _fp_trap_shutdown                         - Undefined Weak Reference
    _get_lc_collate                           - Undefined Weak Reference
    _get_lc_monetary                          - Undefined Weak Reference
    _get_lc_time                              - Undefined Weak Reference
    _getenv_init                              - Undefined Weak Reference
    _handle_redirection                       - Undefined Weak Reference
    _init_alloc                               - Undefined Weak Reference
    _init_user_alloc                          - Undefined Weak Reference
    _initio                                   - Undefined Weak Reference
    _printf_mbtowc                            - Undefined Weak Reference
    _printf_wc                                - Undefined Weak Reference
    _rand_init                                - Undefined Weak Reference
    _signal_finish                            - Undefined Weak Reference
    _signal_init                              - Undefined Weak Reference
    _terminate_alloc                          - Undefined Weak Reference
    _terminate_user_alloc                     - Undefined Weak Reference
    _terminateio                              - Undefined Weak Reference
    __Vectors_Size                           0x00000298   Number         0  startup_stm32h743xx.o ABSOLUTE
    __Vectors                                0x08000000   Data           4  startup_stm32h743xx.o(RESET)
    __Vectors_End                            0x08000298   Data           0  startup_stm32h743xx.o(RESET)
    __main                                   0x08000299   Thumb Code     8  __main.o(!!!main)
    __scatterload                            0x080002a1   Thumb Code     0  __scatter.o(!!!scatter)
    __scatterload_rt2                        0x080002a1   Thumb Code    44  __scatter.o(!!!scatter)
    __scatterload_rt2_thumb_only             0x080002a1   Thumb Code     0  __scatter.o(!!!scatter)
    __scatterload_null                       0x080002af   Thumb Code     0  __scatter.o(!!!scatter)
    __scatterload_copy                       0x080002d5   Thumb Code    26  __scatter_copy.o(!!handler_copy)
    __scatterload_zeroinit                   0x080002f1   Thumb Code    28  __scatter_zi.o(!!handler_zi)
    __rt_lib_init                            0x0800030d   Thumb Code     0  libinit.o(.ARM.Collect$$libinit$$00000000)
    __rt_lib_init_fp_1                       0x0800030f   Thumb Code     0  libinit2.o(.ARM.Collect$$libinit$$00000001)
    __rt_lib_init_alloca_1                   0x08000313   Thumb Code     0  libinit2.o(.ARM.Collect$$libinit$$0000002E)
    __rt_lib_init_argv_1                     0x08000313   Thumb Code     0  libinit2.o(.ARM.Collect$$libinit$$0000002C)
    __rt_lib_init_atexit_1                   0x08000313   Thumb Code     0  libinit2.o(.ARM.Collect$$libinit$$0000001B)
    __rt_lib_init_clock_1                    0x08000313   Thumb Code     0  libinit2.o(.ARM.Collect$$libinit$$00000021)
    __rt_lib_init_cpp_1                      0x08000313   Thumb Code     0  libinit2.o(.ARM.Collect$$libinit$$00000032)
    __rt_lib_init_exceptions_1               0x08000313   Thumb Code     0  libinit2.o(.ARM.Collect$$libinit$$00000030)
    __rt_lib_init_fp_trap_1                  0x08000313   Thumb Code     0  libinit2.o(.ARM.Collect$$libinit$$0000001F)
    __rt_lib_init_getenv_1                   0x08000313   Thumb Code     0  libinit2.o(.ARM.Collect$$libinit$$00000023)
    __rt_lib_init_heap_1                     0x08000313   Thumb Code     0  libinit2.o(.ARM.Collect$$libinit$$0000000A)
    __rt_lib_init_lc_collate_1               0x08000313   Thumb Code     0  libinit2.o(.ARM.Collect$$libinit$$00000011)
    __rt_lib_init_lc_ctype_1                 0x08000313   Thumb Code     0  libinit2.o(.ARM.Collect$$libinit$$00000013)
    __rt_lib_init_lc_monetary_1              0x08000313   Thumb Code     0  libinit2.o(.ARM.Collect$$libinit$$00000015)
    __rt_lib_init_lc_numeric_1               0x08000313   Thumb Code     0  libinit2.o(.ARM.Collect$$libinit$$00000017)
    __rt_lib_init_lc_time_1                  0x08000313   Thumb Code     0  libinit2.o(.ARM.Collect$$libinit$$00000019)
    __rt_lib_init_preinit_1                  0x08000313   Thumb Code     0  libinit2.o(.ARM.Collect$$libinit$$00000004)
    __rt_lib_init_rand_1                     0x08000313   Thumb Code     0  libinit2.o(.ARM.Collect$$libinit$$0000000E)
    __rt_lib_init_return                     0x08000313   Thumb Code     0  libinit2.o(.ARM.Collect$$libinit$$00000033)
    __rt_lib_init_signal_1                   0x08000313   Thumb Code     0  libinit2.o(.ARM.Collect$$libinit$$0000001D)
    __rt_lib_init_stdio_1                    0x08000313   Thumb Code     0  libinit2.o(.ARM.Collect$$libinit$$00000025)
    __rt_lib_init_user_alloc_1               0x08000313   Thumb Code     0  libinit2.o(.ARM.Collect$$libinit$$0000000C)
    __rt_lib_shutdown                        0x08000315   Thumb Code     0  libshutdown.o(.ARM.Collect$$libshutdown$$00000000)
    __rt_lib_shutdown_cpp_1                  0x08000317   Thumb Code     0  libshutdown2.o(.ARM.Collect$$libshutdown$$00000002)
    __rt_lib_shutdown_fp_trap_1              0x08000317   Thumb Code     0  libshutdown2.o(.ARM.Collect$$libshutdown$$00000007)
    __rt_lib_shutdown_heap_1                 0x08000317   Thumb Code     0  libshutdown2.o(.ARM.Collect$$libshutdown$$0000000F)
    __rt_lib_shutdown_return                 0x08000317   Thumb Code     0  libshutdown2.o(.ARM.Collect$$libshutdown$$00000010)
    __rt_lib_shutdown_signal_1               0x08000317   Thumb Code     0  libshutdown2.o(.ARM.Collect$$libshutdown$$0000000A)
    __rt_lib_shutdown_stdio_1                0x08000317   Thumb Code     0  libshutdown2.o(.ARM.Collect$$libshutdown$$00000004)
    __rt_lib_shutdown_user_alloc_1           0x08000317   Thumb Code     0  libshutdown2.o(.ARM.Collect$$libshutdown$$0000000C)
    __rt_entry                               0x08000319   Thumb Code     0  __rtentry.o(.ARM.Collect$$rtentry$$00000000)
    __rt_entry_presh_1                       0x08000319   Thumb Code     0  __rtentry2.o(.ARM.Collect$$rtentry$$00000002)
    __rt_entry_sh                            0x08000319   Thumb Code     0  __rtentry4.o(.ARM.Collect$$rtentry$$00000004)
    __rt_entry_li                            0x0800031f   Thumb Code     0  __rtentry2.o(.ARM.Collect$$rtentry$$0000000A)
    __rt_entry_postsh_1                      0x0800031f   Thumb Code     0  __rtentry2.o(.ARM.Collect$$rtentry$$00000009)
    __rt_entry_main                          0x08000323   Thumb Code     0  __rtentry2.o(.ARM.Collect$$rtentry$$0000000D)
    __rt_entry_postli_1                      0x08000323   Thumb Code     0  __rtentry2.o(.ARM.Collect$$rtentry$$0000000C)
    __rt_exit                                0x0800032b   Thumb Code     0  rtexit.o(.ARM.Collect$$rtexit$$00000000)
    __rt_exit_ls                             0x0800032d   Thumb Code     0  rtexit2.o(.ARM.Collect$$rtexit$$00000003)
    __rt_exit_prels_1                        0x0800032d   Thumb Code     0  rtexit2.o(.ARM.Collect$$rtexit$$00000002)
    __rt_exit_exit                           0x08000331   Thumb Code     0  rtexit2.o(.ARM.Collect$$rtexit$$00000004)
    SVC_Handler                              0x08000339   Thumb Code    28  port.o(.emb_text)
    __asm___6_port_c_39a90d8d__prvStartFirstTask 0x08000359   Thumb Code    36  port.o(.emb_text)
    __asm___6_port_c_39a90d8d__prvEnableVFP  0x08000381   Thumb Code    16  port.o(.emb_text)
    PendSV_Handler                           0x08000395   Thumb Code    88  port.o(.emb_text)
    vPortGetIPSR                             0x080003f1   Thumb Code     6  port.o(.emb_text)
    Reset_Handler                            0x080003f9   Thumb Code    12  startup_stm32h743xx.o(.text)
    ADC3_IRQHandler                          0x08000417   Thumb Code     0  startup_stm32h743xx.o(.text)
    ADC_IRQHandler                           0x08000417   Thumb Code     0  startup_stm32h743xx.o(.text)
    BDMA_Channel0_IRQHandler                 0x08000417   Thumb Code     0  startup_stm32h743xx.o(.text)
    BDMA_Channel1_IRQHandler                 0x08000417   Thumb Code     0  startup_stm32h743xx.o(.text)
    BDMA_Channel2_IRQHandler                 0x08000417   Thumb Code     0  startup_stm32h743xx.o(.text)
    BDMA_Channel3_IRQHandler                 0x08000417   Thumb Code     0  startup_stm32h743xx.o(.text)
    BDMA_Channel4_IRQHandler                 0x08000417   Thumb Code     0  startup_stm32h743xx.o(.text)
    BDMA_Channel5_IRQHandler                 0x08000417   Thumb Code     0  startup_stm32h743xx.o(.text)
    BDMA_Channel6_IRQHandler                 0x08000417   Thumb Code     0  startup_stm32h743xx.o(.text)
    BDMA_Channel7_IRQHandler                 0x08000417   Thumb Code     0  startup_stm32h743xx.o(.text)
    CEC_IRQHandler                           0x08000417   Thumb Code     0  startup_stm32h743xx.o(.text)
    COMP1_IRQHandler                         0x08000417   Thumb Code     0  startup_stm32h743xx.o(.text)
    CRS_IRQHandler                           0x08000417   Thumb Code     0  startup_stm32h743xx.o(.text)
    DCMI_IRQHandler                          0x08000417   Thumb Code     0  startup_stm32h743xx.o(.text)
    DFSDM1_FLT0_IRQHandler                   0x08000417   Thumb Code     0  startup_stm32h743xx.o(.text)
    DFSDM1_FLT1_IRQHandler                   0x08000417   Thumb Code     0  startup_stm32h743xx.o(.text)
    DFSDM1_FLT2_IRQHandler                   0x08000417   Thumb Code     0  startup_stm32h743xx.o(.text)
    DFSDM1_FLT3_IRQHandler                   0x08000417   Thumb Code     0  startup_stm32h743xx.o(.text)
    DMA1_Stream0_IRQHandler                  0x08000417   Thumb Code     0  startup_stm32h743xx.o(.text)
    DMA1_Stream1_IRQHandler                  0x08000417   Thumb Code     0  startup_stm32h743xx.o(.text)
    DMA1_Stream2_IRQHandler                  0x08000417   Thumb Code     0  startup_stm32h743xx.o(.text)
    DMA1_Stream3_IRQHandler                  0x08000417   Thumb Code     0  startup_stm32h743xx.o(.text)
    DMA1_Stream4_IRQHandler                  0x08000417   Thumb Code     0  startup_stm32h743xx.o(.text)
    DMA1_Stream5_IRQHandler                  0x08000417   Thumb Code     0  startup_stm32h743xx.o(.text)
    DMA1_Stream6_IRQHandler                  0x08000417   Thumb Code     0  startup_stm32h743xx.o(.text)
    DMA1_Stream7_IRQHandler                  0x08000417   Thumb Code     0  startup_stm32h743xx.o(.text)
    DMA2D_IRQHandler                         0x08000417   Thumb Code     0  startup_stm32h743xx.o(.text)
    DMA2_Stream0_IRQHandler                  0x08000417   Thumb Code     0  startup_stm32h743xx.o(.text)
    DMA2_Stream1_IRQHandler                  0x08000417   Thumb Code     0  startup_stm32h743xx.o(.text)
    DMA2_Stream2_IRQHandler                  0x08000417   Thumb Code     0  startup_stm32h743xx.o(.text)
    DMA2_Stream3_IRQHandler                  0x08000417   Thumb Code     0  startup_stm32h743xx.o(.text)
    DMA2_Stream4_IRQHandler                  0x08000417   Thumb Code     0  startup_stm32h743xx.o(.text)
    DMA2_Stream5_IRQHandler                  0x08000417   Thumb Code     0  startup_stm32h743xx.o(.text)
    DMA2_Stream6_IRQHandler                  0x08000417   Thumb Code     0  startup_stm32h743xx.o(.text)
    DMA2_Stream7_IRQHandler                  0x08000417   Thumb Code     0  startup_stm32h743xx.o(.text)
    DMAMUX1_OVR_IRQHandler                   0x08000417   Thumb Code     0  startup_stm32h743xx.o(.text)
    DMAMUX2_OVR_IRQHandler                   0x08000417   Thumb Code     0  startup_stm32h743xx.o(.text)
    ECC_IRQHandler                           0x08000417   Thumb Code     0  startup_stm32h743xx.o(.text)
    ETH_IRQHandler                           0x08000417   Thumb Code     0  startup_stm32h743xx.o(.text)
    ETH_WKUP_IRQHandler                      0x08000417   Thumb Code     0  startup_stm32h743xx.o(.text)
    EXTI0_IRQHandler                         0x08000417   Thumb Code     0  startup_stm32h743xx.o(.text)
    EXTI15_10_IRQHandler                     0x08000417   Thumb Code     0  startup_stm32h743xx.o(.text)
    EXTI1_IRQHandler                         0x08000417   Thumb Code     0  startup_stm32h743xx.o(.text)
    EXTI2_IRQHandler                         0x08000417   Thumb Code     0  startup_stm32h743xx.o(.text)
    EXTI3_IRQHandler                         0x08000417   Thumb Code     0  startup_stm32h743xx.o(.text)
    EXTI4_IRQHandler                         0x08000417   Thumb Code     0  startup_stm32h743xx.o(.text)
    EXTI9_5_IRQHandler                       0x08000417   Thumb Code     0  startup_stm32h743xx.o(.text)
    FDCAN1_IT0_IRQHandler                    0x08000417   Thumb Code     0  startup_stm32h743xx.o(.text)
    FDCAN1_IT1_IRQHandler                    0x08000417   Thumb Code     0  startup_stm32h743xx.o(.text)
    FDCAN2_IT0_IRQHandler                    0x08000417   Thumb Code     0  startup_stm32h743xx.o(.text)
    FDCAN2_IT1_IRQHandler                    0x08000417   Thumb Code     0  startup_stm32h743xx.o(.text)
    FDCAN_CAL_IRQHandler                     0x08000417   Thumb Code     0  startup_stm32h743xx.o(.text)
    FLASH_IRQHandler                         0x08000417   Thumb Code     0  startup_stm32h743xx.o(.text)
    FMC_IRQHandler                           0x08000417   Thumb Code     0  startup_stm32h743xx.o(.text)
    FPU_IRQHandler                           0x08000417   Thumb Code     0  startup_stm32h743xx.o(.text)
    HRTIM1_FLT_IRQHandler                    0x08000417   Thumb Code     0  startup_stm32h743xx.o(.text)
    HRTIM1_Master_IRQHandler                 0x08000417   Thumb Code     0  startup_stm32h743xx.o(.text)
    HRTIM1_TIMA_IRQHandler                   0x08000417   Thumb Code     0  startup_stm32h743xx.o(.text)
    HRTIM1_TIMB_IRQHandler                   0x08000417   Thumb Code     0  startup_stm32h743xx.o(.text)
    HRTIM1_TIMC_IRQHandler                   0x08000417   Thumb Code     0  startup_stm32h743xx.o(.text)
    HRTIM1_TIMD_IRQHandler                   0x08000417   Thumb Code     0  startup_stm32h743xx.o(.text)
    HRTIM1_TIME_IRQHandler                   0x08000417   Thumb Code     0  startup_stm32h743xx.o(.text)
    HSEM1_IRQHandler                         0x08000417   Thumb Code     0  startup_stm32h743xx.o(.text)
    I2C1_ER_IRQHandler                       0x08000417   Thumb Code     0  startup_stm32h743xx.o(.text)
    I2C1_EV_IRQHandler                       0x08000417   Thumb Code     0  startup_stm32h743xx.o(.text)
    I2C2_ER_IRQHandler                       0x08000417   Thumb Code     0  startup_stm32h743xx.o(.text)
    I2C2_EV_IRQHandler                       0x08000417   Thumb Code     0  startup_stm32h743xx.o(.text)
    I2C3_ER_IRQHandler                       0x08000417   Thumb Code     0  startup_stm32h743xx.o(.text)
    I2C3_EV_IRQHandler                       0x08000417   Thumb Code     0  startup_stm32h743xx.o(.text)
    I2C4_ER_IRQHandler                       0x08000417   Thumb Code     0  startup_stm32h743xx.o(.text)
    I2C4_EV_IRQHandler                       0x08000417   Thumb Code     0  startup_stm32h743xx.o(.text)
    JPEG_IRQHandler                          0x08000417   Thumb Code     0  startup_stm32h743xx.o(.text)
    LPTIM1_IRQHandler                        0x08000417   Thumb Code     0  startup_stm32h743xx.o(.text)
    LPTIM2_IRQHandler                        0x08000417   Thumb Code     0  startup_stm32h743xx.o(.text)
    LPTIM3_IRQHandler                        0x08000417   Thumb Code     0  startup_stm32h743xx.o(.text)
    LPTIM4_IRQHandler                        0x08000417   Thumb Code     0  startup_stm32h743xx.o(.text)
    LPTIM5_IRQHandler                        0x08000417   Thumb Code     0  startup_stm32h743xx.o(.text)
    LPUART1_IRQHandler                       0x08000417   Thumb Code     0  startup_stm32h743xx.o(.text)
    LTDC_ER_IRQHandler                       0x08000417   Thumb Code     0  startup_stm32h743xx.o(.text)
    LTDC_IRQHandler                          0x08000417   Thumb Code     0  startup_stm32h743xx.o(.text)
    MDIOS_IRQHandler                         0x08000417   Thumb Code     0  startup_stm32h743xx.o(.text)
    MDIOS_WKUP_IRQHandler                    0x08000417   Thumb Code     0  startup_stm32h743xx.o(.text)
    MDMA_IRQHandler                          0x08000417   Thumb Code     0  startup_stm32h743xx.o(.text)
    OTG_FS_EP1_IN_IRQHandler                 0x08000417   Thumb Code     0  startup_stm32h743xx.o(.text)
    OTG_FS_EP1_OUT_IRQHandler                0x08000417   Thumb Code     0  startup_stm32h743xx.o(.text)
    OTG_FS_IRQHandler                        0x08000417   Thumb Code     0  startup_stm32h743xx.o(.text)
    OTG_FS_WKUP_IRQHandler                   0x08000417   Thumb Code     0  startup_stm32h743xx.o(.text)
    OTG_HS_EP1_IN_IRQHandler                 0x08000417   Thumb Code     0  startup_stm32h743xx.o(.text)
    OTG_HS_EP1_OUT_IRQHandler                0x08000417   Thumb Code     0  startup_stm32h743xx.o(.text)
    OTG_HS_IRQHandler                        0x08000417   Thumb Code     0  startup_stm32h743xx.o(.text)
    OTG_HS_WKUP_IRQHandler                   0x08000417   Thumb Code     0  startup_stm32h743xx.o(.text)
    PVD_AVD_IRQHandler                       0x08000417   Thumb Code     0  startup_stm32h743xx.o(.text)
    QUADSPI_IRQHandler                       0x08000417   Thumb Code     0  startup_stm32h743xx.o(.text)
    RCC_IRQHandler                           0x08000417   Thumb Code     0  startup_stm32h743xx.o(.text)
    RNG_IRQHandler                           0x08000417   Thumb Code     0  startup_stm32h743xx.o(.text)
    RTC_Alarm_IRQHandler                     0x08000417   Thumb Code     0  startup_stm32h743xx.o(.text)
    RTC_WKUP_IRQHandler                      0x08000417   Thumb Code     0  startup_stm32h743xx.o(.text)
    SAI1_IRQHandler                          0x08000417   Thumb Code     0  startup_stm32h743xx.o(.text)
    SAI2_IRQHandler                          0x08000417   Thumb Code     0  startup_stm32h743xx.o(.text)
    SAI3_IRQHandler                          0x08000417   Thumb Code     0  startup_stm32h743xx.o(.text)
    SAI4_IRQHandler                          0x08000417   Thumb Code     0  startup_stm32h743xx.o(.text)
    SDMMC1_IRQHandler                        0x08000417   Thumb Code     0  startup_stm32h743xx.o(.text)
    SDMMC2_IRQHandler                        0x08000417   Thumb Code     0  startup_stm32h743xx.o(.text)
    SPDIF_RX_IRQHandler                      0x08000417   Thumb Code     0  startup_stm32h743xx.o(.text)
    SPI1_IRQHandler                          0x08000417   Thumb Code     0  startup_stm32h743xx.o(.text)
    SPI2_IRQHandler                          0x08000417   Thumb Code     0  startup_stm32h743xx.o(.text)
    SPI3_IRQHandler                          0x08000417   Thumb Code     0  startup_stm32h743xx.o(.text)
    SPI4_IRQHandler                          0x08000417   Thumb Code     0  startup_stm32h743xx.o(.text)
    SPI5_IRQHandler                          0x08000417   Thumb Code     0  startup_stm32h743xx.o(.text)
    SPI6_IRQHandler                          0x08000417   Thumb Code     0  startup_stm32h743xx.o(.text)
    SWPMI1_IRQHandler                        0x08000417   Thumb Code     0  startup_stm32h743xx.o(.text)
    TAMP_STAMP_IRQHandler                    0x08000417   Thumb Code     0  startup_stm32h743xx.o(.text)
    TIM15_IRQHandler                         0x08000417   Thumb Code     0  startup_stm32h743xx.o(.text)
    TIM16_IRQHandler                         0x08000417   Thumb Code     0  startup_stm32h743xx.o(.text)
    TIM17_IRQHandler                         0x08000417   Thumb Code     0  startup_stm32h743xx.o(.text)
    TIM1_BRK_IRQHandler                      0x08000417   Thumb Code     0  startup_stm32h743xx.o(.text)
    TIM1_CC_IRQHandler                       0x08000417   Thumb Code     0  startup_stm32h743xx.o(.text)
    TIM1_TRG_COM_IRQHandler                  0x08000417   Thumb Code     0  startup_stm32h743xx.o(.text)
    TIM2_IRQHandler                          0x08000417   Thumb Code     0  startup_stm32h743xx.o(.text)
    TIM3_IRQHandler                          0x08000417   Thumb Code     0  startup_stm32h743xx.o(.text)
    TIM4_IRQHandler                          0x08000417   Thumb Code     0  startup_stm32h743xx.o(.text)
    TIM5_IRQHandler                          0x08000417   Thumb Code     0  startup_stm32h743xx.o(.text)
    TIM6_DAC_IRQHandler                      0x08000417   Thumb Code     0  startup_stm32h743xx.o(.text)
    TIM7_IRQHandler                          0x08000417   Thumb Code     0  startup_stm32h743xx.o(.text)
    TIM8_BRK_TIM12_IRQHandler                0x08000417   Thumb Code     0  startup_stm32h743xx.o(.text)
    TIM8_CC_IRQHandler                       0x08000417   Thumb Code     0  startup_stm32h743xx.o(.text)
    TIM8_TRG_COM_TIM14_IRQHandler            0x08000417   Thumb Code     0  startup_stm32h743xx.o(.text)
    TIM8_UP_TIM13_IRQHandler                 0x08000417   Thumb Code     0  startup_stm32h743xx.o(.text)
    UART4_IRQHandler                         0x08000417   Thumb Code     0  startup_stm32h743xx.o(.text)
    UART5_IRQHandler                         0x08000417   Thumb Code     0  startup_stm32h743xx.o(.text)
    UART7_IRQHandler                         0x08000417   Thumb Code     0  startup_stm32h743xx.o(.text)
    UART8_IRQHandler                         0x08000417   Thumb Code     0  startup_stm32h743xx.o(.text)
    USART1_IRQHandler                        0x08000417   Thumb Code     0  startup_stm32h743xx.o(.text)
    USART3_IRQHandler                        0x08000417   Thumb Code     0  startup_stm32h743xx.o(.text)
    USART6_IRQHandler                        0x08000417   Thumb Code     0  startup_stm32h743xx.o(.text)
    WAKEUP_PIN_IRQHandler                    0x08000417   Thumb Code     0  startup_stm32h743xx.o(.text)
    WWDG_IRQHandler                          0x08000417   Thumb Code     0  startup_stm32h743xx.o(.text)
    __user_initial_stackheap                 0x08000419   Thumb Code     0  startup_stm32h743xx.o(.text)
    __aeabi_uldivmod                         0x08000441   Thumb Code     0  lludivv7m.o(.text)
    _ll_udiv                                 0x08000441   Thumb Code   238  lludivv7m.o(.text)
    __aeabi_memcpy                           0x0800052f   Thumb Code     0  rt_memcpy_v6.o(.text)
    __rt_memcpy                              0x0800052f   Thumb Code   138  rt_memcpy_v6.o(.text)
    _memcpy_lastbytes                        0x08000595   Thumb Code     0  rt_memcpy_v6.o(.text)
    __aeabi_memset                           0x080005b9   Thumb Code    16  aeabi_memset.o(.text)
    __aeabi_memclr4                          0x080005c9   Thumb Code     0  rt_memclr_w.o(.text)
    __aeabi_memclr8                          0x080005c9   Thumb Code     0  rt_memclr_w.o(.text)
    __rt_memclr_w                            0x080005c9   Thumb Code    78  rt_memclr_w.o(.text)
    _memset_w                                0x080005cd   Thumb Code     0  rt_memclr_w.o(.text)
    __use_two_region_memory                  0x08000617   Thumb Code     2  heapauxi.o(.text)
    __rt_heap_escrow$2region                 0x08000619   Thumb Code     2  heapauxi.o(.text)
    __rt_heap_expand$2region                 0x0800061b   Thumb Code     2  heapauxi.o(.text)
    __aeabi_memcpy4                          0x0800061d   Thumb Code     0  rt_memcpy_w.o(.text)
    __aeabi_memcpy8                          0x0800061d   Thumb Code     0  rt_memcpy_w.o(.text)
    __rt_memcpy_w                            0x0800061d   Thumb Code   100  rt_memcpy_w.o(.text)
    _memcpy_lastbytes_aligned                0x08000665   Thumb Code     0  rt_memcpy_w.o(.text)
    __aeabi_memclr                           0x08000681   Thumb Code     0  rt_memclr.o(.text)
    __rt_memclr                              0x08000681   Thumb Code    68  rt_memclr.o(.text)
    _memset                                  0x08000685   Thumb Code     0  rt_memclr.o(.text)
    __user_libspace                          0x080006c5   Thumb Code     8  libspace.o(.text)
    __user_perproc_libspace                  0x080006c5   Thumb Code     0  libspace.o(.text)
    __user_perthread_libspace                0x080006c5   Thumb Code     0  libspace.o(.text)
    __user_setup_stackheap                   0x080006cd   Thumb Code    74  sys_stackheap_outer.o(.text)
    exit                                     0x08000717   Thumb Code    18  exit.o(.text)
    _sys_exit                                0x08000729   Thumb Code     8  sys_exit.o(.text)
    __I$use$semihosting                      0x08000735   Thumb Code     0  use_no_semi.o(.text)
    __use_no_semihosting_swi                 0x08000735   Thumb Code     2  use_no_semi.o(.text)
    BusFault_Handler                         0x08000737   Thumb Code     4  stm32h7xx_it.o(i.BusFault_Handler)
    __semihosting_library_function           0x08000737   Thumb Code     0  indicate_semi.o(.text)
    DebugMon_Handler                         0x0800073b   Thumb Code     2  stm32h7xx_it.o(i.DebugMon_Handler)
    Error_Handler                            0x0800073d   Thumb Code     6  main.o(i.Error_Handler)
    ExitRun0Mode                             0x08000745   Thumb Code    30  system_stm32h7xx.o(i.ExitRun0Mode)
    HAL_DMA_Abort                            0x08000769   Thumb Code  1236  stm32h7xx_hal_dma.o(i.HAL_DMA_Abort)
    HAL_DMA_Abort_IT                         0x08000c45   Thumb Code   906  stm32h7xx_hal_dma.o(i.HAL_DMA_Abort_IT)
    HAL_GPIO_Init                            0x08000fdd   Thumb Code   456  stm32h7xx_hal_gpio.o(i.HAL_GPIO_Init)
    HAL_GPIO_WritePin                        0x080011d9   Thumb Code    12  stm32h7xx_hal_gpio.o(i.HAL_GPIO_WritePin)
    HAL_GetREVID                             0x080011e5   Thumb Code     8  stm32h7xx_hal.o(i.HAL_GetREVID)
    HAL_GetTick                              0x080011f1   Thumb Code     6  stm32h7xx_hal.o(i.HAL_GetTick)
    HAL_I2CEx_ConfigAnalogFilter             0x080011fd   Thumb Code   106  stm32h7xx_hal_i2c_ex.o(i.HAL_I2CEx_ConfigAnalogFilter)
    HAL_I2CEx_ConfigDigitalFilter            0x08001267   Thumb Code   104  stm32h7xx_hal_i2c_ex.o(i.HAL_I2CEx_ConfigDigitalFilter)
    HAL_I2C_Init                             0x080012d1   Thumb Code   212  stm32h7xx_hal_i2c.o(i.HAL_I2C_Init)
    HAL_I2C_MspInit                          0x080013a9   Thumb Code   548  stm32h7xx_hal_msp.o(i.HAL_I2C_MspInit)
    HAL_IncTick                              0x080015f1   Thumb Code    16  stm32h7xx_hal.o(i.HAL_IncTick)
    HAL_Init                                 0x08001609   Thumb Code    80  stm32h7xx_hal.o(i.HAL_Init)
    HAL_InitTick                             0x08001669   Thumb Code   128  stm32h7xx_hal_timebase_tim.o(i.HAL_InitTick)
    HAL_MPU_ConfigRegion                     0x080016fd   Thumb Code    86  stm32h7xx_hal_cortex.o(i.HAL_MPU_ConfigRegion)
    HAL_MPU_Disable                          0x08001759   Thumb Code    38  stm32h7xx_hal_cortex.o(i.HAL_MPU_Disable)
    HAL_MPU_Enable                           0x08001785   Thumb Code    58  stm32h7xx_hal_cortex.o(i.HAL_MPU_Enable)
    HAL_MspInit                              0x080017c5   Thumb Code    42  stm32h7xx_hal_msp.o(i.HAL_MspInit)
    HAL_NVIC_EnableIRQ                       0x080017f5   Thumb Code    40  stm32h7xx_hal_cortex.o(i.HAL_NVIC_EnableIRQ)
    HAL_NVIC_SetPriority                     0x0800181d   Thumb Code   122  stm32h7xx_hal_cortex.o(i.HAL_NVIC_SetPriority)
    HAL_NVIC_SetPriorityGrouping             0x08001899   Thumb Code    32  stm32h7xx_hal_cortex.o(i.HAL_NVIC_SetPriorityGrouping)
    HAL_PWREx_ConfigSupply                   0x080018c1   Thumb Code    90  stm32h7xx_hal_pwr_ex.o(i.HAL_PWREx_ConfigSupply)
    HAL_RCCEx_GetD3PCLK1Freq                 0x08001921   Thumb Code    26  stm32h7xx_hal_rcc_ex.o(i.HAL_RCCEx_GetD3PCLK1Freq)
    HAL_RCCEx_GetPLL2ClockFreq               0x08001945   Thumb Code   536  stm32h7xx_hal_rcc_ex.o(i.HAL_RCCEx_GetPLL2ClockFreq)
    HAL_RCCEx_GetPLL3ClockFreq               0x08001b75   Thumb Code   536  stm32h7xx_hal_rcc_ex.o(i.HAL_RCCEx_GetPLL3ClockFreq)
    HAL_RCCEx_PeriphCLKConfig                0x08001da5   Thumb Code  3432  stm32h7xx_hal_rcc_ex.o(i.HAL_RCCEx_PeriphCLKConfig)
    HAL_RCC_ClockConfig                      0x08002b0d   Thumb Code   774  stm32h7xx_hal_rcc.o(i.HAL_RCC_ClockConfig)
    HAL_RCC_GetClockConfig                   0x08002e2d   Thumb Code    98  stm32h7xx_hal_rcc.o(i.HAL_RCC_GetClockConfig)
    HAL_RCC_GetHCLKFreq                      0x08002e99   Thumb Code    60  stm32h7xx_hal_rcc.o(i.HAL_RCC_GetHCLKFreq)
    HAL_RCC_GetPCLK1Freq                     0x08002ee5   Thumb Code    26  stm32h7xx_hal_rcc.o(i.HAL_RCC_GetPCLK1Freq)
    HAL_RCC_GetPCLK2Freq                     0x08002f09   Thumb Code    26  stm32h7xx_hal_rcc.o(i.HAL_RCC_GetPCLK2Freq)
    HAL_RCC_GetSysClockFreq                  0x08002f2d   Thumb Code   524  stm32h7xx_hal_rcc.o(i.HAL_RCC_GetSysClockFreq)
    HAL_RCC_OscConfig                        0x08003159   Thumb Code  2130  stm32h7xx_hal_rcc.o(i.HAL_RCC_OscConfig)
    HAL_SYSCFG_AnalogSwitchConfig            0x080039b1   Thumb Code    14  stm32h7xx_hal.o(i.HAL_SYSCFG_AnalogSwitchConfig)
    HAL_TIMEx_Break2Callback                 0x080039c5   Thumb Code     2  stm32h7xx_hal_tim_ex.o(i.HAL_TIMEx_Break2Callback)
    HAL_TIMEx_BreakCallback                  0x080039c7   Thumb Code     2  stm32h7xx_hal_tim_ex.o(i.HAL_TIMEx_BreakCallback)
    HAL_TIMEx_CommutCallback                 0x080039c9   Thumb Code     2  stm32h7xx_hal_tim_ex.o(i.HAL_TIMEx_CommutCallback)
    HAL_TIM_Base_Init                        0x080039cb   Thumb Code   110  stm32h7xx_hal_tim.o(i.HAL_TIM_Base_Init)
    HAL_TIM_Base_MspInit                     0x08003a39   Thumb Code     2  stm32h7xx_hal_tim.o(i.HAL_TIM_Base_MspInit)
    HAL_TIM_Base_Start_IT                    0x08003a3d   Thumb Code   146  stm32h7xx_hal_tim.o(i.HAL_TIM_Base_Start_IT)
    HAL_TIM_IC_CaptureCallback               0x08003af1   Thumb Code     2  stm32h7xx_hal_tim.o(i.HAL_TIM_IC_CaptureCallback)
    HAL_TIM_IRQHandler                       0x08003af3   Thumb Code   408  stm32h7xx_hal_tim.o(i.HAL_TIM_IRQHandler)
    HAL_TIM_OC_DelayElapsedCallback          0x08003c8b   Thumb Code     2  stm32h7xx_hal_tim.o(i.HAL_TIM_OC_DelayElapsedCallback)
    HAL_TIM_PWM_PulseFinishedCallback        0x08003c8d   Thumb Code     2  stm32h7xx_hal_tim.o(i.HAL_TIM_PWM_PulseFinishedCallback)
    HAL_TIM_PeriodElapsedCallback            0x08003c91   Thumb Code    18  main.o(i.HAL_TIM_PeriodElapsedCallback)
    HAL_TIM_TriggerCallback                  0x08003ca9   Thumb Code     2  stm32h7xx_hal_tim.o(i.HAL_TIM_TriggerCallback)
    HAL_UARTEx_DisableFifoMode               0x08003cab   Thumb Code    78  stm32h7xx_hal_uart_ex.o(i.HAL_UARTEx_DisableFifoMode)
    HAL_UARTEx_RxEventCallback               0x08003cf9   Thumb Code     2  stm32h7xx_hal_uart.o(i.HAL_UARTEx_RxEventCallback)
    HAL_UARTEx_RxFifoFullCallback            0x08003cfb   Thumb Code     2  stm32h7xx_hal_uart_ex.o(i.HAL_UARTEx_RxFifoFullCallback)
    HAL_UARTEx_SetRxFifoThreshold            0x08003cfd   Thumb Code    94  stm32h7xx_hal_uart_ex.o(i.HAL_UARTEx_SetRxFifoThreshold)
    HAL_UARTEx_SetTxFifoThreshold            0x08003d5b   Thumb Code    94  stm32h7xx_hal_uart_ex.o(i.HAL_UARTEx_SetTxFifoThreshold)
    HAL_UARTEx_TxFifoEmptyCallback           0x08003db9   Thumb Code     2  stm32h7xx_hal_uart_ex.o(i.HAL_UARTEx_TxFifoEmptyCallback)
    HAL_UARTEx_WakeupCallback                0x08003dbb   Thumb Code     2  stm32h7xx_hal_uart_ex.o(i.HAL_UARTEx_WakeupCallback)
    HAL_UART_ErrorCallback                   0x08003dbd   Thumb Code     2  stm32h7xx_hal_uart.o(i.HAL_UART_ErrorCallback)
    HAL_UART_IRQHandler                      0x08003dc1   Thumb Code  1206  stm32h7xx_hal_uart.o(i.HAL_UART_IRQHandler)
    HAL_UART_Init                            0x08004277   Thumb Code   120  stm32h7xx_hal_uart.o(i.HAL_UART_Init)
    HAL_UART_MspInit                         0x080042f1   Thumb Code   456  stm32h7xx_hal_msp.o(i.HAL_UART_MspInit)
    HAL_UART_TxCpltCallback                  0x080044d9   Thumb Code     2  stm32h7xx_hal_uart.o(i.HAL_UART_TxCpltCallback)
    HardFault_Handler                        0x080044db   Thumb Code     4  stm32h7xx_it.o(i.HardFault_Handler)
    MemManage_Handler                        0x08004ab9   Thumb Code     4  stm32h7xx_it.o(i.MemManage_Handler)
    NMI_Handler                              0x08004abd   Thumb Code     4  stm32h7xx_it.o(i.NMI_Handler)
    StartDefaultTask                         0x08004d89   Thumb Code    10  main.o(i.StartDefaultTask)
    SysTick_Handler                          0x08004d93   Thumb Code    22  cmsis_os2.o(i.SysTick_Handler)
    SystemClock_Config                       0x08004da9   Thumb Code   172  main.o(i.SystemClock_Config)
    SystemInit                               0x08004e5d   Thumb Code   256  system_stm32h7xx.o(i.SystemInit)
    TIM1_UP_IRQHandler                       0x08004f85   Thumb Code    10  stm32h7xx_it.o(i.TIM1_UP_IRQHandler)
    TIM_Base_SetConfig                       0x08004f95   Thumb Code   178  stm32h7xx_hal_tim.o(i.TIM_Base_SetConfig)
    UART_AdvFeatureConfig                    0x080050c1   Thumb Code   248  stm32h7xx_hal_uart.o(i.UART_AdvFeatureConfig)
    UART_CheckIdleState                      0x080051b9   Thumb Code   234  stm32h7xx_hal_uart.o(i.UART_CheckIdleState)
    UART_SetConfig                           0x08005355   Thumb Code  1402  stm32h7xx_hal_uart.o(i.UART_SetConfig)
    UART_WaitOnFlagUntilTimeout              0x080058e1   Thumb Code   172  stm32h7xx_hal_uart.o(i.UART_WaitOnFlagUntilTimeout)
    USART2_IRQHandler                        0x0800598d   Thumb Code    10  stm32h7xx_it.o(i.USART2_IRQHandler)
    UsageFault_Handler                       0x0800599d   Thumb Code     4  stm32h7xx_it.o(i.UsageFault_Handler)
    main                                     0x080059e1   Thumb Code    70  main.o(i.main)
    osDelay                                  0x08005a35   Thumb Code    30  cmsis_os2.o(i.osDelay)
    osKernelInitialize                       0x08005a55   Thumb Code    38  cmsis_os2.o(i.osKernelInitialize)
    osKernelStart                            0x08005a81   Thumb Code    82  cmsis_os2.o(i.osKernelStart)
    osThreadNew                              0x08005ae1   Thumb Code   184  cmsis_os2.o(i.osThreadNew)
    pvPortMalloc                             0x080065bd   Thumb Code   306  heap_4.o(i.pvPortMalloc)
    pxPortInitialiseStack                    0x08006709   Thumb Code    38  port.o(i.pxPortInitialiseStack)
    uxListRemove                             0x08006735   Thumb Code    40  list.o(i.uxListRemove)
    vApplicationGetIdleTaskMemory            0x0800675d   Thumb Code    14  cmsis_os2.o(i.vApplicationGetIdleTaskMemory)
    vApplicationGetTimerTaskMemory           0x08006775   Thumb Code    16  cmsis_os2.o(i.vApplicationGetTimerTaskMemory)
    vListInitialise                          0x0800678d   Thumb Code    26  list.o(i.vListInitialise)
    vListInitialiseItem                      0x080067a7   Thumb Code     6  list.o(i.vListInitialiseItem)
    vListInsert                              0x080067ad   Thumb Code    52  list.o(i.vListInsert)
    vListInsertEnd                           0x080067e1   Thumb Code    24  list.o(i.vListInsertEnd)
    vPortEnterCritical                       0x080067f9   Thumb Code    76  port.o(i.vPortEnterCritical)
    vPortExitCritical                        0x0800684d   Thumb Code    56  port.o(i.vPortExitCritical)
    vPortFree                                0x08006889   Thumb Code   150  heap_4.o(i.vPortFree)
    vPortSetupTimerInterrupt                 0x0800692d   Thumb Code    36  port.o(i.vPortSetupTimerInterrupt)
    vPortValidateInterruptPriority           0x08006955   Thumb Code   106  port.o(i.vPortValidateInterruptPriority)
    vQueueAddToRegistry                      0x080069cd   Thumb Code    38  queue.o(i.vQueueAddToRegistry)
    vQueueWaitForMessageRestricted           0x080069f9   Thumb Code    74  queue.o(i.vQueueWaitForMessageRestricted)
    vTaskDelay                               0x08006a45   Thumb Code    82  tasks.o(i.vTaskDelay)
    vTaskInternalSetTimeOutState             0x08006aa1   Thumb Code    14  tasks.o(i.vTaskInternalSetTimeOutState)
    vTaskMissedYield                         0x08006ab9   Thumb Code     8  tasks.o(i.vTaskMissedYield)
    vTaskPlaceOnEventList                    0x08006ac5   Thumb Code    52  tasks.o(i.vTaskPlaceOnEventList)
    vTaskPlaceOnEventListRestricted          0x08006afd   Thumb Code    60  tasks.o(i.vTaskPlaceOnEventListRestricted)
    vTaskStartScheduler                      0x08006b3d   Thumb Code   156  tasks.o(i.vTaskStartScheduler)
    vTaskSuspendAll                          0x08006bf5   Thumb Code    12  tasks.o(i.vTaskSuspendAll)
    vTaskSwitchContext                       0x08006c05   Thumb Code   122  tasks.o(i.vTaskSwitchContext)
    xPortStartScheduler                      0x08006c95   Thumb Code   330  port.o(i.xPortStartScheduler)
    xPortSysTickHandler                      0x08006dfd   Thumb Code    46  port.o(i.xPortSysTickHandler)
    xQueueGenericCreateStatic                0x08006e31   Thumb Code   224  queue.o(i.xQueueGenericCreateStatic)
    xQueueGenericReset                       0x08006f11   Thumb Code   146  queue.o(i.xQueueGenericReset)
    xQueueGenericSend                        0x08006fa9   Thumb Code   420  queue.o(i.xQueueGenericSend)
    xQueueGenericSendFromISR                 0x08007151   Thumb Code   252  queue.o(i.xQueueGenericSendFromISR)
    xQueueReceive                            0x0800724d   Thumb Code   356  queue.o(i.xQueueReceive)
    xTaskCheckForTimeOut                     0x080073b5   Thumb Code   132  tasks.o(i.xTaskCheckForTimeOut)
    xTaskCreate                              0x08007441   Thumb Code   100  tasks.o(i.xTaskCreate)
    xTaskCreateStatic                        0x080074a5   Thumb Code   186  tasks.o(i.xTaskCreateStatic)
    xTaskGetSchedulerState                   0x08007561   Thumb Code    24  tasks.o(i.xTaskGetSchedulerState)
    xTaskGetTickCount                        0x08007581   Thumb Code     6  tasks.o(i.xTaskGetTickCount)
    xTaskIncrementTick                       0x0800758d   Thumb Code   280  tasks.o(i.xTaskIncrementTick)
    xTaskPriorityDisinherit                  0x080076d1   Thumb Code   152  tasks.o(i.xTaskPriorityDisinherit)
    xTaskRemoveFromEventList                 0x08007775   Thumb Code   126  tasks.o(i.xTaskRemoveFromEventList)
    xTaskResumeAll                           0x0800780d   Thumb Code   222  tasks.o(i.xTaskResumeAll)
    xTimerCreateTimerTask                    0x08007911   Thumb Code   100  timers.o(i.xTimerCreateTimerTask)
    xTimerGenericCommand                     0x08007989   Thumb Code   128  timers.o(i.xTimerGenericCommand)
    _fp_init                                 0x08007a0d   Thumb Code    10  fpinit.o(x$fpl$fpinit)
    __fplib_config_fpu_vfp                   0x08007a15   Thumb Code     0  fpinit.o(x$fpl$fpinit)
    __fplib_config_pureend_doubles           0x08007a15   Thumb Code     0  fpinit.o(x$fpl$fpinit)
    defaultTask_attributes                   0x08007a18   Data          36  main.o(.constdata)
    UARTPrescTable                           0x08007a3c   Data          24  stm32h7xx_hal_uart.o(.constdata)
    D1CorePrescTable                         0x08007a64   Data          16  system_stm32h7xx.o(.constdata)
    Region$$Table$$Base                      0x08007a80   Number         0  anon$$obj.o(Region$$Table)
    Region$$Table$$Limit                     0x08007aa0   Number         0  anon$$obj.o(Region$$Table)
    defaultTaskHandle                        0x24000000   Data           4  main.o(.data)
    accel_x                                  0x24000004   Data           4  main.o(.data)
    accel_y                                  0x24000008   Data           4  main.o(.data)
    accel_z                                  0x2400000c   Data           4  main.o(.data)
    gyro_x                                   0x24000010   Data           4  main.o(.data)
    gyro_y                                   0x24000014   Data           4  main.o(.data)
    gyro_z                                   0x24000018   Data           4  main.o(.data)
    temp                                     0x2400001c   Data           4  main.o(.data)
    ready                                    0x24000020   Data           4  main.o(.data)
    uwTick                                   0x24000024   Data           4  stm32h7xx_hal.o(.data)
    uwTickPrio                               0x24000028   Data           4  stm32h7xx_hal.o(.data)
    uwTickFreq                               0x2400002c   Data           1  stm32h7xx_hal.o(.data)
    SystemCoreClock                          0x24000030   Data           4  system_stm32h7xx.o(.data)
    SystemD2Clock                            0x24000034   Data           4  system_stm32h7xx.o(.data)
    pxCurrentTCB                             0x24000038   Data           4  tasks.o(.data)
    hi2c1                                    0x240000b8   Data          84  main.o(.bss)
    hi2c2                                    0x2400010c   Data          84  main.o(.bss)
    hi2c3                                    0x24000160   Data          84  main.o(.bss)
    hi2c4                                    0x240001b4   Data          84  main.o(.bss)
    huart2                                   0x24000208   Data         148  main.o(.bss)
    huart3                                   0x2400029c   Data         148  main.o(.bss)
    huart6                                   0x24000330   Data         148  main.o(.bss)
    htim1                                    0x240003c4   Data          76  stm32h7xx_hal_timebase_tim.o(.bss)
    xQueueRegistry                           0x24000410   Data          64  queue.o(.bss)
    __libspace_start                         0x24004ce4   Data          96  libspace.o(.bss)
    __temporary_stack_top$libspace           0x24004d44   Data           0  libspace.o(.bss)



==============================================================================

Memory Map of the image

  Image Entry point : 0x08000299

  Load Region LR_IROM1 (Base: 0x08000000, Size: 0x00007b58, Max: 0x00200000, ABSOLUTE)

    Execution Region ER_IROM1 (Exec base: 0x08000000, Load base: 0x08000000, Size: 0x00007aa0, Max: 0x00200000, ABSOLUTE)

    Exec Addr    Load Addr    Size         Type   Attr      Idx    E Section Name        Object

    0x08000000   0x08000000   0x00000298   Data   RO            3    RESET               startup_stm32h743xx.o
    0x08000298   0x08000298   0x00000008   Code   RO         6877  * !!!main             c_w.l(__main.o)
    0x080002a0   0x080002a0   0x00000034   Code   RO         7455    !!!scatter          c_w.l(__scatter.o)
    0x080002d4   0x080002d4   0x0000001a   Code   RO         7457    !!handler_copy      c_w.l(__scatter_copy.o)
    0x080002ee   0x080002ee   0x00000002   PAD
    0x080002f0   0x080002f0   0x0000001c   Code   RO         7459    !!handler_zi        c_w.l(__scatter_zi.o)
    0x0800030c   0x0800030c   0x00000002   Code   RO         7272    .ARM.Collect$$libinit$$00000000  c_w.l(libinit.o)
    0x0800030e   0x0800030e   0x00000004   Code   RO         7273    .ARM.Collect$$libinit$$00000001  c_w.l(libinit2.o)
    0x08000312   0x08000312   0x00000000   Code   RO         7276    .ARM.Collect$$libinit$$00000004  c_w.l(libinit2.o)
    0x08000312   0x08000312   0x00000000   Code   RO         7279    .ARM.Collect$$libinit$$0000000A  c_w.l(libinit2.o)
    0x08000312   0x08000312   0x00000000   Code   RO         7281    .ARM.Collect$$libinit$$0000000C  c_w.l(libinit2.o)
    0x08000312   0x08000312   0x00000000   Code   RO         7283    .ARM.Collect$$libinit$$0000000E  c_w.l(libinit2.o)
    0x08000312   0x08000312   0x00000000   Code   RO         7286    .ARM.Collect$$libinit$$00000011  c_w.l(libinit2.o)
    0x08000312   0x08000312   0x00000000   Code   RO         7288    .ARM.Collect$$libinit$$00000013  c_w.l(libinit2.o)
    0x08000312   0x08000312   0x00000000   Code   RO         7290    .ARM.Collect$$libinit$$00000015  c_w.l(libinit2.o)
    0x08000312   0x08000312   0x00000000   Code   RO         7292    .ARM.Collect$$libinit$$00000017  c_w.l(libinit2.o)
    0x08000312   0x08000312   0x00000000   Code   RO         7294    .ARM.Collect$$libinit$$00000019  c_w.l(libinit2.o)
    0x08000312   0x08000312   0x00000000   Code   RO         7296    .ARM.Collect$$libinit$$0000001B  c_w.l(libinit2.o)
    0x08000312   0x08000312   0x00000000   Code   RO         7298    .ARM.Collect$$libinit$$0000001D  c_w.l(libinit2.o)
    0x08000312   0x08000312   0x00000000   Code   RO         7300    .ARM.Collect$$libinit$$0000001F  c_w.l(libinit2.o)
    0x08000312   0x08000312   0x00000000   Code   RO         7302    .ARM.Collect$$libinit$$00000021  c_w.l(libinit2.o)
    0x08000312   0x08000312   0x00000000   Code   RO         7304    .ARM.Collect$$libinit$$00000023  c_w.l(libinit2.o)
    0x08000312   0x08000312   0x00000000   Code   RO         7306    .ARM.Collect$$libinit$$00000025  c_w.l(libinit2.o)
    0x08000312   0x08000312   0x00000000   Code   RO         7310    .ARM.Collect$$libinit$$0000002C  c_w.l(libinit2.o)
    0x08000312   0x08000312   0x00000000   Code   RO         7312    .ARM.Collect$$libinit$$0000002E  c_w.l(libinit2.o)
    0x08000312   0x08000312   0x00000000   Code   RO         7314    .ARM.Collect$$libinit$$00000030  c_w.l(libinit2.o)
    0x08000312   0x08000312   0x00000000   Code   RO         7316    .ARM.Collect$$libinit$$00000032  c_w.l(libinit2.o)
    0x08000312   0x08000312   0x00000002   Code   RO         7317    .ARM.Collect$$libinit$$00000033  c_w.l(libinit2.o)
    0x08000314   0x08000314   0x00000002   Code   RO         7396    .ARM.Collect$$libshutdown$$00000000  c_w.l(libshutdown.o)
    0x08000316   0x08000316   0x00000000   Code   RO         7430    .ARM.Collect$$libshutdown$$00000002  c_w.l(libshutdown2.o)
    0x08000316   0x08000316   0x00000000   Code   RO         7432    .ARM.Collect$$libshutdown$$00000004  c_w.l(libshutdown2.o)
    0x08000316   0x08000316   0x00000000   Code   RO         7435    .ARM.Collect$$libshutdown$$00000007  c_w.l(libshutdown2.o)
    0x08000316   0x08000316   0x00000000   Code   RO         7438    .ARM.Collect$$libshutdown$$0000000A  c_w.l(libshutdown2.o)
    0x08000316   0x08000316   0x00000000   Code   RO         7440    .ARM.Collect$$libshutdown$$0000000C  c_w.l(libshutdown2.o)
    0x08000316   0x08000316   0x00000000   Code   RO         7443    .ARM.Collect$$libshutdown$$0000000F  c_w.l(libshutdown2.o)
    0x08000316   0x08000316   0x00000002   Code   RO         7444    .ARM.Collect$$libshutdown$$00000010  c_w.l(libshutdown2.o)
    0x08000318   0x08000318   0x00000000   Code   RO         6969    .ARM.Collect$$rtentry$$00000000  c_w.l(__rtentry.o)
    0x08000318   0x08000318   0x00000000   Code   RO         7167    .ARM.Collect$$rtentry$$00000002  c_w.l(__rtentry2.o)
    0x08000318   0x08000318   0x00000006   Code   RO         7179    .ARM.Collect$$rtentry$$00000004  c_w.l(__rtentry4.o)
    0x0800031e   0x0800031e   0x00000000   Code   RO         7169    .ARM.Collect$$rtentry$$00000009  c_w.l(__rtentry2.o)
    0x0800031e   0x0800031e   0x00000004   Code   RO         7170    .ARM.Collect$$rtentry$$0000000A  c_w.l(__rtentry2.o)
    0x08000322   0x08000322   0x00000000   Code   RO         7172    .ARM.Collect$$rtentry$$0000000C  c_w.l(__rtentry2.o)
    0x08000322   0x08000322   0x00000008   Code   RO         7173    .ARM.Collect$$rtentry$$0000000D  c_w.l(__rtentry2.o)
    0x0800032a   0x0800032a   0x00000002   Code   RO         7320    .ARM.Collect$$rtexit$$00000000  c_w.l(rtexit.o)
    0x0800032c   0x0800032c   0x00000000   Code   RO         7353    .ARM.Collect$$rtexit$$00000002  c_w.l(rtexit2.o)
    0x0800032c   0x0800032c   0x00000004   Code   RO         7354    .ARM.Collect$$rtexit$$00000003  c_w.l(rtexit2.o)
    0x08000330   0x08000330   0x00000006   Code   RO         7355    .ARM.Collect$$rtexit$$00000004  c_w.l(rtexit2.o)
    0x08000336   0x08000336   0x00000002   PAD
    0x08000338   0x08000338   0x000000be   Code   RO         6769    .emb_text           port.o
    0x080003f6   0x080003f6   0x00000002   PAD
    0x080003f8   0x080003f8   0x00000048   Code   RO            4    .text               startup_stm32h743xx.o
    0x08000440   0x08000440   0x000000ee   Code   RO         6848    .text               c_w.l(lludivv7m.o)
    0x0800052e   0x0800052e   0x0000008a   Code   RO         6865    .text               c_w.l(rt_memcpy_v6.o)
    0x080005b8   0x080005b8   0x00000010   Code   RO         6869    .text               c_w.l(aeabi_memset.o)
    0x080005c8   0x080005c8   0x0000004e   Code   RO         6871    .text               c_w.l(rt_memclr_w.o)
    0x08000616   0x08000616   0x00000006   Code   RO         6875    .text               c_w.l(heapauxi.o)
    0x0800061c   0x0800061c   0x00000064   Code   RO         7082    .text               c_w.l(rt_memcpy_w.o)
    0x08000680   0x08000680   0x00000044   Code   RO         7084    .text               c_w.l(rt_memclr.o)
    0x080006c4   0x080006c4   0x00000008   Code   RO         7163    .text               c_w.l(libspace.o)
    0x080006cc   0x080006cc   0x0000004a   Code   RO         7228    .text               c_w.l(sys_stackheap_outer.o)
    0x08000716   0x08000716   0x00000012   Code   RO         7259    .text               c_w.l(exit.o)
    0x08000728   0x08000728   0x0000000c   Code   RO         7350    .text               c_w.l(sys_exit.o)
    0x08000734   0x08000734   0x00000002   Code   RO         7381    .text               c_w.l(use_no_semi.o)
    0x08000736   0x08000736   0x00000000   Code   RO         7383    .text               c_w.l(indicate_semi.o)
    0x08000736   0x08000736   0x00000004   Code   RO          787    i.BusFault_Handler  stm32h7xx_it.o
    0x0800073a   0x0800073a   0x00000002   Code   RO          788    i.DebugMon_Handler  stm32h7xx_it.o
    0x0800073c   0x0800073c   0x00000006   Code   RO          629    i.Error_Handler     main.o
    0x08000742   0x08000742   0x00000002   PAD
    0x08000744   0x08000744   0x00000024   Code   RO         4997    i.ExitRun0Mode      system_stm32h7xx.o
    0x08000768   0x08000768   0x000004dc   Code   RO         2837    i.HAL_DMA_Abort     stm32h7xx_hal_dma.o
    0x08000c44   0x08000c44   0x00000398   Code   RO         2838    i.HAL_DMA_Abort_IT  stm32h7xx_hal_dma.o
    0x08000fdc   0x08000fdc   0x000001fc   Code   RO         2685    i.HAL_GPIO_Init     stm32h7xx_hal_gpio.o
    0x080011d8   0x080011d8   0x0000000c   Code   RO         2689    i.HAL_GPIO_WritePin  stm32h7xx_hal_gpio.o
    0x080011e4   0x080011e4   0x0000000c   Code   RO         3557    i.HAL_GetREVID      stm32h7xx_hal.o
    0x080011f0   0x080011f0   0x0000000c   Code   RO         3558    i.HAL_GetTick       stm32h7xx_hal.o
    0x080011fc   0x080011fc   0x0000006a   Code   RO         4323    i.HAL_I2CEx_ConfigAnalogFilter  stm32h7xx_hal_i2c_ex.o
    0x08001266   0x08001266   0x00000068   Code   RO         4324    i.HAL_I2CEx_ConfigDigitalFilter  stm32h7xx_hal_i2c_ex.o
    0x080012ce   0x080012ce   0x00000002   PAD
    0x080012d0   0x080012d0   0x000000d8   Code   RO         3862    i.HAL_I2C_Init      stm32h7xx_hal_i2c.o
    0x080013a8   0x080013a8   0x00000248   Code   RO          858    i.HAL_I2C_MspInit   stm32h7xx_hal_msp.o
    0x080015f0   0x080015f0   0x00000018   Code   RO         3564    i.HAL_IncTick       stm32h7xx_hal.o
    0x08001608   0x08001608   0x00000060   Code   RO         3565    i.HAL_Init          stm32h7xx_hal.o
    0x08001668   0x08001668   0x00000094   Code   RO          905    i.HAL_InitTick      stm32h7xx_hal_timebase_tim.o
    0x080016fc   0x080016fc   0x0000005c   Code   RO         1963    i.HAL_MPU_ConfigRegion  stm32h7xx_hal_cortex.o
    0x08001758   0x08001758   0x0000002c   Code   RO         1964    i.HAL_MPU_Disable   stm32h7xx_hal_cortex.o
    0x08001784   0x08001784   0x00000040   Code   RO         1966    i.HAL_MPU_Enable    stm32h7xx_hal_cortex.o
    0x080017c4   0x080017c4   0x00000030   Code   RO          859    i.HAL_MspInit       stm32h7xx_hal_msp.o
    0x080017f4   0x080017f4   0x00000028   Code   RO         1970    i.HAL_NVIC_EnableIRQ  stm32h7xx_hal_cortex.o
    0x0800181c   0x0800181c   0x0000007a   Code   RO         1976    i.HAL_NVIC_SetPriority  stm32h7xx_hal_cortex.o
    0x08001896   0x08001896   0x00000002   PAD
    0x08001898   0x08001898   0x00000028   Code   RO         1977    i.HAL_NVIC_SetPriorityGrouping  stm32h7xx_hal_cortex.o
    0x080018c0   0x080018c0   0x00000060   Code   RO         3286    i.HAL_PWREx_ConfigSupply  stm32h7xx_hal_pwr_ex.o
    0x08001920   0x08001920   0x00000024   Code   RO         2236    i.HAL_RCCEx_GetD3PCLK1Freq  stm32h7xx_hal_rcc_ex.o
    0x08001944   0x08001944   0x00000230   Code   RO         2238    i.HAL_RCCEx_GetPLL2ClockFreq  stm32h7xx_hal_rcc_ex.o
    0x08001b74   0x08001b74   0x00000230   Code   RO         2239    i.HAL_RCCEx_GetPLL3ClockFreq  stm32h7xx_hal_rcc_ex.o
    0x08001da4   0x08001da4   0x00000d68   Code   RO         2245    i.HAL_RCCEx_PeriphCLKConfig  stm32h7xx_hal_rcc_ex.o
    0x08002b0c   0x08002b0c   0x00000320   Code   RO         2121    i.HAL_RCC_ClockConfig  stm32h7xx_hal_rcc.o
    0x08002e2c   0x08002e2c   0x0000006c   Code   RO         2125    i.HAL_RCC_GetClockConfig  stm32h7xx_hal_rcc.o
    0x08002e98   0x08002e98   0x0000004c   Code   RO         2126    i.HAL_RCC_GetHCLKFreq  stm32h7xx_hal_rcc.o
    0x08002ee4   0x08002ee4   0x00000024   Code   RO         2128    i.HAL_RCC_GetPCLK1Freq  stm32h7xx_hal_rcc.o
    0x08002f08   0x08002f08   0x00000024   Code   RO         2129    i.HAL_RCC_GetPCLK2Freq  stm32h7xx_hal_rcc.o
    0x08002f2c   0x08002f2c   0x0000022c   Code   RO         2130    i.HAL_RCC_GetSysClockFreq  stm32h7xx_hal_rcc.o
    0x08003158   0x08003158   0x00000858   Code   RO         2133    i.HAL_RCC_OscConfig  stm32h7xx_hal_rcc.o
    0x080039b0   0x080039b0   0x00000014   Code   RO         3570    i.HAL_SYSCFG_AnalogSwitchConfig  stm32h7xx_hal.o
    0x080039c4   0x080039c4   0x00000002   Code   RO         1671    i.HAL_TIMEx_Break2Callback  stm32h7xx_hal_tim_ex.o
    0x080039c6   0x080039c6   0x00000002   Code   RO         1672    i.HAL_TIMEx_BreakCallback  stm32h7xx_hal_tim_ex.o
    0x080039c8   0x080039c8   0x00000002   Code   RO         1673    i.HAL_TIMEx_CommutCallback  stm32h7xx_hal_tim_ex.o
    0x080039ca   0x080039ca   0x0000006e   Code   RO          946    i.HAL_TIM_Base_Init  stm32h7xx_hal_tim.o
    0x08003a38   0x08003a38   0x00000002   Code   RO          948    i.HAL_TIM_Base_MspInit  stm32h7xx_hal_tim.o
    0x08003a3a   0x08003a3a   0x00000002   PAD
    0x08003a3c   0x08003a3c   0x000000b4   Code   RO          951    i.HAL_TIM_Base_Start_IT  stm32h7xx_hal_tim.o
    0x08003af0   0x08003af0   0x00000002   Code   RO          980    i.HAL_TIM_IC_CaptureCallback  stm32h7xx_hal_tim.o
    0x08003af2   0x08003af2   0x00000198   Code   RO          994    i.HAL_TIM_IRQHandler  stm32h7xx_hal_tim.o
    0x08003c8a   0x08003c8a   0x00000002   Code   RO          997    i.HAL_TIM_OC_DelayElapsedCallback  stm32h7xx_hal_tim.o
    0x08003c8c   0x08003c8c   0x00000002   Code   RO         1024    i.HAL_TIM_PWM_PulseFinishedCallback  stm32h7xx_hal_tim.o
    0x08003c8e   0x08003c8e   0x00000002   PAD
    0x08003c90   0x08003c90   0x00000018   Code   RO          630    i.HAL_TIM_PeriodElapsedCallback  main.o
    0x08003ca8   0x08003ca8   0x00000002   Code   RO         1037    i.HAL_TIM_TriggerCallback  stm32h7xx_hal_tim.o
    0x08003caa   0x08003caa   0x0000004e   Code   RO         4874    i.HAL_UARTEx_DisableFifoMode  stm32h7xx_hal_uart_ex.o
    0x08003cf8   0x08003cf8   0x00000002   Code   RO         4458    i.HAL_UARTEx_RxEventCallback  stm32h7xx_hal_uart.o
    0x08003cfa   0x08003cfa   0x00000002   Code   RO         4882    i.HAL_UARTEx_RxFifoFullCallback  stm32h7xx_hal_uart_ex.o
    0x08003cfc   0x08003cfc   0x0000005e   Code   RO         4883    i.HAL_UARTEx_SetRxFifoThreshold  stm32h7xx_hal_uart_ex.o
    0x08003d5a   0x08003d5a   0x0000005e   Code   RO         4884    i.HAL_UARTEx_SetTxFifoThreshold  stm32h7xx_hal_uart_ex.o
    0x08003db8   0x08003db8   0x00000002   Code   RO         4886    i.HAL_UARTEx_TxFifoEmptyCallback  stm32h7xx_hal_uart_ex.o
    0x08003dba   0x08003dba   0x00000002   Code   RO         4887    i.HAL_UARTEx_WakeupCallback  stm32h7xx_hal_uart_ex.o
    0x08003dbc   0x08003dbc   0x00000002   Code   RO         4474    i.HAL_UART_ErrorCallback  stm32h7xx_hal_uart.o
    0x08003dbe   0x08003dbe   0x00000002   PAD
    0x08003dc0   0x08003dc0   0x000004b6   Code   RO         4477    i.HAL_UART_IRQHandler  stm32h7xx_hal_uart.o
    0x08004276   0x08004276   0x00000078   Code   RO         4478    i.HAL_UART_Init     stm32h7xx_hal_uart.o
    0x080042ee   0x080042ee   0x00000002   PAD
    0x080042f0   0x080042f0   0x000001e8   Code   RO          861    i.HAL_UART_MspInit  stm32h7xx_hal_msp.o
    0x080044d8   0x080044d8   0x00000002   Code   RO         4490    i.HAL_UART_TxCpltCallback  stm32h7xx_hal_uart.o
    0x080044da   0x080044da   0x00000004   Code   RO          789    i.HardFault_Handler  stm32h7xx_it.o
    0x080044de   0x080044de   0x00000056   Code   RO          631    i.MPU_Config        main.o
    0x08004534   0x08004534   0x000002e0   Code   RO          632    i.MX_GPIO_Init      main.o
    0x08004814   0x08004814   0x00000058   Code   RO          633    i.MX_I2C1_Init      main.o
    0x0800486c   0x0800486c   0x00000058   Code   RO          634    i.MX_I2C2_Init      main.o
    0x080048c4   0x080048c4   0x00000058   Code   RO          635    i.MX_I2C3_Init      main.o
    0x0800491c   0x0800491c   0x00000058   Code   RO          636    i.MX_I2C4_Init      main.o
    0x08004974   0x08004974   0x0000006c   Code   RO          637    i.MX_USART2_UART_Init  main.o
    0x080049e0   0x080049e0   0x0000006c   Code   RO          638    i.MX_USART3_UART_Init  main.o
    0x08004a4c   0x08004a4c   0x0000006c   Code   RO          639    i.MX_USART6_UART_Init  main.o
    0x08004ab8   0x08004ab8   0x00000004   Code   RO          790    i.MemManage_Handler  stm32h7xx_it.o
    0x08004abc   0x08004abc   0x00000004   Code   RO          791    i.NMI_Handler       stm32h7xx_it.o
    0x08004ac0   0x08004ac0   0x00000164   Code   RO         2248    i.RCCEx_PLL2_Config  stm32h7xx_hal_rcc_ex.o
    0x08004c24   0x08004c24   0x00000164   Code   RO         2249    i.RCCEx_PLL3_Config  stm32h7xx_hal_rcc_ex.o
    0x08004d88   0x08004d88   0x0000000a   Code   RO          640    i.StartDefaultTask  main.o
    0x08004d92   0x08004d92   0x00000016   Code   RO         6184    i.SysTick_Handler   cmsis_os2.o
    0x08004da8   0x08004da8   0x000000b4   Code   RO          641    i.SystemClock_Config  main.o
    0x08004e5c   0x08004e5c   0x00000128   Code   RO         4999    i.SystemInit        system_stm32h7xx.o
    0x08004f84   0x08004f84   0x00000010   Code   RO          792    i.TIM1_UP_IRQHandler  stm32h7xx_it.o
    0x08004f94   0x08004f94   0x000000d4   Code   RO         1039    i.TIM_Base_SetConfig  stm32h7xx_hal_tim.o
    0x08005068   0x08005068   0x00000058   Code   RO         4888    i.UARTEx_SetNbDataToProcess  stm32h7xx_hal_uart_ex.o
    0x080050c0   0x080050c0   0x000000f8   Code   RO         4492    i.UART_AdvFeatureConfig  stm32h7xx_hal_uart.o
    0x080051b8   0x080051b8   0x000000ea   Code   RO         4493    i.UART_CheckIdleState  stm32h7xx_hal_uart.o
    0x080052a2   0x080052a2   0x00000014   Code   RO         4494    i.UART_DMAAbortOnError  stm32h7xx_hal_uart.o
    0x080052b6   0x080052b6   0x00000002   PAD
    0x080052b8   0x080052b8   0x0000006c   Code   RO         4504    i.UART_EndRxTransfer  stm32h7xx_hal_uart.o
    0x08005324   0x08005324   0x00000030   Code   RO         4505    i.UART_EndTransmit_IT  stm32h7xx_hal_uart.o
    0x08005354   0x08005354   0x0000058c   Code   RO         4511    i.UART_SetConfig    stm32h7xx_hal_uart.o
    0x080058e0   0x080058e0   0x000000ac   Code   RO         4518    i.UART_WaitOnFlagUntilTimeout  stm32h7xx_hal_uart.o
    0x0800598c   0x0800598c   0x00000010   Code   RO          793    i.USART2_IRQHandler  stm32h7xx_it.o
    0x0800599c   0x0800599c   0x00000004   Code   RO          794    i.UsageFault_Handler  stm32h7xx_it.o
    0x080059a0   0x080059a0   0x00000010   Code   RO         1983    i.__NVIC_GetPriorityGrouping  stm32h7xx_hal_cortex.o
    0x080059b0   0x080059b0   0x00000028   Code   RO         1984    i.__NVIC_SetPriority  stm32h7xx_hal_cortex.o
    0x080059d8   0x080059d8   0x00000006   Code   RO         6186    i.__get_IPSR        cmsis_os2.o
    0x080059de   0x080059de   0x00000002   PAD
    0x080059e0   0x080059e0   0x00000054   Code   RO          642    i.main              main.o
    0x08005a34   0x08005a34   0x0000001e   Code   RO         6187    i.osDelay           cmsis_os2.o
    0x08005a52   0x08005a52   0x00000002   PAD
    0x08005a54   0x08005a54   0x0000002c   Code   RO         6201    i.osKernelInitialize  cmsis_os2.o
    0x08005a80   0x08005a80   0x00000060   Code   RO         6204    i.osKernelStart     cmsis_os2.o
    0x08005ae0   0x08005ae0   0x000000b8   Code   RO         6246    i.osThreadNew       cmsis_os2.o
    0x08005b98   0x08005b98   0x0000007c   Code   RO         5621    i.prvAddCurrentTaskToDelayedList  tasks.o
    0x08005c14   0x08005c14   0x000000b8   Code   RO         5622    i.prvAddNewTaskToReadyList  tasks.o
    0x08005ccc   0x08005ccc   0x00000074   Code   RO         5997    i.prvCheckForValidListAndQueue  timers.o
    0x08005d40   0x08005d40   0x00000048   Code   RO         5623    i.prvCheckTasksWaitingTermination  tasks.o
    0x08005d88   0x08005d88   0x0000002a   Code   RO         5208    i.prvCopyDataFromQueue  queue.o
    0x08005db2   0x08005db2   0x0000007e   Code   RO         5209    i.prvCopyDataToQueue  queue.o
    0x08005e30   0x08005e30   0x00000050   Code   RO         5624    i.prvDeleteTCB      tasks.o
    0x08005e80   0x08005e80   0x00000028   Code   RO         5998    i.prvGetNextExpireTime  timers.o
    0x08005ea8   0x08005ea8   0x0000007c   Code   RO         6714    i.prvHeapInit       heap_4.o
    0x08005f24   0x08005f24   0x00000028   Code   RO         5625    i.prvIdleTask       tasks.o
    0x08005f4c   0x08005f4c   0x0000002a   Code   RO         5212    i.prvInitialiseNewQueue  queue.o
    0x08005f76   0x08005f76   0x000000be   Code   RO         5626    i.prvInitialiseNewTask  tasks.o
    0x08006034   0x08006034   0x00000068   Code   RO         5627    i.prvInitialiseTaskLists  tasks.o
    0x0800609c   0x0800609c   0x00000068   Code   RO         6715    i.prvInsertBlockIntoFreeList  heap_4.o
    0x08006104   0x08006104   0x00000058   Code   RO         6000    i.prvInsertTimerInActiveList  timers.o
    0x0800615c   0x0800615c   0x0000001a   Code   RO         5213    i.prvIsQueueEmpty   queue.o
    0x08006176   0x08006176   0x0000001e   Code   RO         5214    i.prvIsQueueFull    queue.o
    0x08006194   0x08006194   0x00000074   Code   RO         6001    i.prvProcessExpiredTimer  timers.o
    0x08006208   0x08006208   0x00000164   Code   RO         6002    i.prvProcessReceivedCommands  timers.o
    0x0800636c   0x0800636c   0x00000074   Code   RO         6003    i.prvProcessTimerOrBlockTask  timers.o
    0x080063e0   0x080063e0   0x00000034   Code   RO         5629    i.prvResetNextTaskUnblockTime  tasks.o
    0x08006414   0x08006414   0x0000002c   Code   RO         6004    i.prvSampleTimeNow  timers.o
    0x08006440   0x08006440   0x000000a4   Code   RO         6005    i.prvSwitchTimerLists  timers.o
    0x080064e4   0x080064e4   0x00000040   Code   RO         6770    i.prvTaskExitError  port.o
    0x08006524   0x08006524   0x0000001a   Code   RO         6006    i.prvTimerTask      timers.o
    0x0800653e   0x0800653e   0x0000007e   Code   RO         5215    i.prvUnlockQueue    queue.o
    0x080065bc   0x080065bc   0x0000014c   Code   RO         6716    i.pvPortMalloc      heap_4.o
    0x08006708   0x08006708   0x0000002c   Code   RO         6771    i.pxPortInitialiseStack  port.o
    0x08006734   0x08006734   0x00000028   Code   RO         5168    i.uxListRemove      list.o
    0x0800675c   0x0800675c   0x00000018   Code   RO         6258    i.vApplicationGetIdleTaskMemory  cmsis_os2.o
    0x08006774   0x08006774   0x00000018   Code   RO         6259    i.vApplicationGetTimerTaskMemory  cmsis_os2.o
    0x0800678c   0x0800678c   0x0000001a   Code   RO         5169    i.vListInitialise   list.o
    0x080067a6   0x080067a6   0x00000006   Code   RO         5170    i.vListInitialiseItem  list.o
    0x080067ac   0x080067ac   0x00000034   Code   RO         5171    i.vListInsert       list.o
    0x080067e0   0x080067e0   0x00000018   Code   RO         5172    i.vListInsertEnd    list.o
    0x080067f8   0x080067f8   0x00000054   Code   RO         6773    i.vPortEnterCritical  port.o
    0x0800684c   0x0800684c   0x0000003c   Code   RO         6774    i.vPortExitCritical  port.o
    0x08006888   0x08006888   0x000000a4   Code   RO         6717    i.vPortFree         heap_4.o
    0x0800692c   0x0800692c   0x00000028   Code   RO         6775    i.vPortSetupTimerInterrupt  port.o
    0x08006954   0x08006954   0x00000078   Code   RO         6776    i.vPortValidateInterruptPriority  port.o
    0x080069cc   0x080069cc   0x0000002c   Code   RO         5221    i.vQueueAddToRegistry  queue.o
    0x080069f8   0x080069f8   0x0000004a   Code   RO         5225    i.vQueueWaitForMessageRestricted  queue.o
    0x08006a42   0x08006a42   0x00000002   PAD
    0x08006a44   0x08006a44   0x0000005c   Code   RO         5642    i.vTaskDelay        tasks.o
    0x08006aa0   0x08006aa0   0x00000018   Code   RO         5647    i.vTaskInternalSetTimeOutState  tasks.o
    0x08006ab8   0x08006ab8   0x0000000c   Code   RO         5648    i.vTaskMissedYield  tasks.o
    0x08006ac4   0x08006ac4   0x00000038   Code   RO         5650    i.vTaskPlaceOnEventList  tasks.o
    0x08006afc   0x08006afc   0x00000040   Code   RO         5651    i.vTaskPlaceOnEventListRestricted  tasks.o
    0x08006b3c   0x08006b3c   0x000000b8   Code   RO         5659    i.vTaskStartScheduler  tasks.o
    0x08006bf4   0x08006bf4   0x00000010   Code   RO         5661    i.vTaskSuspendAll   tasks.o
    0x08006c04   0x08006c04   0x00000090   Code   RO         5662    i.vTaskSwitchContext  tasks.o
    0x08006c94   0x08006c94   0x00000168   Code   RO         6777    i.xPortStartScheduler  port.o
    0x08006dfc   0x08006dfc   0x00000034   Code   RO         6778    i.xPortSysTickHandler  port.o
    0x08006e30   0x08006e30   0x000000e0   Code   RO         5231    i.xQueueGenericCreateStatic  queue.o
    0x08006f10   0x08006f10   0x00000098   Code   RO         5232    i.xQueueGenericReset  queue.o
    0x08006fa8   0x08006fa8   0x000001a8   Code   RO         5233    i.xQueueGenericSend  queue.o
    0x08007150   0x08007150   0x000000fc   Code   RO         5234    i.xQueueGenericSendFromISR  queue.o
    0x0800724c   0x0800724c   0x00000168   Code   RO         5243    i.xQueueReceive     queue.o
    0x080073b4   0x080073b4   0x0000008c   Code   RO         5664    i.xTaskCheckForTimeOut  tasks.o
    0x08007440   0x08007440   0x00000064   Code   RO         5665    i.xTaskCreate       tasks.o
    0x080074a4   0x080074a4   0x000000ba   Code   RO         5666    i.xTaskCreateStatic  tasks.o
    0x0800755e   0x0800755e   0x00000002   PAD
    0x08007560   0x08007560   0x00000020   Code   RO         5670    i.xTaskGetSchedulerState  tasks.o
    0x08007580   0x08007580   0x0000000c   Code   RO         5671    i.xTaskGetTickCount  tasks.o
    0x0800758c   0x0800758c   0x00000144   Code   RO         5673    i.xTaskIncrementTick  tasks.o
    0x080076d0   0x080076d0   0x000000a4   Code   RO         5676    i.xTaskPriorityDisinherit  tasks.o
    0x08007774   0x08007774   0x00000098   Code   RO         5678    i.xTaskRemoveFromEventList  tasks.o
    0x0800780c   0x0800780c   0x00000104   Code   RO         5679    i.xTaskResumeAll    tasks.o
    0x08007910   0x08007910   0x00000078   Code   RO         6015    i.xTimerCreateTimerTask  timers.o
    0x08007988   0x08007988   0x00000084   Code   RO         6016    i.xTimerGenericCommand  timers.o
    0x08007a0c   0x08007a0c   0x0000000a   Code   RO         7334    x$fpl$fpinit        fz_wv.l(fpinit.o)
    0x08007a16   0x08007a16   0x00000002   PAD
    0x08007a18   0x08007a18   0x00000024   Data   RO          644    .constdata          main.o
    0x08007a3c   0x08007a3c   0x00000018   Data   RO         4519    .constdata          stm32h7xx_hal_uart.o
    0x08007a54   0x08007a54   0x00000010   Data   RO         4890    .constdata          stm32h7xx_hal_uart_ex.o
    0x08007a64   0x08007a64   0x00000010   Data   RO         5000    .constdata          system_stm32h7xx.o
    0x08007a74   0x08007a74   0x0000000c   Data   RO          645    .conststring        main.o
    0x08007a80   0x08007a80   0x00000020   Data   RO         7453    Region$$Table       anon$$obj.o


    Execution Region RW_IRAM1 (Exec base: 0x20000000, Load base: 0x08007aa0, Size: 0x00000000, Max: 0x00020000, ABSOLUTE)

    **** No section assigned to this execution region ****


    Execution Region RW_IRAM2 (Exec base: 0x24000000, Load base: 0x08007aa0, Size: 0x00005348, Max: 0x00080000, ABSOLUTE)

    Exec Addr    Load Addr    Size         Type   Attr      Idx    E Section Name        Object

    0x24000000   0x08007aa0   0x00000024   Data   RW          646    .data               main.o
    0x24000024   0x08007ac4   0x00000009   Data   RW         3587    .data               stm32h7xx_hal.o
    0x2400002d   0x08007acd   0x00000003   PAD
    0x24000030   0x08007ad0   0x00000008   Data   RW         5001    .data               system_stm32h7xx.o
    0x24000038   0x08007ad8   0x0000003c   Data   RW         5682    .data               tasks.o
    0x24000074   0x08007b14   0x00000014   Data   RW         6024    .data               timers.o
    0x24000088   0x08007b28   0x00000004   Data   RW         6261    .data               cmsis_os2.o
    0x2400008c   0x08007b2c   0x00000020   Data   RW         6723    .data               heap_4.o
    0x240000ac   0x08007b4c   0x0000000c   Data   RW         6779    .data               port.o
    0x240000b8        -       0x0000030c   Zero   RW          643    .bss                main.o
    0x240003c4        -       0x0000004c   Zero   RW          908    .bss                stm32h7xx_hal_timebase_tim.o
    0x24000410        -       0x00000040   Zero   RW         5247    .bss                queue.o
    0x24000450        -       0x000004c4   Zero   RW         5681    .bss                tasks.o
    0x24000914        -       0x00000118   Zero   RW         6023    .bss                timers.o
    0x24000a2c        -       0x000006b8   Zero   RW         6260    .bss                cmsis_os2.o
    0x240010e4        -       0x00003c00   Zero   RW         6722    .bss                heap_4.o
    0x24004ce4        -       0x00000060   Zero   RW         7164    .bss                c_w.l(libspace.o)
    0x24004d44   0x08007b58   0x00000004   PAD
    0x24004d48        -       0x00000200   Zero   RW            2    HEAP                startup_stm32h743xx.o
    0x24004f48        -       0x00000400   Zero   RW            1    STACK               startup_stm32h743xx.o


==============================================================================

Image component sizes


      Code (inc. data)   RO Data    RW Data    ZI Data      Debug   Object Name

       430         38          0          4       1720      71363   cmsis_os2.o
         0          0          0          0          0      19528   event_groups.o
       724         74          0         32      15360       5127   heap_4.o
         0          0          0          0          0    1288816   hmc5883l.o
       148          0          0          0          0       3830   list.o
      1802        156         48         36        780      20383   main.o
      1014         92          0         12          0      12505   port.o
      1922         20          0          0         64      17904   queue.o
        72         30        664          0       1536        872   startup_stm32h743xx.o
       164         40          0          9          0      22993   stm32h7xx_hal.o
       458         40          0          0          0      41776   stm32h7xx_hal_cortex.o
      2164         34          0          0          0       4411   stm32h7xx_hal_dma.o
       520         52          0          0          0       2320   stm32h7xx_hal_gpio.o
       216          4          0          0          0       2939   stm32h7xx_hal_i2c.o
       210          0          0          0          0       2143   stm32h7xx_hal_i2c_ex.o
      1120         74          0          0          0       3347   stm32h7xx_hal_msp.o
        96          6          0          0          0        797   stm32h7xx_hal_pwr_ex.o
      3748        124          0          0          0       7889   stm32h7xx_hal_rcc.o
      5300        108          0          0          0       7585   stm32h7xx_hal_rcc_ex.o
       920         68          0          0          0       6994   stm32h7xx_hal_tim.o
         6          0          0          0          0       2412   stm32h7xx_hal_tim_ex.o
       148         20          0          0         76       1679   stm32h7xx_hal_timebase_tim.o
      3582        146         24          0          0      30976   stm32h7xx_hal_uart.o
       360         10         16          0          0       5758   stm32h7xx_hal_uart_ex.o
        54         12          0          0          0       3998   stm32h7xx_it.o
         0          0          0          0          0        392   stream_buffer.o
       332         46         16          8          0       2005   system_stm32h7xx.o
      2808        346          0         60       1220      28242   tasks.o
      1318        124          0         20        280      33435   timers.o

    ----------------------------------------------------------------------
     29662       1664        800        184      21036    1652419   Object Totals
         0          0         32          0          0          0   (incl. Generated)
        26          0          0          3          0          0   (incl. Padding)

    ----------------------------------------------------------------------

      Code (inc. data)   RO Data    RW Data    ZI Data      Debug   Library Member Name

         8          0          0          0          0         68   __main.o
         0          0          0          0          0          0   __rtentry.o
        12          0          0          0          0          0   __rtentry2.o
         6          0          0          0          0          0   __rtentry4.o
        52          8          0          0          0          0   __scatter.o
        26          0          0          0          0          0   __scatter_copy.o
        28          0          0          0          0          0   __scatter_zi.o
        16          0          0          0          0         68   aeabi_memset.o
        18          0          0          0          0         80   exit.o
         6          0          0          0          0        152   heapauxi.o
         0          0          0          0          0          0   indicate_semi.o
         2          0          0          0          0          0   libinit.o
         6          0          0          0          0          0   libinit2.o
         2          0          0          0          0          0   libshutdown.o
         2          0          0          0          0          0   libshutdown2.o
         8          4          0          0         96         68   libspace.o
       238          0          0          0          0        100   lludivv7m.o
        68          0          0          0          0         68   rt_memclr.o
        78          0          0          0          0         80   rt_memclr_w.o
       138          0          0          0          0         68   rt_memcpy_v6.o
       100          0          0          0          0         80   rt_memcpy_w.o
         2          0          0          0          0          0   rtexit.o
        10          0          0          0          0          0   rtexit2.o
        12          4          0          0          0         68   sys_exit.o
        74          0          0          0          0         80   sys_stackheap_outer.o
         2          0          0          0          0         68   use_no_semi.o
        10          0          0          0          0        116   fpinit.o

    ----------------------------------------------------------------------
       930         16          0          0        100       1164   Library Totals
         6          0          0          0          4          0   (incl. Padding)

    ----------------------------------------------------------------------

      Code (inc. data)   RO Data    RW Data    ZI Data      Debug   Library Name

       914         16          0          0         96       1048   c_w.l
        10          0          0          0          0        116   fz_wv.l

    ----------------------------------------------------------------------
       930         16          0          0        100       1164   Library Totals

    ----------------------------------------------------------------------

==============================================================================


      Code (inc. data)   RO Data    RW Data    ZI Data      Debug   

     30592       1680        800        184      21136    1637015   Grand Totals
     30592       1680        800        184      21136    1637015   ELF Image Totals
     30592       1680        800        184          0          0   ROM Totals

==============================================================================

    Total RO  Size (Code + RO Data)                31392 (  30.66kB)
    Total RW  Size (RW Data + ZI Data)             21320 (  20.82kB)
    Total ROM Size (Code + RO Data + RW Data)      31576 (  30.84kB)

==============================================================================

