Component: Arm Compiler for Embedded 6.23 Tool: armlink [5f102400]

==============================================================================

Section Cross References

    startup_stm32h743xx.o(STACK) refers (Special) to heapauxi.o(.text) for __use_two_region_memory
    startup_stm32h743xx.o(HEAP) refers (Special) to heapauxi.o(.text) for __use_two_region_memory
    startup_stm32h743xx.o(RESET) refers (Special) to heapauxi.o(.text) for __use_two_region_memory
    startup_stm32h743xx.o(RESET) refers to startup_stm32h743xx.o(STACK) for __initial_sp
    startup_stm32h743xx.o(RESET) refers to startup_stm32h743xx.o(.text) for Reset_Handler
    startup_stm32h743xx.o(RESET) refers to stm32h7xx_it.o(.text.NMI_Handler) for NMI_Handler
    startup_stm32h743xx.o(RESET) refers to stm32h7xx_it.o(.text.HardFault_Handler) for HardFault_Handler
    startup_stm32h743xx.o(RESET) refers to stm32h7xx_it.o(.text.MemManage_Handler) for MemManage_Handler
    startup_stm32h743xx.o(RESET) refers to stm32h7xx_it.o(.text.BusFault_Handler) for BusFault_Handler
    startup_stm32h743xx.o(RESET) refers to stm32h7xx_it.o(.text.UsageFault_Handler) for UsageFault_Handler
    startup_stm32h743xx.o(RESET) refers to stm32h7xx_it.o(.text.SVC_Handler) for SVC_Handler
    startup_stm32h743xx.o(RESET) refers to stm32h7xx_it.o(.text.DebugMon_Handler) for DebugMon_Handler
    startup_stm32h743xx.o(RESET) refers to stm32h7xx_it.o(.text.PendSV_Handler) for PendSV_Handler
    startup_stm32h743xx.o(RESET) refers to stm32h7xx_it.o(.text.SysTick_Handler) for SysTick_Handler
    startup_stm32h743xx.o(RESET) refers to stm32h7xx_it.o(.text.USART2_IRQHandler) for USART2_IRQHandler
    startup_stm32h743xx.o(.text) refers (Special) to heapauxi.o(.text) for __use_two_region_memory
    startup_stm32h743xx.o(.text) refers to system_stm32h7xx.o(.text.ExitRun0Mode) for ExitRun0Mode
    startup_stm32h743xx.o(.text) refers to system_stm32h7xx.o(.text.SystemInit) for SystemInit
    startup_stm32h743xx.o(.text) refers to __main.o(!!!main) for __main
    startup_stm32h743xx.o(.text) refers to startup_stm32h743xx.o(HEAP) for Heap_Mem
    startup_stm32h743xx.o(.text) refers to startup_stm32h743xx.o(STACK) for Stack_Mem
    hmc5883l.o(.text.hmc5883l_init) refers to stm32h7xx_hal_i2c.o(.text.HAL_I2C_IsDeviceReady) for HAL_I2C_IsDeviceReady
    hmc5883l.o(.text.hmc5883l_init) refers to stm32h7xx_hal_i2c.o(.text.HAL_I2C_Mem_Read) for HAL_I2C_Mem_Read
    hmc5883l.o(.text.hmc5883l_init) refers to hmc5883l.o(.text.hmc5883l_write_register) for hmc5883l_write_register
    hmc5883l.o(.ARM.exidx.text.hmc5883l_init) refers to hmc5883l.o(.text.hmc5883l_init) for [Anonymous Symbol]
    hmc5883l.o(.text.hmc5883l_write_register) refers to stm32h7xx_hal_i2c.o(.text.HAL_I2C_Mem_Write) for HAL_I2C_Mem_Write
    hmc5883l.o(.ARM.exidx.text.hmc5883l_write_register) refers to hmc5883l.o(.text.hmc5883l_write_register) for [Anonymous Symbol]
    hmc5883l.o(.ARM.exidx.text.hmc5883l_is_ready) refers to hmc5883l.o(.text.hmc5883l_is_ready) for [Anonymous Symbol]
    hmc5883l.o(.text.hmc5883l_read_mag) refers to stm32h7xx_hal_i2c.o(.text.HAL_I2C_Mem_Read) for HAL_I2C_Mem_Read
    hmc5883l.o(.text.hmc5883l_read_mag) refers to stm32h7xx_hal.o(.text.HAL_GetTick) for HAL_GetTick
    hmc5883l.o(.ARM.exidx.text.hmc5883l_read_mag) refers to hmc5883l.o(.text.hmc5883l_read_mag) for [Anonymous Symbol]
    hmc5883l.o(.text.hmc5883l_read_mag_blocking) refers to stm32h7xx_hal_i2c.o(.text.HAL_I2C_Mem_Write) for HAL_I2C_Mem_Write
    hmc5883l.o(.text.hmc5883l_read_mag_blocking) refers to stm32h7xx_hal.o(.text.HAL_GetTick) for HAL_GetTick
    hmc5883l.o(.text.hmc5883l_read_mag_blocking) refers to stm32h7xx_hal_i2c.o(.text.HAL_I2C_Mem_Read) for HAL_I2C_Mem_Read
    hmc5883l.o(.text.hmc5883l_read_mag_blocking) refers to hmc5883l.o(.text.hmc5883l_read_mag) for hmc5883l_read_mag
    hmc5883l.o(.ARM.exidx.text.hmc5883l_read_mag_blocking) refers to hmc5883l.o(.text.hmc5883l_read_mag_blocking) for [Anonymous Symbol]
    hmc5883l.o(.text.hmc5883l_is_data_ready) refers to stm32h7xx_hal_i2c.o(.text.HAL_I2C_Mem_Read) for HAL_I2C_Mem_Read
    hmc5883l.o(.ARM.exidx.text.hmc5883l_is_data_ready) refers to hmc5883l.o(.text.hmc5883l_is_data_ready) for [Anonymous Symbol]
    hmc5883l.o(.text.hmc5883l_set_mode) refers to stm32h7xx_hal_i2c.o(.text.HAL_I2C_Mem_Write) for HAL_I2C_Mem_Write
    hmc5883l.o(.ARM.exidx.text.hmc5883l_set_mode) refers to hmc5883l.o(.text.hmc5883l_set_mode) for [Anonymous Symbol]
    hmc5883l.o(.text.hmc5883l_calibrate) refers to stm32h7xx_hal.o(.text.HAL_GetTick) for HAL_GetTick
    hmc5883l.o(.text.hmc5883l_calibrate) refers to hmc5883l.o(.text.hmc5883l_read_mag) for hmc5883l_read_mag
    hmc5883l.o(.ARM.exidx.text.hmc5883l_calibrate) refers to hmc5883l.o(.text.hmc5883l_calibrate) for [Anonymous Symbol]
    hmc5883l.o(.text.hmc5883l_get_heading) refers to atan2f.o(i.__hardfp_atan2f) for __hardfp_atan2f
[...]
    ../clib/printf_percent.s                 0x00000000   Number         0  _printf_s.o ABSOLUTE
    ../clib/printf_percent.s                 0x00000000   Number         0  _printf_n.o ABSOLUTE
    ../clib/printf_percent.s                 0x00000000   Number         0  _printf_x.o ABSOLUTE
    ../clib/printf_percent.s                 0x00000000   Number         0  _printf_p.o ABSOLUTE
    ../clib/printf_percent.s                 0x00000000   Number         0  _printf_o.o ABSOLUTE
    ../clib/printf_percent.s                 0x00000000   Number         0  _printf_i.o ABSOLUTE
    ../clib/printf_percent.s                 0x00000000   Number         0  _printf_d.o ABSOLUTE
    ../clib/printf_percent.s                 0x00000000   Number         0  _printf_u.o ABSOLUTE
    ../clib/printf_percent.s                 0x00000000   Number         0  _printf_f.o ABSOLUTE
    ../clib/printf_percent.s                 0x00000000   Number         0  _printf_e.o ABSOLUTE
    ../clib/printf_percent.s                 0x00000000   Number         0  _printf_g.o ABSOLUTE
    ../clib/printf_percent.s                 0x00000000   Number         0  _printf_a.o ABSOLUTE
    ../clib/printf_percent.s                 0x00000000   Number         0  _printf_percent.o ABSOLUTE
    ../clib/printf_percent.s                 0x00000000   Number         0  _printf_lli.o ABSOLUTE
    ../clib/printf_percent.s                 0x00000000   Number         0  _printf_lld.o ABSOLUTE
    ../clib/printf_percent.s                 0x00000000   Number         0  _printf_llu.o ABSOLUTE
    ../clib/printf_percent.s                 0x00000000   Number         0  _printf_ll.o ABSOLUTE
    ../clib/printf_percent.s                 0x00000000   Number         0  _printf_l.o ABSOLUTE
    ../clib/printf_percent.s                 0x00000000   Number         0  _printf_lc.o ABSOLUTE
    ../clib/printf_percent.s                 0x00000000   Number         0  _printf_ls.o ABSOLUTE
    ../clib/printf_percent.s                 0x00000000   Number         0  _printf_llo.o ABSOLUTE
    ../clib/printf_percent.s                 0x00000000   Number         0  _printf_llx.o ABSOLUTE
    ../clib/printf_percent.s                 0x00000000   Number         0  _printf_percent_end.o ABSOLUTE
    ../clib/scanf.c                          0x00000000   Number         0  atoi.o ABSOLUTE
    ../clib/scanf.c                          0x00000000   Number         0  strtol.o ABSOLUTE
    ../clib/scanf.c                          0x00000000   Number         0  _strtoul.o ABSOLUTE
    ../clib/scanf.c                          0x00000000   Number         0  strtod.o ABSOLUTE
    ../clib/scanf.c                          0x00000000   Number         0  _chval.o ABSOLUTE
    ../clib/scanf.c                          0x00000000   Number         0  _sgetc.o ABSOLUTE
    ../clib/scanf.c                          0x00000000   Number         0  scanf_fp.o ABSOLUTE
    ../clib/scanf.c                          0x00000000   Number         0  scanf_fp_accurate.o ABSOLUTE
    ../clib/scanf.c                          0x00000000   Number         0  scanf_hexfp.o ABSOLUTE
    ../clib/scanf.c                          0x00000000   Number         0  scanf_infnan.o ABSOLUTE
    ../clib/signal.c                         0x00000000   Number         0  defsig_fpe_outer.o ABSOLUTE
    ../clib/signal.c                         0x00000000   Number         0  defsig_fpe_formal.o ABSOLUTE
    ../clib/signal.c                         0x00000000   Number         0  defsig_exit.o ABSOLUTE
    ../clib/signal.c                         0x00000000   Number         0  defsig_fpe_inner.o ABSOLUTE
    ../clib/signal.c                         0x00000000   Number         0  __raise.o ABSOLUTE
    ../clib/signal.c                         0x00000000   Number         0  defsig_general.o ABSOLUTE
    ../clib/signal.c                         0x00000000   Number         0  defsig_rtmem_outer.o ABSOLUTE
    ../clib/signal.c                         0x00000000   Number         0  defsig_rtmem_formal.o ABSOLUTE
    ../clib/signal.c                         0x00000000   Number         0  defsig_abrt_inner.o ABSOLUTE
    ../clib/signal.c                         0x00000000   Number         0  defsig_rtred_inner.o ABSOLUTE
    ../clib/signal.c                         0x00000000   Number         0  defsig_rtmem_inner.o ABSOLUTE
    ../clib/signal.c                         0x00000000   Number         0  defsig_stak_inner.o ABSOLUTE
    ../clib/signal.c                         0x00000000   Number         0  defsig_pvfn_inner.o ABSOLUTE
    ../clib/signal.c                         0x00000000   Number         0  defsig_cppl_inner.o ABSOLUTE
    ../clib/signal.c                         0x00000000   Number         0  defsig_segv_inner.o ABSOLUTE
    ../clib/signal.c                         0x00000000   Number         0  defsig_other.o ABSOLUTE
    ../clib/signal.s                         0x00000000   Number         0  defsig.o ABSOLUTE
    ../clib/stdlib.c                         0x00000000   Number         0  exit.o ABSOLUTE
    ../clib/string.c                         0x00000000   Number         0  strtok.o ABSOLUTE
    ../clib/string.c                         0x00000000   Number         0  strchr.o ABSOLUTE
    ../clib/string.c                         0x00000000   Number         0  strstr.o ABSOLUTE
    ../clib/string.c                         0x00000000   Number         0  strlen.o ABSOLUTE
    ../clib/string.c                         0x00000000   Number         0  strtok_int.o ABSOLUTE
    ../clib/string.c                         0x00000000   Number         0  strcspn.o ABSOLUTE
    ../clib/string.c                         0x00000000   Number         0  strspn.o ABSOLUTE
    ../fplib/dcheck1.s                       0x00000000   Number         0  dcheck1.o ABSOLUTE
    ../fplib/fpconst.s                       0x00000000   Number         0  fpconst.o ABSOLUTE
    ../fplib/fpinit.s                        0x00000000   Number         0  fpinit.o ABSOLUTE
    ../fplib/istatus.s                       0x00000000   Number         0  istatus.o ABSOLUTE
    ../fplib/printf1.s                       0x00000000   Number         0  printf1.o ABSOLUTE
    ../fplib/printf2.s                       0x00000000   Number         0  printf2.o ABSOLUTE
    ../fplib/printf2a.s                      0x00000000   Number         0  printf2a.o ABSOLUTE
    ../fplib/printf2b.s                      0x00000000   Number         0  printf2b.o ABSOLUTE
    ../fplib/retnan.s                        0x00000000   Number         0  retnan.o ABSOLUTE
    ../fplib/scalbn.s                        0x00000000   Number         0  scalbn.o ABSOLUTE
    ../fplib/scanf1.s                        0x00000000   Number         0  scanf1.o ABSOLUTE
    ../fplib/scanf2.s                        0x00000000   Number         0  scanf2.o ABSOLUTE
    ../fplib/scanf2a.s                       0x00000000   Number         0  scanf2a.o ABSOLUTE
    ../fplib/scanf2b.s                       0x00000000   Number         0  scanf2b.o ABSOLUTE
    ../fplib/trapv.s                         0x00000000   Number         0  trapv.o ABSOLUTE
    ../fplib/usenofp.s                       0x00000000   Number         0  usenofp.o ABSOLUTE
    ../mathlib/atan.c                        0x00000000   Number         0  atan.o ABSOLUTE
    ../mathlib/atan2.c                       0x00000000   Number         0  atan2.o ABSOLUTE
    ../mathlib/atan2f.c                      0x00000000   Number         0  atan2f.o ABSOLUTE
    ../mathlib/atof.c                        0x00000000   Number         0  atof.o ABSOLUTE
    ../mathlib/cos.c                         0x00000000   Number         0  cos.o ABSOLUTE
    ../mathlib/cos_i.c                       0x00000000   Number         0  cos_i.o ABSOLUTE
    ../mathlib/cosf.c                        0x00000000   Number         0  cosf.o ABSOLUTE
    ../mathlib/dunder.c                      0x00000000   Number         0  dunder.o ABSOLUTE
    ../mathlib/fabs.c                        0x00000000   Number         0  fabs.o ABSOLUTE
    ../mathlib/fpclassify.c                  0x00000000   Number         0  fpclassify.o ABSOLUTE
    ../mathlib/fpclassifyf.c                 0x00000000   Number         0  fpclassifyf.o ABSOLUTE
    ../mathlib/frexp.c                       0x00000000   Number         0  frexp.o ABSOLUTE
    ../mathlib/funder.c                      0x00000000   Number         0  funder.o ABSOLUTE
    ../mathlib/ldexp.c                       0x00000000   Number         0  ldexp.o ABSOLUTE
    ../mathlib/narrow.c                      0x00000000   Number         0  narrow.o ABSOLUTE
    ../mathlib/poly.c                        0x00000000   Number         0  poly.o ABSOLUTE
    ../mathlib/qnan.c                        0x00000000   Number         0  qnan.o ABSOLUTE
    ../mathlib/rred.c                        0x00000000   Number         0  rred.o ABSOLUTE
    ../mathlib/rredf.c                       0x00000000   Number         0  rredf.o ABSOLUTE
    ../mathlib/sin.c                         0x00000000   Number         0  sin.o ABSOLUTE
    ../mathlib/sin_i.c                       0x00000000   Number         0  sin_i.o ABSOLUTE
    ../mathlib/sinf.c                        0x00000000   Number         0  sinf.o ABSOLUTE
    dc.s                                     0x00000000   Number         0  dc.o ABSOLUTE
    hardware.c                               0x00000000   Number         0  hardware.o ABSOLUTE
    hmc5883l.c                               0x00000000   Number         0  hmc5883l.o ABSOLUTE
    main.c                                   0x00000000   Number         0  main.o ABSOLUTE
    mpu6050.c                                0x00000000   Number         0  mpu6050.o ABSOLUTE
    neo8m.c                                  0x00000000   Number         0  neo8m.o ABSOLUTE
    startup_stm32h743xx.s                    0x00000000   Number         0  startup_stm32h743xx.o ABSOLUTE
    stm32h7xx_hal.c                          0x00000000   Number         0  stm32h7xx_hal.o ABSOLUTE
    stm32h7xx_hal_cortex.c                   0x00000000   Number         0  stm32h7xx_hal_cortex.o ABSOLUTE
    stm32h7xx_hal_dma.c                      0x00000000   Number         0  stm32h7xx_hal_dma.o ABSOLUTE
    stm32h7xx_hal_dma_ex.c                   0x00000000   Number         0  stm32h7xx_hal_dma_ex.o ABSOLUTE
    stm32h7xx_hal_exti.c                     0x00000000   Number         0  stm32h7xx_hal_exti.o ABSOLUTE
    stm32h7xx_hal_flash.c                    0x00000000   Number         0  stm32h7xx_hal_flash.o ABSOLUTE
    stm32h7xx_hal_flash_ex.c                 0x00000000   Number         0  stm32h7xx_hal_flash_ex.o ABSOLUTE
    stm32h7xx_hal_gpio.c                     0x00000000   Number         0  stm32h7xx_hal_gpio.o ABSOLUTE
    stm32h7xx_hal_hsem.c                     0x00000000   Number         0  stm32h7xx_hal_hsem.o ABSOLUTE
    stm32h7xx_hal_i2c.c                      0x00000000   Number         0  stm32h7xx_hal_i2c.o ABSOLUTE
    stm32h7xx_hal_i2c_ex.c                   0x00000000   Number         0  stm32h7xx_hal_i2c_ex.o ABSOLUTE
    stm32h7xx_hal_mdma.c                     0x00000000   Number         0  stm32h7xx_hal_mdma.o ABSOLUTE
    stm32h7xx_hal_msp.c                      0x00000000   Number         0  stm32h7xx_hal_msp.o ABSOLUTE
    stm32h7xx_hal_pwr.c                      0x00000000   Number         0  stm32h7xx_hal_pwr.o ABSOLUTE
    stm32h7xx_hal_pwr_ex.c                   0x00000000   Number         0  stm32h7xx_hal_pwr_ex.o ABSOLUTE
    stm32h7xx_hal_rcc.c                      0x00000000   Number         0  stm32h7xx_hal_rcc.o ABSOLUTE
    stm32h7xx_hal_rcc_ex.c                   0x00000000   Number         0  stm32h7xx_hal_rcc_ex.o ABSOLUTE
    stm32h7xx_hal_uart.c                     0x00000000   Number         0  stm32h7xx_hal_uart.o ABSOLUTE
    stm32h7xx_hal_uart_ex.c                  0x00000000   Number         0  stm32h7xx_hal_uart_ex.o ABSOLUTE
    stm32h7xx_it.c                           0x00000000   Number         0  stm32h7xx_it.o ABSOLUTE
    system_stm32h7xx.c                       0x00000000   Number         0  system_stm32h7xx.o ABSOLUTE
    RESET                                    0x08000000   Section      664  startup_stm32h743xx.o(RESET)
    !!!main                                  0x08000298   Section        8  __main.o(!!!main)
    !!!scatter                               0x080002a0   Section       92  __scatter.o(!!!scatter)
    !!handler_copy                           0x080002fc   Section       26  __scatter_copy.o(!!handler_copy)
    !!handler_null                           0x08000318   Section        2  __scatter.o(!!handler_null)
    !!handler_zi                             0x0800031c   Section       28  __scatter_zi.o(!!handler_zi)
    .ARM.Collect$$libinit$$00000000          0x08000338   Section        2  libinit.o(.ARM.Collect$$libinit$$00000000)
    .ARM.Collect$$libinit$$00000001          0x0800033a   Section        4  libinit2.o(.ARM.Collect$$libinit$$00000001)
    .ARM.Collect$$libinit$$00000004          0x0800033e   Section        0  libinit2.o(.ARM.Collect$$libinit$$00000004)
    .ARM.Collect$$libinit$$00000006          0x0800033e   Section        0  libinit2.o(.ARM.Collect$$libinit$$00000006)
    .ARM.Collect$$libinit$$0000000C          0x0800033e   Section        0  libinit2.o(.ARM.Collect$$libinit$$0000000C)
    .ARM.Collect$$libinit$$0000000E          0x0800033e   Section        0  libinit2.o(.ARM.Collect$$libinit$$0000000E)
    .ARM.Collect$$libinit$$00000010          0x0800033e   Section        0  libinit2.o(.ARM.Collect$$libinit$$00000010)
    .ARM.Collect$$libinit$$00000013          0x0800033e   Section        0  libinit2.o(.ARM.Collect$$libinit$$00000013)
    .ARM.Collect$$libinit$$00000015          0x0800033e   Section        0  libinit2.o(.ARM.Collect$$libinit$$00000015)
    .ARM.Collect$$libinit$$00000017          0x0800033e   Section        0  libinit2.o(.ARM.Collect$$libinit$$00000017)
    .ARM.Collect$$libinit$$00000019          0x0800033e   Section        0  libinit2.o(.ARM.Collect$$libinit$$00000019)
    .ARM.Collect$$libinit$$0000001B          0x0800033e   Section        0  libinit2.o(.ARM.Collect$$libinit$$0000001B)
    .ARM.Collect$$libinit$$0000001D          0x0800033e   Section        0  libinit2.o(.ARM.Collect$$libinit$$0000001D)
    .ARM.Collect$$libinit$$0000001F          0x0800033e   Section        0  libinit2.o(.ARM.Collect$$libinit$$0000001F)
    .ARM.Collect$$libinit$$00000021          0x0800033e   Section        0  libinit2.o(.ARM.Collect$$libinit$$00000021)
    .ARM.Collect$$libinit$$00000023          0x0800033e   Section        0  libinit2.o(.ARM.Collect$$libinit$$00000023)
    .ARM.Collect$$libinit$$00000025          0x0800033e   Section        0  libinit2.o(.ARM.Collect$$libinit$$00000025)
    .ARM.Collect$$libinit$$00000027          0x0800033e   Section        0  libinit2.o(.ARM.Collect$$libinit$$00000027)
    .ARM.Collect$$libinit$$0000002E          0x0800033e   Section        0  libinit2.o(.ARM.Collect$$libinit$$0000002E)
    .ARM.Collect$$libinit$$00000030          0x0800033e   Section        0  libinit2.o(.ARM.Collect$$libinit$$00000030)
    .ARM.Collect$$libinit$$00000032          0x0800033e   Section        0  libinit2.o(.ARM.Collect$$libinit$$00000032)
    .ARM.Collect$$libinit$$00000034          0x0800033e   Section        0  libinit2.o(.ARM.Collect$$libinit$$00000034)
    .ARM.Collect$$libinit$$00000035          0x0800033e   Section        2  libinit2.o(.ARM.Collect$$libinit$$00000035)
    .ARM.Collect$$libshutdown$$00000000      0x08000340   Section        2  libshutdown.o(.ARM.Collect$$libshutdown$$00000000)
    .ARM.Collect$$libshutdown$$00000002      0x08000342   Section        0  libshutdown2.o(.ARM.Collect$$libshutdown$$00000002)
    .ARM.Collect$$libshutdown$$00000004      0x08000342   Section        0  libshutdown2.o(.ARM.Collect$$libshutdown$$00000004)
    .ARM.Collect$$libshutdown$$00000007      0x08000342   Section        0  libshutdown2.o(.ARM.Collect$$libshutdown$$00000007)
    .ARM.Collect$$libshutdown$$0000000A      0x08000342   Section        0  libshutdown2.o(.ARM.Collect$$libshutdown$$0000000A)
    .ARM.Collect$$libshutdown$$0000000C      0x08000342   Section        0  libshutdown2.o(.ARM.Collect$$libshutdown$$0000000C)
    .ARM.Collect$$libshutdown$$0000000F      0x08000342   Section        0  libshutdown2.o(.ARM.Collect$$libshutdown$$0000000F)
    .ARM.Collect$$libshutdown$$00000010      0x08000342   Section        2  libshutdown2.o(.ARM.Collect$$libshutdown$$00000010)
    .ARM.Collect$$rtentry$$00000000          0x08000344   Section        0  __rtentry.o(.ARM.Collect$$rtentry$$00000000)
    .ARM.Collect$$rtentry$$00000002          0x08000344   Section        0  __rtentry2.o(.ARM.Collect$$rtentry$$00000002)
    .ARM.Collect$$rtentry$$00000004          0x08000344   Section        6  __rtentry4.o(.ARM.Collect$$rtentry$$00000004)
    .ARM.Collect$$rtentry$$00000009          0x0800034a   Section        0  __rtentry2.o(.ARM.Collect$$rtentry$$00000009)
    .ARM.Collect$$rtentry$$0000000A          0x0800034a   Section        4  __rtentry2.o(.ARM.Collect$$rtentry$$0000000A)
    .ARM.Collect$$rtentry$$0000000C          0x0800034e   Section        0  __rtentry2.o(.ARM.Collect$$rtentry$$0000000C)
    .ARM.Collect$$rtentry$$0000000D          0x0800034e   Section        8  __rtentry2.o(.ARM.Collect$$rtentry$$0000000D)
    .ARM.Collect$$rtexit$$00000000           0x08000356   Section        2  rtexit.o(.ARM.Collect$$rtexit$$00000000)
    .ARM.Collect$$rtexit$$00000002           0x08000358   Section        0  rtexit2.o(.ARM.Collect$$rtexit$$00000002)
    .ARM.Collect$$rtexit$$00000003           0x08000358   Section        4  rtexit2.o(.ARM.Collect$$rtexit$$00000003)
    .ARM.Collect$$rtexit$$00000004           0x0800035c   Section        6  rtexit2.o(.ARM.Collect$$rtexit$$00000004)
    $v0                                      0x08000364   Number         0  startup_stm32h743xx.o(.text)
    .text                                    0x08000364   Section       72  startup_stm32h743xx.o(.text)
    .text                                    0x080003ac   Section      240  lludivv7m.o(.text)
    .text                                    0x0800049c   Section       78  rt_memclr_w.o(.text)
    .text                                    0x080004ea   Section        0  heapauxi.o(.text)
    .text                                    0x080004f0   Section        8  libspace.o(.text)
    .text                                    0x080004f8   Section       74  sys_stackheap_outer.o(.text)
    .text                                    0x08000542   Section        0  exit.o(.text)
    .text                                    0x08000554   Section        0  sys_exit.o(.text)
    .text                                    0x08000560   Section        2  use_no_semi.o(.text)
    .text                                    0x08000562   Section        0  indicate_semi.o(.text)
    [Anonymous Symbol]                       0x08000568   Section        0  stm32h7xx_it.o(.text.BusFault_Handler)
    [Anonymous Symbol]                       0x08000570   Section        0  stm32h7xx_it.o(.text.DebugMon_Handler)
    [Anonymous Symbol]                       0x08000578   Section        0  main.o(.text.Error_Handler)
    [Anonymous Symbol]                       0x08000588   Section        0  system_stm32h7xx.o(.text.ExitRun0Mode)
    [Anonymous Symbol]                       0x080005b8   Section        0  stm32h7xx_hal_dma.o(.text.HAL_DMA_Abort)
    [Anonymous Symbol]                       0x08000ae0   Section        0  stm32h7xx_hal_dma.o(.text.HAL_DMA_Abort_IT)
    [Anonymous Symbol]                       0x08000d98   Section        0  stm32h7xx_hal.o(.text.HAL_Delay)
    [Anonymous Symbol]                       0x08000dc0   Section        0  stm32h7xx_hal_gpio.o(.text.HAL_GPIO_Init)
    [Anonymous Symbol]                       0x08000f68   Section        0  stm32h7xx_hal_gpio.o(.text.HAL_GPIO_WritePin)
    [Anonymous Symbol]                       0x08000f78   Section        0  stm32h7xx_hal.o(.text.HAL_GetREVID)
    [Anonymous Symbol]                       0x08000f88   Section        0  stm32h7xx_hal.o(.text.HAL_GetTick)
    [Anonymous Symbol]                       0x08000f98   Section        0  stm32h7xx_hal_i2c_ex.o(.text.HAL_I2CEx_ConfigAnalogFilter)
    [Anonymous Symbol]                       0x08000fe8   Section        0  stm32h7xx_hal_i2c_ex.o(.text.HAL_I2CEx_ConfigDigitalFilter)
    [Anonymous Symbol]                       0x08001030   Section        0  stm32h7xx_hal_i2c.o(.text.HAL_I2C_Init)
    [Anonymous Symbol]                       0x080010e0   Section        0  stm32h7xx_hal_i2c.o(.text.HAL_I2C_IsDeviceReady)
    [Anonymous Symbol]                       0x08001260   Section        0  stm32h7xx_hal_i2c.o(.text.HAL_I2C_Mem_Read)
    [Anonymous Symbol]                       0x08001498   Section        0  stm32h7xx_hal_i2c.o(.text.HAL_I2C_Mem_Write)
    [Anonymous Symbol]                       0x080016d0   Section        0  stm32h7xx_hal_msp.o(.text.HAL_I2C_MspInit)
    [Anonymous Symbol]                       0x08001768   Section        0  stm32h7xx_hal.o(.text.HAL_IncTick)
    [Anonymous Symbol]                       0x08001788   Section        0  stm32h7xx_hal.o(.text.HAL_Init)
    [Anonymous Symbol]                       0x080017f0   Section        0  stm32h7xx_hal.o(.text.HAL_InitTick)
    [Anonymous Symbol]                       0x08001840   Section        0  stm32h7xx_hal_cortex.o(.text.HAL_MPU_ConfigRegion)
    [Anonymous Symbol]                       0x080018a0   Section        0  stm32h7xx_hal_cortex.o(.text.HAL_MPU_Disable)
    [Anonymous Symbol]                       0x080018c0   Section        0  stm32h7xx_hal_cortex.o(.text.HAL_MPU_Enable)
    [Anonymous Symbol]                       0x080018e0   Section        0  stm32h7xx_hal_msp.o(.text.HAL_MspInit)
    [Anonymous Symbol]                       0x08001900   Section        0  stm32h7xx_hal_cortex.o(.text.HAL_NVIC_EnableIRQ)
    [Anonymous Symbol]                       0x08001928   Section        0  stm32h7xx_hal_cortex.o(.text.HAL_NVIC_SetPriority)
    [Anonymous Symbol]                       0x08001988   Section        0  stm32h7xx_hal_cortex.o(.text.HAL_NVIC_SetPriorityGrouping)
    [Anonymous Symbol]                       0x080019a8   Section        0  stm32h7xx_hal_pwr_ex.o(.text.HAL_PWREx_ConfigSupply)
    [Anonymous Symbol]                       0x080019f8   Section        0  stm32h7xx_hal_rcc_ex.o(.text.HAL_RCCEx_GetD3PCLK1Freq)
    [Anonymous Symbol]                       0x08001a20   Section        0  stm32h7xx_hal_rcc_ex.o(.text.HAL_RCCEx_GetPLL2ClockFreq)
    [Anonymous Symbol]                       0x08001b48   Section        0  stm32h7xx_hal_rcc_ex.o(.text.HAL_RCCEx_GetPLL3ClockFreq)
    [Anonymous Symbol]                       0x08001c70   Section        0  stm32h7xx_hal_rcc_ex.o(.text.HAL_RCCEx_PeriphCLKConfig)
    [Anonymous Symbol]                       0x08002780   Section        0  stm32h7xx_hal_rcc.o(.text.HAL_RCC_ClockConfig)
    [Anonymous Symbol]                       0x080029d8   Section        0  stm32h7xx_hal_rcc.o(.text.HAL_RCC_GetHCLKFreq)
    [Anonymous Symbol]                       0x08002a28   Section        0  stm32h7xx_hal_rcc.o(.text.HAL_RCC_GetPCLK1Freq)
    [Anonymous Symbol]                       0x08002a88   Section        0  stm32h7xx_hal_rcc.o(.text.HAL_RCC_GetPCLK2Freq)
    [Anonymous Symbol]                       0x08002ae8   Section        0  stm32h7xx_hal_rcc.o(.text.HAL_RCC_GetSysClockFreq)
    [Anonymous Symbol]                       0x08002c08   Section        0  stm32h7xx_hal_rcc.o(.text.HAL_RCC_OscConfig)
    [Anonymous Symbol]                       0x08003178   Section        0  stm32h7xx_hal_cortex.o(.text.HAL_SYSTICK_Config)
    [Anonymous Symbol]                       0x080031a8   Section        0  stm32h7xx_hal_uart_ex.o(.text.HAL_UARTEx_DisableFifoMode)
    [Anonymous Symbol]                       0x080031e0   Section        0  stm32h7xx_hal_uart.o(.text.HAL_UARTEx_RxEventCallback)
    [Anonymous Symbol]                       0x080031e8   Section        0  stm32h7xx_hal_uart_ex.o(.text.HAL_UARTEx_RxFifoFullCallback)
    [Anonymous Symbol]                       0x080031f0   Section        0  stm32h7xx_hal_uart_ex.o(.text.HAL_UARTEx_SetRxFifoThreshold)
    [Anonymous Symbol]                       0x08003280   Section        0  stm32h7xx_hal_uart_ex.o(.text.HAL_UARTEx_SetTxFifoThreshold)
    [Anonymous Symbol]                       0x08003310   Section        0  stm32h7xx_hal_uart_ex.o(.text.HAL_UARTEx_TxFifoEmptyCallback)
    [Anonymous Symbol]                       0x08003318   Section        0  stm32h7xx_hal_uart_ex.o(.text.HAL_UARTEx_WakeupCallback)
    [Anonymous Symbol]                       0x08003320   Section        0  stm32h7xx_hal_uart.o(.text.HAL_UART_ErrorCallback)
    [Anonymous Symbol]                       0x08003328   Section        0  stm32h7xx_hal_uart.o(.text.HAL_UART_IRQHandler)
    [Anonymous Symbol]                       0x080039b8   Section        0  stm32h7xx_hal_uart.o(.text.HAL_UART_Init)
    [Anonymous Symbol]                       0x08003a20   Section        0  stm32h7xx_hal_msp.o(.text.HAL_UART_MspInit)
    [Anonymous Symbol]                       0x08003bd8   Section        0  stm32h7xx_hal_uart.o(.text.HAL_UART_TxCpltCallback)
    [Anonymous Symbol]                       0x08003be0   Section        0  stm32h7xx_it.o(.text.HardFault_Handler)
    I2C_IsErrorOccurred                      0x08003be9   Thumb Code   352  stm32h7xx_hal_i2c.o(.text.I2C_IsErrorOccurred)
    [Anonymous Symbol]                       0x08003be8   Section        0  stm32h7xx_hal_i2c.o(.text.I2C_IsErrorOccurred)
    I2C_WaitOnFlagUntilTimeout               0x08003d49   Thumb Code   228  stm32h7xx_hal_i2c.o(.text.I2C_WaitOnFlagUntilTimeout)
    [Anonymous Symbol]                       0x08003d48   Section        0  stm32h7xx_hal_i2c.o(.text.I2C_WaitOnFlagUntilTimeout)
    I2C_WaitOnSTOPFlagUntilTimeout           0x08003e31   Thumb Code   124  stm32h7xx_hal_i2c.o(.text.I2C_WaitOnSTOPFlagUntilTimeout)
    [Anonymous Symbol]                       0x08003e30   Section        0  stm32h7xx_hal_i2c.o(.text.I2C_WaitOnSTOPFlagUntilTimeout)
    I2C_WaitOnTXISFlagUntilTimeout           0x08003eb1   Thumb Code   152  stm32h7xx_hal_i2c.o(.text.I2C_WaitOnTXISFlagUntilTimeout)
    [Anonymous Symbol]                       0x08003eb0   Section        0  stm32h7xx_hal_i2c.o(.text.I2C_WaitOnTXISFlagUntilTimeout)
    [Anonymous Symbol]                       0x08003f48   Section        0  stm32h7xx_it.o(.text.MemManage_Handler)
    [Anonymous Symbol]                       0x08003f50   Section        0  stm32h7xx_it.o(.text.NMI_Handler)
    [Anonymous Symbol]                       0x08003f58   Section        0  stm32h7xx_it.o(.text.PendSV_Handler)
    RCCEx_PLL2_Config                        0x08003f61   Thumb Code   290  stm32h7xx_hal_rcc_ex.o(.text.RCCEx_PLL2_Config)
    [Anonymous Symbol]                       0x08003f60   Section        0  stm32h7xx_hal_rcc_ex.o(.text.RCCEx_PLL2_Config)
    RCCEx_PLL3_Config                        0x08004089   Thumb Code   290  stm32h7xx_hal_rcc_ex.o(.text.RCCEx_PLL3_Config)
    [Anonymous Symbol]                       0x08004088   Section        0  stm32h7xx_hal_rcc_ex.o(.text.RCCEx_PLL3_Config)
    [Anonymous Symbol]                       0x080041b0   Section        0  stm32h7xx_it.o(.text.SVC_Handler)
    [Anonymous Symbol]                       0x080041b8   Section        0  stm32h7xx_it.o(.text.SysTick_Handler)
    [Anonymous Symbol]                       0x080041c0   Section        0  main.o(.text.SystemClock_Config)
    [Anonymous Symbol]                       0x08004288   Section        0  system_stm32h7xx.o(.text.SystemInit)
    [Anonymous Symbol]                       0x08004378   Section        0  stm32h7xx_hal_uart.o(.text.UART_AdvFeatureConfig)
    [Anonymous Symbol]                       0x08004458   Section        0  stm32h7xx_hal_uart.o(.text.UART_CheckIdleState)
    UART_DMAAbortOnError                     0x080045c9   Thumb Code    12  stm32h7xx_hal_uart.o(.text.UART_DMAAbortOnError)
    [Anonymous Symbol]                       0x080045c8   Section        0  stm32h7xx_hal_uart.o(.text.UART_DMAAbortOnError)
    [Anonymous Symbol]                       0x080045d8   Section        0  stm32h7xx_hal_uart.o(.text.UART_SetConfig)
    [Anonymous Symbol]                       0x08004a60   Section        0  stm32h7xx_hal_uart.o(.text.UART_WaitOnFlagUntilTimeout)
    [Anonymous Symbol]                       0x08004db8   Section        0  stm32h7xx_it.o(.text.USART2_IRQHandler)
    [Anonymous Symbol]                       0x08004dc8   Section        0  stm32h7xx_it.o(.text.UsageFault_Handler)
    [Anonymous Symbol]                       0x08004dd0   Section        0  main.o(.text.main)
    [Anonymous Symbol]                       0x08005270   Section        0  mpu6050.o(.text.mpu6050_init)
    [Anonymous Symbol]                       0x08005388   Section        0  mpu6050.o(.text.mpu6050_init_process)
    [Anonymous Symbol]                       0x08005420   Section        0  mpu6050.o(.text.mpu6050_read_all)
    $v0                                      0x08005560   Number         0  fpinit.o(x$fpl$fpinit)
    x$fpl$fpinit                             0x08005560   Section       26  fpinit.o(x$fpl$fpinit)
    .Lswitch.table.UART_SetConfig.5          0x0800557a   Data           6  stm32h7xx_hal_uart.o(.rodata..Lswitch.table.UART_SetConfig.5)
    .Lswitch.table.UART_SetConfig.7          0x08005580   Data           6  stm32h7xx_hal_uart.o(.rodata..Lswitch.table.UART_SetConfig.7)
    UARTEx_SetNbDataToProcess.numerator      0x080055ae   Data           8  stm32h7xx_hal_uart_ex.o(.rodata.cst8)
    [Anonymous Symbol]                       0x080055ae   Section        0  stm32h7xx_hal_uart_ex.o(.rodata.cst8)
    UARTEx_SetNbDataToProcess.denominator    0x080055b6   Data           8  stm32h7xx_hal_uart_ex.o(.rodata.cst8)
    .L_MergedGlobals                         0x24000000   Data           8  stm32h7xx_hal.o(.data..L_MergedGlobals)
    [Anonymous Symbol]                       0x24000000   Section        0  stm32h7xx_hal.o(.data..L_MergedGlobals)
    .L_MergedGlobals                         0x24000008   Data           8  system_stm32h7xx.o(.data..L_MergedGlobals)
    [Anonymous Symbol]                       0x24000008   Section        0  system_stm32h7xx.o(.data..L_MergedGlobals)
    .bss                                     0x24000010   Section       96  libspace.o(.bss)
    .L_MergedGlobals                         0x24000070   Data         112  main.o(.bss..L_MergedGlobals)
    [Anonymous Symbol]                       0x24000070   Section        0  main.o(.bss..L_MergedGlobals)
    Heap_Mem                                 0x240002a0   Data         512  startup_stm32h743xx.o(HEAP)
    HEAP                                     0x240002a0   Section      512  startup_stm32h743xx.o(HEAP)
    Stack_Mem                                0x240004a0   Data        1024  startup_stm32h743xx.o(STACK)
    STACK                                    0x240004a0   Section     1024  startup_stm32h743xx.o(STACK)
    __initial_sp                             0x240008a0   Data           0  startup_stm32h743xx.o(STACK)

    Global Symbols

    Symbol Name                              Value     Ov Type        Size  Object(Section)

    BuildAttributes$$THM_ISAv4$E$P$D$K$B$S$7EM$VFPv5_D16$PE$PLD8$A:L22UL41UL21$X:L11$S22US41US21$IEEE1$IW$~IW$USESV6$~STKCKD$USESV7$~SHL$OTIME$ROPI$IEEEX$EBA8$UX$STANDARDLIB$REQ8$PRES8$EABIv2 0x00000000   Number         0  anon$$obj.o ABSOLUTE
    _printf_flags                            0x00000000   Number         0  printf_stubs.o ABSOLUTE
    _printf_return_value                     0x00000000   Number         0  printf_stubs.o ABSOLUTE
    _printf_sizespec                         0x00000000   Number         0  printf_stubs.o ABSOLUTE
    _printf_widthprec                        0x00000000   Number         0  printf_stubs.o ABSOLUTE
    __ARM_exceptions_init                     - Undefined Weak Reference
    __alloca_initialize                       - Undefined Weak Reference
    __arm_preinit_                            - Undefined Weak Reference
    __arm_relocate_pie_                       - Undefined Weak Reference
    __cpp_initialize__aeabi_                  - Undefined Weak Reference
    __cxa_finalize                            - Undefined Weak Reference
    __sigvec_lookup                           - Undefined Weak Reference
    _atexit_init                              - Undefined Weak Reference
    _call_atexit_fns                          - Undefined Weak Reference
    _clock_init                               - Undefined Weak Reference
    _fp_trap_init                             - Undefined Weak Reference
    _fp_trap_shutdown                         - Undefined Weak Reference
    _get_lc_collate                           - Undefined Weak Reference
    _get_lc_monetary                          - Undefined Weak Reference
    _get_lc_time                              - Undefined Weak Reference
    _getenv_init                              - Undefined Weak Reference
    _handle_redirection                       - Undefined Weak Reference
    _init_alloc                               - Undefined Weak Reference
    _init_user_alloc                          - Undefined Weak Reference
    _initio                                   - Undefined Weak Reference
    _printf_mbtowc                            - Undefined Weak Reference
    _printf_wc                                - Undefined Weak Reference
    _rand_init                                - Undefined Weak Reference
    _signal_finish                            - Undefined Weak Reference
    _signal_init                              - Undefined Weak Reference
    _terminate_alloc                          - Undefined Weak Reference
    _terminate_user_alloc                     - Undefined Weak Reference
    _terminateio                              - Undefined Weak Reference
    __Vectors_Size                           0x00000298   Number         0  startup_stm32h743xx.o ABSOLUTE
    __Vectors                                0x08000000   Data           4  startup_stm32h743xx.o(RESET)
    __Vectors_End                            0x08000298   Data           0  startup_stm32h743xx.o(RESET)
    __main                                   0x08000299   Thumb Code     8  __main.o(!!!main)
    __scatterload                            0x080002a1   Thumb Code     0  __scatter.o(!!!scatter)
    __scatterload_rt2                        0x080002a1   Thumb Code    84  __scatter.o(!!!scatter)
    __scatterload_rt2_thumb_only             0x080002a1   Thumb Code     0  __scatter.o(!!!scatter)
    __scatterload_loop                       0x080002ab   Thumb Code     0  __scatter.o(!!!scatter)
    __scatterload_copy                       0x080002fd   Thumb Code    26  __scatter_copy.o(!!handler_copy)
    __scatterload_null                       0x08000319   Thumb Code     2  __scatter.o(!!handler_null)
    __scatterload_zeroinit                   0x0800031d   Thumb Code    28  __scatter_zi.o(!!handler_zi)
    __rt_lib_init                            0x08000339   Thumb Code     0  libinit.o(.ARM.Collect$$libinit$$00000000)
    __rt_lib_init_fp_1                       0x0800033b   Thumb Code     0  libinit2.o(.ARM.Collect$$libinit$$00000001)
    __rt_lib_init_alloca_1                   0x0800033f   Thumb Code     0  libinit2.o(.ARM.Collect$$libinit$$00000030)
    __rt_lib_init_argv_1                     0x0800033f   Thumb Code     0  libinit2.o(.ARM.Collect$$libinit$$0000002E)
    __rt_lib_init_atexit_1                   0x0800033f   Thumb Code     0  libinit2.o(.ARM.Collect$$libinit$$0000001D)
    __rt_lib_init_clock_1                    0x0800033f   Thumb Code     0  libinit2.o(.ARM.Collect$$libinit$$00000023)
    __rt_lib_init_cpp_1                      0x0800033f   Thumb Code     0  libinit2.o(.ARM.Collect$$libinit$$00000034)
    __rt_lib_init_exceptions_1               0x0800033f   Thumb Code     0  libinit2.o(.ARM.Collect$$libinit$$00000032)
    __rt_lib_init_fp_trap_1                  0x0800033f   Thumb Code     0  libinit2.o(.ARM.Collect$$libinit$$00000021)
    __rt_lib_init_getenv_1                   0x0800033f   Thumb Code     0  libinit2.o(.ARM.Collect$$libinit$$00000025)
    __rt_lib_init_heap_1                     0x0800033f   Thumb Code     0  libinit2.o(.ARM.Collect$$libinit$$0000000C)
    __rt_lib_init_lc_collate_1               0x0800033f   Thumb Code     0  libinit2.o(.ARM.Collect$$libinit$$00000013)
    __rt_lib_init_lc_ctype_1                 0x0800033f   Thumb Code     0  libinit2.o(.ARM.Collect$$libinit$$00000015)
    __rt_lib_init_lc_monetary_1              0x0800033f   Thumb Code     0  libinit2.o(.ARM.Collect$$libinit$$00000017)
    __rt_lib_init_lc_numeric_1               0x0800033f   Thumb Code     0  libinit2.o(.ARM.Collect$$libinit$$00000019)
    __rt_lib_init_lc_time_1                  0x0800033f   Thumb Code     0  libinit2.o(.ARM.Collect$$libinit$$0000001B)
    __rt_lib_init_preinit_1                  0x0800033f   Thumb Code     0  libinit2.o(.ARM.Collect$$libinit$$00000006)
    __rt_lib_init_rand_1                     0x0800033f   Thumb Code     0  libinit2.o(.ARM.Collect$$libinit$$00000010)
    __rt_lib_init_relocate_pie_1             0x0800033f   Thumb Code     0  libinit2.o(.ARM.Collect$$libinit$$00000004)
    __rt_lib_init_return                     0x0800033f   Thumb Code     0  libinit2.o(.ARM.Collect$$libinit$$00000035)
    __rt_lib_init_signal_1                   0x0800033f   Thumb Code     0  libinit2.o(.ARM.Collect$$libinit$$0000001F)
    __rt_lib_init_stdio_1                    0x0800033f   Thumb Code     0  libinit2.o(.ARM.Collect$$libinit$$00000027)
    __rt_lib_init_user_alloc_1               0x0800033f   Thumb Code     0  libinit2.o(.ARM.Collect$$libinit$$0000000E)
    __rt_lib_shutdown                        0x08000341   Thumb Code     0  libshutdown.o(.ARM.Collect$$libshutdown$$00000000)
    __rt_lib_shutdown_cpp_1                  0x08000343   Thumb Code     0  libshutdown2.o(.ARM.Collect$$libshutdown$$00000002)
    __rt_lib_shutdown_fp_trap_1              0x08000343   Thumb Code     0  libshutdown2.o(.ARM.Collect$$libshutdown$$00000007)
    __rt_lib_shutdown_heap_1                 0x08000343   Thumb Code     0  libshutdown2.o(.ARM.Collect$$libshutdown$$0000000F)
    __rt_lib_shutdown_return                 0x08000343   Thumb Code     0  libshutdown2.o(.ARM.Collect$$libshutdown$$00000010)
    __rt_lib_shutdown_signal_1               0x08000343   Thumb Code     0  libshutdown2.o(.ARM.Collect$$libshutdown$$0000000A)
    __rt_lib_shutdown_stdio_1                0x08000343   Thumb Code     0  libshutdown2.o(.ARM.Collect$$libshutdown$$00000004)
    __rt_lib_shutdown_user_alloc_1           0x08000343   Thumb Code     0  libshutdown2.o(.ARM.Collect$$libshutdown$$0000000C)
    __rt_entry                               0x08000345   Thumb Code     0  __rtentry.o(.ARM.Collect$$rtentry$$00000000)
    __rt_entry_presh_1                       0x08000345   Thumb Code     0  __rtentry2.o(.ARM.Collect$$rtentry$$00000002)
    __rt_entry_sh                            0x08000345   Thumb Code     0  __rtentry4.o(.ARM.Collect$$rtentry$$00000004)
    __rt_entry_li                            0x0800034b   Thumb Code     0  __rtentry2.o(.ARM.Collect$$rtentry$$0000000A)
    __rt_entry_postsh_1                      0x0800034b   Thumb Code     0  __rtentry2.o(.ARM.Collect$$rtentry$$00000009)
    __rt_entry_main                          0x0800034f   Thumb Code     0  __rtentry2.o(.ARM.Collect$$rtentry$$0000000D)
    __rt_entry_postli_1                      0x0800034f   Thumb Code     0  __rtentry2.o(.ARM.Collect$$rtentry$$0000000C)
    __rt_exit                                0x08000357   Thumb Code     0  rtexit.o(.ARM.Collect$$rtexit$$00000000)
    __rt_exit_ls                             0x08000359   Thumb Code     0  rtexit2.o(.ARM.Collect$$rtexit$$00000003)
    __rt_exit_prels_1                        0x08000359   Thumb Code     0  rtexit2.o(.ARM.Collect$$rtexit$$00000002)
    __rt_exit_exit                           0x0800035d   Thumb Code     0  rtexit2.o(.ARM.Collect$$rtexit$$00000004)
    Reset_Handler                            0x08000365   Thumb Code    12  startup_stm32h743xx.o(.text)
    ADC3_IRQHandler                          0x08000383   Thumb Code     0  startup_stm32h743xx.o(.text)
    ADC_IRQHandler                           0x08000383   Thumb Code     0  startup_stm32h743xx.o(.text)
    BDMA_Channel0_IRQHandler                 0x08000383   Thumb Code     0  startup_stm32h743xx.o(.text)
    BDMA_Channel1_IRQHandler                 0x08000383   Thumb Code     0  startup_stm32h743xx.o(.text)
    BDMA_Channel2_IRQHandler                 0x08000383   Thumb Code     0  startup_stm32h743xx.o(.text)
    BDMA_Channel3_IRQHandler                 0x08000383   Thumb Code     0  startup_stm32h743xx.o(.text)
    BDMA_Channel4_IRQHandler                 0x08000383   Thumb Code     0  startup_stm32h743xx.o(.text)
    BDMA_Channel5_IRQHandler                 0x08000383   Thumb Code     0  startup_stm32h743xx.o(.text)
    BDMA_Channel6_IRQHandler                 0x08000383   Thumb Code     0  startup_stm32h743xx.o(.text)
    BDMA_Channel7_IRQHandler                 0x08000383   Thumb Code     0  startup_stm32h743xx.o(.text)
    CEC_IRQHandler                           0x08000383   Thumb Code     0  startup_stm32h743xx.o(.text)
    COMP1_IRQHandler                         0x08000383   Thumb Code     0  startup_stm32h743xx.o(.text)
    CRS_IRQHandler                           0x08000383   Thumb Code     0  startup_stm32h743xx.o(.text)
    DCMI_IRQHandler                          0x08000383   Thumb Code     0  startup_stm32h743xx.o(.text)
    DFSDM1_FLT0_IRQHandler                   0x08000383   Thumb Code     0  startup_stm32h743xx.o(.text)
    DFSDM1_FLT1_IRQHandler                   0x08000383   Thumb Code     0  startup_stm32h743xx.o(.text)
    DFSDM1_FLT2_IRQHandler                   0x08000383   Thumb Code     0  startup_stm32h743xx.o(.text)
    DFSDM1_FLT3_IRQHandler                   0x08000383   Thumb Code     0  startup_stm32h743xx.o(.text)
    DMA1_Stream0_IRQHandler                  0x08000383   Thumb Code     0  startup_stm32h743xx.o(.text)
    DMA1_Stream1_IRQHandler                  0x08000383   Thumb Code     0  startup_stm32h743xx.o(.text)
    DMA1_Stream2_IRQHandler                  0x08000383   Thumb Code     0  startup_stm32h743xx.o(.text)
    DMA1_Stream3_IRQHandler                  0x08000383   Thumb Code     0  startup_stm32h743xx.o(.text)
    DMA1_Stream4_IRQHandler                  0x08000383   Thumb Code     0  startup_stm32h743xx.o(.text)
    DMA1_Stream5_IRQHandler                  0x08000383   Thumb Code     0  startup_stm32h743xx.o(.text)
    DMA1_Stream6_IRQHandler                  0x08000383   Thumb Code     0  startup_stm32h743xx.o(.text)
    DMA1_Stream7_IRQHandler                  0x08000383   Thumb Code     0  startup_stm32h743xx.o(.text)
    DMA2D_IRQHandler                         0x08000383   Thumb Code     0  startup_stm32h743xx.o(.text)
    DMA2_Stream0_IRQHandler                  0x08000383   Thumb Code     0  startup_stm32h743xx.o(.text)
    DMA2_Stream1_IRQHandler                  0x08000383   Thumb Code     0  startup_stm32h743xx.o(.text)
    DMA2_Stream2_IRQHandler                  0x08000383   Thumb Code     0  startup_stm32h743xx.o(.text)
    DMA2_Stream3_IRQHandler                  0x08000383   Thumb Code     0  startup_stm32h743xx.o(.text)
    DMA2_Stream4_IRQHandler                  0x08000383   Thumb Code     0  startup_stm32h743xx.o(.text)
    DMA2_Stream5_IRQHandler                  0x08000383   Thumb Code     0  startup_stm32h743xx.o(.text)
    DMA2_Stream6_IRQHandler                  0x08000383   Thumb Code     0  startup_stm32h743xx.o(.text)
    DMA2_Stream7_IRQHandler                  0x08000383   Thumb Code     0  startup_stm32h743xx.o(.text)
    DMAMUX1_OVR_IRQHandler                   0x08000383   Thumb Code     0  startup_stm32h743xx.o(.text)
    DMAMUX2_OVR_IRQHandler                   0x08000383   Thumb Code     0  startup_stm32h743xx.o(.text)
    ECC_IRQHandler                           0x08000383   Thumb Code     0  startup_stm32h743xx.o(.text)
    ETH_IRQHandler                           0x08000383   Thumb Code     0  startup_stm32h743xx.o(.text)
    ETH_WKUP_IRQHandler                      0x08000383   Thumb Code     0  startup_stm32h743xx.o(.text)
    EXTI0_IRQHandler                         0x08000383   Thumb Code     0  startup_stm32h743xx.o(.text)
    EXTI15_10_IRQHandler                     0x08000383   Thumb Code     0  startup_stm32h743xx.o(.text)
    EXTI1_IRQHandler                         0x08000383   Thumb Code     0  startup_stm32h743xx.o(.text)
    EXTI2_IRQHandler                         0x08000383   Thumb Code     0  startup_stm32h743xx.o(.text)
    EXTI3_IRQHandler                         0x08000383   Thumb Code     0  startup_stm32h743xx.o(.text)
    EXTI4_IRQHandler                         0x08000383   Thumb Code     0  startup_stm32h743xx.o(.text)
    EXTI9_5_IRQHandler                       0x08000383   Thumb Code     0  startup_stm32h743xx.o(.text)
    FDCAN1_IT0_IRQHandler                    0x08000383   Thumb Code     0  startup_stm32h743xx.o(.text)
    FDCAN1_IT1_IRQHandler                    0x08000383   Thumb Code     0  startup_stm32h743xx.o(.text)
    FDCAN2_IT0_IRQHandler                    0x08000383   Thumb Code     0  startup_stm32h743xx.o(.text)
    FDCAN2_IT1_IRQHandler                    0x08000383   Thumb Code     0  startup_stm32h743xx.o(.text)
    FDCAN_CAL_IRQHandler                     0x08000383   Thumb Code     0  startup_stm32h743xx.o(.text)
    FLASH_IRQHandler                         0x08000383   Thumb Code     0  startup_stm32h743xx.o(.text)
    FMC_IRQHandler                           0x08000383   Thumb Code     0  startup_stm32h743xx.o(.text)
    FPU_IRQHandler                           0x08000383   Thumb Code     0  startup_stm32h743xx.o(.text)
    HRTIM1_FLT_IRQHandler                    0x08000383   Thumb Code     0  startup_stm32h743xx.o(.text)
    HRTIM1_Master_IRQHandler                 0x08000383   Thumb Code     0  startup_stm32h743xx.o(.text)
    HRTIM1_TIMA_IRQHandler                   0x08000383   Thumb Code     0  startup_stm32h743xx.o(.text)
    HRTIM1_TIMB_IRQHandler                   0x08000383   Thumb Code     0  startup_stm32h743xx.o(.text)
    HRTIM1_TIMC_IRQHandler                   0x08000383   Thumb Code     0  startup_stm32h743xx.o(.text)
    HRTIM1_TIMD_IRQHandler                   0x08000383   Thumb Code     0  startup_stm32h743xx.o(.text)
    HRTIM1_TIME_IRQHandler                   0x08000383   Thumb Code     0  startup_stm32h743xx.o(.text)
    HSEM1_IRQHandler                         0x08000383   Thumb Code     0  startup_stm32h743xx.o(.text)
    I2C1_ER_IRQHandler                       0x08000383   Thumb Code     0  startup_stm32h743xx.o(.text)
    I2C1_EV_IRQHandler                       0x08000383   Thumb Code     0  startup_stm32h743xx.o(.text)
    I2C2_ER_IRQHandler                       0x08000383   Thumb Code     0  startup_stm32h743xx.o(.text)
    I2C2_EV_IRQHandler                       0x08000383   Thumb Code     0  startup_stm32h743xx.o(.text)
    I2C3_ER_IRQHandler                       0x08000383   Thumb Code     0  startup_stm32h743xx.o(.text)
    I2C3_EV_IRQHandler                       0x08000383   Thumb Code     0  startup_stm32h743xx.o(.text)
    I2C4_ER_IRQHandler                       0x08000383   Thumb Code     0  startup_stm32h743xx.o(.text)
    I2C4_EV_IRQHandler                       0x08000383   Thumb Code     0  startup_stm32h743xx.o(.text)
    JPEG_IRQHandler                          0x08000383   Thumb Code     0  startup_stm32h743xx.o(.text)
    LPTIM1_IRQHandler                        0x08000383   Thumb Code     0  startup_stm32h743xx.o(.text)
    LPTIM2_IRQHandler                        0x08000383   Thumb Code     0  startup_stm32h743xx.o(.text)
    LPTIM3_IRQHandler                        0x08000383   Thumb Code     0  startup_stm32h743xx.o(.text)
    LPTIM4_IRQHandler                        0x08000383   Thumb Code     0  startup_stm32h743xx.o(.text)
    LPTIM5_IRQHandler                        0x08000383   Thumb Code     0  startup_stm32h743xx.o(.text)
    LPUART1_IRQHandler                       0x08000383   Thumb Code     0  startup_stm32h743xx.o(.text)
    LTDC_ER_IRQHandler                       0x08000383   Thumb Code     0  startup_stm32h743xx.o(.text)
    LTDC_IRQHandler                          0x08000383   Thumb Code     0  startup_stm32h743xx.o(.text)
    MDIOS_IRQHandler                         0x08000383   Thumb Code     0  startup_stm32h743xx.o(.text)
    MDIOS_WKUP_IRQHandler                    0x08000383   Thumb Code     0  startup_stm32h743xx.o(.text)
    MDMA_IRQHandler                          0x08000383   Thumb Code     0  startup_stm32h743xx.o(.text)
    OTG_FS_EP1_IN_IRQHandler                 0x08000383   Thumb Code     0  startup_stm32h743xx.o(.text)
    OTG_FS_EP1_OUT_IRQHandler                0x08000383   Thumb Code     0  startup_stm32h743xx.o(.text)
    OTG_FS_IRQHandler                        0x08000383   Thumb Code     0  startup_stm32h743xx.o(.text)
    OTG_FS_WKUP_IRQHandler                   0x08000383   Thumb Code     0  startup_stm32h743xx.o(.text)
    OTG_HS_EP1_IN_IRQHandler                 0x08000383   Thumb Code     0  startup_stm32h743xx.o(.text)
    OTG_HS_EP1_OUT_IRQHandler                0x08000383   Thumb Code     0  startup_stm32h743xx.o(.text)
    OTG_HS_IRQHandler                        0x08000383   Thumb Code     0  startup_stm32h743xx.o(.text)
    OTG_HS_WKUP_IRQHandler                   0x08000383   Thumb Code     0  startup_stm32h743xx.o(.text)
    PVD_AVD_IRQHandler                       0x08000383   Thumb Code     0  startup_stm32h743xx.o(.text)
    QUADSPI_IRQHandler                       0x08000383   Thumb Code     0  startup_stm32h743xx.o(.text)
    RCC_IRQHandler                           0x08000383   Thumb Code     0  startup_stm32h743xx.o(.text)
    RNG_IRQHandler                           0x08000383   Thumb Code     0  startup_stm32h743xx.o(.text)
    RTC_Alarm_IRQHandler                     0x08000383   Thumb Code     0  startup_stm32h743xx.o(.text)
    RTC_WKUP_IRQHandler                      0x08000383   Thumb Code     0  startup_stm32h743xx.o(.text)
    SAI1_IRQHandler                          0x08000383   Thumb Code     0  startup_stm32h743xx.o(.text)
    SAI2_IRQHandler                          0x08000383   Thumb Code     0  startup_stm32h743xx.o(.text)
    SAI3_IRQHandler                          0x08000383   Thumb Code     0  startup_stm32h743xx.o(.text)
    SAI4_IRQHandler                          0x08000383   Thumb Code     0  startup_stm32h743xx.o(.text)
    SDMMC1_IRQHandler                        0x08000383   Thumb Code     0  startup_stm32h743xx.o(.text)
    SDMMC2_IRQHandler                        0x08000383   Thumb Code     0  startup_stm32h743xx.o(.text)
    SPDIF_RX_IRQHandler                      0x08000383   Thumb Code     0  startup_stm32h743xx.o(.text)
    SPI1_IRQHandler                          0x08000383   Thumb Code     0  startup_stm32h743xx.o(.text)
    SPI2_IRQHandler                          0x08000383   Thumb Code     0  startup_stm32h743xx.o(.text)
    SPI3_IRQHandler                          0x08000383   Thumb Code     0  startup_stm32h743xx.o(.text)
    SPI4_IRQHandler                          0x08000383   Thumb Code     0  startup_stm32h743xx.o(.text)
    SPI5_IRQHandler                          0x08000383   Thumb Code     0  startup_stm32h743xx.o(.text)
    SPI6_IRQHandler                          0x08000383   Thumb Code     0  startup_stm32h743xx.o(.text)
    SWPMI1_IRQHandler                        0x08000383   Thumb Code     0  startup_stm32h743xx.o(.text)
    TAMP_STAMP_IRQHandler                    0x08000383   Thumb Code     0  startup_stm32h743xx.o(.text)
    TIM15_IRQHandler                         0x08000383   Thumb Code     0  startup_stm32h743xx.o(.text)
    TIM16_IRQHandler                         0x08000383   Thumb Code     0  startup_stm32h743xx.o(.text)
    TIM17_IRQHandler                         0x08000383   Thumb Code     0  startup_stm32h743xx.o(.text)
    TIM1_BRK_IRQHandler                      0x08000383   Thumb Code     0  startup_stm32h743xx.o(.text)
    TIM1_CC_IRQHandler                       0x08000383   Thumb Code     0  startup_stm32h743xx.o(.text)
    TIM1_TRG_COM_IRQHandler                  0x08000383   Thumb Code     0  startup_stm32h743xx.o(.text)
    TIM1_UP_IRQHandler                       0x08000383   Thumb Code     0  startup_stm32h743xx.o(.text)
    TIM2_IRQHandler                          0x08000383   Thumb Code     0  startup_stm32h743xx.o(.text)
    TIM3_IRQHandler                          0x08000383   Thumb Code     0  startup_stm32h743xx.o(.text)
    TIM4_IRQHandler                          0x08000383   Thumb Code     0  startup_stm32h743xx.o(.text)
    TIM5_IRQHandler                          0x08000383   Thumb Code     0  startup_stm32h743xx.o(.text)
    TIM6_DAC_IRQHandler                      0x08000383   Thumb Code     0  startup_stm32h743xx.o(.text)
    TIM7_IRQHandler                          0x08000383   Thumb Code     0  startup_stm32h743xx.o(.text)
    TIM8_BRK_TIM12_IRQHandler                0x08000383   Thumb Code     0  startup_stm32h743xx.o(.text)
    TIM8_CC_IRQHandler                       0x08000383   Thumb Code     0  startup_stm32h743xx.o(.text)
    TIM8_TRG_COM_TIM14_IRQHandler            0x08000383   Thumb Code     0  startup_stm32h743xx.o(.text)
    TIM8_UP_TIM13_IRQHandler                 0x08000383   Thumb Code     0  startup_stm32h743xx.o(.text)
    UART4_IRQHandler                         0x08000383   Thumb Code     0  startup_stm32h743xx.o(.text)
    UART5_IRQHandler                         0x08000383   Thumb Code     0  startup_stm32h743xx.o(.text)
    UART7_IRQHandler                         0x08000383   Thumb Code     0  startup_stm32h743xx.o(.text)
    UART8_IRQHandler                         0x08000383   Thumb Code     0  startup_stm32h743xx.o(.text)
    USART1_IRQHandler                        0x08000383   Thumb Code     0  startup_stm32h743xx.o(.text)
    USART3_IRQHandler                        0x08000383   Thumb Code     0  startup_stm32h743xx.o(.text)
    USART6_IRQHandler                        0x08000383   Thumb Code     0  startup_stm32h743xx.o(.text)
    WAKEUP_PIN_IRQHandler                    0x08000383   Thumb Code     0  startup_stm32h743xx.o(.text)
    WWDG_IRQHandler                          0x08000383   Thumb Code     0  startup_stm32h743xx.o(.text)
    __user_initial_stackheap                 0x08000385   Thumb Code     0  startup_stm32h743xx.o(.text)
    __aeabi_uldivmod                         0x080003ad   Thumb Code     0  lludivv7m.o(.text)
    _ll_udiv                                 0x080003ad   Thumb Code   240  lludivv7m.o(.text)
    __aeabi_memclr4                          0x0800049d   Thumb Code     0  rt_memclr_w.o(.text)
    __aeabi_memclr8                          0x0800049d   Thumb Code     0  rt_memclr_w.o(.text)
    __rt_memclr_w                            0x0800049d   Thumb Code     0  rt_memclr_w.o(.text)
    _memset_w                                0x080004a1   Thumb Code    74  rt_memclr_w.o(.text)
    __use_two_region_memory                  0x080004eb   Thumb Code     2  heapauxi.o(.text)
    __rt_heap_escrow$2region                 0x080004ed   Thumb Code     2  heapauxi.o(.text)
    __rt_heap_expand$2region                 0x080004ef   Thumb Code     2  heapauxi.o(.text)
    __user_libspace                          0x080004f1   Thumb Code     8  libspace.o(.text)
    __user_perproc_libspace                  0x080004f1   Thumb Code     0  libspace.o(.text)
    __user_perthread_libspace                0x080004f1   Thumb Code     0  libspace.o(.text)
    __user_setup_stackheap                   0x080004f9   Thumb Code    74  sys_stackheap_outer.o(.text)
    exit                                     0x08000543   Thumb Code    18  exit.o(.text)
    _sys_exit                                0x08000555   Thumb Code     8  sys_exit.o(.text)
    __I$use$semihosting                      0x08000561   Thumb Code     0  use_no_semi.o(.text)
    __use_no_semihosting_swi                 0x08000561   Thumb Code     2  use_no_semi.o(.text)
    __semihosting_library_function           0x08000563   Thumb Code     0  indicate_semi.o(.text)
    BusFault_Handler                         0x08000569   Thumb Code     2  stm32h7xx_it.o(.text.BusFault_Handler)
    DebugMon_Handler                         0x08000571   Thumb Code     2  stm32h7xx_it.o(.text.DebugMon_Handler)
    Error_Handler                            0x08000579   Thumb Code    10  main.o(.text.Error_Handler)
    ExitRun0Mode                             0x08000589   Thumb Code    44  system_stm32h7xx.o(.text.ExitRun0Mode)
    HAL_DMA_Abort                            0x080005b9   Thumb Code  1318  stm32h7xx_hal_dma.o(.text.HAL_DMA_Abort)
    HAL_DMA_Abort_IT                         0x08000ae1   Thumb Code   694  stm32h7xx_hal_dma.o(.text.HAL_DMA_Abort_IT)
    HAL_Delay                                0x08000d99   Thumb Code    40  stm32h7xx_hal.o(.text.HAL_Delay)
    HAL_GPIO_Init                            0x08000dc1   Thumb Code   422  stm32h7xx_hal_gpio.o(.text.HAL_GPIO_Init)
    HAL_GPIO_WritePin                        0x08000f69   Thumb Code    10  stm32h7xx_hal_gpio.o(.text.HAL_GPIO_WritePin)
    HAL_GetREVID                             0x08000f79   Thumb Code    14  stm32h7xx_hal.o(.text.HAL_GetREVID)
    HAL_GetTick                              0x08000f89   Thumb Code    12  stm32h7xx_hal.o(.text.HAL_GetTick)
    HAL_I2CEx_ConfigAnalogFilter             0x08000f99   Thumb Code    74  stm32h7xx_hal_i2c_ex.o(.text.HAL_I2CEx_ConfigAnalogFilter)
    HAL_I2CEx_ConfigDigitalFilter            0x08000fe9   Thumb Code    72  stm32h7xx_hal_i2c_ex.o(.text.HAL_I2CEx_ConfigDigitalFilter)
    HAL_I2C_Init                             0x08001031   Thumb Code   176  stm32h7xx_hal_i2c.o(.text.HAL_I2C_Init)
    HAL_I2C_IsDeviceReady                    0x080010e1   Thumb Code   380  stm32h7xx_hal_i2c.o(.text.HAL_I2C_IsDeviceReady)
    HAL_I2C_Mem_Read                         0x08001261   Thumb Code   564  stm32h7xx_hal_i2c.o(.text.HAL_I2C_Mem_Read)
    HAL_I2C_Mem_Write                        0x08001499   Thumb Code   564  stm32h7xx_hal_i2c.o(.text.HAL_I2C_Mem_Write)
    HAL_I2C_MspInit                          0x080016d1   Thumb Code   148  stm32h7xx_hal_msp.o(.text.HAL_I2C_MspInit)
    HAL_IncTick                              0x08001769   Thumb Code    26  stm32h7xx_hal.o(.text.HAL_IncTick)
    HAL_Init                                 0x08001789   Thumb Code   100  stm32h7xx_hal.o(.text.HAL_Init)
    HAL_InitTick                             0x080017f1   Thumb Code    80  stm32h7xx_hal.o(.text.HAL_InitTick)
    HAL_MPU_ConfigRegion                     0x08001841   Thumb Code    94  stm32h7xx_hal_cortex.o(.text.HAL_MPU_ConfigRegion)
    HAL_MPU_Disable                          0x080018a1   Thumb Code    26  stm32h7xx_hal_cortex.o(.text.HAL_MPU_Disable)
    HAL_MPU_Enable                           0x080018c1   Thumb Code    32  stm32h7xx_hal_cortex.o(.text.HAL_MPU_Enable)
    HAL_MspInit                              0x080018e1   Thumb Code    32  stm32h7xx_hal_msp.o(.text.HAL_MspInit)
    HAL_NVIC_EnableIRQ                       0x08001901   Thumb Code    34  stm32h7xx_hal_cortex.o(.text.HAL_NVIC_EnableIRQ)
    HAL_NVIC_SetPriority                     0x08001929   Thumb Code    90  stm32h7xx_hal_cortex.o(.text.HAL_NVIC_SetPriority)
    HAL_NVIC_SetPriorityGrouping             0x08001989   Thumb Code    32  stm32h7xx_hal_cortex.o(.text.HAL_NVIC_SetPriorityGrouping)
    HAL_PWREx_ConfigSupply                   0x080019a9   Thumb Code    76  stm32h7xx_hal_pwr_ex.o(.text.HAL_PWREx_ConfigSupply)
    HAL_RCCEx_GetD3PCLK1Freq                 0x080019f9   Thumb Code    38  stm32h7xx_hal_rcc_ex.o(.text.HAL_RCCEx_GetD3PCLK1Freq)
    HAL_RCCEx_GetPLL2ClockFreq               0x08001a21   Thumb Code   280  stm32h7xx_hal_rcc_ex.o(.text.HAL_RCCEx_GetPLL2ClockFreq)
    HAL_RCCEx_GetPLL3ClockFreq               0x08001b49   Thumb Code   280  stm32h7xx_hal_rcc_ex.o(.text.HAL_RCCEx_GetPLL3ClockFreq)
    HAL_RCCEx_PeriphCLKConfig                0x08001c71   Thumb Code  2828  stm32h7xx_hal_rcc_ex.o(.text.HAL_RCCEx_PeriphCLKConfig)
    HAL_RCC_ClockConfig                      0x08002781   Thumb Code   596  stm32h7xx_hal_rcc.o(.text.HAL_RCC_ClockConfig)
    HAL_RCC_GetHCLKFreq                      0x080029d9   Thumb Code    76  stm32h7xx_hal_rcc.o(.text.HAL_RCC_GetHCLKFreq)
    HAL_RCC_GetPCLK1Freq                     0x08002a29   Thumb Code    96  stm32h7xx_hal_rcc.o(.text.HAL_RCC_GetPCLK1Freq)
    HAL_RCC_GetPCLK2Freq                     0x08002a89   Thumb Code    96  stm32h7xx_hal_rcc.o(.text.HAL_RCC_GetPCLK2Freq)
    HAL_RCC_GetSysClockFreq                  0x08002ae9   Thumb Code   264  stm32h7xx_hal_rcc.o(.text.HAL_RCC_GetSysClockFreq)
    HAL_RCC_OscConfig                        0x08002c09   Thumb Code  1388  stm32h7xx_hal_rcc.o(.text.HAL_RCC_OscConfig)
    HAL_SYSTICK_Config                       0x08003179   Thumb Code    46  stm32h7xx_hal_cortex.o(.text.HAL_SYSTICK_Config)
    HAL_UARTEx_DisableFifoMode               0x080031a9   Thumb Code    54  stm32h7xx_hal_uart_ex.o(.text.HAL_UARTEx_DisableFifoMode)
    HAL_UARTEx_RxEventCallback               0x080031e1   Thumb Code     2  stm32h7xx_hal_uart.o(.text.HAL_UARTEx_RxEventCallback)
    HAL_UARTEx_RxFifoFullCallback            0x080031e9   Thumb Code     2  stm32h7xx_hal_uart_ex.o(.text.HAL_UARTEx_RxFifoFullCallback)
    HAL_UARTEx_SetRxFifoThreshold            0x080031f1   Thumb Code   140  stm32h7xx_hal_uart_ex.o(.text.HAL_UARTEx_SetRxFifoThreshold)
    HAL_UARTEx_SetTxFifoThreshold            0x08003281   Thumb Code   140  stm32h7xx_hal_uart_ex.o(.text.HAL_UARTEx_SetTxFifoThreshold)
    HAL_UARTEx_TxFifoEmptyCallback           0x08003311   Thumb Code     2  stm32h7xx_hal_uart_ex.o(.text.HAL_UARTEx_TxFifoEmptyCallback)
    HAL_UARTEx_WakeupCallback                0x08003319   Thumb Code     2  stm32h7xx_hal_uart_ex.o(.text.HAL_UARTEx_WakeupCallback)
    HAL_UART_ErrorCallback                   0x08003321   Thumb Code     2  stm32h7xx_hal_uart.o(.text.HAL_UART_ErrorCallback)
    HAL_UART_IRQHandler                      0x08003329   Thumb Code  1674  stm32h7xx_hal_uart.o(.text.HAL_UART_IRQHandler)
    HAL_UART_Init                            0x080039b9   Thumb Code   100  stm32h7xx_hal_uart.o(.text.HAL_UART_Init)
    HAL_UART_MspInit                         0x08003a21   Thumb Code   438  stm32h7xx_hal_msp.o(.text.HAL_UART_MspInit)
    HAL_UART_TxCpltCallback                  0x08003bd9   Thumb Code     2  stm32h7xx_hal_uart.o(.text.HAL_UART_TxCpltCallback)
    HardFault_Handler                        0x08003be1   Thumb Code     2  stm32h7xx_it.o(.text.HardFault_Handler)
    MemManage_Handler                        0x08003f49   Thumb Code     2  stm32h7xx_it.o(.text.MemManage_Handler)
    NMI_Handler                              0x08003f51   Thumb Code     2  stm32h7xx_it.o(.text.NMI_Handler)
    PendSV_Handler                           0x08003f59   Thumb Code     2  stm32h7xx_it.o(.text.PendSV_Handler)
    SVC_Handler                              0x080041b1   Thumb Code     2  stm32h7xx_it.o(.text.SVC_Handler)
    SysTick_Handler                          0x080041b9   Thumb Code     4  stm32h7xx_it.o(.text.SysTick_Handler)
    SystemClock_Config                       0x080041c1   Thumb Code   200  main.o(.text.SystemClock_Config)
    SystemInit                               0x08004289   Thumb Code   238  system_stm32h7xx.o(.text.SystemInit)
    UART_AdvFeatureConfig                    0x08004379   Thumb Code   224  stm32h7xx_hal_uart.o(.text.UART_AdvFeatureConfig)
    UART_CheckIdleState                      0x08004459   Thumb Code   366  stm32h7xx_hal_uart.o(.text.UART_CheckIdleState)
    UART_SetConfig                           0x080045d9   Thumb Code  1152  stm32h7xx_hal_uart.o(.text.UART_SetConfig)
    UART_WaitOnFlagUntilTimeout              0x08004a61   Thumb Code   856  stm32h7xx_hal_uart.o(.text.UART_WaitOnFlagUntilTimeout)
    USART2_IRQHandler                        0x08004db9   Thumb Code    12  stm32h7xx_it.o(.text.USART2_IRQHandler)
    UsageFault_Handler                       0x08004dc9   Thumb Code     2  stm32h7xx_it.o(.text.UsageFault_Handler)
    main                                     0x08004dd1   Thumb Code  1168  main.o(.text.main)
    mpu6050_init                             0x08005271   Thumb Code   252  mpu6050.o(.text.mpu6050_init)
    mpu6050_init_process                     0x08005389   Thumb Code   148  mpu6050.o(.text.mpu6050_init_process)
    mpu6050_read_all                         0x08005421   Thumb Code   316  mpu6050.o(.text.mpu6050_read_all)
    _fp_init                                 0x08005561   Thumb Code    26  fpinit.o(x$fpl$fpinit)
    __fplib_config_fpu_vfp                   0x08005579   Thumb Code     0  fpinit.o(x$fpl$fpinit)
    __fplib_config_pureend_doubles           0x08005579   Thumb Code     0  fpinit.o(x$fpl$fpinit)
    D1CorePrescTable                         0x08005586   Data          16  system_stm32h7xx.o(.rodata.D1CorePrescTable)
    UARTPrescTable                           0x08005596   Data          24  stm32h7xx_hal_uart.o(.rodata.UARTPrescTable)
    Region$$Table$$Base                      0x080055c0   Number         0  anon$$obj.o(Region$$Table)
    Region$$Table$$Limit                     0x080055e0   Number         0  anon$$obj.o(Region$$Table)
    uwTickFreq                               0x24000000   Data           1  stm32h7xx_hal.o(.data..L_MergedGlobals)
    uwTickPrio                               0x24000004   Data           4  stm32h7xx_hal.o(.data..L_MergedGlobals)
    SystemCoreClock                          0x24000008   Data           4  system_stm32h7xx.o(.data..L_MergedGlobals)
    SystemD2Clock                            0x2400000c   Data           4  system_stm32h7xx.o(.data..L_MergedGlobals)
    __libspace_start                         0x24000010   Data          96  libspace.o(.bss)
    __temporary_stack_top$libspace           0x24000070   Data           0  libspace.o(.bss)
    accel_x                                  0x24000070   Data           4  main.o(.bss..L_MergedGlobals)
    accel_y                                  0x24000074   Data           4  main.o(.bss..L_MergedGlobals)
    accel_z                                  0x24000078   Data           4  main.o(.bss..L_MergedGlobals)
    gyro_x                                   0x2400007c   Data           4  main.o(.bss..L_MergedGlobals)
    gyro_y                                   0x24000080   Data           4  main.o(.bss..L_MergedGlobals)
    gyro_z                                   0x24000084   Data           4  main.o(.bss..L_MergedGlobals)
    temp                                     0x24000088   Data           4  main.o(.bss..L_MergedGlobals)
    hi2c1                                    0x2400008c   Data          84  main.o(.bss..L_MergedGlobals)
    huart2                                   0x240000e0   Data         148  main.o(.bss.huart2)
    huart3                                   0x24000174   Data         148  main.o(.bss.huart3)
    huart6                                   0x24000208   Data         148  main.o(.bss.huart6)
    uwTick                                   0x2400029c   Data           4  stm32h7xx_hal.o(.bss.uwTick)



==============================================================================

Memory Map of the image

  Image Entry point : 0x08000299

  Load Region LR_IROM1 (Base: 0x08000000, Size: 0x000055f0, Max: 0x00200000, ABSOLUTE)

    Execution Region ER_IROM1 (Exec base: 0x08000000, Load base: 0x08000000, Size: 0x000055e0, Max: 0x00200000, ABSOLUTE)

    Exec Addr    Load Addr    Size         Type   Attr      Idx    E Section Name        Object

    0x08000000   0x08000000   0x00000298   Data   RO            3    RESET               startup_stm32h743xx.o
    0x08000298   0x08000298   0x00000008   Code   RO         1229  * !!!main             c_w.l(__main.o)
    0x080002a0   0x080002a0   0x0000005c   Code   RO         1758    !!!scatter          c_w.l(__scatter.o)
    0x080002fc   0x080002fc   0x0000001a   Code   RO         1762    !!handler_copy      c_w.l(__scatter_copy.o)
    0x08000316   0x08000316   0x00000002   PAD
    0x08000318   0x08000318   0x00000002   Code   RO         1759    !!handler_null      c_w.l(__scatter.o)
    0x0800031a   0x0800031a   0x00000002   PAD
    0x0800031c   0x0800031c   0x0000001c   Code   RO         1764    !!handler_zi        c_w.l(__scatter_zi.o)
    0x08000338   0x08000338   0x00000002   Code   RO         1568    .ARM.Collect$$libinit$$00000000  c_w.l(libinit.o)
    0x0800033a   0x0800033a   0x00000004   Code   RO         1569    .ARM.Collect$$libinit$$00000001  c_w.l(libinit2.o)
    0x0800033e   0x0800033e   0x00000000   Code   RO         1572    .ARM.Collect$$libinit$$00000004  c_w.l(libinit2.o)
    0x0800033e   0x0800033e   0x00000000   Code   RO         1574    .ARM.Collect$$libinit$$00000006  c_w.l(libinit2.o)
    0x0800033e   0x0800033e   0x00000000   Code   RO         1577    .ARM.Collect$$libinit$$0000000C  c_w.l(libinit2.o)
    0x0800033e   0x0800033e   0x00000000   Code   RO         1579    .ARM.Collect$$libinit$$0000000E  c_w.l(libinit2.o)
    0x0800033e   0x0800033e   0x00000000   Code   RO         1581    .ARM.Collect$$libinit$$00000010  c_w.l(libinit2.o)
    0x0800033e   0x0800033e   0x00000000   Code   RO         1584    .ARM.Collect$$libinit$$00000013  c_w.l(libinit2.o)
    0x0800033e   0x0800033e   0x00000000   Code   RO         1586    .ARM.Collect$$libinit$$00000015  c_w.l(libinit2.o)
    0x0800033e   0x0800033e   0x00000000   Code   RO         1588    .ARM.Collect$$libinit$$00000017  c_w.l(libinit2.o)
    0x0800033e   0x0800033e   0x00000000   Code   RO         1590    .ARM.Collect$$libinit$$00000019  c_w.l(libinit2.o)
    0x0800033e   0x0800033e   0x00000000   Code   RO         1592    .ARM.Collect$$libinit$$0000001B  c_w.l(libinit2.o)
    0x0800033e   0x0800033e   0x00000000   Code   RO         1594    .ARM.Collect$$libinit$$0000001D  c_w.l(libinit2.o)
    0x0800033e   0x0800033e   0x00000000   Code   RO         1596    .ARM.Collect$$libinit$$0000001F  c_w.l(libinit2.o)
    0x0800033e   0x0800033e   0x00000000   Code   RO         1598    .ARM.Collect$$libinit$$00000021  c_w.l(libinit2.o)
    0x0800033e   0x0800033e   0x00000000   Code   RO         1600    .ARM.Collect$$libinit$$00000023  c_w.l(libinit2.o)
    0x0800033e   0x0800033e   0x00000000   Code   RO         1602    .ARM.Collect$$libinit$$00000025  c_w.l(libinit2.o)
    0x0800033e   0x0800033e   0x00000000   Code   RO         1604    .ARM.Collect$$libinit$$00000027  c_w.l(libinit2.o)
    0x0800033e   0x0800033e   0x00000000   Code   RO         1608    .ARM.Collect$$libinit$$0000002E  c_w.l(libinit2.o)
    0x0800033e   0x0800033e   0x00000000   Code   RO         1610    .ARM.Collect$$libinit$$00000030  c_w.l(libinit2.o)
    0x0800033e   0x0800033e   0x00000000   Code   RO         1612    .ARM.Collect$$libinit$$00000032  c_w.l(libinit2.o)
    0x0800033e   0x0800033e   0x00000000   Code   RO         1614    .ARM.Collect$$libinit$$00000034  c_w.l(libinit2.o)
    0x0800033e   0x0800033e   0x00000002   Code   RO         1615    .ARM.Collect$$libinit$$00000035  c_w.l(libinit2.o)
    0x08000340   0x08000340   0x00000002   Code   RO         1707    .ARM.Collect$$libshutdown$$00000000  c_w.l(libshutdown.o)
    0x08000342   0x08000342   0x00000000   Code   RO         1733    .ARM.Collect$$libshutdown$$00000002  c_w.l(libshutdown2.o)
    0x08000342   0x08000342   0x00000000   Code   RO         1735    .ARM.Collect$$libshutdown$$00000004  c_w.l(libshutdown2.o)
    0x08000342   0x08000342   0x00000000   Code   RO         1738    .ARM.Collect$$libshutdown$$00000007  c_w.l(libshutdown2.o)
    0x08000342   0x08000342   0x00000000   Code   RO         1741    .ARM.Collect$$libshutdown$$0000000A  c_w.l(libshutdown2.o)
    0x08000342   0x08000342   0x00000000   Code   RO         1743    .ARM.Collect$$libshutdown$$0000000C  c_w.l(libshutdown2.o)
    0x08000342   0x08000342   0x00000000   Code   RO         1746    .ARM.Collect$$libshutdown$$0000000F  c_w.l(libshutdown2.o)
    0x08000342   0x08000342   0x00000002   Code   RO         1747    .ARM.Collect$$libshutdown$$00000010  c_w.l(libshutdown2.o)
    0x08000344   0x08000344   0x00000000   Code   RO         1273    .ARM.Collect$$rtentry$$00000000  c_w.l(__rtentry.o)
    0x08000344   0x08000344   0x00000000   Code   RO         1457    .ARM.Collect$$rtentry$$00000002  c_w.l(__rtentry2.o)
    0x08000344   0x08000344   0x00000006   Code   RO         1469    .ARM.Collect$$rtentry$$00000004  c_w.l(__rtentry4.o)
    0x0800034a   0x0800034a   0x00000000   Code   RO         1459    .ARM.Collect$$rtentry$$00000009  c_w.l(__rtentry2.o)
    0x0800034a   0x0800034a   0x00000004   Code   RO         1460    .ARM.Collect$$rtentry$$0000000A  c_w.l(__rtentry2.o)
    0x0800034e   0x0800034e   0x00000000   Code   RO         1462    .ARM.Collect$$rtentry$$0000000C  c_w.l(__rtentry2.o)
    0x0800034e   0x0800034e   0x00000008   Code   RO         1463    .ARM.Collect$$rtentry$$0000000D  c_w.l(__rtentry2.o)
    0x08000356   0x08000356   0x00000002   Code   RO         1618    .ARM.Collect$$rtexit$$00000000  c_w.l(rtexit.o)
    0x08000358   0x08000358   0x00000000   Code   RO         1660    .ARM.Collect$$rtexit$$00000002  c_w.l(rtexit2.o)
    0x08000358   0x08000358   0x00000004   Code   RO         1661    .ARM.Collect$$rtexit$$00000003  c_w.l(rtexit2.o)
    0x0800035c   0x0800035c   0x00000006   Code   RO         1662    .ARM.Collect$$rtexit$$00000004  c_w.l(rtexit2.o)
    0x08000362   0x08000362   0x00000002   PAD
    0x08000364   0x08000364   0x00000048   Code   RO            4    .text               startup_stm32h743xx.o
    0x080003ac   0x080003ac   0x000000f0   Code   RO         1206    .text               c_w.l(lludivv7m.o)
    0x0800049c   0x0800049c   0x0000004e   Code   RO         1223    .text               c_w.l(rt_memclr_w.o)
    0x080004ea   0x080004ea   0x00000006   Code   RO         1227    .text               c_w.l(heapauxi.o)
    0x080004f0   0x080004f0   0x00000008   Code   RO         1453    .text               c_w.l(libspace.o)
    0x080004f8   0x080004f8   0x0000004a   Code   RO         1520    .text               c_w.l(sys_stackheap_outer.o)
    0x08000542   0x08000542   0x00000012   Code   RO         1555    .text               c_w.l(exit.o)
    0x08000554   0x08000554   0x0000000c   Code   RO         1655    .text               c_w.l(sys_exit.o)
    0x08000560   0x08000560   0x00000002   Code   RO         1694    .text               c_w.l(use_no_semi.o)
    0x08000562   0x08000562   0x00000000   Code   RO         1696    .text               c_w.l(indicate_semi.o)
    0x08000562   0x08000562   0x00000006   PAD
    0x08000568   0x08000568   0x00000002   Code   RO          149    .text.BusFault_Handler  stm32h7xx_it.o
    0x0800056a   0x0800056a   0x00000006   PAD
    0x08000570   0x08000570   0x00000002   Code   RO          155    .text.DebugMon_Handler  stm32h7xx_it.o
    0x08000572   0x08000572   0x00000006   PAD
    0x08000578   0x08000578   0x0000000a   Code   RO          125    .text.Error_Handler  main.o
    0x08000582   0x08000582   0x00000006   PAD
    0x08000588   0x08000588   0x0000002c   Code   RO         1193    .text.ExitRun0Mode  system_stm32h7xx.o
    0x080005b4   0x080005b4   0x00000004   PAD
    0x080005b8   0x080005b8   0x00000526   Code   RO          645    .text.HAL_DMA_Abort  stm32h7xx_hal_dma.o
    0x08000ade   0x08000ade   0x00000002   PAD
    0x08000ae0   0x08000ae0   0x000002b6   Code   RO          647    .text.HAL_DMA_Abort_IT  stm32h7xx_hal_dma.o
    0x08000d96   0x08000d96   0x00000002   PAD
    0x08000d98   0x08000d98   0x00000028   Code   RO          891    .text.HAL_Delay     stm32h7xx_hal.o
    0x08000dc0   0x08000dc0   0x000001a6   Code   RO          579    .text.HAL_GPIO_Init  stm32h7xx_hal_gpio.o
    0x08000f66   0x08000f66   0x00000002   PAD
    0x08000f68   0x08000f68   0x0000000a   Code   RO          585    .text.HAL_GPIO_WritePin  stm32h7xx_hal_gpio.o
    0x08000f72   0x08000f72   0x00000006   PAD
    0x08000f78   0x08000f78   0x0000000e   Code   RO          899    .text.HAL_GetREVID  stm32h7xx_hal.o
    0x08000f86   0x08000f86   0x00000002   PAD
    0x08000f88   0x08000f88   0x0000000c   Code   RO          883    .text.HAL_GetTick   stm32h7xx_hal.o
    0x08000f94   0x08000f94   0x00000004   PAD
    0x08000f98   0x08000f98   0x0000004a   Code   RO          394    .text.HAL_I2CEx_ConfigAnalogFilter  stm32h7xx_hal_i2c_ex.o
    0x08000fe2   0x08000fe2   0x00000006   PAD
    0x08000fe8   0x08000fe8   0x00000048   Code   RO          396    .text.HAL_I2CEx_ConfigDigitalFilter  stm32h7xx_hal_i2c_ex.o
    0x08001030   0x08001030   0x000000b0   Code   RO          240    .text.HAL_I2C_Init  stm32h7xx_hal_i2c.o
    0x080010e0   0x080010e0   0x0000017c   Code   RO          314    .text.HAL_I2C_IsDeviceReady  stm32h7xx_hal_i2c.o
    0x0800125c   0x0800125c   0x00000004   PAD
    0x08001260   0x08001260   0x00000234   Code   RO          300    .text.HAL_I2C_Mem_Read  stm32h7xx_hal_i2c.o
    0x08001494   0x08001494   0x00000004   PAD
    0x08001498   0x08001498   0x00000234   Code   RO          298    .text.HAL_I2C_Mem_Write  stm32h7xx_hal_i2c.o
    0x080016cc   0x080016cc   0x00000004   PAD
    0x080016d0   0x080016d0   0x00000094   Code   RO          172    .text.HAL_I2C_MspInit  stm32h7xx_hal_msp.o
    0x08001764   0x08001764   0x00000004   PAD
    0x08001768   0x08001768   0x0000001a   Code   RO          881    .text.HAL_IncTick   stm32h7xx_hal.o
    0x08001782   0x08001782   0x00000006   PAD
    0x08001788   0x08001788   0x00000064   Code   RO          871    .text.HAL_Init      stm32h7xx_hal.o
    0x080017ec   0x080017ec   0x00000004   PAD
    0x080017f0   0x080017f0   0x00000050   Code   RO          873    .text.HAL_InitTick  stm32h7xx_hal.o
    0x08001840   0x08001840   0x0000005e   Code   RO          210    .text.HAL_MPU_ConfigRegion  stm32h7xx_hal_cortex.o
    0x0800189e   0x0800189e   0x00000002   PAD
    0x080018a0   0x080018a0   0x0000001a   Code   RO          202    .text.HAL_MPU_Disable  stm32h7xx_hal_cortex.o
    0x080018ba   0x080018ba   0x00000006   PAD
    0x080018c0   0x080018c0   0x00000020   Code   RO          204    .text.HAL_MPU_Enable  stm32h7xx_hal_cortex.o
    0x080018e0   0x080018e0   0x00000020   Code   RO          170    .text.HAL_MspInit   stm32h7xx_hal_msp.o
    0x08001900   0x08001900   0x00000022   Code   RO          192    .text.HAL_NVIC_EnableIRQ  stm32h7xx_hal_cortex.o
    0x08001922   0x08001922   0x00000006   PAD
    0x08001928   0x08001928   0x0000005a   Code   RO          190    .text.HAL_NVIC_SetPriority  stm32h7xx_hal_cortex.o
    0x08001982   0x08001982   0x00000006   PAD
    0x08001988   0x08001988   0x00000020   Code   RO          188    .text.HAL_NVIC_SetPriorityGrouping  stm32h7xx_hal_cortex.o
    0x080019a8   0x080019a8   0x0000004c   Code   RO          783    .text.HAL_PWREx_ConfigSupply  stm32h7xx_hal_pwr_ex.o
    0x080019f4   0x080019f4   0x00000004   PAD
    0x080019f8   0x080019f8   0x00000026   Code   RO          466    .text.HAL_RCCEx_GetD3PCLK1Freq  stm32h7xx_hal_rcc_ex.o
    0x08001a1e   0x08001a1e   0x00000002   PAD
    0x08001a20   0x08001a20   0x00000128   Code   RO          462    .text.HAL_RCCEx_GetPLL2ClockFreq  stm32h7xx_hal_rcc_ex.o
    0x08001b48   0x08001b48   0x00000128   Code   RO          464    .text.HAL_RCCEx_GetPLL3ClockFreq  stm32h7xx_hal_rcc_ex.o
    0x08001c70   0x08001c70   0x00000b0c   Code   RO          450    .text.HAL_RCCEx_PeriphCLKConfig  stm32h7xx_hal_rcc_ex.o
    0x0800277c   0x0800277c   0x00000004   PAD
    0x08002780   0x08002780   0x00000254   Code   RO          418    .text.HAL_RCC_ClockConfig  stm32h7xx_hal_rcc.o
    0x080029d4   0x080029d4   0x00000004   PAD
    0x080029d8   0x080029d8   0x0000004c   Code   RO          428    .text.HAL_RCC_GetHCLKFreq  stm32h7xx_hal_rcc.o
    0x08002a24   0x08002a24   0x00000004   PAD
    0x08002a28   0x08002a28   0x00000060   Code   RO          430    .text.HAL_RCC_GetPCLK1Freq  stm32h7xx_hal_rcc.o
    0x08002a88   0x08002a88   0x00000060   Code   RO          432    .text.HAL_RCC_GetPCLK2Freq  stm32h7xx_hal_rcc.o
    0x08002ae8   0x08002ae8   0x0000011c   Code   RO          420    .text.HAL_RCC_GetSysClockFreq  stm32h7xx_hal_rcc.o
    0x08002c04   0x08002c04   0x00000004   PAD
    0x08002c08   0x08002c08   0x0000056c   Code   RO          416    .text.HAL_RCC_OscConfig  stm32h7xx_hal_rcc.o
    0x08003174   0x08003174   0x00000004   PAD
    0x08003178   0x08003178   0x0000002e   Code   RO          200    .text.HAL_SYSTICK_Config  stm32h7xx_hal_cortex.o
    0x080031a6   0x080031a6   0x00000002   PAD
    0x080031a8   0x080031a8   0x00000036   Code   RO         1166    .text.HAL_UARTEx_DisableFifoMode  stm32h7xx_hal_uart_ex.o
    0x080031de   0x080031de   0x00000002   PAD
    0x080031e0   0x080031e0   0x00000002   Code   RO         1093    .text.HAL_UARTEx_RxEventCallback  stm32h7xx_hal_uart.o
    0x080031e2   0x080031e2   0x00000006   PAD
    0x080031e8   0x080031e8   0x00000002   Code   RO         1152    .text.HAL_UARTEx_RxFifoFullCallback  stm32h7xx_hal_uart_ex.o
    0x080031ea   0x080031ea   0x00000006   PAD
    0x080031f0   0x080031f0   0x0000008c   Code   RO         1170    .text.HAL_UARTEx_SetRxFifoThreshold  stm32h7xx_hal_uart_ex.o
    0x0800327c   0x0800327c   0x00000004   PAD
    0x08003280   0x08003280   0x0000008c   Code   RO         1168    .text.HAL_UARTEx_SetTxFifoThreshold  stm32h7xx_hal_uart_ex.o
    0x0800330c   0x0800330c   0x00000004   PAD
    0x08003310   0x08003310   0x00000002   Code   RO         1154    .text.HAL_UARTEx_TxFifoEmptyCallback  stm32h7xx_hal_uart_ex.o
    0x08003312   0x08003312   0x00000006   PAD
    0x08003318   0x08003318   0x00000002   Code   RO         1150    .text.HAL_UARTEx_WakeupCallback  stm32h7xx_hal_uart_ex.o
    0x0800331a   0x0800331a   0x00000006   PAD
    0x08003320   0x08003320   0x00000002   Code   RO         1091    .text.HAL_UART_ErrorCallback  stm32h7xx_hal_uart.o
    0x08003322   0x08003322   0x00000006   PAD
    0x08003328   0x08003328   0x0000068a   Code   RO         1087    .text.HAL_UART_IRQHandler  stm32h7xx_hal_uart.o
    0x080039b2   0x080039b2   0x00000006   PAD
    0x080039b8   0x080039b8   0x00000064   Code   RO         1003    .text.HAL_UART_Init  stm32h7xx_hal_uart.o
    0x08003a1c   0x08003a1c   0x00000004   PAD
    0x08003a20   0x08003a20   0x000001b6   Code   RO          176    .text.HAL_UART_MspInit  stm32h7xx_hal_msp.o
    0x08003bd6   0x08003bd6   0x00000002   PAD
    0x08003bd8   0x08003bd8   0x00000002   Code   RO         1095    .text.HAL_UART_TxCpltCallback  stm32h7xx_hal_uart.o
    0x08003bda   0x08003bda   0x00000006   PAD
    0x08003be0   0x08003be0   0x00000002   Code   RO          145    .text.HardFault_Handler  stm32h7xx_it.o
    0x08003be2   0x08003be2   0x00000006   PAD
    0x08003be8   0x08003be8   0x00000160   Code   RO          384    .text.I2C_IsErrorOccurred  stm32h7xx_hal_i2c.o
    0x08003d48   0x08003d48   0x000000e4   Code   RO          250    .text.I2C_WaitOnFlagUntilTimeout  stm32h7xx_hal_i2c.o
    0x08003e2c   0x08003e2c   0x00000004   PAD
    0x08003e30   0x08003e30   0x0000007c   Code   RO          254    .text.I2C_WaitOnSTOPFlagUntilTimeout  stm32h7xx_hal_i2c.o
    0x08003eac   0x08003eac   0x00000004   PAD
    0x08003eb0   0x08003eb0   0x00000098   Code   RO          252    .text.I2C_WaitOnTXISFlagUntilTimeout  stm32h7xx_hal_i2c.o
    0x08003f48   0x08003f48   0x00000002   Code   RO          147    .text.MemManage_Handler  stm32h7xx_it.o
    0x08003f4a   0x08003f4a   0x00000006   PAD
    0x08003f50   0x08003f50   0x00000002   Code   RO          143    .text.NMI_Handler   stm32h7xx_it.o
    0x08003f52   0x08003f52   0x00000006   PAD
    0x08003f58   0x08003f58   0x00000002   Code   RO          157    .text.PendSV_Handler  stm32h7xx_it.o
    0x08003f5a   0x08003f5a   0x00000006   PAD
    0x08003f60   0x08003f60   0x00000122   Code   RO          452    .text.RCCEx_PLL2_Config  stm32h7xx_hal_rcc_ex.o
    0x08004082   0x08004082   0x00000006   PAD
    0x08004088   0x08004088   0x00000122   Code   RO          454    .text.RCCEx_PLL3_Config  stm32h7xx_hal_rcc_ex.o
    0x080041aa   0x080041aa   0x00000006   PAD
    0x080041b0   0x080041b0   0x00000002   Code   RO          153    .text.SVC_Handler   stm32h7xx_it.o
    0x080041b2   0x080041b2   0x00000006   PAD
    0x080041b8   0x080041b8   0x00000004   Code   RO          159    .text.SysTick_Handler  stm32h7xx_it.o
    0x080041bc   0x080041bc   0x00000004   PAD
    0x080041c0   0x080041c0   0x000000c8   Code   RO          123    .text.SystemClock_Config  main.o
    0x08004288   0x08004288   0x000000ee   Code   RO         1189    .text.SystemInit    system_stm32h7xx.o
    0x08004376   0x08004376   0x00000002   PAD
    0x08004378   0x08004378   0x000000e0   Code   RO         1007    .text.UART_AdvFeatureConfig  stm32h7xx_hal_uart.o
    0x08004458   0x08004458   0x0000016e   Code   RO         1011    .text.UART_CheckIdleState  stm32h7xx_hal_uart.o
    0x080045c6   0x080045c6   0x00000002   PAD
    0x080045c8   0x080045c8   0x0000000c   Code   RO         1089    .text.UART_DMAAbortOnError  stm32h7xx_hal_uart.o
    0x080045d4   0x080045d4   0x00000004   PAD
    0x080045d8   0x080045d8   0x00000488   Code   RO         1009    .text.UART_SetConfig  stm32h7xx_hal_uart.o
    0x08004a60   0x08004a60   0x00000358   Code   RO         1025    .text.UART_WaitOnFlagUntilTimeout  stm32h7xx_hal_uart.o
    0x08004db8   0x08004db8   0x0000000c   Code   RO          161    .text.USART2_IRQHandler  stm32h7xx_it.o
    0x08004dc4   0x08004dc4   0x00000004   PAD
    0x08004dc8   0x08004dc8   0x00000002   Code   RO          151    .text.UsageFault_Handler  stm32h7xx_it.o
    0x08004dca   0x08004dca   0x00000006   PAD
    0x08004dd0   0x08004dd0   0x0000049c   Code   RO          121    .text.main          main.o
    0x0800526c   0x0800526c   0x00000004   PAD
    0x08005270   0x08005270   0x00000118   Code   RO           39    .text.mpu6050_init  mpu6050.o
    0x08005388   0x08005388   0x00000094   Code   RO           41    .text.mpu6050_init_process  mpu6050.o
    0x0800541c   0x0800541c   0x00000004   PAD
    0x08005420   0x08005420   0x00000140   Code   RO           45    .text.mpu6050_read_all  mpu6050.o
    0x08005560   0x08005560   0x0000001a   Code   RO         1639    x$fpl$fpinit        fz_wv.l(fpinit.o)
    0x0800557a   0x0800557a   0x00000006   Data   RO         1138    .rodata..Lswitch.table.UART_SetConfig.5  stm32h7xx_hal_uart.o
    0x08005580   0x08005580   0x00000006   Data   RO         1139    .rodata..Lswitch.table.UART_SetConfig.7  stm32h7xx_hal_uart.o
    0x08005586   0x08005586   0x00000010   Data   RO         1195    .rodata.D1CorePrescTable  system_stm32h7xx.o
    0x08005596   0x08005596   0x00000018   Data   RO         1137    .rodata.UARTPrescTable  stm32h7xx_hal_uart.o
    0x080055ae   0x080055ae   0x00000010   Data   RO         1180    .rodata.cst8        stm32h7xx_hal_uart_ex.o
    0x080055be   0x080055be   0x00000002   PAD
    0x080055c0   0x080055c0   0x00000020   Data   RO         1757    Region$$Table       anon$$obj.o


    Execution Region RW_IRAM1 (Exec base: 0x20000000, Load base: 0x080055e0, Size: 0x00000000, Max: 0x00020000, ABSOLUTE)

    **** No section assigned to this execution region ****


    Execution Region RW_IRAM2 (Exec base: 0x24000000, Load base: 0x080055e0, Size: 0x000008a0, Max: 0x00080000, ABSOLUTE)

    Exec Addr    Load Addr    Size         Type   Attr      Idx    E Section Name        Object

    0x24000000   0x080055e0   0x00000008   Data   RW          968    .data..L_MergedGlobals  stm32h7xx_hal.o
    0x24000008   0x080055e8   0x00000008   Data   RW         1196    .data..L_MergedGlobals  system_stm32h7xx.o
    0x24000010        -       0x00000060   Zero   RW         1454    .bss                c_w.l(libspace.o)
    0x24000070        -       0x00000070   Zero   RW          134    .bss..L_MergedGlobals  main.o
    0x240000e0        -       0x00000094   Zero   RW          127    .bss.huart2         main.o
    0x24000174        -       0x00000094   Zero   RW          128    .bss.huart3         main.o
    0x24000208        -       0x00000094   Zero   RW          129    .bss.huart6         main.o
    0x2400029c        -       0x00000004   Zero   RW          967    .bss.uwTick         stm32h7xx_hal.o
    0x240002a0        -       0x00000200   Zero   RW            2    HEAP                startup_stm32h743xx.o
    0x240004a0        -       0x00000400   Zero   RW            1    STACK               startup_stm32h743xx.o


==============================================================================

Image component sizes


      Code (inc. data)   RO Data    RW Data    ZI Data      Debug   Object Name

      1390         12          0          0        556      15624   main.o
       748         32          0          0          0       9492   mpu6050.o
        72         30        664          0       1536        868   startup_stm32h743xx.o
       272          0          0          8          4      15119   stm32h7xx_hal.o
       354          0          0          0          0      12535   stm32h7xx_hal_cortex.o
      2012          0          0          0          0      18520   stm32h7xx_hal_dma.o
       432          0          0          0          0       7050   stm32h7xx_hal_gpio.o
      2540          0          0          0          0      65512   stm32h7xx_hal_i2c.o
       146          0          0          0          0       7616   stm32h7xx_hal_i2c_ex.o
       618          0          0          0          0      13870   stm32h7xx_hal_msp.o
        76          0          0          0          0      10842   stm32h7xx_hal_pwr_ex.o
      2536         24          0          0          0      12124   stm32h7xx_hal_rcc.o
      4038        150          0          0          0      20463   stm32h7xx_hal_rcc_ex.o
      4398        332         36          0          0      43813   stm32h7xx_hal_uart.o
       340          0         16          0          0      11611   stm32h7xx_hal_uart_ex.o
        32          0          0          0          0       4816   stm32h7xx_it.o
       282          0         16          8          0       6325   system_stm32h7xx.o

    ----------------------------------------------------------------------
     20544        588        766         16       2096     276200   Object Totals
         0          0         32          0          0          0   (incl. Generated)
       258          8          2          0          0          0   (incl. Padding)

    ----------------------------------------------------------------------

      Code (inc. data)   RO Data    RW Data    ZI Data      Debug   Library Member Name

         8          0          0          0          0         68   __main.o
         0          0          0          0          0          0   __rtentry.o
        12          0          0          0          0          0   __rtentry2.o
         6          0          0          0          0          0   __rtentry4.o
        94          8          0          0          0          0   __scatter.o
        26          0          0          0          0          0   __scatter_copy.o
        28          0          0          0          0          0   __scatter_zi.o
        18          0          0          0          0         80   exit.o
         6          0          0          0          0        152   heapauxi.o
         0          0          0          0          0          0   indicate_semi.o
         2          0          0          0          0          0   libinit.o
         6          0          0          0          0          0   libinit2.o
         2          0          0          0          0          0   libshutdown.o
         2          0          0          0          0          0   libshutdown2.o
         8          4          0          0         96         68   libspace.o
       240          0          0          0          0        100   lludivv7m.o
        78          0          0          0          0         80   rt_memclr_w.o
         2          0          0          0          0          0   rtexit.o
        10          0          0          0          0          0   rtexit2.o
        12          4          0          0          0         68   sys_exit.o
        74          0          0          0          0         80   sys_stackheap_outer.o
         2          0          0          0          0         68   use_no_semi.o
        26          0          0          0          0        116   fpinit.o

    ----------------------------------------------------------------------
       674         16          0          0         96        880   Library Totals
        12          0          0          0          0          0   (incl. Padding)

    ----------------------------------------------------------------------

      Code (inc. data)   RO Data    RW Data    ZI Data      Debug   Library Name

       636         16          0          0         96        764   c_w.l
        26          0          0          0          0        116   fz_wv.l

    ----------------------------------------------------------------------
       674         16          0          0         96        880   Library Totals

    ----------------------------------------------------------------------

==============================================================================


      Code (inc. data)   RO Data    RW Data    ZI Data      Debug   

     21218        604        766         16       2192     276588   Grand Totals
     21218        604        766         16       2192     276588   ELF Image Totals
     21218        604        766         16          0          0   ROM Totals

==============================================================================

    Total RO  Size (Code + RO Data)                21984 (  21.47kB)
    Total RW  Size (RW Data + ZI Data)              2208 (   2.16kB)
    Total ROM Size (Code + RO Data + RW Data)      22000 (  21.48kB)

==============================================================================

